Archive member included to satisfy reference by file (symbol)

../../../stdio\libserialLib.a(stdio_driver.o)
                              main.o (stdioCreate)
../../../stdio\libserialLib.a(serial.o)
                              ../../../stdio\libserialLib.a(stdio_driver.o) (serial_new_instance)
../../../stdio\libserialLib.a(fifo.o)
                              ../../../stdio\libserialLib.a(serial.o) (fifo_init)
../../../Iot driver Library\libIotLibrary.a(hcSr501.o)
                              main.o (hcSr501Create)
../../../Iot driver Library\libIotLibrary.a(mega_register_access.o)
                              ../../../Iot driver Library\libIotLibrary.a(hcSr501.o) (reg_read_bit)
c:/program files (x86)/atmel/studio/7.0/toolchain/avr8/avr8-gnu-toolchain/bin/../lib/gcc/avr/5.4.0/avr6\libgcc.a(_exit.o)
                              C:/Program Files (x86)/Atmel/Studio/7.0/Packs/atmel/ATmega_DFP/1.2.209/gcc/dev/atmega2560/avr6/crtatmega2560.o (exit)
c:/program files (x86)/atmel/studio/7.0/toolchain/avr8/avr8-gnu-toolchain/bin/../lib/gcc/avr/5.4.0/avr6\libgcc.a(_tablejump2.o)
                              FreeRTOS/src/timers.o (__tablejump2__)
c:/program files (x86)/atmel/studio/7.0/toolchain/avr8/avr8-gnu-toolchain/bin/../lib/gcc/avr/5.4.0/avr6\libgcc.a(_copy_data.o)
                              FreeRTOS/src/tasks.o (__do_copy_data)
c:/program files (x86)/atmel/studio/7.0/toolchain/avr8/avr8-gnu-toolchain/bin/../lib/gcc/avr/5.4.0/avr6\libgcc.a(_clear_bss.o)
                              FreeRTOS/src/tasks.o (__do_clear_bss)
c:/program files (x86)/atmel/studio/7.0/toolchain/avr8/avr8-gnu-toolchain/bin/../lib/gcc/avr/5.4.0/../../../../avr/lib/avr6\libm.a(addsf3.o)
                              ../../../stdio\libserialLib.a(serial.o) (__subsf3)
c:/program files (x86)/atmel/studio/7.0/toolchain/avr8/avr8-gnu-toolchain/bin/../lib/gcc/avr/5.4.0/../../../../avr/lib/avr6\libm.a(addsf3x.o)
                              c:/program files (x86)/atmel/studio/7.0/toolchain/avr8/avr8-gnu-toolchain/bin/../lib/gcc/avr/5.4.0/../../../../avr/lib/avr6\libm.a(addsf3.o) (__addsf3x)
c:/program files (x86)/atmel/studio/7.0/toolchain/avr8/avr8-gnu-toolchain/bin/../lib/gcc/avr/5.4.0/../../../../avr/lib/avr6\libm.a(divsf3.o)
                              ../../../stdio\libserialLib.a(serial.o) (__divsf3)
c:/program files (x86)/atmel/studio/7.0/toolchain/avr8/avr8-gnu-toolchain/bin/../lib/gcc/avr/5.4.0/../../../../avr/lib/avr6\libm.a(divsf3x.o)
                              c:/program files (x86)/atmel/studio/7.0/toolchain/avr8/avr8-gnu-toolchain/bin/../lib/gcc/avr/5.4.0/../../../../avr/lib/avr6\libm.a(divsf3.o) (__divsf3x)
c:/program files (x86)/atmel/studio/7.0/toolchain/avr8/avr8-gnu-toolchain/bin/../lib/gcc/avr/5.4.0/../../../../avr/lib/avr6\libm.a(fixunssfsi.o)
                              ../../../stdio\libserialLib.a(serial.o) (__fixunssfsi)
c:/program files (x86)/atmel/studio/7.0/toolchain/avr8/avr8-gnu-toolchain/bin/../lib/gcc/avr/5.4.0/../../../../avr/lib/avr6\libm.a(floatsisf.o)
                              ../../../stdio\libserialLib.a(serial.o) (__floatunsisf)
c:/program files (x86)/atmel/studio/7.0/toolchain/avr8/avr8-gnu-toolchain/bin/../lib/gcc/avr/5.4.0/../../../../avr/lib/avr6\libm.a(fp_inf.o)
                              c:/program files (x86)/atmel/studio/7.0/toolchain/avr8/avr8-gnu-toolchain/bin/../lib/gcc/avr/5.4.0/../../../../avr/lib/avr6\libm.a(addsf3x.o) (__fp_inf)
c:/program files (x86)/atmel/studio/7.0/toolchain/avr8/avr8-gnu-toolchain/bin/../lib/gcc/avr/5.4.0/../../../../avr/lib/avr6\libm.a(fp_nan.o)
                              c:/program files (x86)/atmel/studio/7.0/toolchain/avr8/avr8-gnu-toolchain/bin/../lib/gcc/avr/5.4.0/../../../../avr/lib/avr6\libm.a(addsf3x.o) (__fp_nan)
c:/program files (x86)/atmel/studio/7.0/toolchain/avr8/avr8-gnu-toolchain/bin/../lib/gcc/avr/5.4.0/../../../../avr/lib/avr6\libm.a(fp_pscA.o)
                              c:/program files (x86)/atmel/studio/7.0/toolchain/avr8/avr8-gnu-toolchain/bin/../lib/gcc/avr/5.4.0/../../../../avr/lib/avr6\libm.a(addsf3x.o) (__fp_pscA)
c:/program files (x86)/atmel/studio/7.0/toolchain/avr8/avr8-gnu-toolchain/bin/../lib/gcc/avr/5.4.0/../../../../avr/lib/avr6\libm.a(fp_pscB.o)
                              c:/program files (x86)/atmel/studio/7.0/toolchain/avr8/avr8-gnu-toolchain/bin/../lib/gcc/avr/5.4.0/../../../../avr/lib/avr6\libm.a(addsf3x.o) (__fp_pscB)
c:/program files (x86)/atmel/studio/7.0/toolchain/avr8/avr8-gnu-toolchain/bin/../lib/gcc/avr/5.4.0/../../../../avr/lib/avr6\libm.a(fp_round.o)
                              c:/program files (x86)/atmel/studio/7.0/toolchain/avr8/avr8-gnu-toolchain/bin/../lib/gcc/avr/5.4.0/../../../../avr/lib/avr6\libm.a(addsf3.o) (__fp_round)
c:/program files (x86)/atmel/studio/7.0/toolchain/avr8/avr8-gnu-toolchain/bin/../lib/gcc/avr/5.4.0/../../../../avr/lib/avr6\libm.a(fp_split3.o)
                              c:/program files (x86)/atmel/studio/7.0/toolchain/avr8/avr8-gnu-toolchain/bin/../lib/gcc/avr/5.4.0/../../../../avr/lib/avr6\libm.a(addsf3x.o) (__fp_split3)
c:/program files (x86)/atmel/studio/7.0/toolchain/avr8/avr8-gnu-toolchain/bin/../lib/gcc/avr/5.4.0/../../../../avr/lib/avr6\libm.a(fp_zero.o)
                              c:/program files (x86)/atmel/studio/7.0/toolchain/avr8/avr8-gnu-toolchain/bin/../lib/gcc/avr/5.4.0/../../../../avr/lib/avr6\libm.a(addsf3x.o) (__fp_zero)
c:/program files (x86)/atmel/studio/7.0/toolchain/avr8/avr8-gnu-toolchain/bin/../lib/gcc/avr/5.4.0/../../../../avr/lib/avr6\libm.a(mulsf3.o)
                              ../../../stdio\libserialLib.a(serial.o) (__mulsf3)
c:/program files (x86)/atmel/studio/7.0/toolchain/avr8/avr8-gnu-toolchain/bin/../lib/gcc/avr/5.4.0/../../../../avr/lib/avr6\libm.a(mulsf3x.o)
                              c:/program files (x86)/atmel/studio/7.0/toolchain/avr8/avr8-gnu-toolchain/bin/../lib/gcc/avr/5.4.0/../../../../avr/lib/avr6\libm.a(mulsf3.o) (__mulsf3x)
c:/program files (x86)/atmel/studio/7.0/toolchain/avr8/avr8-gnu-toolchain/bin/../lib/gcc/avr/5.4.0/../../../../avr/lib/avr6\libc.a(calloc.o)
                              ../../../stdio\libserialLib.a(serial.o) (calloc)
c:/program files (x86)/atmel/studio/7.0/toolchain/avr8/avr8-gnu-toolchain/bin/../lib/gcc/avr/5.4.0/../../../../avr/lib/avr6\libc.a(malloc.o)
                              FreeRTOS/src/heap_3.o (malloc)
c:/program files (x86)/atmel/studio/7.0/toolchain/avr8/avr8-gnu-toolchain/bin/../lib/gcc/avr/5.4.0/../../../../avr/lib/avr6\libc.a(abort.o)
                              ../../../stdio\libserialLib.a(fifo.o) (abort)
c:/program files (x86)/atmel/studio/7.0/toolchain/avr8/avr8-gnu-toolchain/bin/../lib/gcc/avr/5.4.0/../../../../avr/lib/avr6\libc.a(memcpy.o)
                              FreeRTOS/src/queue.o (memcpy)
c:/program files (x86)/atmel/studio/7.0/toolchain/avr8/avr8-gnu-toolchain/bin/../lib/gcc/avr/5.4.0/../../../../avr/lib/avr6\libc.a(memset.o)
                              FreeRTOS/src/tasks.o (memset)
c:/program files (x86)/atmel/studio/7.0/toolchain/avr8/avr8-gnu-toolchain/bin/../lib/gcc/avr/5.4.0/../../../../avr/lib/avr6\libc.a(iob.o)
                              ../../../stdio\libserialLib.a(stdio_driver.o) (__iob)
c:/program files (x86)/atmel/studio/7.0/toolchain/avr8/avr8-gnu-toolchain/bin/../lib/gcc/avr/5.4.0/../../../../avr/lib/avr6\libc.a(puts.o)
                              main.o (puts)

Allocating common symbols
Common symbol       size              file

__brkval            0x2               c:/program files (x86)/atmel/studio/7.0/toolchain/avr8/avr8-gnu-toolchain/bin/../lib/gcc/avr/5.4.0/../../../../avr/lib/avr6\libc.a(malloc.o)
__flp               0x2               c:/program files (x86)/atmel/studio/7.0/toolchain/avr8/avr8-gnu-toolchain/bin/../lib/gcc/avr/5.4.0/../../../../avr/lib/avr6\libc.a(malloc.o)
__iob               0x6               c:/program files (x86)/atmel/studio/7.0/toolchain/avr8/avr8-gnu-toolchain/bin/../lib/gcc/avr/5.4.0/../../../../avr/lib/avr6\libc.a(iob.o)

Discarded input sections

 .data          0x00000000        0x0 C:/Program Files (x86)/Atmel/Studio/7.0/Packs/atmel/ATmega_DFP/1.2.209/gcc/dev/atmega2560/avr6/crtatmega2560.o
 .bss           0x00000000        0x0 C:/Program Files (x86)/Atmel/Studio/7.0/Packs/atmel/ATmega_DFP/1.2.209/gcc/dev/atmega2560/avr6/crtatmega2560.o
 .text          0x00000000        0x0 FreeRTOS/FreeRTOSTraceDriver/FreeRTOSTraceDriver.o
 .data          0x00000000        0x0 FreeRTOS/FreeRTOSTraceDriver/FreeRTOSTraceDriver.o
 .bss           0x00000000        0x0 FreeRTOS/FreeRTOSTraceDriver/FreeRTOSTraceDriver.o
 .text.trace_init
                0x00000000        0xc FreeRTOS/FreeRTOSTraceDriver/FreeRTOSTraceDriver.o
 .text          0x00000000        0x0 FreeRTOS/src/croutine.o
 .data          0x00000000        0x0 FreeRTOS/src/croutine.o
 .bss           0x00000000        0x0 FreeRTOS/src/croutine.o
 .debug_info    0x00000000       0x64 FreeRTOS/src/croutine.o
 .debug_abbrev  0x00000000       0x26 FreeRTOS/src/croutine.o
 .debug_aranges
                0x00000000       0x18 FreeRTOS/src/croutine.o
 .debug_line    0x00000000       0x1a FreeRTOS/src/croutine.o
 .debug_str     0x00000000      0x184 FreeRTOS/src/croutine.o
 .comment       0x00000000       0x31 FreeRTOS/src/croutine.o
 .text          0x00000000        0x0 FreeRTOS/src/event_groups.o
 .data          0x00000000        0x0 FreeRTOS/src/event_groups.o
 .bss           0x00000000        0x0 FreeRTOS/src/event_groups.o
 .text.xEventGroupCreate
                0x00000000       0x26 FreeRTOS/src/event_groups.o
 .text.xEventGroupWaitBits
                0x00000000      0x110 FreeRTOS/src/event_groups.o
 .text.xEventGroupClearBits
                0x00000000       0x1e FreeRTOS/src/event_groups.o
 .text.xEventGroupGetBitsFromISR
                0x00000000        0x8 FreeRTOS/src/event_groups.o
 .text.xEventGroupSetBits
                0x00000000       0xdc FreeRTOS/src/event_groups.o
 .text.xEventGroupSync
                0x00000000       0xd2 FreeRTOS/src/event_groups.o
 .text.vEventGroupDelete
                0x00000000       0x32 FreeRTOS/src/event_groups.o
 .text.vEventGroupSetBitsCallback
                0x00000000        0x8 FreeRTOS/src/event_groups.o
 .text.vEventGroupClearBitsCallback
                0x00000000        0x8 FreeRTOS/src/event_groups.o
 .text.uxEventGroupGetNumber
                0x00000000        0xe FreeRTOS/src/event_groups.o
 .text.vEventGroupSetNumber
                0x00000000        0x6 FreeRTOS/src/event_groups.o
 .debug_info    0x00000000      0x9a8 FreeRTOS/src/event_groups.o
 .debug_abbrev  0x00000000      0x21b FreeRTOS/src/event_groups.o
 .debug_loc     0x00000000      0xc22 FreeRTOS/src/event_groups.o
 .debug_aranges
                0x00000000       0x70 FreeRTOS/src/event_groups.o
 .debug_ranges  0x00000000       0x78 FreeRTOS/src/event_groups.o
 .debug_line    0x00000000      0x3e1 FreeRTOS/src/event_groups.o
 .debug_str     0x00000000      0x5de FreeRTOS/src/event_groups.o
 .comment       0x00000000       0x31 FreeRTOS/src/event_groups.o
 .debug_frame   0x00000000      0x178 FreeRTOS/src/event_groups.o
 .text          0x00000000        0x0 FreeRTOS/src/heap_3.o
 .data          0x00000000        0x0 FreeRTOS/src/heap_3.o
 .bss           0x00000000        0x0 FreeRTOS/src/heap_3.o
 .text.pvPortMalloc
                0x00000000       0x26 FreeRTOS/src/heap_3.o
 .text.vPortFree
                0x00000000       0x1e FreeRTOS/src/heap_3.o
 .debug_info    0x00000000      0x19f FreeRTOS/src/heap_3.o
 .debug_abbrev  0x00000000      0x107 FreeRTOS/src/heap_3.o
 .debug_loc     0x00000000      0x102 FreeRTOS/src/heap_3.o
 .debug_aranges
                0x00000000       0x28 FreeRTOS/src/heap_3.o
 .debug_ranges  0x00000000       0x18 FreeRTOS/src/heap_3.o
 .debug_line    0x00000000      0x175 FreeRTOS/src/heap_3.o
 .debug_str     0x00000000      0x1fd FreeRTOS/src/heap_3.o
 .comment       0x00000000       0x31 FreeRTOS/src/heap_3.o
 .debug_frame   0x00000000       0x4c FreeRTOS/src/heap_3.o
 .text          0x00000000        0x0 FreeRTOS/src/list.o
 .data          0x00000000        0x0 FreeRTOS/src/list.o
 .bss           0x00000000        0x0 FreeRTOS/src/list.o
 .text.vListInitialise
                0x00000000       0x1c FreeRTOS/src/list.o
 .text.vListInitialiseItem
                0x00000000        0x8 FreeRTOS/src/list.o
 .text.vListInsert
                0x00000000       0x62 FreeRTOS/src/list.o
 .text          0x00000000        0x0 FreeRTOS/src/port.o
 .data          0x00000000        0x0 FreeRTOS/src/port.o
 .bss           0x00000000        0x0 FreeRTOS/src/port.o
 .text.pxPortInitialiseStack
                0x00000000       0xe4 FreeRTOS/src/port.o
 .text.xPortStartScheduler
                0x00000000       0x78 FreeRTOS/src/port.o
 .text.vPortEndScheduler
                0x00000000       0x18 FreeRTOS/src/port.o
 .text.vPortYield
                0x00000000       0xc2 FreeRTOS/src/port.o
 .text          0x00000000        0x0 FreeRTOS/src/queue.o
 .data          0x00000000        0x0 FreeRTOS/src/queue.o
 .bss           0x00000000        0x0 FreeRTOS/src/queue.o
 .text.prvIsQueueEmpty
                0x00000000       0x16 FreeRTOS/src/queue.o
 .text.prvCopyDataToQueue
                0x00000000       0xbe FreeRTOS/src/queue.o
 .text.prvCopyDataFromQueue
                0x00000000       0x34 FreeRTOS/src/queue.o
 .text.prvUnlockQueue
                0x00000000       0x9a FreeRTOS/src/queue.o
 .text.xQueueGenericReset
                0x00000000       0x8c FreeRTOS/src/queue.o
 .text.xQueueGenericCreate
                0x00000000       0x62 FreeRTOS/src/queue.o
 .text.xQueueCreateCountingSemaphore
                0x00000000       0x18 FreeRTOS/src/queue.o
 .text.xQueueGenericSend
                0x00000000      0x142 FreeRTOS/src/queue.o
 .text.xQueueCreateMutex
                0x00000000       0x34 FreeRTOS/src/queue.o
 .text.xQueueGiveMutexRecursive
                0x00000000       0x46 FreeRTOS/src/queue.o
 .text.xQueueGenericSendFromISR
                0x00000000       0x74 FreeRTOS/src/queue.o
 .text.xQueueGiveFromISR
                0x00000000       0x52 FreeRTOS/src/queue.o
 .text.xQueueReceive
                0x00000000      0x132 FreeRTOS/src/queue.o
 .text.xQueueSemaphoreTake
                0x00000000      0x19a FreeRTOS/src/queue.o
 .text.xQueueTakeMutexRecursive
                0x00000000       0x48 FreeRTOS/src/queue.o
 .text.xQueuePeek
                0x00000000      0x132 FreeRTOS/src/queue.o
 .text.xQueueReceiveFromISR
                0x00000000       0x6e FreeRTOS/src/queue.o
 .text.xQueuePeekFromISR
                0x00000000       0x2e FreeRTOS/src/queue.o
 .text.uxQueueMessagesWaiting
                0x00000000       0x10 FreeRTOS/src/queue.o
 .text.uxQueueSpacesAvailable
                0x00000000       0x14 FreeRTOS/src/queue.o
 .text.uxQueueMessagesWaitingFromISR
                0x00000000        0x6 FreeRTOS/src/queue.o
 .text.vQueueDelete
                0x00000000        0x6 FreeRTOS/src/queue.o
 .text.uxQueueGetQueueNumber
                0x00000000        0x6 FreeRTOS/src/queue.o
 .text.vQueueSetQueueNumber
                0x00000000        0x6 FreeRTOS/src/queue.o
 .text.ucQueueGetQueueType
                0x00000000        0x6 FreeRTOS/src/queue.o
 .text.xQueueIsQueueEmptyFromISR
                0x00000000        0xc FreeRTOS/src/queue.o
 .text.xQueueIsQueueFullFromISR
                0x00000000        0xe FreeRTOS/src/queue.o
 .text.vQueueWaitForMessageRestricted
                0x00000000       0x3a FreeRTOS/src/queue.o
 .debug_info    0x00000000     0x18fc FreeRTOS/src/queue.o
 .debug_abbrev  0x00000000      0x2d8 FreeRTOS/src/queue.o
 .debug_loc     0x00000000     0x1dc0 FreeRTOS/src/queue.o
 .debug_aranges
                0x00000000       0xf8 FreeRTOS/src/queue.o
 .debug_ranges  0x00000000      0x178 FreeRTOS/src/queue.o
 .debug_line    0x00000000      0xbfa FreeRTOS/src/queue.o
 .debug_str     0x00000000      0x9be FreeRTOS/src/queue.o
 .comment       0x00000000       0x31 FreeRTOS/src/queue.o
 .debug_frame   0x00000000      0x3cc FreeRTOS/src/queue.o
 .text          0x00000000        0x0 FreeRTOS/src/stream_buffer.o
 .data          0x00000000        0x0 FreeRTOS/src/stream_buffer.o
 .bss           0x00000000        0x0 FreeRTOS/src/stream_buffer.o
 .text.prvBytesInBuffer
                0x00000000       0x26 FreeRTOS/src/stream_buffer.o
 .text.prvWriteBytesToBuffer
                0x00000000       0x92 FreeRTOS/src/stream_buffer.o
 .text.prvWriteMessageToBuffer
                0x00000000       0x84 FreeRTOS/src/stream_buffer.o
 .text.prvReadBytesFromBuffer
                0x00000000       0x9c FreeRTOS/src/stream_buffer.o
 .text.xStreamBufferGenericCreate
                0x00000000       0x5a FreeRTOS/src/stream_buffer.o
 .text.vStreamBufferDelete
                0x00000000       0x1a FreeRTOS/src/stream_buffer.o
 .text.xStreamBufferReset
                0x00000000       0x5a FreeRTOS/src/stream_buffer.o
 .text.xStreamBufferSetTriggerLevel
                0x00000000       0x22 FreeRTOS/src/stream_buffer.o
 .text.xStreamBufferSpacesAvailable
                0x00000000       0x24 FreeRTOS/src/stream_buffer.o
 .text.xStreamBufferBytesAvailable
                0x00000000        0x6 FreeRTOS/src/stream_buffer.o
 .text.xStreamBufferSend
                0x00000000      0x148 FreeRTOS/src/stream_buffer.o
 .text.xStreamBufferSendFromISR
                0x00000000       0x8c FreeRTOS/src/stream_buffer.o
 .text.xStreamBufferReceive
                0x00000000      0x14a FreeRTOS/src/stream_buffer.o
 .text.xStreamBufferNextMessageLengthBytes
                0x00000000       0x68 FreeRTOS/src/stream_buffer.o
 .text.xStreamBufferReceiveFromISR
                0x00000000       0xe8 FreeRTOS/src/stream_buffer.o
 .text.xStreamBufferIsEmpty
                0x00000000       0x16 FreeRTOS/src/stream_buffer.o
 .text.xStreamBufferIsFull
                0x00000000       0x2c FreeRTOS/src/stream_buffer.o
 .text.xStreamBufferSendCompletedFromISR
                0x00000000       0x46 FreeRTOS/src/stream_buffer.o
 .text.xStreamBufferReceiveCompletedFromISR
                0x00000000       0x46 FreeRTOS/src/stream_buffer.o
 .text.uxStreamBufferGetStreamBufferNumber
                0x00000000        0x6 FreeRTOS/src/stream_buffer.o
 .text.vStreamBufferSetStreamBufferNumber
                0x00000000        0x6 FreeRTOS/src/stream_buffer.o
 .text.ucStreamBufferGetStreamBufferType
                0x00000000        0x8 FreeRTOS/src/stream_buffer.o
 .debug_info    0x00000000     0x14b9 FreeRTOS/src/stream_buffer.o
 .debug_abbrev  0x00000000      0x2b4 FreeRTOS/src/stream_buffer.o
 .debug_loc     0x00000000     0x1e4d FreeRTOS/src/stream_buffer.o
 .debug_aranges
                0x00000000       0xc8 FreeRTOS/src/stream_buffer.o
 .debug_ranges  0x00000000       0xb8 FreeRTOS/src/stream_buffer.o
 .debug_line    0x00000000      0x7a4 FreeRTOS/src/stream_buffer.o
 .debug_str     0x00000000      0x82d FreeRTOS/src/stream_buffer.o
 .comment       0x00000000       0x31 FreeRTOS/src/stream_buffer.o
 .debug_frame   0x00000000      0x3c8 FreeRTOS/src/stream_buffer.o
 .text          0x00000000        0x0 FreeRTOS/src/tasks.o
 .data          0x00000000        0x0 FreeRTOS/src/tasks.o
 .bss           0x00000000        0x0 FreeRTOS/src/tasks.o
 .text.prvAddCurrentTaskToDelayedList
                0x00000000       0xb0 FreeRTOS/src/tasks.o
 .lowtext       0x00000000       0x74 FreeRTOS/src/tasks.o
 .text.xTaskCreate
                0x00000000      0x23e FreeRTOS/src/tasks.o
 .text.vTaskDelete
                0x00000000       0xaa FreeRTOS/src/tasks.o
 .text.eTaskGetState
                0x00000000       0x82 FreeRTOS/src/tasks.o
 .text.uxTaskPriorityGet
                0x00000000       0x1e FreeRTOS/src/tasks.o
 .text.uxTaskPriorityGetFromISR
                0x00000000       0x14 FreeRTOS/src/tasks.o
 .text.vTaskPrioritySet
                0x00000000       0xf8 FreeRTOS/src/tasks.o
 .text.vTaskResume
                0x00000000       0x9e FreeRTOS/src/tasks.o
 .text.xTaskResumeFromISR
                0x00000000       0xae FreeRTOS/src/tasks.o
 .rodata.str1.1
                0x00000000        0x5 FreeRTOS/src/tasks.o
 .text.vTaskStartScheduler
                0x00000000       0x6a FreeRTOS/src/tasks.o
 .text.vTaskEndScheduler
                0x00000000        0xe FreeRTOS/src/tasks.o
 .text.vTaskSuspendAll
                0x00000000        0xc FreeRTOS/src/tasks.o
 .text.xTaskGetTickCount
                0x00000000       0x14 FreeRTOS/src/tasks.o
 .text.xTaskGetTickCountFromISR
                0x00000000        0xa FreeRTOS/src/tasks.o
 .text.uxTaskGetNumberOfTasks
                0x00000000        0x6 FreeRTOS/src/tasks.o
 .text.pcTaskGetName
                0x00000000       0x10 FreeRTOS/src/tasks.o
 .text.xTaskResumeAll
                0x00000000       0xfe FreeRTOS/src/tasks.o
 .text.vTaskDelayUntil
                0x00000000       0x7c FreeRTOS/src/tasks.o
 .text.vTaskDelay
                0x00000000       0x28 FreeRTOS/src/tasks.o
 .text.vTaskSetApplicationTaskTag
                0x00000000       0x1e FreeRTOS/src/tasks.o
 .text.xTaskGetApplicationTaskTag
                0x00000000       0x1e FreeRTOS/src/tasks.o
 .text.xTaskGetApplicationTaskTagFromISR
                0x00000000       0x14 FreeRTOS/src/tasks.o
 .text.xTaskCallApplicationTaskHook
                0x00000000       0x24 FreeRTOS/src/tasks.o
 .text.vTaskSuspend
                0x00000000       0xa4 FreeRTOS/src/tasks.o
 .text.vTaskPlaceOnEventList
                0x00000000       0x24 FreeRTOS/src/tasks.o
 .text.vTaskPlaceOnUnorderedEventList
                0x00000000       0x32 FreeRTOS/src/tasks.o
 .text.vTaskPlaceOnEventListRestricted
                0x00000000       0x32 FreeRTOS/src/tasks.o
 .text.xTaskRemoveFromEventList
                0x00000000       0x90 FreeRTOS/src/tasks.o
 .text.vTaskRemoveFromUnorderedEventList
                0x00000000       0x70 FreeRTOS/src/tasks.o
 .text.vTaskSetTimeOutState
                0x00000000       0x20 FreeRTOS/src/tasks.o
 .text.vTaskInternalSetTimeOutState
                0x00000000       0x16 FreeRTOS/src/tasks.o
 .text.xTaskCheckForTimeOut
                0x00000000       0x6c FreeRTOS/src/tasks.o
 .text.vTaskMissedYield
                0x00000000        0x8 FreeRTOS/src/tasks.o
 .text.uxTaskGetTaskNumber
                0x00000000        0xe FreeRTOS/src/tasks.o
 .text.vTaskSetTaskNumber
                0x00000000        0xa FreeRTOS/src/tasks.o
 .text.vTaskGetInfo
                0x00000000       0xd6 FreeRTOS/src/tasks.o
 .text.prvListTasksWithinSingleList
                0x00000000       0xb2 FreeRTOS/src/tasks.o
 .text.uxTaskGetSystemState
                0x00000000       0xe8 FreeRTOS/src/tasks.o
 .text.uxTaskGetStackHighWaterMark
                0x00000000       0x3a FreeRTOS/src/tasks.o
 .text.xTaskGetCurrentTaskHandle
                0x00000000        0xa FreeRTOS/src/tasks.o
 .text.xTaskGetSchedulerState
                0x00000000       0x1c FreeRTOS/src/tasks.o
 .text.xTaskPriorityInherit
                0x00000000       0xe4 FreeRTOS/src/tasks.o
 .text.xTaskPriorityDisinherit
                0x00000000       0x80 FreeRTOS/src/tasks.o
 .text.vTaskPriorityDisinheritAfterTimeout
                0x00000000       0xa0 FreeRTOS/src/tasks.o
 .text.uxTaskResetEventItemValue
                0x00000000       0x2e FreeRTOS/src/tasks.o
 .text.pvTaskIncrementMutexHeldCount
                0x00000000       0x24 FreeRTOS/src/tasks.o
 .text.ulTaskNotifyTake
                0x00000000       0xae FreeRTOS/src/tasks.o
 .text.xTaskNotifyWait
                0x00000000      0x108 FreeRTOS/src/tasks.o
 .text.xTaskGenericNotify
                0x00000000       0xfc FreeRTOS/src/tasks.o
 .text.xTaskGenericNotifyFromISR
                0x00000000      0x120 FreeRTOS/src/tasks.o
 .text.vTaskNotifyGiveFromISR
                0x00000000       0xb4 FreeRTOS/src/tasks.o
 .text.xTaskNotifyStateClear
                0x00000000       0x28 FreeRTOS/src/tasks.o
 .bss.xIdleTaskHandle
                0x00000000        0x2 FreeRTOS/src/tasks.o
 .bss.uxTaskNumber
                0x00000000        0x1 FreeRTOS/src/tasks.o
 .bss.xSchedulerRunning
                0x00000000        0x1 FreeRTOS/src/tasks.o
 .bss.uxCurrentNumberOfTasks
                0x00000000        0x1 FreeRTOS/src/tasks.o
 .bss.xSuspendedTaskList
                0x00000000        0x9 FreeRTOS/src/tasks.o
 .bss.uxDeletedTasksWaitingCleanUp
                0x00000000        0x1 FreeRTOS/src/tasks.o
 .bss.xTasksWaitingTermination
                0x00000000        0x9 FreeRTOS/src/tasks.o
 .bss.xPendingReadyList
                0x00000000        0x9 FreeRTOS/src/tasks.o
 .bss.xDelayedTaskList2
                0x00000000        0x9 FreeRTOS/src/tasks.o
 .bss.xDelayedTaskList1
                0x00000000        0x9 FreeRTOS/src/tasks.o
 .text          0x00000000        0x0 FreeRTOS/src/timers.o
 .data          0x00000000        0x0 FreeRTOS/src/timers.o
 .bss           0x00000000        0x0 FreeRTOS/src/timers.o
 .text.prvInsertTimerInActiveList
                0x00000000       0x5e FreeRTOS/src/timers.o
 .text.prvCheckForValidListAndQueue
                0x00000000       0x52 FreeRTOS/src/timers.o
 .rodata.str1.1
                0x00000000        0x8 FreeRTOS/src/timers.o
 .text.xTimerCreateTimerTask
                0x00000000       0x44 FreeRTOS/src/timers.o
 .text.xTimerCreate
                0x00000000       0x6e FreeRTOS/src/timers.o
 .text.xTimerGenericCommand
                0x00000000       0x90 FreeRTOS/src/timers.o
 .text.prvSampleTimeNow
                0x00000000       0xe0 FreeRTOS/src/timers.o
 .lowtext       0x00000000      0x212 FreeRTOS/src/timers.o
 .progmem.gcc_sw_table
                0x00000000       0x14 FreeRTOS/src/timers.o
 .text.xTimerGetTimerDaemonTaskHandle
                0x00000000        0xa FreeRTOS/src/timers.o
 .text.xTimerGetPeriod
                0x00000000        0x8 FreeRTOS/src/timers.o
 .text.vTimerSetReloadMode
                0x00000000       0x22 FreeRTOS/src/timers.o
 .text.xTimerGetExpiryTime
                0x00000000        0x8 FreeRTOS/src/timers.o
 .text.pcTimerGetName
                0x00000000        0x8 FreeRTOS/src/timers.o
 .text.xTimerIsTimerActive
                0x00000000       0x12 FreeRTOS/src/timers.o
 .text.pvTimerGetTimerID
                0x00000000       0x12 FreeRTOS/src/timers.o
 .text.vTimerSetTimerID
                0x00000000       0x12 FreeRTOS/src/timers.o
 .text.uxTimerGetTimerNumber
                0x00000000        0x6 FreeRTOS/src/timers.o
 .text.vTimerSetTimerNumber
                0x00000000        0x6 FreeRTOS/src/timers.o
 .bss.xLastTime.2432
                0x00000000        0x2 FreeRTOS/src/timers.o
 .bss.xTimerTaskHandle
                0x00000000        0x2 FreeRTOS/src/timers.o
 .bss.xTimerQueue
                0x00000000        0x2 FreeRTOS/src/timers.o
 .bss.pxOverflowTimerList
                0x00000000        0x2 FreeRTOS/src/timers.o
 .bss.pxCurrentTimerList
                0x00000000        0x2 FreeRTOS/src/timers.o
 .bss.xActiveTimerList2
                0x00000000        0x9 FreeRTOS/src/timers.o
 .bss.xActiveTimerList1
                0x00000000        0x9 FreeRTOS/src/timers.o
 .debug_info    0x00000000     0x1077 FreeRTOS/src/timers.o
 .debug_abbrev  0x00000000      0x30f FreeRTOS/src/timers.o
 .debug_loc     0x00000000      0xbed FreeRTOS/src/timers.o
 .debug_aranges
                0x00000000       0xa0 FreeRTOS/src/timers.o
 .debug_ranges  0x00000000       0xf0 FreeRTOS/src/timers.o
 .debug_line    0x00000000      0x562 FreeRTOS/src/timers.o
 .debug_str     0x00000000      0x856 FreeRTOS/src/timers.o
 .comment       0x00000000       0x31 FreeRTOS/src/timers.o
 .debug_frame   0x00000000      0x1cc FreeRTOS/src/timers.o
 .text          0x00000000        0x0 FreeRTOS/src/variantHooks.o
 .data          0x00000000        0x0 FreeRTOS/src/variantHooks.o
 .bss           0x00000000        0x0 FreeRTOS/src/variantHooks.o
 .text.vApplicationIdleHook
                0x00000000        0x2 FreeRTOS/src/variantHooks.o
 .text.vApplicationMallocFailedHook
                0x00000000       0x1a FreeRTOS/src/variantHooks.o
 .text          0x00000000        0x0 main.o
 .data          0x00000000        0x0 main.o
 .bss           0x00000000        0x0 main.o
 .text          0x00000000        0x0 ../../../stdio\libserialLib.a(stdio_driver.o)
 .data          0x00000000        0x0 ../../../stdio\libserialLib.a(stdio_driver.o)
 .bss           0x00000000        0x0 ../../../stdio\libserialLib.a(stdio_driver.o)
 .text.stdioInputWaiting
                0x00000000       0x12 ../../../stdio\libserialLib.a(stdio_driver.o)
 .text          0x00000000        0x0 ../../../stdio\libserialLib.a(serial.o)
 .data          0x00000000        0x0 ../../../stdio\libserialLib.a(serial.o)
 .bss           0x00000000        0x0 ../../../stdio\libserialLib.a(serial.o)
 .text.serial_send_bytes
                0x00000000       0xa0 ../../../stdio\libserialLib.a(serial.o)
 .text.serial_flush_rx_fifo
                0x00000000       0x10 ../../../stdio\libserialLib.a(serial.o)
 .text.serial_flush_tx_fifo
                0x00000000       0x10 ../../../stdio\libserialLib.a(serial.o)
 .text.serial_rx_fifo_empty
                0x00000000       0x16 ../../../stdio\libserialLib.a(serial.o)
 .text          0x00000000        0x0 ../../../stdio\libserialLib.a(fifo.o)
 .data          0x00000000        0x0 ../../../stdio\libserialLib.a(fifo.o)
 .bss           0x00000000        0x0 ../../../stdio\libserialLib.a(fifo.o)
 .text          0x00000000        0x0 ../../../Iot driver Library\libIotLibrary.a(hcSr501.o)
 .data          0x00000000        0x0 ../../../Iot driver Library\libIotLibrary.a(hcSr501.o)
 .bss           0x00000000        0x0 ../../../Iot driver Library\libIotLibrary.a(hcSr501.o)
 .text.hcSr501Destroy
                0x00000000        0xa ../../../Iot driver Library\libIotLibrary.a(hcSr501.o)
 .text          0x00000000        0x0 ../../../Iot driver Library\libIotLibrary.a(mega_register_access.o)
 .data          0x00000000        0x0 ../../../Iot driver Library\libIotLibrary.a(mega_register_access.o)
 .bss           0x00000000        0x0 ../../../Iot driver Library\libIotLibrary.a(mega_register_access.o)
 .text.reg_read_register
                0x00000000        0x6 ../../../Iot driver Library\libIotLibrary.a(mega_register_access.o)
 .text.reg_read_bits
                0x00000000        0x8 ../../../Iot driver Library\libIotLibrary.a(mega_register_access.o)
 .text.reg_set_register
                0x00000000        0x6 ../../../Iot driver Library\libIotLibrary.a(mega_register_access.o)
 .text.reg_clear_register
                0x00000000        0x6 ../../../Iot driver Library\libIotLibrary.a(mega_register_access.o)
 .text.reg_set_bit
                0x00000000       0x18 ../../../Iot driver Library\libIotLibrary.a(mega_register_access.o)
 .text.reg_set_bits
                0x00000000        0xa ../../../Iot driver Library\libIotLibrary.a(mega_register_access.o)
 .text.reg_toggle_bit
                0x00000000       0x18 ../../../Iot driver Library\libIotLibrary.a(mega_register_access.o)
 .text.reg_toggle_bits
                0x00000000        0xa ../../../Iot driver Library\libIotLibrary.a(mega_register_access.o)
 .text.reg_clear_bits
                0x00000000        0xc ../../../Iot driver Library\libIotLibrary.a(mega_register_access.o)
 .text          0x00000000        0x0 c:/program files (x86)/atmel/studio/7.0/toolchain/avr8/avr8-gnu-toolchain/bin/../lib/gcc/avr/5.4.0/avr6\libgcc.a(_exit.o)
 .data          0x00000000        0x0 c:/program files (x86)/atmel/studio/7.0/toolchain/avr8/avr8-gnu-toolchain/bin/../lib/gcc/avr/5.4.0/avr6\libgcc.a(_exit.o)
 .bss           0x00000000        0x0 c:/program files (x86)/atmel/studio/7.0/toolchain/avr8/avr8-gnu-toolchain/bin/../lib/gcc/avr/5.4.0/avr6\libgcc.a(_exit.o)
 .text.libgcc.mul
                0x00000000        0x0 c:/program files (x86)/atmel/studio/7.0/toolchain/avr8/avr8-gnu-toolchain/bin/../lib/gcc/avr/5.4.0/avr6\libgcc.a(_exit.o)
 .text.libgcc.div
                0x00000000        0x0 c:/program files (x86)/atmel/studio/7.0/toolchain/avr8/avr8-gnu-toolchain/bin/../lib/gcc/avr/5.4.0/avr6\libgcc.a(_exit.o)
 .text.libgcc   0x00000000        0x0 c:/program files (x86)/atmel/studio/7.0/toolchain/avr8/avr8-gnu-toolchain/bin/../lib/gcc/avr/5.4.0/avr6\libgcc.a(_exit.o)
 .text.libgcc.prologue
                0x00000000        0x0 c:/program files (x86)/atmel/studio/7.0/toolchain/avr8/avr8-gnu-toolchain/bin/../lib/gcc/avr/5.4.0/avr6\libgcc.a(_exit.o)
 .text.libgcc.builtins
                0x00000000        0x0 c:/program files (x86)/atmel/studio/7.0/toolchain/avr8/avr8-gnu-toolchain/bin/../lib/gcc/avr/5.4.0/avr6\libgcc.a(_exit.o)
 .text.libgcc.fmul
                0x00000000        0x0 c:/program files (x86)/atmel/studio/7.0/toolchain/avr8/avr8-gnu-toolchain/bin/../lib/gcc/avr/5.4.0/avr6\libgcc.a(_exit.o)
 .text.libgcc.fixed
                0x00000000        0x0 c:/program files (x86)/atmel/studio/7.0/toolchain/avr8/avr8-gnu-toolchain/bin/../lib/gcc/avr/5.4.0/avr6\libgcc.a(_exit.o)
 .text          0x00000000        0x0 c:/program files (x86)/atmel/studio/7.0/toolchain/avr8/avr8-gnu-toolchain/bin/../lib/gcc/avr/5.4.0/avr6\libgcc.a(_tablejump2.o)
 .data          0x00000000        0x0 c:/program files (x86)/atmel/studio/7.0/toolchain/avr8/avr8-gnu-toolchain/bin/../lib/gcc/avr/5.4.0/avr6\libgcc.a(_tablejump2.o)
 .bss           0x00000000        0x0 c:/program files (x86)/atmel/studio/7.0/toolchain/avr8/avr8-gnu-toolchain/bin/../lib/gcc/avr/5.4.0/avr6\libgcc.a(_tablejump2.o)
 .text.libgcc.mul
                0x00000000        0x0 c:/program files (x86)/atmel/studio/7.0/toolchain/avr8/avr8-gnu-toolchain/bin/../lib/gcc/avr/5.4.0/avr6\libgcc.a(_tablejump2.o)
 .text.libgcc.div
                0x00000000        0x0 c:/program files (x86)/atmel/studio/7.0/toolchain/avr8/avr8-gnu-toolchain/bin/../lib/gcc/avr/5.4.0/avr6\libgcc.a(_tablejump2.o)
 .text.libgcc   0x00000000       0x10 c:/program files (x86)/atmel/studio/7.0/toolchain/avr8/avr8-gnu-toolchain/bin/../lib/gcc/avr/5.4.0/avr6\libgcc.a(_tablejump2.o)
 .text.libgcc.prologue
                0x00000000        0x0 c:/program files (x86)/atmel/studio/7.0/toolchain/avr8/avr8-gnu-toolchain/bin/../lib/gcc/avr/5.4.0/avr6\libgcc.a(_tablejump2.o)
 .text.libgcc.builtins
                0x00000000        0x0 c:/program files (x86)/atmel/studio/7.0/toolchain/avr8/avr8-gnu-toolchain/bin/../lib/gcc/avr/5.4.0/avr6\libgcc.a(_tablejump2.o)
 .text.libgcc.fmul
                0x00000000        0x0 c:/program files (x86)/atmel/studio/7.0/toolchain/avr8/avr8-gnu-toolchain/bin/../lib/gcc/avr/5.4.0/avr6\libgcc.a(_tablejump2.o)
 .text.libgcc.fixed
                0x00000000        0x0 c:/program files (x86)/atmel/studio/7.0/toolchain/avr8/avr8-gnu-toolchain/bin/../lib/gcc/avr/5.4.0/avr6\libgcc.a(_tablejump2.o)
 .text          0x00000000        0x0 c:/program files (x86)/atmel/studio/7.0/toolchain/avr8/avr8-gnu-toolchain/bin/../lib/gcc/avr/5.4.0/avr6\libgcc.a(_copy_data.o)
 .data          0x00000000        0x0 c:/program files (x86)/atmel/studio/7.0/toolchain/avr8/avr8-gnu-toolchain/bin/../lib/gcc/avr/5.4.0/avr6\libgcc.a(_copy_data.o)
 .bss           0x00000000        0x0 c:/program files (x86)/atmel/studio/7.0/toolchain/avr8/avr8-gnu-toolchain/bin/../lib/gcc/avr/5.4.0/avr6\libgcc.a(_copy_data.o)
 .text.libgcc.mul
                0x00000000        0x0 c:/program files (x86)/atmel/studio/7.0/toolchain/avr8/avr8-gnu-toolchain/bin/../lib/gcc/avr/5.4.0/avr6\libgcc.a(_copy_data.o)
 .text.libgcc.div
                0x00000000        0x0 c:/program files (x86)/atmel/studio/7.0/toolchain/avr8/avr8-gnu-toolchain/bin/../lib/gcc/avr/5.4.0/avr6\libgcc.a(_copy_data.o)
 .text.libgcc   0x00000000        0x0 c:/program files (x86)/atmel/studio/7.0/toolchain/avr8/avr8-gnu-toolchain/bin/../lib/gcc/avr/5.4.0/avr6\libgcc.a(_copy_data.o)
 .text.libgcc.prologue
                0x00000000        0x0 c:/program files (x86)/atmel/studio/7.0/toolchain/avr8/avr8-gnu-toolchain/bin/../lib/gcc/avr/5.4.0/avr6\libgcc.a(_copy_data.o)
 .text.libgcc.builtins
                0x00000000        0x0 c:/program files (x86)/atmel/studio/7.0/toolchain/avr8/avr8-gnu-toolchain/bin/../lib/gcc/avr/5.4.0/avr6\libgcc.a(_copy_data.o)
 .text.libgcc.fmul
                0x00000000        0x0 c:/program files (x86)/atmel/studio/7.0/toolchain/avr8/avr8-gnu-toolchain/bin/../lib/gcc/avr/5.4.0/avr6\libgcc.a(_copy_data.o)
 .text.libgcc.fixed
                0x00000000        0x0 c:/program files (x86)/atmel/studio/7.0/toolchain/avr8/avr8-gnu-toolchain/bin/../lib/gcc/avr/5.4.0/avr6\libgcc.a(_copy_data.o)
 .text          0x00000000        0x0 c:/program files (x86)/atmel/studio/7.0/toolchain/avr8/avr8-gnu-toolchain/bin/../lib/gcc/avr/5.4.0/avr6\libgcc.a(_clear_bss.o)
 .data          0x00000000        0x0 c:/program files (x86)/atmel/studio/7.0/toolchain/avr8/avr8-gnu-toolchain/bin/../lib/gcc/avr/5.4.0/avr6\libgcc.a(_clear_bss.o)
 .bss           0x00000000        0x0 c:/program files (x86)/atmel/studio/7.0/toolchain/avr8/avr8-gnu-toolchain/bin/../lib/gcc/avr/5.4.0/avr6\libgcc.a(_clear_bss.o)
 .text.libgcc.mul
                0x00000000        0x0 c:/program files (x86)/atmel/studio/7.0/toolchain/avr8/avr8-gnu-toolchain/bin/../lib/gcc/avr/5.4.0/avr6\libgcc.a(_clear_bss.o)
 .text.libgcc.div
                0x00000000        0x0 c:/program files (x86)/atmel/studio/7.0/toolchain/avr8/avr8-gnu-toolchain/bin/../lib/gcc/avr/5.4.0/avr6\libgcc.a(_clear_bss.o)
 .text.libgcc   0x00000000        0x0 c:/program files (x86)/atmel/studio/7.0/toolchain/avr8/avr8-gnu-toolchain/bin/../lib/gcc/avr/5.4.0/avr6\libgcc.a(_clear_bss.o)
 .text.libgcc.prologue
                0x00000000        0x0 c:/program files (x86)/atmel/studio/7.0/toolchain/avr8/avr8-gnu-toolchain/bin/../lib/gcc/avr/5.4.0/avr6\libgcc.a(_clear_bss.o)
 .text.libgcc.builtins
                0x00000000        0x0 c:/program files (x86)/atmel/studio/7.0/toolchain/avr8/avr8-gnu-toolchain/bin/../lib/gcc/avr/5.4.0/avr6\libgcc.a(_clear_bss.o)
 .text.libgcc.fmul
                0x00000000        0x0 c:/program files (x86)/atmel/studio/7.0/toolchain/avr8/avr8-gnu-toolchain/bin/../lib/gcc/avr/5.4.0/avr6\libgcc.a(_clear_bss.o)
 .text.libgcc.fixed
                0x00000000        0x0 c:/program files (x86)/atmel/studio/7.0/toolchain/avr8/avr8-gnu-toolchain/bin/../lib/gcc/avr/5.4.0/avr6\libgcc.a(_clear_bss.o)
 .text          0x00000000        0x0 c:/program files (x86)/atmel/studio/7.0/toolchain/avr8/avr8-gnu-toolchain/bin/../lib/gcc/avr/5.4.0/../../../../avr/lib/avr6\libm.a(addsf3.o)
 .data          0x00000000        0x0 c:/program files (x86)/atmel/studio/7.0/toolchain/avr8/avr8-gnu-toolchain/bin/../lib/gcc/avr/5.4.0/../../../../avr/lib/avr6\libm.a(addsf3.o)
 .bss           0x00000000        0x0 c:/program files (x86)/atmel/studio/7.0/toolchain/avr8/avr8-gnu-toolchain/bin/../lib/gcc/avr/5.4.0/../../../../avr/lib/avr6\libm.a(addsf3.o)
 .text          0x00000000        0x0 c:/program files (x86)/atmel/studio/7.0/toolchain/avr8/avr8-gnu-toolchain/bin/../lib/gcc/avr/5.4.0/../../../../avr/lib/avr6\libm.a(addsf3x.o)
 .data          0x00000000        0x0 c:/program files (x86)/atmel/studio/7.0/toolchain/avr8/avr8-gnu-toolchain/bin/../lib/gcc/avr/5.4.0/../../../../avr/lib/avr6\libm.a(addsf3x.o)
 .bss           0x00000000        0x0 c:/program files (x86)/atmel/studio/7.0/toolchain/avr8/avr8-gnu-toolchain/bin/../lib/gcc/avr/5.4.0/../../../../avr/lib/avr6\libm.a(addsf3x.o)
 .text          0x00000000        0x0 c:/program files (x86)/atmel/studio/7.0/toolchain/avr8/avr8-gnu-toolchain/bin/../lib/gcc/avr/5.4.0/../../../../avr/lib/avr6\libm.a(divsf3.o)
 .data          0x00000000        0x0 c:/program files (x86)/atmel/studio/7.0/toolchain/avr8/avr8-gnu-toolchain/bin/../lib/gcc/avr/5.4.0/../../../../avr/lib/avr6\libm.a(divsf3.o)
 .bss           0x00000000        0x0 c:/program files (x86)/atmel/studio/7.0/toolchain/avr8/avr8-gnu-toolchain/bin/../lib/gcc/avr/5.4.0/../../../../avr/lib/avr6\libm.a(divsf3.o)
 .text          0x00000000        0x0 c:/program files (x86)/atmel/studio/7.0/toolchain/avr8/avr8-gnu-toolchain/bin/../lib/gcc/avr/5.4.0/../../../../avr/lib/avr6\libm.a(divsf3x.o)
 .data          0x00000000        0x0 c:/program files (x86)/atmel/studio/7.0/toolchain/avr8/avr8-gnu-toolchain/bin/../lib/gcc/avr/5.4.0/../../../../avr/lib/avr6\libm.a(divsf3x.o)
 .bss           0x00000000        0x0 c:/program files (x86)/atmel/studio/7.0/toolchain/avr8/avr8-gnu-toolchain/bin/../lib/gcc/avr/5.4.0/../../../../avr/lib/avr6\libm.a(divsf3x.o)
 .text          0x00000000        0x0 c:/program files (x86)/atmel/studio/7.0/toolchain/avr8/avr8-gnu-toolchain/bin/../lib/gcc/avr/5.4.0/../../../../avr/lib/avr6\libm.a(fixunssfsi.o)
 .data          0x00000000        0x0 c:/program files (x86)/atmel/studio/7.0/toolchain/avr8/avr8-gnu-toolchain/bin/../lib/gcc/avr/5.4.0/../../../../avr/lib/avr6\libm.a(fixunssfsi.o)
 .bss           0x00000000        0x0 c:/program files (x86)/atmel/studio/7.0/toolchain/avr8/avr8-gnu-toolchain/bin/../lib/gcc/avr/5.4.0/../../../../avr/lib/avr6\libm.a(fixunssfsi.o)
 .text          0x00000000        0x0 c:/program files (x86)/atmel/studio/7.0/toolchain/avr8/avr8-gnu-toolchain/bin/../lib/gcc/avr/5.4.0/../../../../avr/lib/avr6\libm.a(floatsisf.o)
 .data          0x00000000        0x0 c:/program files (x86)/atmel/studio/7.0/toolchain/avr8/avr8-gnu-toolchain/bin/../lib/gcc/avr/5.4.0/../../../../avr/lib/avr6\libm.a(floatsisf.o)
 .bss           0x00000000        0x0 c:/program files (x86)/atmel/studio/7.0/toolchain/avr8/avr8-gnu-toolchain/bin/../lib/gcc/avr/5.4.0/../../../../avr/lib/avr6\libm.a(floatsisf.o)
 .text          0x00000000        0x0 c:/program files (x86)/atmel/studio/7.0/toolchain/avr8/avr8-gnu-toolchain/bin/../lib/gcc/avr/5.4.0/../../../../avr/lib/avr6\libm.a(fp_inf.o)
 .data          0x00000000        0x0 c:/program files (x86)/atmel/studio/7.0/toolchain/avr8/avr8-gnu-toolchain/bin/../lib/gcc/avr/5.4.0/../../../../avr/lib/avr6\libm.a(fp_inf.o)
 .bss           0x00000000        0x0 c:/program files (x86)/atmel/studio/7.0/toolchain/avr8/avr8-gnu-toolchain/bin/../lib/gcc/avr/5.4.0/../../../../avr/lib/avr6\libm.a(fp_inf.o)
 .text          0x00000000        0x0 c:/program files (x86)/atmel/studio/7.0/toolchain/avr8/avr8-gnu-toolchain/bin/../lib/gcc/avr/5.4.0/../../../../avr/lib/avr6\libm.a(fp_nan.o)
 .data          0x00000000        0x0 c:/program files (x86)/atmel/studio/7.0/toolchain/avr8/avr8-gnu-toolchain/bin/../lib/gcc/avr/5.4.0/../../../../avr/lib/avr6\libm.a(fp_nan.o)
 .bss           0x00000000        0x0 c:/program files (x86)/atmel/studio/7.0/toolchain/avr8/avr8-gnu-toolchain/bin/../lib/gcc/avr/5.4.0/../../../../avr/lib/avr6\libm.a(fp_nan.o)
 .text          0x00000000        0x0 c:/program files (x86)/atmel/studio/7.0/toolchain/avr8/avr8-gnu-toolchain/bin/../lib/gcc/avr/5.4.0/../../../../avr/lib/avr6\libm.a(fp_pscA.o)
 .data          0x00000000        0x0 c:/program files (x86)/atmel/studio/7.0/toolchain/avr8/avr8-gnu-toolchain/bin/../lib/gcc/avr/5.4.0/../../../../avr/lib/avr6\libm.a(fp_pscA.o)
 .bss           0x00000000        0x0 c:/program files (x86)/atmel/studio/7.0/toolchain/avr8/avr8-gnu-toolchain/bin/../lib/gcc/avr/5.4.0/../../../../avr/lib/avr6\libm.a(fp_pscA.o)
 .text          0x00000000        0x0 c:/program files (x86)/atmel/studio/7.0/toolchain/avr8/avr8-gnu-toolchain/bin/../lib/gcc/avr/5.4.0/../../../../avr/lib/avr6\libm.a(fp_pscB.o)
 .data          0x00000000        0x0 c:/program files (x86)/atmel/studio/7.0/toolchain/avr8/avr8-gnu-toolchain/bin/../lib/gcc/avr/5.4.0/../../../../avr/lib/avr6\libm.a(fp_pscB.o)
 .bss           0x00000000        0x0 c:/program files (x86)/atmel/studio/7.0/toolchain/avr8/avr8-gnu-toolchain/bin/../lib/gcc/avr/5.4.0/../../../../avr/lib/avr6\libm.a(fp_pscB.o)
 .text          0x00000000        0x0 c:/program files (x86)/atmel/studio/7.0/toolchain/avr8/avr8-gnu-toolchain/bin/../lib/gcc/avr/5.4.0/../../../../avr/lib/avr6\libm.a(fp_round.o)
 .data          0x00000000        0x0 c:/program files (x86)/atmel/studio/7.0/toolchain/avr8/avr8-gnu-toolchain/bin/../lib/gcc/avr/5.4.0/../../../../avr/lib/avr6\libm.a(fp_round.o)
 .bss           0x00000000        0x0 c:/program files (x86)/atmel/studio/7.0/toolchain/avr8/avr8-gnu-toolchain/bin/../lib/gcc/avr/5.4.0/../../../../avr/lib/avr6\libm.a(fp_round.o)
 .text          0x00000000        0x0 c:/program files (x86)/atmel/studio/7.0/toolchain/avr8/avr8-gnu-toolchain/bin/../lib/gcc/avr/5.4.0/../../../../avr/lib/avr6\libm.a(fp_split3.o)
 .data          0x00000000        0x0 c:/program files (x86)/atmel/studio/7.0/toolchain/avr8/avr8-gnu-toolchain/bin/../lib/gcc/avr/5.4.0/../../../../avr/lib/avr6\libm.a(fp_split3.o)
 .bss           0x00000000        0x0 c:/program files (x86)/atmel/studio/7.0/toolchain/avr8/avr8-gnu-toolchain/bin/../lib/gcc/avr/5.4.0/../../../../avr/lib/avr6\libm.a(fp_split3.o)
 .text          0x00000000        0x0 c:/program files (x86)/atmel/studio/7.0/toolchain/avr8/avr8-gnu-toolchain/bin/../lib/gcc/avr/5.4.0/../../../../avr/lib/avr6\libm.a(fp_zero.o)
 .data          0x00000000        0x0 c:/program files (x86)/atmel/studio/7.0/toolchain/avr8/avr8-gnu-toolchain/bin/../lib/gcc/avr/5.4.0/../../../../avr/lib/avr6\libm.a(fp_zero.o)
 .bss           0x00000000        0x0 c:/program files (x86)/atmel/studio/7.0/toolchain/avr8/avr8-gnu-toolchain/bin/../lib/gcc/avr/5.4.0/../../../../avr/lib/avr6\libm.a(fp_zero.o)
 .text          0x00000000        0x0 c:/program files (x86)/atmel/studio/7.0/toolchain/avr8/avr8-gnu-toolchain/bin/../lib/gcc/avr/5.4.0/../../../../avr/lib/avr6\libm.a(mulsf3.o)
 .data          0x00000000        0x0 c:/program files (x86)/atmel/studio/7.0/toolchain/avr8/avr8-gnu-toolchain/bin/../lib/gcc/avr/5.4.0/../../../../avr/lib/avr6\libm.a(mulsf3.o)
 .bss           0x00000000        0x0 c:/program files (x86)/atmel/studio/7.0/toolchain/avr8/avr8-gnu-toolchain/bin/../lib/gcc/avr/5.4.0/../../../../avr/lib/avr6\libm.a(mulsf3.o)
 .text          0x00000000        0x0 c:/program files (x86)/atmel/studio/7.0/toolchain/avr8/avr8-gnu-toolchain/bin/../lib/gcc/avr/5.4.0/../../../../avr/lib/avr6\libm.a(mulsf3x.o)
 .data          0x00000000        0x0 c:/program files (x86)/atmel/studio/7.0/toolchain/avr8/avr8-gnu-toolchain/bin/../lib/gcc/avr/5.4.0/../../../../avr/lib/avr6\libm.a(mulsf3x.o)
 .bss           0x00000000        0x0 c:/program files (x86)/atmel/studio/7.0/toolchain/avr8/avr8-gnu-toolchain/bin/../lib/gcc/avr/5.4.0/../../../../avr/lib/avr6\libm.a(mulsf3x.o)
 .text          0x00000000        0x0 c:/program files (x86)/atmel/studio/7.0/toolchain/avr8/avr8-gnu-toolchain/bin/../lib/gcc/avr/5.4.0/../../../../avr/lib/avr6\libc.a(calloc.o)
 .data          0x00000000        0x0 c:/program files (x86)/atmel/studio/7.0/toolchain/avr8/avr8-gnu-toolchain/bin/../lib/gcc/avr/5.4.0/../../../../avr/lib/avr6\libc.a(calloc.o)
 .bss           0x00000000        0x0 c:/program files (x86)/atmel/studio/7.0/toolchain/avr8/avr8-gnu-toolchain/bin/../lib/gcc/avr/5.4.0/../../../../avr/lib/avr6\libc.a(calloc.o)
 .text          0x00000000        0x0 c:/program files (x86)/atmel/studio/7.0/toolchain/avr8/avr8-gnu-toolchain/bin/../lib/gcc/avr/5.4.0/../../../../avr/lib/avr6\libc.a(malloc.o)
 .bss           0x00000000        0x0 c:/program files (x86)/atmel/studio/7.0/toolchain/avr8/avr8-gnu-toolchain/bin/../lib/gcc/avr/5.4.0/../../../../avr/lib/avr6\libc.a(malloc.o)
 .text          0x00000000        0x0 c:/program files (x86)/atmel/studio/7.0/toolchain/avr8/avr8-gnu-toolchain/bin/../lib/gcc/avr/5.4.0/../../../../avr/lib/avr6\libc.a(abort.o)
 .data          0x00000000        0x0 c:/program files (x86)/atmel/studio/7.0/toolchain/avr8/avr8-gnu-toolchain/bin/../lib/gcc/avr/5.4.0/../../../../avr/lib/avr6\libc.a(abort.o)
 .bss           0x00000000        0x0 c:/program files (x86)/atmel/studio/7.0/toolchain/avr8/avr8-gnu-toolchain/bin/../lib/gcc/avr/5.4.0/../../../../avr/lib/avr6\libc.a(abort.o)
 .text          0x00000000        0x0 c:/program files (x86)/atmel/studio/7.0/toolchain/avr8/avr8-gnu-toolchain/bin/../lib/gcc/avr/5.4.0/../../../../avr/lib/avr6\libc.a(memcpy.o)
 .data          0x00000000        0x0 c:/program files (x86)/atmel/studio/7.0/toolchain/avr8/avr8-gnu-toolchain/bin/../lib/gcc/avr/5.4.0/../../../../avr/lib/avr6\libc.a(memcpy.o)
 .bss           0x00000000        0x0 c:/program files (x86)/atmel/studio/7.0/toolchain/avr8/avr8-gnu-toolchain/bin/../lib/gcc/avr/5.4.0/../../../../avr/lib/avr6\libc.a(memcpy.o)
 .text.avr-libc
                0x00000000       0x12 c:/program files (x86)/atmel/studio/7.0/toolchain/avr8/avr8-gnu-toolchain/bin/../lib/gcc/avr/5.4.0/../../../../avr/lib/avr6\libc.a(memcpy.o)
 .text          0x00000000        0x0 c:/program files (x86)/atmel/studio/7.0/toolchain/avr8/avr8-gnu-toolchain/bin/../lib/gcc/avr/5.4.0/../../../../avr/lib/avr6\libc.a(memset.o)
 .data          0x00000000        0x0 c:/program files (x86)/atmel/studio/7.0/toolchain/avr8/avr8-gnu-toolchain/bin/../lib/gcc/avr/5.4.0/../../../../avr/lib/avr6\libc.a(memset.o)
 .bss           0x00000000        0x0 c:/program files (x86)/atmel/studio/7.0/toolchain/avr8/avr8-gnu-toolchain/bin/../lib/gcc/avr/5.4.0/../../../../avr/lib/avr6\libc.a(memset.o)
 .text          0x00000000        0x0 c:/program files (x86)/atmel/studio/7.0/toolchain/avr8/avr8-gnu-toolchain/bin/../lib/gcc/avr/5.4.0/../../../../avr/lib/avr6\libc.a(iob.o)
 .data          0x00000000        0x0 c:/program files (x86)/atmel/studio/7.0/toolchain/avr8/avr8-gnu-toolchain/bin/../lib/gcc/avr/5.4.0/../../../../avr/lib/avr6\libc.a(iob.o)
 .bss           0x00000000        0x0 c:/program files (x86)/atmel/studio/7.0/toolchain/avr8/avr8-gnu-toolchain/bin/../lib/gcc/avr/5.4.0/../../../../avr/lib/avr6\libc.a(iob.o)
 .text          0x00000000        0x0 c:/program files (x86)/atmel/studio/7.0/toolchain/avr8/avr8-gnu-toolchain/bin/../lib/gcc/avr/5.4.0/../../../../avr/lib/avr6\libc.a(puts.o)
 .data          0x00000000        0x0 c:/program files (x86)/atmel/studio/7.0/toolchain/avr8/avr8-gnu-toolchain/bin/../lib/gcc/avr/5.4.0/../../../../avr/lib/avr6\libc.a(puts.o)
 .bss           0x00000000        0x0 c:/program files (x86)/atmel/studio/7.0/toolchain/avr8/avr8-gnu-toolchain/bin/../lib/gcc/avr/5.4.0/../../../../avr/lib/avr6\libc.a(puts.o)

Memory Configuration

Name             Origin             Length             Attributes
text             0x00000000         0x00100000         xr
data             0x00800200         0x0000fe00         rw !x
eeprom           0x00810000         0x00010000         rw !x
fuse             0x00820000         0x00000003         rw !x
lock             0x00830000         0x00000400         rw !x
signature        0x00840000         0x00000400         rw !x
user_signatures  0x00850000         0x00000400         rw !x
*default*        0x00000000         0xffffffff

Linker script and memory map

Address of section .data set to 0x800200
LOAD C:/Program Files (x86)/Atmel/Studio/7.0/Packs/atmel/ATmega_DFP/1.2.209/gcc/dev/atmega2560/avr6/crtatmega2560.o
LOAD FreeRTOS/FreeRTOSTraceDriver/FreeRTOSTraceDriver.o
LOAD FreeRTOS/src/croutine.o
LOAD FreeRTOS/src/event_groups.o
LOAD FreeRTOS/src/heap_3.o
LOAD FreeRTOS/src/list.o
LOAD FreeRTOS/src/port.o
LOAD FreeRTOS/src/queue.o
LOAD FreeRTOS/src/stream_buffer.o
LOAD FreeRTOS/src/tasks.o
LOAD FreeRTOS/src/timers.o
LOAD FreeRTOS/src/variantHooks.o
LOAD main.o
START GROUP
LOAD ../../../stdio\libserialLib.a
LOAD ../../../Iot driver Library\libIotLibrary.a
END GROUP
START GROUP
LOAD c:/program files (x86)/atmel/studio/7.0/toolchain/avr8/avr8-gnu-toolchain/bin/../lib/gcc/avr/5.4.0/avr6\libgcc.a
LOAD c:/program files (x86)/atmel/studio/7.0/toolchain/avr8/avr8-gnu-toolchain/bin/../lib/gcc/avr/5.4.0/../../../../avr/lib/avr6\libm.a
LOAD c:/program files (x86)/atmel/studio/7.0/toolchain/avr8/avr8-gnu-toolchain/bin/../lib/gcc/avr/5.4.0/../../../../avr/lib/avr6\libc.a
LOAD C:/Program Files (x86)/Atmel/Studio/7.0/Packs/atmel/ATmega_DFP/1.2.209/gcc/dev/atmega2560/avr6\libatmega2560.a
END GROUP
                0x00100000                __TEXT_REGION_LENGTH__ = DEFINED (__TEXT_REGION_LENGTH__)?__TEXT_REGION_LENGTH__:0x100000
                0x0000fe00                __DATA_REGION_LENGTH__ = DEFINED (__DATA_REGION_LENGTH__)?__DATA_REGION_LENGTH__:0xfe00
                0x00010000                __EEPROM_REGION_LENGTH__ = DEFINED (__EEPROM_REGION_LENGTH__)?__EEPROM_REGION_LENGTH__:0x10000
                [0x00000003]                __FUSE_REGION_LENGTH__ = DEFINED (__FUSE_REGION_LENGTH__)?__FUSE_REGION_LENGTH__:0x400
                0x00000400                __LOCK_REGION_LENGTH__ = DEFINED (__LOCK_REGION_LENGTH__)?__LOCK_REGION_LENGTH__:0x400
                0x00000400                __SIGNATURE_REGION_LENGTH__ = DEFINED (__SIGNATURE_REGION_LENGTH__)?__SIGNATURE_REGION_LENGTH__:0x400
                0x00000400                __USER_SIGNATURE_REGION_LENGTH__ = DEFINED (__USER_SIGNATURE_REGION_LENGTH__)?__USER_SIGNATURE_REGION_LENGTH__:0x400

.hash
 *(.hash)

.dynsym
 *(.dynsym)

.dynstr
 *(.dynstr)

.gnu.version
 *(.gnu.version)

.gnu.version_d
 *(.gnu.version_d)

.gnu.version_r
 *(.gnu.version_r)

.rel.init
 *(.rel.init)

.rela.init
 *(.rela.init)

.rel.text
 *(.rel.text)
 *(.rel.text.*)
 *(.rel.gnu.linkonce.t*)

.rela.text
 *(.rela.text)
 *(.rela.text.*)
 *(.rela.gnu.linkonce.t*)

.rel.fini
 *(.rel.fini)

.rela.fini
 *(.rela.fini)

.rel.rodata
 *(.rel.rodata)
 *(.rel.rodata.*)
 *(.rel.gnu.linkonce.r*)

.rela.rodata
 *(.rela.rodata)
 *(.rela.rodata.*)
 *(.rela.gnu.linkonce.r*)

.rel.data
 *(.rel.data)
 *(.rel.data.*)
 *(.rel.gnu.linkonce.d*)

.rela.data
 *(.rela.data)
 *(.rela.data.*)
 *(.rela.gnu.linkonce.d*)

.rel.ctors
 *(.rel.ctors)

.rela.ctors
 *(.rela.ctors)

.rel.dtors
 *(.rel.dtors)

.rela.dtors
 *(.rela.dtors)

.rel.got
 *(.rel.got)

.rela.got
 *(.rela.got)

.rel.bss
 *(.rel.bss)

.rela.bss
 *(.rela.bss)

.rel.plt
 *(.rel.plt)

.rela.plt
 *(.rela.plt)

.text           0x00000000     0x143c
 *(.vectors)
 .vectors       0x00000000       0xe4 C:/Program Files (x86)/Atmel/Studio/7.0/Packs/atmel/ATmega_DFP/1.2.209/gcc/dev/atmega2560/avr6/crtatmega2560.o
                0x00000000                __vector_default
                0x00000000                __vectors
 *(.vectors)
 *(.progmem.gcc*)
                0x000000e4                . = ALIGN (0x2)
                0x000000e4                __trampolines_start = .
 *(.trampolines)
 .trampolines   0x000000e4        0x0 linker stubs
 *(.trampolines*)
                0x000000e4                __trampolines_end = .
 *libprintf_flt.a:*(.progmem.data)
 *libc.a:*(.progmem.data)
 *(.progmem*)
                0x000000e4                . = ALIGN (0x2)
 *(.jumptables)
 *(.jumptables*)
 *(.lowtext)
 *(.lowtext*)
                0x000000e4                __ctors_start = .
 *(.ctors)
                0x000000e4                __ctors_end = .
                0x000000e4                __dtors_start = .
 *(.dtors)
                0x000000e4                __dtors_end = .
 SORT(*)(.ctors)
 SORT(*)(.dtors)
 *(.init0)
 .init0         0x000000e4        0x0 C:/Program Files (x86)/Atmel/Studio/7.0/Packs/atmel/ATmega_DFP/1.2.209/gcc/dev/atmega2560/avr6/crtatmega2560.o
                0x000000e4                __init
 *(.init0)
 *(.init1)
 *(.init1)
 *(.init2)
 .init2         0x000000e4       0x10 C:/Program Files (x86)/Atmel/Studio/7.0/Packs/atmel/ATmega_DFP/1.2.209/gcc/dev/atmega2560/avr6/crtatmega2560.o
 *(.init2)
 *(.init3)
 *(.init3)
 *(.init4)
 .init4         0x000000f4       0x1a c:/program files (x86)/atmel/studio/7.0/toolchain/avr8/avr8-gnu-toolchain/bin/../lib/gcc/avr/5.4.0/avr6\libgcc.a(_copy_data.o)
                0x000000f4                __do_copy_data
 .init4         0x0000010e       0x10 c:/program files (x86)/atmel/studio/7.0/toolchain/avr8/avr8-gnu-toolchain/bin/../lib/gcc/avr/5.4.0/avr6\libgcc.a(_clear_bss.o)
                0x0000010e                __do_clear_bss
 *(.init4)
 *(.init5)
 *(.init5)
 *(.init6)
 *(.init6)
 *(.init7)
 *(.init7)
 *(.init8)
 *(.init8)
 *(.init9)
 .init9         0x0000011e        0x6 C:/Program Files (x86)/Atmel/Studio/7.0/Packs/atmel/ATmega_DFP/1.2.209/gcc/dev/atmega2560/avr6/crtatmega2560.o
 *(.init9)
 *(.text)
 .text          0x00000124        0x2 C:/Program Files (x86)/Atmel/Studio/7.0/Packs/atmel/ATmega_DFP/1.2.209/gcc/dev/atmega2560/avr6/crtatmega2560.o
                0x00000124                __vector_38
                0x00000124                __vector_22
                0x00000124                __vector_28
                0x00000124                __vector_1
                0x00000124                __vector_32
                0x00000124                __vector_34
                0x00000124                __vector_24
                0x00000124                __vector_46
                0x00000124                __bad_interrupt
                0x00000124                __vector_6
                0x00000124                __vector_31
                0x00000124                __vector_35
                0x00000124                __vector_39
                0x00000124                __vector_3
                0x00000124                __vector_23
                0x00000124                __vector_30
                0x00000124                __vector_45
                0x00000124                __vector_11
                0x00000124                __vector_13
                0x00000124                __vector_17
                0x00000124                __vector_19
                0x00000124                __vector_56
                0x00000124                __vector_7
                0x00000124                __vector_49
                0x00000124                __vector_41
                0x00000124                __vector_43
                0x00000124                __vector_27
                0x00000124                __vector_5
                0x00000124                __vector_33
                0x00000124                __vector_47
                0x00000124                __vector_4
                0x00000124                __vector_44
                0x00000124                __vector_9
                0x00000124                __vector_2
                0x00000124                __vector_21
                0x00000124                __vector_15
                0x00000124                __vector_29
                0x00000124                __vector_40
                0x00000124                __vector_8
                0x00000124                __vector_48
                0x00000124                __vector_14
                0x00000124                __vector_53
                0x00000124                __vector_10
                0x00000124                __vector_50
                0x00000124                __vector_16
                0x00000124                __vector_18
                0x00000124                __vector_20
                0x00000124                __vector_42
                0x00000126                . = ALIGN (0x2)
 *(.text.*)
 .text.task_switch_in
                0x00000126       0x14 FreeRTOS/FreeRTOSTraceDriver/FreeRTOSTraceDriver.o
                0x00000126                task_switch_in
 .text.task_switch_out
                0x0000013a        0xc FreeRTOS/FreeRTOSTraceDriver/FreeRTOSTraceDriver.o
                0x0000013a                task_switch_out
 .text.vListInsertEnd
                0x00000146       0x42 FreeRTOS/src/list.o
                0x00000146                vListInsertEnd
 .text.uxListRemove
                0x00000188       0x4e FreeRTOS/src/list.o
                0x00000188                uxListRemove
 .text.vPortYieldFromTick
                0x000001d6       0xc6 FreeRTOS/src/port.o
                0x000001d6                vPortYieldFromTick
 .text.__vector_12
                0x0000029c        0x4 FreeRTOS/src/port.o
                0x0000029c                __vector_12
 .text.prvResetNextTaskUnblockTime
                0x000002a0       0x3e FreeRTOS/src/tasks.o
 .text.xTaskIncrementTick
                0x000002de      0x16e FreeRTOS/src/tasks.o
                0x000002de                xTaskIncrementTick
 .text.vTaskSwitchContext
                0x0000044c      0x118 FreeRTOS/src/tasks.o
                0x0000044c                vTaskSwitchContext
 .text.vApplicationStackOverflowHook
                0x00000564       0x1a FreeRTOS/src/variantHooks.o
                0x00000564                vApplicationStackOverflowHook
 .text.main     0x0000057e       0x58 main.o
                0x0000057e                main
 .text.usart_getchar
                0x000005d6       0x2a ../../../stdio\libserialLib.a(stdio_driver.o)
 .text.usart_putchar
                0x00000600       0x12 ../../../stdio\libserialLib.a(stdio_driver.o)
 .text.stdioCreate
                0x00000612       0x52 ../../../stdio\libserialLib.a(stdio_driver.o)
                0x00000612                stdioCreate
 .text.serial_new_instance
                0x00000664      0x12c ../../../stdio\libserialLib.a(serial.o)
                0x00000664                serial_new_instance
 .text.serial_send_byte
                0x00000790       0x4a ../../../stdio\libserialLib.a(serial.o)
                0x00000790                serial_send_byte
 .text.serial_get_byte
                0x000007da       0x38 ../../../stdio\libserialLib.a(serial.o)
                0x000007da                serial_get_byte
 .text.__vector_25
                0x00000812       0xa4 ../../../stdio\libserialLib.a(serial.o)
                0x00000812                __vector_25
 .text.__vector_26
                0x000008b6       0x88 ../../../stdio\libserialLib.a(serial.o)
                0x000008b6                __vector_26
 .text.__vector_36
                0x0000093e       0xa4 ../../../stdio\libserialLib.a(serial.o)
                0x0000093e                __vector_36
 .text.__vector_37
                0x000009e2       0x88 ../../../stdio\libserialLib.a(serial.o)
                0x000009e2                __vector_37
 .text.__vector_51
                0x00000a6a       0xa4 ../../../stdio\libserialLib.a(serial.o)
                0x00000a6a                __vector_51
 .text.__vector_52
                0x00000b0e       0x88 ../../../stdio\libserialLib.a(serial.o)
                0x00000b0e                __vector_52
 .text.__vector_54
                0x00000b96       0xa4 ../../../stdio\libserialLib.a(serial.o)
                0x00000b96                __vector_54
 .text.__vector_55
                0x00000c3a       0x88 ../../../stdio\libserialLib.a(serial.o)
                0x00000c3a                __vector_55
 .text.fifo_init
                0x00000cc2       0x38 ../../../stdio\libserialLib.a(fifo.o)
                0x00000cc2                fifo_init
 .text.hcSr501Create
                0x00000cfa       0x38 ../../../Iot driver Library\libIotLibrary.a(hcSr501.o)
                0x00000cfa                hcSr501Create
 .text.hcSr501IsDetecting
                0x00000d32       0x16 ../../../Iot driver Library\libIotLibrary.a(hcSr501.o)
                0x00000d32                hcSr501IsDetecting
 .text.reg_read_bit
                0x00000d48       0x16 ../../../Iot driver Library\libIotLibrary.a(mega_register_access.o)
                0x00000d48                reg_read_bit
 .text.reg_clear_bit
                0x00000d5e       0x1a ../../../Iot driver Library\libIotLibrary.a(mega_register_access.o)
                0x00000d5e                reg_clear_bit
 .text.avr-libc.fplib
                0x00000d78        0xa c:/program files (x86)/atmel/studio/7.0/toolchain/avr8/avr8-gnu-toolchain/bin/../lib/gcc/avr/5.4.0/../../../../avr/lib/avr6\libm.a(addsf3.o)
                0x00000d78                __subsf3
                0x00000d7a                __addsf3
 .text.avr-libc.fplib
                0x00000d82       0xc0 c:/program files (x86)/atmel/studio/7.0/toolchain/avr8/avr8-gnu-toolchain/bin/../lib/gcc/avr/5.4.0/../../../../avr/lib/avr6\libm.a(addsf3x.o)
                0x00000d9c                __addsf3x
 .text.avr-libc.fplib
                0x00000e42        0x4 c:/program files (x86)/atmel/studio/7.0/toolchain/avr8/avr8-gnu-toolchain/bin/../lib/gcc/avr/5.4.0/../../../../avr/lib/avr6\libm.a(divsf3.o)
                0x00000e42                __divsf3
 .text.avr-libc.fplib
                0x00000e46       0xcc c:/program files (x86)/atmel/studio/7.0/toolchain/avr8/avr8-gnu-toolchain/bin/../lib/gcc/avr/5.4.0/../../../../avr/lib/avr6\libm.a(divsf3x.o)
                0x00000e5c                __divsf3x
                0x00000e60                __divsf3_pse
 .text.avr-libc.fplib
                0x00000f12       0x58 c:/program files (x86)/atmel/studio/7.0/toolchain/avr8/avr8-gnu-toolchain/bin/../lib/gcc/avr/5.4.0/../../../../avr/lib/avr6\libm.a(fixunssfsi.o)
                0x00000f12                __fixunssfsi
 .text.avr-libc.fplib
                0x00000f6a       0x7a c:/program files (x86)/atmel/studio/7.0/toolchain/avr8/avr8-gnu-toolchain/bin/../lib/gcc/avr/5.4.0/../../../../avr/lib/avr6\libm.a(floatsisf.o)
                0x00000f6a                __floatunsisf
                0x00000f6e                __floatsisf
 .text.avr-libc.fplib
                0x00000fe4        0xc c:/program files (x86)/atmel/studio/7.0/toolchain/avr8/avr8-gnu-toolchain/bin/../lib/gcc/avr/5.4.0/../../../../avr/lib/avr6\libm.a(fp_inf.o)
                0x00000fe4                __fp_inf
 .text.avr-libc.fplib
                0x00000ff0        0x6 c:/program files (x86)/atmel/studio/7.0/toolchain/avr8/avr8-gnu-toolchain/bin/../lib/gcc/avr/5.4.0/../../../../avr/lib/avr6\libm.a(fp_nan.o)
                0x00000ff0                __fp_nan
 .text.avr-libc.fplib
                0x00000ff6        0xe c:/program files (x86)/atmel/studio/7.0/toolchain/avr8/avr8-gnu-toolchain/bin/../lib/gcc/avr/5.4.0/../../../../avr/lib/avr6\libm.a(fp_pscA.o)
                0x00000ff6                __fp_pscA
 .text.avr-libc.fplib
                0x00001004        0xe c:/program files (x86)/atmel/studio/7.0/toolchain/avr8/avr8-gnu-toolchain/bin/../lib/gcc/avr/5.4.0/../../../../avr/lib/avr6\libm.a(fp_pscB.o)
                0x00001004                __fp_pscB
 .text.avr-libc.fplib
                0x00001012       0x22 c:/program files (x86)/atmel/studio/7.0/toolchain/avr8/avr8-gnu-toolchain/bin/../lib/gcc/avr/5.4.0/../../../../avr/lib/avr6\libm.a(fp_round.o)
                0x00001012                __fp_round
 .text.avr-libc.fplib
                0x00001034       0x44 c:/program files (x86)/atmel/studio/7.0/toolchain/avr8/avr8-gnu-toolchain/bin/../lib/gcc/avr/5.4.0/../../../../avr/lib/avr6\libm.a(fp_split3.o)
                0x00001034                __fp_split3
                0x00001044                __fp_splitA
 .text.avr-libc.fplib
                0x00001078        0xe c:/program files (x86)/atmel/studio/7.0/toolchain/avr8/avr8-gnu-toolchain/bin/../lib/gcc/avr/5.4.0/../../../../avr/lib/avr6\libm.a(fp_zero.o)
                0x00001078                __fp_zero
                0x0000107a                __fp_szero
 .text.avr-libc.fplib
                0x00001086        0x4 c:/program files (x86)/atmel/studio/7.0/toolchain/avr8/avr8-gnu-toolchain/bin/../lib/gcc/avr/5.4.0/../../../../avr/lib/avr6\libm.a(mulsf3.o)
                0x00001086                __mulsf3
 .text.avr-libc.fplib
                0x0000108a       0xc2 c:/program files (x86)/atmel/studio/7.0/toolchain/avr8/avr8-gnu-toolchain/bin/../lib/gcc/avr/5.4.0/../../../../avr/lib/avr6\libm.a(mulsf3x.o)
                0x0000109e                __mulsf3x
                0x000010a2                __mulsf3_pse
 .text.avr-libc
                0x0000114c       0x34 c:/program files (x86)/atmel/studio/7.0/toolchain/avr8/avr8-gnu-toolchain/bin/../lib/gcc/avr/5.4.0/../../../../avr/lib/avr6\libc.a(calloc.o)
                0x0000114c                calloc
 .text.avr-libc
                0x00001180      0x242 c:/program files (x86)/atmel/studio/7.0/toolchain/avr8/avr8-gnu-toolchain/bin/../lib/gcc/avr/5.4.0/../../../../avr/lib/avr6\libc.a(malloc.o)
                0x00001180                malloc
                0x000012b0                free
 .text.avr-libc
                0x000013c2        0x8 c:/program files (x86)/atmel/studio/7.0/toolchain/avr8/avr8-gnu-toolchain/bin/../lib/gcc/avr/5.4.0/../../../../avr/lib/avr6\libc.a(abort.o)
                0x000013c2                abort
 .text.avr-libc
                0x000013ca        0xe c:/program files (x86)/atmel/studio/7.0/toolchain/avr8/avr8-gnu-toolchain/bin/../lib/gcc/avr/5.4.0/../../../../avr/lib/avr6\libc.a(memset.o)
                0x000013ca                memset
 .text.avr-libc
                0x000013d8       0x60 c:/program files (x86)/atmel/studio/7.0/toolchain/avr8/avr8-gnu-toolchain/bin/../lib/gcc/avr/5.4.0/../../../../avr/lib/avr6\libc.a(puts.o)
                0x000013d8                puts
                0x00001438                . = ALIGN (0x2)
 *(.fini9)
 .fini9         0x00001438        0x0 c:/program files (x86)/atmel/studio/7.0/toolchain/avr8/avr8-gnu-toolchain/bin/../lib/gcc/avr/5.4.0/avr6\libgcc.a(_exit.o)
                0x00001438                _exit
                0x00001438                exit
 *(.fini9)
 *(.fini8)
 *(.fini8)
 *(.fini7)
 *(.fini7)
 *(.fini6)
 *(.fini6)
 *(.fini5)
 *(.fini5)
 *(.fini4)
 *(.fini4)
 *(.fini3)
 *(.fini3)
 *(.fini2)
 *(.fini2)
 *(.fini1)
 *(.fini1)
 *(.fini0)
 .fini0         0x00001438        0x4 c:/program files (x86)/atmel/studio/7.0/toolchain/avr8/avr8-gnu-toolchain/bin/../lib/gcc/avr/5.4.0/avr6\libgcc.a(_exit.o)
 *(.fini0)
                0x0000143c                _etext = .

.data           0x00800200       0x64 load address 0x0000143c
                0x00800200                PROVIDE (__data_start, .)
 *(.data)
 .data          0x00800200        0x6 c:/program files (x86)/atmel/studio/7.0/toolchain/avr8/avr8-gnu-toolchain/bin/../lib/gcc/avr/5.4.0/../../../../avr/lib/avr6\libc.a(malloc.o)
                0x00800200                __malloc_heap_end
                0x00800202                __malloc_heap_start
                0x00800204                __malloc_margin
 *(.data*)
 .data.mystdout.1881
                0x00800206        0xe ../../../stdio\libserialLib.a(stdio_driver.o)
 .data._com_port_2_udr
                0x00800214        0x8 ../../../stdio\libserialLib.a(serial.o)
                0x00800214                _com_port_2_udr
 *(.gnu.linkonce.d*)
 *(.rodata)
 *(.rodata*)
 .rodata.str1.1
                0x0080021c       0x48 main.o
 *(.gnu.linkonce.r*)
                0x00800264                . = ALIGN (0x2)
                0x00800264                _edata = .
                0x00800264                PROVIDE (__data_end, .)

.bss            0x00800264       0x49
                0x00800264                PROVIDE (__bss_start, .)
 *(.bss)
 *(.bss*)
 .bss.uxSchedulerSuspended
                0x00800264        0x1 FreeRTOS/src/tasks.o
 .bss.xNextTaskUnblockTime
                0x00800265        0x2 FreeRTOS/src/tasks.o
 .bss.xNumOfOverflows
                0x00800267        0x1 FreeRTOS/src/tasks.o
 .bss.xYieldPending
                0x00800268        0x1 FreeRTOS/src/tasks.o
 .bss.uxPendedTicks
                0x00800269        0x1 FreeRTOS/src/tasks.o
 .bss.uxTopReadyPriority
                0x0080026a        0x1 FreeRTOS/src/tasks.o
 .bss.xTickCount
                0x0080026b        0x2 FreeRTOS/src/tasks.o
 .bss.pxOverflowDelayedTaskList
                0x0080026d        0x2 FreeRTOS/src/tasks.o
 .bss.pxDelayedTaskList
                0x0080026f        0x2 FreeRTOS/src/tasks.o
 .bss.pxReadyTasksLists
                0x00800271       0x24 FreeRTOS/src/tasks.o
 .bss.pxCurrentTCB
                0x00800295        0x2 FreeRTOS/src/tasks.o
                0x00800295                pxCurrentTCB
 .bss.hcSr501Inst
                0x00800297        0x2 main.o
                0x00800297                hcSr501Inst
 .bss._com_serial_instance
                0x00800299        0x2 ../../../stdio\libserialLib.a(stdio_driver.o)
 .bss._ser_handle
                0x0080029b        0x8 ../../../stdio\libserialLib.a(serial.o)
 *(COMMON)
 COMMON         0x008002a3        0x4 c:/program files (x86)/atmel/studio/7.0/toolchain/avr8/avr8-gnu-toolchain/bin/../lib/gcc/avr/5.4.0/../../../../avr/lib/avr6\libc.a(malloc.o)
                0x008002a3                __brkval
                0x008002a5                __flp
 COMMON         0x008002a7        0x6 c:/program files (x86)/atmel/studio/7.0/toolchain/avr8/avr8-gnu-toolchain/bin/../lib/gcc/avr/5.4.0/../../../../avr/lib/avr6\libc.a(iob.o)
                0x008002a7                __iob
                0x008002ad                PROVIDE (__bss_end, .)
                0x0000143c                __data_load_start = LOADADDR (.data)
                0x000014a0                __data_load_end = (__data_load_start + SIZEOF (.data))

.noinit         0x008002ad        0x0
                [!provide]                PROVIDE (__noinit_start, .)
 *(.noinit*)
                [!provide]                PROVIDE (__noinit_end, .)
                0x008002ad                _end = .
                0x008002ad                PROVIDE (__heap_start, .)

.eeprom         0x00810000        0x0
 *(.eeprom*)
                0x00810000                __eeprom_end = .

.fuse
 *(.fuse)
 *(.lfuse)
 *(.hfuse)
 *(.efuse)

.lock
 *(.lock*)

.signature
 *(.signature*)

.user_signatures
 *(.user_signatures*)

.stab
 *(.stab)

.stabstr
 *(.stabstr)

.stab.excl
 *(.stab.excl)

.stab.exclstr
 *(.stab.exclstr)

.stab.index
 *(.stab.index)

.stab.indexstr
 *(.stab.indexstr)

.comment        0x00000000       0x30
 *(.comment)
 .comment       0x00000000       0x30 FreeRTOS/FreeRTOSTraceDriver/FreeRTOSTraceDriver.o
                                 0x31 (size before relaxing)
 .comment       0x00000030       0x31 FreeRTOS/src/list.o
 .comment       0x00000030       0x31 FreeRTOS/src/port.o
 .comment       0x00000030       0x31 FreeRTOS/src/tasks.o
 .comment       0x00000030       0x31 FreeRTOS/src/variantHooks.o
 .comment       0x00000030       0x31 main.o
 .comment       0x00000030       0x31 ../../../stdio\libserialLib.a(stdio_driver.o)
 .comment       0x00000030       0x31 ../../../stdio\libserialLib.a(serial.o)
 .comment       0x00000030       0x31 ../../../stdio\libserialLib.a(fifo.o)
 .comment       0x00000030       0x31 ../../../Iot driver Library\libIotLibrary.a(hcSr501.o)
 .comment       0x00000030       0x31 ../../../Iot driver Library\libIotLibrary.a(mega_register_access.o)
 .comment       0x00000030       0x31 c:/program files (x86)/atmel/studio/7.0/toolchain/avr8/avr8-gnu-toolchain/bin/../lib/gcc/avr/5.4.0/../../../../avr/lib/avr6\libc.a(calloc.o)
 .comment       0x00000030       0x31 c:/program files (x86)/atmel/studio/7.0/toolchain/avr8/avr8-gnu-toolchain/bin/../lib/gcc/avr/5.4.0/../../../../avr/lib/avr6\libc.a(malloc.o)
 .comment       0x00000030       0x31 c:/program files (x86)/atmel/studio/7.0/toolchain/avr8/avr8-gnu-toolchain/bin/../lib/gcc/avr/5.4.0/../../../../avr/lib/avr6\libc.a(iob.o)
 .comment       0x00000030       0x31 c:/program files (x86)/atmel/studio/7.0/toolchain/avr8/avr8-gnu-toolchain/bin/../lib/gcc/avr/5.4.0/../../../../avr/lib/avr6\libc.a(puts.o)

.note.gnu.avr.deviceinfo
                0x00000000       0x40
 .note.gnu.avr.deviceinfo
                0x00000000       0x40 C:/Program Files (x86)/Atmel/Studio/7.0/Packs/atmel/ATmega_DFP/1.2.209/gcc/dev/atmega2560/avr6/crtatmega2560.o

.note.gnu.build-id
 *(.note.gnu.build-id)

.debug
 *(.debug)

.line
 *(.line)

.debug_srcinfo
 *(.debug_srcinfo)

.debug_sfnames
 *(.debug_sfnames)

.debug_aranges  0x00000000      0x468
 *(.debug_aranges)
 .debug_aranges
                0x00000000       0x30 FreeRTOS/FreeRTOSTraceDriver/FreeRTOSTraceDriver.o
 .debug_aranges
                0x00000030       0x40 FreeRTOS/src/list.o
 .debug_aranges
                0x00000070       0x48 FreeRTOS/src/port.o
 .debug_aranges
                0x000000b8      0x1d8 FreeRTOS/src/tasks.o
 .debug_aranges
                0x00000290       0x30 FreeRTOS/src/variantHooks.o
 .debug_aranges
                0x000002c0       0x20 main.o
 .debug_aranges
                0x000002e0       0x38 ../../../stdio\libserialLib.a(stdio_driver.o)
 .debug_aranges
                0x00000318       0x90 ../../../stdio\libserialLib.a(serial.o)
 .debug_aranges
                0x000003a8       0x20 ../../../stdio\libserialLib.a(fifo.o)
 .debug_aranges
                0x000003c8       0x30 ../../../Iot driver Library\libIotLibrary.a(hcSr501.o)
 .debug_aranges
                0x000003f8       0x70 ../../../Iot driver Library\libIotLibrary.a(mega_register_access.o)

.debug_pubnames
 *(.debug_pubnames)

.debug_info     0x00000000     0x5553
 *(.debug_info .gnu.linkonce.wi.*)
 .debug_info    0x00000000      0xbbc C:/Program Files (x86)/Atmel/Studio/7.0/Packs/atmel/ATmega_DFP/1.2.209/gcc/dev/atmega2560/avr6/crtatmega2560.o
 .debug_info    0x00000bbc       0xd3 FreeRTOS/FreeRTOSTraceDriver/FreeRTOSTraceDriver.o
 .debug_info    0x00000c8f      0x2df FreeRTOS/src/list.o
 .debug_info    0x00000f6e      0x284 FreeRTOS/src/port.o
 .debug_info    0x000011f2     0x27ae FreeRTOS/src/tasks.o
 .debug_info    0x000039a0      0x1ba FreeRTOS/src/variantHooks.o
 .debug_info    0x00003b5a      0x221 main.o
 .debug_info    0x00003d7b      0x39c ../../../stdio\libserialLib.a(stdio_driver.o)
 .debug_info    0x00004117      0xdb3 ../../../stdio\libserialLib.a(serial.o)
 .debug_info    0x00004eca      0x1c3 ../../../stdio\libserialLib.a(fifo.o)
 .debug_info    0x0000508d      0x1e5 ../../../Iot driver Library\libIotLibrary.a(hcSr501.o)
 .debug_info    0x00005272      0x2e1 ../../../Iot driver Library\libIotLibrary.a(mega_register_access.o)

.debug_abbrev   0x00000000     0x1bb5
 *(.debug_abbrev)
 .debug_abbrev  0x00000000      0xb1a C:/Program Files (x86)/Atmel/Studio/7.0/Packs/atmel/ATmega_DFP/1.2.209/gcc/dev/atmega2560/avr6/crtatmega2560.o
 .debug_abbrev  0x00000b1a       0x92 FreeRTOS/FreeRTOSTraceDriver/FreeRTOSTraceDriver.o
 .debug_abbrev  0x00000bac       0xff FreeRTOS/src/list.o
 .debug_abbrev  0x00000cab      0x158 FreeRTOS/src/port.o
 .debug_abbrev  0x00000e03      0x359 FreeRTOS/src/tasks.o
 .debug_abbrev  0x0000115c      0x101 FreeRTOS/src/variantHooks.o
 .debug_abbrev  0x0000125d      0x142 main.o
 .debug_abbrev  0x0000139f      0x1be ../../../stdio\libserialLib.a(stdio_driver.o)
 .debug_abbrev  0x0000155d      0x364 ../../../stdio\libserialLib.a(serial.o)
 .debug_abbrev  0x000018c1       0xe8 ../../../stdio\libserialLib.a(fifo.o)
 .debug_abbrev  0x000019a9      0x139 ../../../Iot driver Library\libIotLibrary.a(hcSr501.o)
 .debug_abbrev  0x00001ae2       0xd3 ../../../Iot driver Library\libIotLibrary.a(mega_register_access.o)

.debug_line     0x00000000     0x2cc3
 *(.debug_line .debug_line.* .debug_line_end)
 .debug_line    0x00000000      0x1f9 C:/Program Files (x86)/Atmel/Studio/7.0/Packs/atmel/ATmega_DFP/1.2.209/gcc/dev/atmega2560/avr6/crtatmega2560.o
 .debug_line    0x000001f9       0xfd FreeRTOS/FreeRTOSTraceDriver/FreeRTOSTraceDriver.o
 .debug_line    0x000002f6      0x1da FreeRTOS/src/list.o
 .debug_line    0x000004d0      0x312 FreeRTOS/src/port.o
 .debug_line    0x000007e2     0x1656 FreeRTOS/src/tasks.o
 .debug_line    0x00001e38      0x18a FreeRTOS/src/variantHooks.o
 .debug_line    0x00001fc2      0x198 main.o
 .debug_line    0x0000215a      0x12f ../../../stdio\libserialLib.a(stdio_driver.o)
 .debug_line    0x00002289      0x620 ../../../stdio\libserialLib.a(serial.o)
 .debug_line    0x000028a9      0x10e ../../../stdio\libserialLib.a(fifo.o)
 .debug_line    0x000029b7      0x15d ../../../Iot driver Library\libIotLibrary.a(hcSr501.o)
 .debug_line    0x00002b14      0x1af ../../../Iot driver Library\libIotLibrary.a(mega_register_access.o)

.debug_frame    0x00000000      0xd94
 *(.debug_frame)
 .debug_frame   0x00000000       0x44 FreeRTOS/FreeRTOSTraceDriver/FreeRTOSTraceDriver.o
 .debug_frame   0x00000044       0x88 FreeRTOS/src/list.o
 .debug_frame   0x000000cc       0x74 FreeRTOS/src/port.o
 .debug_frame   0x00000140      0x69c FreeRTOS/src/tasks.o
 .debug_frame   0x000007dc       0x44 FreeRTOS/src/variantHooks.o
 .debug_frame   0x00000820       0x24 main.o
 .debug_frame   0x00000844       0x84 ../../../stdio\libserialLib.a(stdio_driver.o)
 .debug_frame   0x000008c8      0x384 ../../../stdio\libserialLib.a(serial.o)
 .debug_frame   0x00000c4c       0x24 ../../../stdio\libserialLib.a(fifo.o)
 .debug_frame   0x00000c70       0x60 ../../../Iot driver Library\libIotLibrary.a(hcSr501.o)
 .debug_frame   0x00000cd0       0xc4 ../../../Iot driver Library\libIotLibrary.a(mega_register_access.o)

.debug_str      0x00000000     0x1da8
 *(.debug_str)
 .debug_str     0x00000000      0x3e6 C:/Program Files (x86)/Atmel/Studio/7.0/Packs/atmel/ATmega_DFP/1.2.209/gcc/dev/atmega2560/avr6/crtatmega2560.o
 .debug_str     0x000003e6      0x197 FreeRTOS/FreeRTOSTraceDriver/FreeRTOSTraceDriver.o
                                0x1cb (size before relaxing)
 .debug_str     0x0000057d      0x15d FreeRTOS/src/list.o
                                0x2c8 (size before relaxing)
 .debug_str     0x000006da      0x130 FreeRTOS/src/port.o
                                0x2b5 (size before relaxing)
 .debug_str     0x0000080a      0xdd7 FreeRTOS/src/tasks.o
                               0x1169 (size before relaxing)
 .debug_str     0x000015e1       0x7e FreeRTOS/src/variantHooks.o
                                0x25c (size before relaxing)
 .debug_str     0x0000165f       0x72 main.o
                                0x22a (size before relaxing)
 .debug_str     0x000016d1      0x23e ../../../stdio\libserialLib.a(stdio_driver.o)
                                0x37b (size before relaxing)
 .debug_str     0x0000190f      0x323 ../../../stdio\libserialLib.a(serial.o)
                                0x63c (size before relaxing)
 .debug_str     0x00001c32       0x15 ../../../stdio\libserialLib.a(fifo.o)
                                0x23a (size before relaxing)
 .debug_str     0x00001c47       0xa2 ../../../Iot driver Library\libIotLibrary.a(hcSr501.o)
                                0x219 (size before relaxing)
 .debug_str     0x00001ce9       0xbf ../../../Iot driver Library\libIotLibrary.a(mega_register_access.o)
                                0x252 (size before relaxing)

.debug_loc      0x00000000     0x48bb
 *(.debug_loc)
 .debug_loc     0x00000000       0x42 FreeRTOS/FreeRTOSTraceDriver/FreeRTOSTraceDriver.o
 .debug_loc     0x00000042      0x145 FreeRTOS/src/list.o
 .debug_loc     0x00000187      0x2af FreeRTOS/src/port.o
 .debug_loc     0x00000436     0x2e78 FreeRTOS/src/tasks.o
 .debug_loc     0x000032ae       0xb6 FreeRTOS/src/variantHooks.o
 .debug_loc     0x00003364      0x144 ../../../stdio\libserialLib.a(stdio_driver.o)
 .debug_loc     0x000034a8     0x1080 ../../../stdio\libserialLib.a(serial.o)
 .debug_loc     0x00004528      0x15e ../../../stdio\libserialLib.a(fifo.o)
 .debug_loc     0x00004686      0x14c ../../../Iot driver Library\libIotLibrary.a(hcSr501.o)
 .debug_loc     0x000047d2       0xe9 ../../../Iot driver Library\libIotLibrary.a(mega_register_access.o)

.debug_macinfo
 *(.debug_macinfo)

.debug_weaknames
 *(.debug_weaknames)

.debug_funcnames
 *(.debug_funcnames)

.debug_typenames
 *(.debug_typenames)

.debug_varnames
 *(.debug_varnames)

.debug_pubtypes
 *(.debug_pubtypes)

.debug_ranges   0x00000000      0x448
 *(.debug_ranges)
 .debug_ranges  0x00000000       0x20 FreeRTOS/FreeRTOSTraceDriver/FreeRTOSTraceDriver.o
 .debug_ranges  0x00000020       0x30 FreeRTOS/src/list.o
 .debug_ranges  0x00000050       0x38 FreeRTOS/src/port.o
 .debug_ranges  0x00000088      0x240 FreeRTOS/src/tasks.o
 .debug_ranges  0x000002c8       0x20 FreeRTOS/src/variantHooks.o
 .debug_ranges  0x000002e8       0x10 main.o
 .debug_ranges  0x000002f8       0x28 ../../../stdio\libserialLib.a(stdio_driver.o)
 .debug_ranges  0x00000320       0x98 ../../../stdio\libserialLib.a(serial.o)
 .debug_ranges  0x000003b8       0x10 ../../../stdio\libserialLib.a(fifo.o)
 .debug_ranges  0x000003c8       0x20 ../../../Iot driver Library\libIotLibrary.a(hcSr501.o)
 .debug_ranges  0x000003e8       0x60 ../../../Iot driver Library\libIotLibrary.a(mega_register_access.o)

.debug_macro
 *(.debug_macro)
OUTPUT(Sensors.elf elf32-avr)
LOAD linker stubs
