Archive member included to satisfy reference by file (symbol)

../../../stdio\libserialLib.a(stdio_driver.o)
                              Setup/global_init.o (stdioCreate)
../../../stdio\libserialLib.a(serial.o)
                              ../../../stdio\libserialLib.a(stdio_driver.o) (serial_new_instance)
../../../stdio\libserialLib.a(fifo.o)
                              ../../../stdio\libserialLib.a(serial.o) (fifo_init)
../../../Iot driver Library\libIotLibrary.a(hal.o)
                              Setup/global_init.o (hal_create)
../../../Iot driver Library\libIotLibrary.a(hih8120.o)
                              Setup/global_init.o (hih8120Create)
../../../Iot driver Library\libIotLibrary.a(led.o)
                              ../../../Iot driver Library\libIotLibrary.a(hal.o) (led_create)
../../../Iot driver Library\libIotLibrary.a(lora_driver.o)
                              Setup/lora_reset.o (lora_driver_flush_buffers)
../../../Iot driver Library\libIotLibrary.a(lora_driver_utils.o)
                              ../../../Iot driver Library\libIotLibrary.a(lora_driver.o) (decode_port_no)
../../../Iot driver Library\libIotLibrary.a(mega_register_access.o)
                              ../../../Iot driver Library\libIotLibrary.a(hal.o) (reg_read_register)
../../../Iot driver Library\libIotLibrary.a(mh_z19.o)
                              Setup/global_init.o (mh_z19_create)
../../../Iot driver Library\libIotLibrary.a(twi.o)
                              ../../../Iot driver Library\libIotLibrary.a(hih8120.o) (twiCreate)
c:/program files (x86)/atmel/studio/7.0/toolchain/avr8/avr8-gnu-toolchain/bin/../lib/gcc/avr/5.4.0/avr6\libgcc.a(_udivmodsi4.o)
                              ../../../Iot driver Library\libIotLibrary.a(twi.o) (__udivmodsi4)
c:/program files (x86)/atmel/studio/7.0/toolchain/avr8/avr8-gnu-toolchain/bin/../lib/gcc/avr/5.4.0/avr6\libgcc.a(_exit.o)
                              C:/Program Files (x86)/Atmel/Studio/7.0/Packs/atmel/ATmega_DFP/1.2.209/gcc/dev/atmega2560/avr6/crtatmega2560.o (exit)
c:/program files (x86)/atmel/studio/7.0/toolchain/avr8/avr8-gnu-toolchain/bin/../lib/gcc/avr/5.4.0/avr6\libgcc.a(_tablejump2.o)
                              FreeRTOS/src/timers.o (__tablejump2__)
c:/program files (x86)/atmel/studio/7.0/toolchain/avr8/avr8-gnu-toolchain/bin/../lib/gcc/avr/5.4.0/avr6\libgcc.a(_copy_data.o)
                              FreeRTOS/src/tasks.o (__do_copy_data)
c:/program files (x86)/atmel/studio/7.0/toolchain/avr8/avr8-gnu-toolchain/bin/../lib/gcc/avr/5.4.0/avr6\libgcc.a(_clear_bss.o)
                              Callbacks/measure_co2_callback.o (__do_clear_bss)
c:/program files (x86)/atmel/studio/7.0/toolchain/avr8/avr8-gnu-toolchain/bin/../lib/gcc/avr/5.4.0/../../../../avr/lib/avr6\libm.a(addsf3.o)
                              ../../../stdio\libserialLib.a(serial.o) (__subsf3)
c:/program files (x86)/atmel/studio/7.0/toolchain/avr8/avr8-gnu-toolchain/bin/../lib/gcc/avr/5.4.0/../../../../avr/lib/avr6\libm.a(addsf3x.o)
                              c:/program files (x86)/atmel/studio/7.0/toolchain/avr8/avr8-gnu-toolchain/bin/../lib/gcc/avr/5.4.0/../../../../avr/lib/avr6\libm.a(addsf3.o) (__addsf3x)
c:/program files (x86)/atmel/studio/7.0/toolchain/avr8/avr8-gnu-toolchain/bin/../lib/gcc/avr/5.4.0/../../../../avr/lib/avr6\libm.a(cmpsf2.o)
                              FreeRTOS/src/variantHooks.o (__ltsf2)
c:/program files (x86)/atmel/studio/7.0/toolchain/avr8/avr8-gnu-toolchain/bin/../lib/gcc/avr/5.4.0/../../../../avr/lib/avr6\libm.a(divsf3.o)
                              ../../../stdio\libserialLib.a(serial.o) (__divsf3)
c:/program files (x86)/atmel/studio/7.0/toolchain/avr8/avr8-gnu-toolchain/bin/../lib/gcc/avr/5.4.0/../../../../avr/lib/avr6\libm.a(divsf3x.o)
                              c:/program files (x86)/atmel/studio/7.0/toolchain/avr8/avr8-gnu-toolchain/bin/../lib/gcc/avr/5.4.0/../../../../avr/lib/avr6\libm.a(divsf3.o) (__divsf3x)
c:/program files (x86)/atmel/studio/7.0/toolchain/avr8/avr8-gnu-toolchain/bin/../lib/gcc/avr/5.4.0/../../../../avr/lib/avr6\libm.a(fixsfsi.o)
                              ../../../Iot driver Library\libIotLibrary.a(hih8120.o) (__fixsfsi)
c:/program files (x86)/atmel/studio/7.0/toolchain/avr8/avr8-gnu-toolchain/bin/../lib/gcc/avr/5.4.0/../../../../avr/lib/avr6\libm.a(fixunssfsi.o)
                              FreeRTOS/src/variantHooks.o (__fixunssfsi)
c:/program files (x86)/atmel/studio/7.0/toolchain/avr8/avr8-gnu-toolchain/bin/../lib/gcc/avr/5.4.0/../../../../avr/lib/avr6\libm.a(floatsisf.o)
                              ../../../stdio\libserialLib.a(serial.o) (__floatunsisf)
c:/program files (x86)/atmel/studio/7.0/toolchain/avr8/avr8-gnu-toolchain/bin/../lib/gcc/avr/5.4.0/../../../../avr/lib/avr6\libm.a(fp_cmp.o)
                              c:/program files (x86)/atmel/studio/7.0/toolchain/avr8/avr8-gnu-toolchain/bin/../lib/gcc/avr/5.4.0/../../../../avr/lib/avr6\libm.a(cmpsf2.o) (__fp_cmp)
[...]
Memory Configuration

Name             Origin             Length             Attributes
text             0x00000000         0x00100000         xr
data             0x00800200         0x0000fe00         rw !x
eeprom           0x00810000         0x00010000         rw !x
fuse             0x00820000         0x00000003         rw !x
lock             0x00830000         0x00000400         rw !x
signature        0x00840000         0x00000400         rw !x
user_signatures  0x00850000         0x00000400         rw !x
*default*        0x00000000         0xffffffff

Linker script and memory map

Address of section .data set to 0x800200
LOAD C:/Program Files (x86)/Atmel/Studio/7.0/Packs/atmel/ATmega_DFP/1.2.209/gcc/dev/atmega2560/avr6/crtatmega2560.o
LOAD Callbacks/measure_co2_callback.o
LOAD Callbacks/timer_callback.o
LOAD FreeRTOS/FreeRTOSTraceDriver/FreeRTOSTraceDriver.o
LOAD FreeRTOS/src/croutine.o
LOAD FreeRTOS/src/event_groups.o
LOAD FreeRTOS/src/heap_3.o
LOAD FreeRTOS/src/list.o
LOAD FreeRTOS/src/port.o
LOAD FreeRTOS/src/queue.o
LOAD FreeRTOS/src/stream_buffer.o
LOAD FreeRTOS/src/tasks.o
LOAD FreeRTOS/src/timers.o
LOAD FreeRTOS/src/variantHooks.o
LOAD m_print.o
LOAD Setup/create_all_tasks.o
LOAD Setup/create_all_timers.o
LOAD Setup/lora_reset.o
LOAD Setup/lora_setup.o
LOAD Setup/global_init.o
LOAD Tasks/lora_send_data_task.o
LOAD Tasks/measure_co2_task.o
LOAD Tasks/measure_temp_task.o
LOAD Tasks/print_measurements_task.o
LOAD main.o
START GROUP
LOAD ../../../stdio\libserialLib.a
LOAD ../../../Iot driver Library\libIotLibrary.a
END GROUP
START GROUP
LOAD c:/program files (x86)/atmel/studio/7.0/toolchain/avr8/avr8-gnu-toolchain/bin/../lib/gcc/avr/5.4.0/avr6\libgcc.a
LOAD c:/program files (x86)/atmel/studio/7.0/toolchain/avr8/avr8-gnu-toolchain/bin/../lib/gcc/avr/5.4.0/../../../../avr/lib/avr6\libm.a
LOAD c:/program files (x86)/atmel/studio/7.0/toolchain/avr8/avr8-gnu-toolchain/bin/../lib/gcc/avr/5.4.0/../../../../avr/lib/avr6\libc.a
LOAD C:/Program Files (x86)/Atmel/Studio/7.0/Packs/atmel/ATmega_DFP/1.2.209/gcc/dev/atmega2560/avr6\libatmega2560.a
END GROUP
                0x00100000                __TEXT_REGION_LENGTH__ = DEFINED (__TEXT_REGION_LENGTH__)?__TEXT_REGION_LENGTH__:0x100000
                0x0000fe00                __DATA_REGION_LENGTH__ = DEFINED (__DATA_REGION_LENGTH__)?__DATA_REGION_LENGTH__:0xfe00
                0x00010000                __EEPROM_REGION_LENGTH__ = DEFINED (__EEPROM_REGION_LENGTH__)?__EEPROM_REGION_LENGTH__:0x10000
                [0x00000003]                __FUSE_REGION_LENGTH__ = DEFINED (__FUSE_REGION_LENGTH__)?__FUSE_REGION_LENGTH__:0x400
                0x00000400                __LOCK_REGION_LENGTH__ = DEFINED (__LOCK_REGION_LENGTH__)?__LOCK_REGION_LENGTH__:0x400
                0x00000400                __SIGNATURE_REGION_LENGTH__ = DEFINED (__SIGNATURE_REGION_LENGTH__)?__SIGNATURE_REGION_LENGTH__:0x400
                0x00000400                __USER_SIGNATURE_REGION_LENGTH__ = DEFINED (__USER_SIGNATURE_REGION_LENGTH__)?__USER_SIGNATURE_REGION_LENGTH__:0x400

.hash
 *(.hash)

.dynsym
 *(.dynsym)

.dynstr
 *(.dynstr)

.gnu.version
 *(.gnu.version)

.gnu.version_d
 *(.gnu.version_d)

.gnu.version_r
 *(.gnu.version_r)

.rel.init
 *(.rel.init)

.rela.init
 *(.rela.init)

.rel.text
 *(.rel.text)
 *(.rel.text.*)
 *(.rel.gnu.linkonce.t*)

.rela.text
 *(.rela.text)
 *(.rela.text.*)
 *(.rela.gnu.linkonce.t*)

.rel.fini
 *(.rel.fini)

.rela.fini
 *(.rela.fini)

.rel.rodata
 *(.rel.rodata)
 *(.rel.rodata.*)
 *(.rel.gnu.linkonce.r*)

.rela.rodata
 *(.rela.rodata)
 *(.rela.rodata.*)
 *(.rela.gnu.linkonce.r*)

.rel.data
 *(.rel.data)
 *(.rel.data.*)
 *(.rel.gnu.linkonce.d*)

.rela.data
 *(.rela.data)
 *(.rela.data.*)
 *(.rela.gnu.linkonce.d*)

.rel.ctors
 *(.rel.ctors)

.rela.ctors
 *(.rela.ctors)

.rel.dtors
 *(.rel.dtors)

.rela.dtors
 *(.rela.dtors)

.rel.got
 *(.rel.got)

.rela.got
 *(.rela.got)

.rel.bss
 *(.rel.bss)

.rela.bss
 *(.rela.bss)

.rel.plt
 *(.rel.plt)

.rela.plt
 *(.rela.plt)

.text           0x00000000     0x73ea
 *(.vectors)
 .vectors       0x00000000       0xe4 C:/Program Files (x86)/Atmel/Studio/7.0/Packs/atmel/ATmega_DFP/1.2.209/gcc/dev/atmega2560/avr6/crtatmega2560.o
                0x00000000                __vector_default
                0x00000000                __vectors
 *(.vectors)
 *(.progmem.gcc*)
 .progmem.gcc_sw_table.prvProcessReceivedCommands
                0x000000e4       0x14 FreeRTOS/src/timers.o
 .progmem.gcc_sw_table.__vector_39
                0x000000f8       0xa2 ../../../Iot driver Library\libIotLibrary.a(twi.o)
                0x0000019a                . = ALIGN (0x2)
                0x0000019a                __trampolines_start = .
 *(.trampolines)
 .trampolines   0x0000019a        0x0 linker stubs
 *(.trampolines*)
                0x0000019a                __trampolines_end = .
 *libprintf_flt.a:*(.progmem.data)
 *libc.a:*(.progmem.data)
 *(.progmem*)
                0x0000019a                . = ALIGN (0x2)
 *(.jumptables)
 *(.jumptables*)
 *(.lowtext)
 .lowtext       0x0000019a       0x24 FreeRTOS/src/tasks.o
 .lowtext       0x000001be       0x30 FreeRTOS/src/timers.o
 *(.lowtext*)
                0x000001ee                __ctors_start = .
 *(.ctors)
                0x000001ee                __ctors_end = .
                0x000001ee                __dtors_start = .
 *(.dtors)
                0x000001ee                __dtors_end = .
 SORT(*)(.ctors)
 SORT(*)(.dtors)
 *(.init0)
 .init0         0x000001ee        0x0 C:/Program Files (x86)/Atmel/Studio/7.0/Packs/atmel/ATmega_DFP/1.2.209/gcc/dev/atmega2560/avr6/crtatmega2560.o
                0x000001ee                __init
 *(.init0)
 *(.init1)
 *(.init1)
 *(.init2)
 .init2         0x000001ee       0x10 C:/Program Files (x86)/Atmel/Studio/7.0/Packs/atmel/ATmega_DFP/1.2.209/gcc/dev/atmega2560/avr6/crtatmega2560.o
 *(.init2)
 *(.init3)
 *(.init3)
 *(.init4)
 .init4         0x000001fe       0x1a c:/program files (x86)/atmel/studio/7.0/toolchain/avr8/avr8-gnu-toolchain/bin/../lib/gcc/avr/5.4.0/avr6\libgcc.a(_copy_data.o)
                0x000001fe                __do_copy_data
 .init4         0x00000218       0x10 c:/program files (x86)/atmel/studio/7.0/toolchain/avr8/avr8-gnu-toolchain/bin/../lib/gcc/avr/5.4.0/avr6\libgcc.a(_clear_bss.o)
                0x00000218                __do_clear_bss
 *(.init4)
 *(.init5)
 *(.init5)
 *(.init6)
 *(.init6)
 *(.init7)
 *(.init7)
 *(.init8)
 *(.init8)
 *(.init9)
 .init9         0x00000228        0x8 C:/Program Files (x86)/Atmel/Studio/7.0/Packs/atmel/ATmega_DFP/1.2.209/gcc/dev/atmega2560/avr6/crtatmega2560.o
 *(.init9)
 *(.text)
 .text          0x00000230        0x2 C:/Program Files (x86)/Atmel/Studio/7.0/Packs/atmel/ATmega_DFP/1.2.209/gcc/dev/atmega2560/avr6/crtatmega2560.o
                0x00000230                __vector_38
                0x00000230                __vector_22
                0x00000230                __vector_28
                0x00000230                __vector_1
                0x00000230                __vector_32
                0x00000230                __vector_34
                0x00000230                __vector_24
                0x00000230                __vector_46
                0x00000230                __bad_interrupt
                0x00000230                __vector_6
                0x00000230                __vector_31
                0x00000230                __vector_35
                0x00000230                __vector_3
                0x00000230                __vector_23
                0x00000230                __vector_30
                0x00000230                __vector_45
                0x00000230                __vector_11
                0x00000230                __vector_13
                0x00000230                __vector_17
                0x00000230                __vector_19
                0x00000230                __vector_56
                0x00000230                __vector_7
                0x00000230                __vector_49
                0x00000230                __vector_41
                0x00000230                __vector_43
                0x00000230                __vector_27
                0x00000230                __vector_5
                0x00000230                __vector_33
                0x00000230                __vector_47
                0x00000230                __vector_4
                0x00000230                __vector_44
                0x00000230                __vector_9
                0x00000230                __vector_2
                0x00000230                __vector_21
                0x00000230                __vector_15
                0x00000230                __vector_29
                0x00000230                __vector_40
                0x00000230                __vector_8
                0x00000230                __vector_48
                0x00000230                __vector_14
                0x00000230                __vector_53
                0x00000230                __vector_10
                0x00000230                __vector_50
                0x00000230                __vector_16
                0x00000230                __vector_18
                0x00000230                __vector_20
                0x00000230                __vector_42
                0x00000232                . = ALIGN (0x2)
 *(.text.*)
 .text.measure_co2_callback
                0x00000232       0x28 Callbacks/measure_co2_callback.o
                0x00000232                measure_co2_callback
 .text.timer_callback
                0x0000025a       0x58 Callbacks/timer_callback.o
                0x0000025a                timer_callback
 .text.task_switch_in
                0x000002b2       0x40 FreeRTOS/FreeRTOSTraceDriver/FreeRTOSTraceDriver.o
                0x000002b2                task_switch_in
 .text.task_switch_out
                0x000002f2       0x28 FreeRTOS/FreeRTOSTraceDriver/FreeRTOSTraceDriver.o
                0x000002f2                task_switch_out
 .text.pvPortMalloc
                0x0000031a       0x42 FreeRTOS/src/heap_3.o
                0x0000031a                pvPortMalloc
 .text.vPortFree
                0x0000035c       0x34 FreeRTOS/src/heap_3.o
                0x0000035c                vPortFree
 .text.vListInitialise
                0x00000390       0x6e FreeRTOS/src/list.o
                0x00000390                vListInitialise
 .text.vListInitialiseItem
                0x000003fe       0x26 FreeRTOS/src/list.o
                0x000003fe                vListInitialiseItem
 .text.vListInsertEnd
                0x00000424       0x9c FreeRTOS/src/list.o
                0x00000424                vListInsertEnd
 .text.vListInsert
                0x000004c0       0xf0 FreeRTOS/src/list.o
                0x000004c0                vListInsert
 .text.uxListRemove
                0x000005b0       0xae FreeRTOS/src/list.o
                0x000005b0                uxListRemove
 .text.pxPortInitialiseStack
                0x0000065e      0x388 FreeRTOS/src/port.o
                0x0000065e                pxPortInitialiseStack
 .text.xPortStartScheduler
                0x000009e6       0x70 FreeRTOS/src/port.o
                0x000009e6                xPortStartScheduler
 .text.vPortYield
                0x00000a56       0xc4 FreeRTOS/src/port.o
                0x00000a56                vPortYield
 .text.vPortYieldFromTick
                0x00000b1a       0xd4 FreeRTOS/src/port.o
                0x00000b1a                vPortYieldFromTick
 .text.prvSetupTimerInterrupt
                0x00000bee       0x3e FreeRTOS/src/port.o
 .text.__vector_12
                0x00000c2c        0x6 FreeRTOS/src/port.o
                0x00000c2c                __vector_12
 .text.xQueueGenericReset
                0x00000c32      0x120 FreeRTOS/src/queue.o
                0x00000c32                xQueueGenericReset
 .text.xQueueGenericCreate
                0x00000d52       0x9c FreeRTOS/src/queue.o
                0x00000d52                xQueueGenericCreate
 .text.prvInitialiseNewQueue
                0x00000dee       0x88 FreeRTOS/src/queue.o
 .text.prvInitialiseMutex
                0x00000e76       0x50 FreeRTOS/src/queue.o
 .text.xQueueCreateMutex
                0x00000ec6       0x3c FreeRTOS/src/queue.o
                0x00000ec6                xQueueCreateMutex
 .text.xQueueGenericSend
                0x00000f02      0x152 FreeRTOS/src/queue.o
                0x00000f02                xQueueGenericSend
 .text.xQueueGenericSendFromISR
                0x00001054       0xbc FreeRTOS/src/queue.o
                0x00001054                xQueueGenericSendFromISR
 .text.xQueueReceive
                0x00001110      0x152 FreeRTOS/src/queue.o
                0x00001110                xQueueReceive
 .text.xQueueSemaphoreTake
                0x00001262      0x1b4 FreeRTOS/src/queue.o
                0x00001262                xQueueSemaphoreTake
 .text.prvGetDisinheritPriorityAfterTimeout
                0x00001416       0x44 FreeRTOS/src/queue.o
 .text.prvCopyDataToQueue
                0x0000145a      0x1a0 FreeRTOS/src/queue.o
 .text.prvCopyDataFromQueue
                0x000015fa       0xa2 FreeRTOS/src/queue.o
 .text.prvUnlockQueue
                0x0000169c       0xbc FreeRTOS/src/queue.o
 .text.prvIsQueueEmpty
                0x00001758       0x3a FreeRTOS/src/queue.o
 .text.prvIsQueueFull
                0x00001792       0x42 FreeRTOS/src/queue.o
 .text.vQueueWaitForMessageRestricted
                0x000017d4       0x90 FreeRTOS/src/queue.o
                0x000017d4                vQueueWaitForMessageRestricted
 .text.xStreamBufferGenericCreate
                0x00001864       0x90 FreeRTOS/src/stream_buffer.o
                0x00001864                xStreamBufferGenericCreate
 .text.xStreamBufferReset
                0x000018f4       0xb2 FreeRTOS/src/stream_buffer.o
                0x000018f4                xStreamBufferReset
 .text.xStreamBufferSpacesAvailable
                0x000019a6       0x9c FreeRTOS/src/stream_buffer.o
                0x000019a6                xStreamBufferSpacesAvailable
 .text.xStreamBufferSendFromISR
                0x00001a42       0xf8 FreeRTOS/src/stream_buffer.o
                0x00001a42                xStreamBufferSendFromISR
 .text.prvWriteMessageToBuffer
                0x00001b3a       0xd8 FreeRTOS/src/stream_buffer.o
 .text.xStreamBufferReceive
                0x00001c12      0x16c FreeRTOS/src/stream_buffer.o
                0x00001c12                xStreamBufferReceive
 .text.prvReadMessageFromBuffer
                0x00001d7e       0xcc FreeRTOS/src/stream_buffer.o
 .text.prvWriteBytesToBuffer
                0x00001e4a      0x11e FreeRTOS/src/stream_buffer.o
 .text.prvReadBytesFromBuffer
                0x00001f68      0x14e FreeRTOS/src/stream_buffer.o
 .text.prvBytesInBuffer
                0x000020b6       0x86 FreeRTOS/src/stream_buffer.o
 .text.prvInitialiseNewStreamBuffer
                0x0000213c       0x82 FreeRTOS/src/stream_buffer.o
 .text.xTaskCreate
                0x000021be       0xdc FreeRTOS/src/tasks.o
                0x000021be                xTaskCreate
 .text.prvInitialiseNewTask
                0x0000229a      0x1be FreeRTOS/src/tasks.o
 .text.prvAddNewTaskToReadyList
                0x00002458      0x108 FreeRTOS/src/tasks.o
 .text.vTaskDelay
                0x00002560       0x40 FreeRTOS/src/tasks.o
                0x00002560                vTaskDelay
 .text.vTaskStartScheduler
                0x000025a0       0x86 FreeRTOS/src/tasks.o
                0x000025a0                vTaskStartScheduler
 .text.vTaskSuspendAll
                0x00002626       0x1a FreeRTOS/src/tasks.o
                0x00002626                vTaskSuspendAll
 .text.xTaskResumeAll
                0x00002640      0x12a FreeRTOS/src/tasks.o
                0x00002640                xTaskResumeAll
 .text.xTaskGetTickCount
                0x0000276a       0x30 FreeRTOS/src/tasks.o
                0x0000276a                xTaskGetTickCount
 .text.xTaskIncrementTick
                0x0000279a      0x1d8 FreeRTOS/src/tasks.o
                0x0000279a                xTaskIncrementTick
 .text.vTaskSwitchContext
                0x00002972      0x148 FreeRTOS/src/tasks.o
                0x00002972                vTaskSwitchContext
 .text.vTaskPlaceOnEventList
                0x00002aba       0x44 FreeRTOS/src/tasks.o
                0x00002aba                vTaskPlaceOnEventList
 .text.vTaskPlaceOnEventListRestricted
                0x00002afe       0x58 FreeRTOS/src/tasks.o
                0x00002afe                vTaskPlaceOnEventListRestricted
 .text.xTaskRemoveFromEventList
                0x00002b56       0xda FreeRTOS/src/tasks.o
                0x00002b56                xTaskRemoveFromEventList
 .text.vTaskInternalSetTimeOutState
                0x00002c30       0x3a FreeRTOS/src/tasks.o
                0x00002c30                vTaskInternalSetTimeOutState
 .text.xTaskCheckForTimeOut
                0x00002c6a       0xe4 FreeRTOS/src/tasks.o
                0x00002c6a                xTaskCheckForTimeOut
 .text.vTaskMissedYield
                0x00002d4e       0x16 FreeRTOS/src/tasks.o
                0x00002d4e                vTaskMissedYield
 .text.prvInitialiseTaskLists
                0x00002d64       0x84 FreeRTOS/src/tasks.o
 .text.prvCheckTasksWaitingTermination
                0x00002de8       0x62 FreeRTOS/src/tasks.o
 .text.prvDeleteTCB
                0x00002e4a       0x32 FreeRTOS/src/tasks.o
 .text.prvResetNextTaskUnblockTime
                0x00002e7c       0x60 FreeRTOS/src/tasks.o
 .text.xTaskGetCurrentTaskHandle
                0x00002edc       0x26 FreeRTOS/src/tasks.o
                0x00002edc                xTaskGetCurrentTaskHandle
 .text.xTaskGetSchedulerState
                0x00002f02       0x32 FreeRTOS/src/tasks.o
                0x00002f02                xTaskGetSchedulerState
 .text.xTaskPriorityInherit
                0x00002f34      0x158 FreeRTOS/src/tasks.o
                0x00002f34                xTaskPriorityInherit
 .text.xTaskPriorityDisinherit
                0x0000308c       0xfa FreeRTOS/src/tasks.o
                0x0000308c                xTaskPriorityDisinherit
 .text.vTaskPriorityDisinheritAfterTimeout
                0x00003186      0x140 FreeRTOS/src/tasks.o
                0x00003186                vTaskPriorityDisinheritAfterTimeout
 .text.pvTaskIncrementMutexHeldCount
                0x000032c6       0x34 FreeRTOS/src/tasks.o
                0x000032c6                pvTaskIncrementMutexHeldCount
 .text.xTaskNotifyWait
                0x000032fa      0x14a FreeRTOS/src/tasks.o
                0x000032fa                xTaskNotifyWait
 .text.xTaskGenericNotify
                0x00003444      0x1c2 FreeRTOS/src/tasks.o
                0x00003444                xTaskGenericNotify
 .text.xTaskGenericNotifyFromISR
                0x00003606      0x1f6 FreeRTOS/src/tasks.o
                0x00003606                xTaskGenericNotifyFromISR
 .text.xTaskNotifyStateClear
                0x000037fc       0x64 FreeRTOS/src/tasks.o
                0x000037fc                xTaskNotifyStateClear
 .text.prvAddCurrentTaskToDelayedList
                0x00003860       0xf4 FreeRTOS/src/tasks.o
 .text.xTimerCreateTimerTask
                0x00003954       0x54 FreeRTOS/src/timers.o
                0x00003954                xTimerCreateTimerTask
 .text.xTimerCreate
                0x000039a8       0x84 FreeRTOS/src/timers.o
                0x000039a8                xTimerCreate
 .text.prvInitialiseNewTimer
                0x00003a2c       0xb4 FreeRTOS/src/timers.o
 .text.xTimerGenericCommand
                0x00003ae0       0xc2 FreeRTOS/src/timers.o
                0x00003ae0                xTimerGenericCommand
 .text.prvProcessExpiredTimer
                0x00003ba2       0xd2 FreeRTOS/src/timers.o
 .text.prvProcessTimerOrBlockTask
                0x00003c74       0xaa FreeRTOS/src/timers.o
 .text.prvGetNextExpireTime
                0x00003d1e       0x6a FreeRTOS/src/timers.o
 .text.prvSampleTimeNow
                0x00003d88       0x5e FreeRTOS/src/timers.o
 .text.prvInsertTimerInActiveList
                0x00003de6       0xda FreeRTOS/src/timers.o
 .text.prvProcessReceivedCommands
                0x00003ec0      0x1ec FreeRTOS/src/timers.o
 .text.prvSwitchTimerLists
                0x000040ac      0x13c FreeRTOS/src/timers.o
 .text.prvCheckForValidListAndQueue
                0x000041e8       0x60 FreeRTOS/src/timers.o
 .text.vApplicationIdleHook
                0x00004248       0x10 FreeRTOS/src/variantHooks.o
                0x00004248                vApplicationIdleHook
 .text.vApplicationMallocFailedHook
                0x00004258      0x130 FreeRTOS/src/variantHooks.o
                0x00004258                vApplicationMallocFailedHook
 .text.vApplicationStackOverflowHook
                0x00004388      0x138 FreeRTOS/src/variantHooks.o
                0x00004388                vApplicationStackOverflowHook
 .text.m_print  0x000044c0       0x4a m_print.o
                0x000044c0                m_print
 .text.create_all_tasks
                0x0000450a       0x70 Setup/create_all_tasks.o
                0x0000450a                create_all_tasks
 .text.create_all_timers
                0x0000457a       0x34 Setup/create_all_timers.o
                0x0000457a                create_all_timers
 .text.lora_reset
                0x000045ae       0x32 Setup/lora_reset.o
                0x000045ae                lora_reset
 .text.lora_setup
                0x000045e0      0x334 Setup/lora_setup.o
                0x000045e0                lora_setup
 .text.global_init
                0x00004914       0xd2 Setup/global_init.o
                0x00004914                global_init
 .text.lora_send_data_task
                0x000049e6      0x124 Tasks/lora_send_data_task.o
                0x000049e6                lora_send_data_task
 .text.measure_co2_task
                0x00004b0a       0x82 Tasks/measure_co2_task.o
                0x00004b0a                measure_co2_task
 .text.measure_temp_task
                0x00004b8c       0xa2 Tasks/measure_temp_task.o
                0x00004b8c                measure_temp_task
 .text.main     0x00004c2e       0x36 main.o
                0x00004c2e                main
 .text.usart_getchar
                0x00004c64       0x2a ../../../stdio\libserialLib.a(stdio_driver.o)
 .text.usart_putchar
                0x00004c8e       0x12 ../../../stdio\libserialLib.a(stdio_driver.o)
 .text.stdioCreate
                0x00004ca0       0x52 ../../../stdio\libserialLib.a(stdio_driver.o)
                0x00004ca0                stdioCreate
 .text.serial_new_instance
                0x00004cf2      0x140 ../../../stdio\libserialLib.a(serial.o)
                0x00004cf2                serial_new_instance
 .text.serial_send_byte
                0x00004e32       0x4a ../../../stdio\libserialLib.a(serial.o)
                0x00004e32                serial_send_byte
 .text.serial_send_bytes
                0x00004e7c       0xa0 ../../../stdio\libserialLib.a(serial.o)
                0x00004e7c                serial_send_bytes
 .text.serial_get_byte
                0x00004f1c       0x38 ../../../stdio\libserialLib.a(serial.o)
                0x00004f1c                serial_get_byte
 .text.__vector_25
                0x00004f54       0xa4 ../../../stdio\libserialLib.a(serial.o)
                0x00004f54                __vector_25
 .text.__vector_26
                0x00004ff8       0x88 ../../../stdio\libserialLib.a(serial.o)
                0x00004ff8                __vector_26
 .text.__vector_36
                0x00005080       0xa4 ../../../stdio\libserialLib.a(serial.o)
                0x00005080                __vector_36
 .text.__vector_37
                0x00005124       0x88 ../../../stdio\libserialLib.a(serial.o)
                0x00005124                __vector_37
 .text.__vector_51
                0x000051ac       0xa4 ../../../stdio\libserialLib.a(serial.o)
                0x000051ac                __vector_51
 .text.__vector_52
                0x00005250       0x88 ../../../stdio\libserialLib.a(serial.o)
                0x00005250                __vector_52
 .text.__vector_54
                0x000052d8       0xa4 ../../../stdio\libserialLib.a(serial.o)
                0x000052d8                __vector_54
 .text.__vector_55
                0x0000537c       0x88 ../../../stdio\libserialLib.a(serial.o)
                0x0000537c                __vector_55
 .text.fifo_init
                0x00005404       0x3e ../../../stdio\libserialLib.a(fifo.o)
                0x00005404                fifo_init
 .text.hal_create
                0x00005442       0x64 ../../../Iot driver Library\libIotLibrary.a(hal.o)
                0x00005442                hal_create
 .text._hihTwiCallback
                0x000054a6       0x5a ../../../Iot driver Library\libIotLibrary.a(hih8120.o)
 .text.hih8120Create
                0x00005500       0x2e ../../../Iot driver Library\libIotLibrary.a(hih8120.o)
                0x00005500                hih8120Create
 .text.hih8120Wakeup
                0x0000552e       0x28 ../../../Iot driver Library\libIotLibrary.a(hih8120.o)
                0x0000552e                hih8120Wakeup
 .text.hih8120Meassure
                0x00005556       0x20 ../../../Iot driver Library\libIotLibrary.a(hih8120.o)
                0x00005556                hih8120Meassure
 .text.hih8120GetTemperature
                0x00005576       0x36 ../../../Iot driver Library\libIotLibrary.a(hih8120.o)
                0x00005576                hih8120GetTemperature
 .text.hih8120GetTemperature_x10
                0x000055ac       0x16 ../../../Iot driver Library\libIotLibrary.a(hih8120.o)
                0x000055ac                hih8120GetTemperature_x10
 .text._turn_off
                0x000055c2       0x5c ../../../Iot driver Library\libIotLibrary.a(led.o)
 .text._turn_on
                0x0000561e       0x5c ../../../Iot driver Library\libIotLibrary.a(led.o)
 .text._hal_led_task
                0x0000567a       0x88 ../../../Iot driver Library\libIotLibrary.a(led.o)
 .text.led_create
                0x00005702      0x10a ../../../Iot driver Library\libIotLibrary.a(led.o)
                0x00005702                led_create
 .text.led_slow_blink
                0x0000580c       0x4e ../../../Iot driver Library\libIotLibrary.a(led.o)
                0x0000580c                led_slow_blink
 .text.led_fast_blink
                0x0000585a       0x4e ../../../Iot driver Library\libIotLibrary.a(led.o)
                0x0000585a                led_fast_blink
 .text.led_led_on
                0x000058a8       0x1e ../../../Iot driver Library\libIotLibrary.a(led.o)
                0x000058a8                led_led_on
 .text.led_led_off
                0x000058c6       0x1e ../../../Iot driver Library\libIotLibrary.a(led.o)
                0x000058c6                led_led_off
 .text.led_long_puls
                0x000058e4       0x24 ../../../Iot driver Library\libIotLibrary.a(led.o)
                0x000058e4                led_long_puls
 .text.led_short_puls
                0x00005908       0x24 ../../../Iot driver Library\libIotLibrary.a(led.o)
                0x00005908                led_short_puls
 .text._serial_call_back
                0x0000592c       0x8c ../../../Iot driver Library\libIotLibrary.a(lora_driver.o)
 .text._upload_message
                0x000059b8       0xb0 ../../../Iot driver Library\libIotLibrary.a(lora_driver.o)
 .text._reply2return_code
                0x00005a68       0x76 ../../../Iot driver Library\libIotLibrary.a(lora_driver.o)
 .text._upload_message_rc
                0x00005ade        0x6 ../../../Iot driver Library\libIotLibrary.a(lora_driver.o)
 .text.lora_driver_flush_buffers
                0x00005ae4        0xe ../../../Iot driver Library\libIotLibrary.a(lora_driver.o)
                0x00005ae4                lora_driver_flush_buffers
 .text.lora_driver_create
                0x00005af2       0x78 ../../../Iot driver Library\libIotLibrary.a(lora_driver.o)
                0x00005af2                lora_driver_create
 .text.lora_driver_reset_rn2483
                0x00005b6a       0x28 ../../../Iot driver Library\libIotLibrary.a(lora_driver.o)
                0x00005b6a                lora_driver_reset_rn2483
 .text.lora_driver_rn2483_factory_reset
                0x00005b92       0x24 ../../../Iot driver Library\libIotLibrary.a(lora_driver.o)
                0x00005b92                lora_driver_rn2483_factory_reset
 .text.lora_driver_get_rn2483_hweui
                0x00005bb6       0x38 ../../../Iot driver Library\libIotLibrary.a(lora_driver.o)
                0x00005bb6                lora_driver_get_rn2483_hweui
 .text.lora_driver_set_device_identifier
                0x00005bee       0x22 ../../../Iot driver Library\libIotLibrary.a(lora_driver.o)
                0x00005bee                lora_driver_set_device_identifier
 .text.lora_driver_set_application_identifier
                0x00005c10       0x22 ../../../Iot driver Library\libIotLibrary.a(lora_driver.o)
                0x00005c10                lora_driver_set_application_identifier
 .text.lora_driver_set_application_key
                0x00005c32       0x22 ../../../Iot driver Library\libIotLibrary.a(lora_driver.o)
                0x00005c32                lora_driver_set_application_key
 .text.lora_driver_save_mac
                0x00005c54        0xc ../../../Iot driver Library\libIotLibrary.a(lora_driver.o)
                0x00005c54                lora_driver_save_mac
 .text.lora_driver_join
                0x00005c60       0x46 ../../../Iot driver Library\libIotLibrary.a(lora_driver.o)
                0x00005c60                lora_driver_join
 .text.lora_driver_sent_upload_message
                0x00005ca6      0x130 ../../../Iot driver Library\libIotLibrary.a(lora_driver.o)
                0x00005ca6                lora_driver_sent_upload_message
 .text.lora_driver_set_adaptive_data_rate
                0x00005dd6       0x16 ../../../Iot driver Library\libIotLibrary.a(lora_driver.o)
                0x00005dd6                lora_driver_set_adaptive_data_rate
 .text.lora_driver_configure_to_eu868
                0x00005dec      0x1b4 ../../../Iot driver Library\libIotLibrary.a(lora_driver.o)
                0x00005dec                lora_driver_configure_to_eu868
 .text.lora_driver_set_otaa_identity
                0x00005fa0       0x42 ../../../Iot driver Library\libIotLibrary.a(lora_driver.o)
                0x00005fa0                lora_driver_set_otaa_identity
 .text.lora_driver_map_return_code_to_text
                0x00005fe2       0x18 ../../../Iot driver Library\libIotLibrary.a(lora_driver.o)
                0x00005fe2                lora_driver_map_return_code_to_text
 .text.decode_port_no
                0x00005ffa       0x58 ../../../Iot driver Library\libIotLibrary.a(lora_driver_utils.o)
                0x00005ffa                decode_port_no
 .text.decode_hexadecimal_string_bytes
                0x00006052       0x92 ../../../Iot driver Library\libIotLibrary.a(lora_driver_utils.o)
                0x00006052                decode_hexadecimal_string_bytes
 .text.reg_read_register
                0x000060e4        0x6 ../../../Iot driver Library\libIotLibrary.a(mega_register_access.o)
                0x000060e4                reg_read_register
 .text.reg_read_bit
                0x000060ea       0x16 ../../../Iot driver Library\libIotLibrary.a(mega_register_access.o)
                0x000060ea                reg_read_bit
 .text.reg_read_bits
                0x00006100        0x8 ../../../Iot driver Library\libIotLibrary.a(mega_register_access.o)
                0x00006100                reg_read_bits
 .text.reg_set_register
                0x00006108        0x6 ../../../Iot driver Library\libIotLibrary.a(mega_register_access.o)
                0x00006108                reg_set_register
 .text.reg_clear_register
                0x0000610e        0x6 ../../../Iot driver Library\libIotLibrary.a(mega_register_access.o)
                0x0000610e                reg_clear_register
 .text.reg_set_bit
                0x00006114       0x18 ../../../Iot driver Library\libIotLibrary.a(mega_register_access.o)
                0x00006114                reg_set_bit
 .text.reg_set_bits
                0x0000612c        0xa ../../../Iot driver Library\libIotLibrary.a(mega_register_access.o)
                0x0000612c                reg_set_bits
 .text.reg_toggle_bit
                0x00006136       0x18 ../../../Iot driver Library\libIotLibrary.a(mega_register_access.o)
                0x00006136                reg_toggle_bit
 .text.reg_toggle_bits
                0x0000614e        0xa ../../../Iot driver Library\libIotLibrary.a(mega_register_access.o)
                0x0000614e                reg_toggle_bits
 .text.reg_clear_bit
                0x00006158       0x1a ../../../Iot driver Library\libIotLibrary.a(mega_register_access.o)
                0x00006158                reg_clear_bit
 .text.reg_clear_bits
                0x00006172        0xc ../../../Iot driver Library\libIotLibrary.a(mega_register_access.o)
                0x00006172                reg_clear_bits
 .text._serial_call_back
                0x0000617e       0xb6 ../../../Iot driver Library\libIotLibrary.a(mh_z19.o)
 .text.mh_z19_create
                0x00006234       0x5e ../../../Iot driver Library\libIotLibrary.a(mh_z19.o)
                0x00006234                mh_z19_create
 .text.mh_z19_take_meassuring
                0x00006292       0x60 ../../../Iot driver Library\libIotLibrary.a(mh_z19.o)
                0x00006292                mh_z19_take_meassuring
 .text._initTwiInterface
                0x000062f2       0x22 ../../../Iot driver Library\libIotLibrary.a(twi.o)
 .text.twiCreate
                0x00006314       0x9a ../../../Iot driver Library\libIotLibrary.a(twi.o)
                0x00006314                twiCreate
 .text.twiIsBusy
                0x000063ae        0x8 ../../../Iot driver Library\libIotLibrary.a(twi.o)
                0x000063ae                twiIsBusy
 .text.twiTransmit
                0x000063b6       0x98 ../../../Iot driver Library\libIotLibrary.a(twi.o)
                0x000063b6                twiTransmit
 .text.twiReceive
                0x0000644e       0x66 ../../../Iot driver Library\libIotLibrary.a(twi.o)
                0x0000644e                twiReceive
 .text.__vector_39
                0x000064b4      0x17a ../../../Iot driver Library\libIotLibrary.a(twi.o)
                0x000064b4                __vector_39
 .text.libgcc.div
                0x0000662e       0x44 c:/program files (x86)/atmel/studio/7.0/toolchain/avr8/avr8-gnu-toolchain/bin/../lib/gcc/avr/5.4.0/avr6\libgcc.a(_udivmodsi4.o)
                0x0000662e                __udivmodsi4
 .text.libgcc   0x00006672       0x10 c:/program files (x86)/atmel/studio/7.0/toolchain/avr8/avr8-gnu-toolchain/bin/../lib/gcc/avr/5.4.0/avr6\libgcc.a(_tablejump2.o)
                0x00006672                __tablejump2__
 .text.avr-libc.fplib
                0x00006682        0xa c:/program files (x86)/atmel/studio/7.0/toolchain/avr8/avr8-gnu-toolchain/bin/../lib/gcc/avr/5.4.0/../../../../avr/lib/avr6\libm.a(addsf3.o)
                0x00006682                __subsf3
                0x00006684                __addsf3
 .text.avr-libc.fplib
                0x0000668c       0xc0 c:/program files (x86)/atmel/studio/7.0/toolchain/avr8/avr8-gnu-toolchain/bin/../lib/gcc/avr/5.4.0/../../../../avr/lib/avr6\libm.a(addsf3x.o)
                0x000066a6                __addsf3x
 .text.avr-libc.fplib
                0x0000674c        0x8 c:/program files (x86)/atmel/studio/7.0/toolchain/avr8/avr8-gnu-toolchain/bin/../lib/gcc/avr/5.4.0/../../../../avr/lib/avr6\libm.a(cmpsf2.o)
                0x0000674c                __nesf2
                0x0000674c                __eqsf2
                0x0000674c                __cmpsf2
                0x0000674c                __ltsf2
                0x0000674c                __lesf2
 .text.avr-libc.fplib
                0x00006754        0x4 c:/program files (x86)/atmel/studio/7.0/toolchain/avr8/avr8-gnu-toolchain/bin/../lib/gcc/avr/5.4.0/../../../../avr/lib/avr6\libm.a(divsf3.o)
                0x00006754                __divsf3
 .text.avr-libc.fplib
                0x00006758       0xcc c:/program files (x86)/atmel/studio/7.0/toolchain/avr8/avr8-gnu-toolchain/bin/../lib/gcc/avr/5.4.0/../../../../avr/lib/avr6\libm.a(divsf3x.o)
                0x0000676e                __divsf3x
                0x00006772                __divsf3_pse
 .text.avr-libc.fplib
                0x00006824        0xa c:/program files (x86)/atmel/studio/7.0/toolchain/avr8/avr8-gnu-toolchain/bin/../lib/gcc/avr/5.4.0/../../../../avr/lib/avr6\libm.a(fixsfsi.o)
                0x00006824                __fixsfsi
 .text.avr-libc.fplib
                0x0000682e       0x58 c:/program files (x86)/atmel/studio/7.0/toolchain/avr8/avr8-gnu-toolchain/bin/../lib/gcc/avr/5.4.0/../../../../avr/lib/avr6\libm.a(fixunssfsi.o)
                0x0000682e                __fixunssfsi
 .text.avr-libc.fplib
                0x00006886       0x7a c:/program files (x86)/atmel/studio/7.0/toolchain/avr8/avr8-gnu-toolchain/bin/../lib/gcc/avr/5.4.0/../../../../avr/lib/avr6\libm.a(floatsisf.o)
                0x00006886                __floatunsisf
                0x0000688a                __floatsisf
 .text.avr-libc.fplib
                0x00006900       0x48 c:/program files (x86)/atmel/studio/7.0/toolchain/avr8/avr8-gnu-toolchain/bin/../lib/gcc/avr/5.4.0/../../../../avr/lib/avr6\libm.a(fp_cmp.o)
                0x00006900                __fp_cmp
 .text.avr-libc.fplib
                0x00006948        0xc c:/program files (x86)/atmel/studio/7.0/toolchain/avr8/avr8-gnu-toolchain/bin/../lib/gcc/avr/5.4.0/../../../../avr/lib/avr6\libm.a(fp_inf.o)
                0x00006948                __fp_inf
 .text.avr-libc.fplib
                0x00006954        0x6 c:/program files (x86)/atmel/studio/7.0/toolchain/avr8/avr8-gnu-toolchain/bin/../lib/gcc/avr/5.4.0/../../../../avr/lib/avr6\libm.a(fp_nan.o)
                0x00006954                __fp_nan
 .text.avr-libc.fplib
                0x0000695a        0xe c:/program files (x86)/atmel/studio/7.0/toolchain/avr8/avr8-gnu-toolchain/bin/../lib/gcc/avr/5.4.0/../../../../avr/lib/avr6\libm.a(fp_pscA.o)
                0x0000695a                __fp_pscA
 .text.avr-libc.fplib
                0x00006968        0xe c:/program files (x86)/atmel/studio/7.0/toolchain/avr8/avr8-gnu-toolchain/bin/../lib/gcc/avr/5.4.0/../../../../avr/lib/avr6\libm.a(fp_pscB.o)
                0x00006968                __fp_pscB
 .text.avr-libc.fplib
                0x00006976       0x22 c:/program files (x86)/atmel/studio/7.0/toolchain/avr8/avr8-gnu-toolchain/bin/../lib/gcc/avr/5.4.0/../../../../avr/lib/avr6\libm.a(fp_round.o)
                0x00006976                __fp_round
 .text.avr-libc.fplib
                0x00006998       0x44 c:/program files (x86)/atmel/studio/7.0/toolchain/avr8/avr8-gnu-toolchain/bin/../lib/gcc/avr/5.4.0/../../../../avr/lib/avr6\libm.a(fp_split3.o)
                0x00006998                __fp_split3
                0x000069a8                __fp_splitA
 .text.avr-libc.fplib
                0x000069dc        0xe c:/program files (x86)/atmel/studio/7.0/toolchain/avr8/avr8-gnu-toolchain/bin/../lib/gcc/avr/5.4.0/../../../../avr/lib/avr6\libm.a(fp_zero.o)
                0x000069dc                __fp_zero
                0x000069de                __fp_szero
 .text.avr-libc.fplib
                0x000069ea        0x8 c:/program files (x86)/atmel/studio/7.0/toolchain/avr8/avr8-gnu-toolchain/bin/../lib/gcc/avr/5.4.0/../../../../avr/lib/avr6\libm.a(gesf2.o)
                0x000069ea                __gesf2
                0x000069ea                __gtsf2
 .text.avr-libc.fplib
                0x000069f2        0x4 c:/program files (x86)/atmel/studio/7.0/toolchain/avr8/avr8-gnu-toolchain/bin/../lib/gcc/avr/5.4.0/../../../../avr/lib/avr6\libm.a(mulsf3.o)
                0x000069f2                __mulsf3
 .text.avr-libc.fplib
                0x000069f6       0xc2 c:/program files (x86)/atmel/studio/7.0/toolchain/avr8/avr8-gnu-toolchain/bin/../lib/gcc/avr/5.4.0/../../../../avr/lib/avr6\libm.a(mulsf3x.o)
                0x00006a0a                __mulsf3x
                0x00006a0e                __mulsf3_pse
 .text.avr-libc
                0x00006ab8       0x34 c:/program files (x86)/atmel/studio/7.0/toolchain/avr8/avr8-gnu-toolchain/bin/../lib/gcc/avr/5.4.0/../../../../avr/lib/avr6\libc.a(calloc.o)
                0x00006ab8                calloc
 .text.avr-libc
                0x00006aec      0x242 c:/program files (x86)/atmel/studio/7.0/toolchain/avr8/avr8-gnu-toolchain/bin/../lib/gcc/avr/5.4.0/../../../../avr/lib/avr6\libc.a(malloc.o)
                0x00006aec                malloc
                0x00006c1c                free
 .text.avr-libc
                0x00006d2e        0x8 c:/program files (x86)/atmel/studio/7.0/toolchain/avr8/avr8-gnu-toolchain/bin/../lib/gcc/avr/5.4.0/../../../../avr/lib/avr6\libc.a(abort.o)
                0x00006d2e                abort
 .text.avr-libc
                0x00006d36       0x12 c:/program files (x86)/atmel/studio/7.0/toolchain/avr8/avr8-gnu-toolchain/bin/../lib/gcc/avr/5.4.0/../../../../avr/lib/avr6\libc.a(memcpy.o)
                0x00006d36                memcpy
 .text.avr-libc
                0x00006d48        0xe c:/program files (x86)/atmel/studio/7.0/toolchain/avr8/avr8-gnu-toolchain/bin/../lib/gcc/avr/5.4.0/../../../../avr/lib/avr6\libc.a(memset.o)
                0x00006d48                memset
 .text.avr-libc
                0x00006d56       0x16 c:/program files (x86)/atmel/studio/7.0/toolchain/avr8/avr8-gnu-toolchain/bin/../lib/gcc/avr/5.4.0/../../../../avr/lib/avr6\libc.a(strcat.o)
                0x00006d56                strcat
 .text.avr-libc
                0x00006d6c        0xe c:/program files (x86)/atmel/studio/7.0/toolchain/avr8/avr8-gnu-toolchain/bin/../lib/gcc/avr/5.4.0/../../../../avr/lib/avr6\libc.a(strcpy.o)
                0x00006d6c                strcpy
 .text.avr-libc
                0x00006d7a       0x30 c:/program files (x86)/atmel/studio/7.0/toolchain/avr8/avr8-gnu-toolchain/bin/../lib/gcc/avr/5.4.0/../../../../avr/lib/avr6\libc.a(strncasecmp.o)
                0x00006d7a                strncasecmp
 .text.avr-libc
                0x00006daa       0x26 c:/program files (x86)/atmel/studio/7.0/toolchain/avr8/avr8-gnu-toolchain/bin/../lib/gcc/avr/5.4.0/../../../../avr/lib/avr6\libc.a(printf.o)
                0x00006daa                printf
 .text.avr-libc
                0x00006dd0       0x60 c:/program files (x86)/atmel/studio/7.0/toolchain/avr8/avr8-gnu-toolchain/bin/../lib/gcc/avr/5.4.0/../../../../avr/lib/avr6\libc.a(puts.o)
                0x00006dd0                puts
 .text.avr-libc
                0x00006e30       0x5c c:/program files (x86)/atmel/studio/7.0/toolchain/avr8/avr8-gnu-toolchain/bin/../lib/gcc/avr/5.4.0/../../../../avr/lib/avr6\libc.a(sprintf.o)
                0x00006e30                sprintf
 .text.avr-libc
                0x00006e8c      0x3fa c:/program files (x86)/atmel/studio/7.0/toolchain/avr8/avr8-gnu-toolchain/bin/../lib/gcc/avr/5.4.0/../../../../avr/lib/avr6\libc.a(vfprintf_std.o)
                0x00006e8c                vfprintf
 .text.avr-libc
                0x00007286       0x16 c:/program files (x86)/atmel/studio/7.0/toolchain/avr8/avr8-gnu-toolchain/bin/../lib/gcc/avr/5.4.0/../../../../avr/lib/avr6\libc.a(strnlen_P.o)
                0x00007286                strnlen_P
 .text.avr-libc
                0x0000729c       0x16 c:/program files (x86)/atmel/studio/7.0/toolchain/avr8/avr8-gnu-toolchain/bin/../lib/gcc/avr/5.4.0/../../../../avr/lib/avr6\libc.a(strnlen.o)
                0x0000729c                strnlen
 .text.avr-libc
                0x000072b2       0x78 c:/program files (x86)/atmel/studio/7.0/toolchain/avr8/avr8-gnu-toolchain/bin/../lib/gcc/avr/5.4.0/../../../../avr/lib/avr6\libc.a(fputc.o)
                0x000072b2                fputc
 .text.avr-libc
                0x0000732a       0xbc c:/program files (x86)/atmel/studio/7.0/toolchain/avr8/avr8-gnu-toolchain/bin/../lib/gcc/avr/5.4.0/../../../../avr/lib/avr6\libc.a(ultoa_invert.o)
                0x0000732a                __ultoa_invert
                0x000073e6                . = ALIGN (0x2)
 *(.fini9)
 .fini9         0x000073e6        0x0 c:/program files (x86)/atmel/studio/7.0/toolchain/avr8/avr8-gnu-toolchain/bin/../lib/gcc/avr/5.4.0/avr6\libgcc.a(_exit.o)
                0x000073e6                _exit
                0x000073e6                exit
 *(.fini9)
 *(.fini8)
 *(.fini8)
 *(.fini7)
 *(.fini7)
 *(.fini6)
 *(.fini6)
 *(.fini5)
 *(.fini5)
 *(.fini4)
 *(.fini4)
 *(.fini3)
 *(.fini3)
 *(.fini2)
 *(.fini2)
 *(.fini1)
 *(.fini1)
 *(.fini0)
 .fini0         0x000073e6        0x4 c:/program files (x86)/atmel/studio/7.0/toolchain/avr8/avr8-gnu-toolchain/bin/../lib/gcc/avr/5.4.0/avr6\libgcc.a(_exit.o)
 *(.fini0)
                0x000073ea                _etext = .

.data           0x00800200      0x602 load address 0x000073ea
                0x00800200                PROVIDE (__data_start, .)
 *(.data)
 .data          0x00800200        0x6 c:/program files (x86)/atmel/studio/7.0/toolchain/avr8/avr8-gnu-toolchain/bin/../lib/gcc/avr/5.4.0/../../../../avr/lib/avr6\libc.a(malloc.o)
                0x00800200                __malloc_heap_end
                0x00800202                __malloc_heap_start
                0x00800204                __malloc_margin
 *(.data*)
 .data.mystdout.1881
                0x00800206        0xe ../../../stdio\libserialLib.a(stdio_driver.o)
 .data._com_port_2_udr
                0x00800214        0x8 ../../../stdio\libserialLib.a(serial.o)
                0x00800214                _com_port_2_udr
 .data._temp    0x0080021c        0x2 ../../../Iot driver Library\libIotLibrary.a(hih8120.o)
 .data._hum     0x0080021e        0x2 ../../../Iot driver Library\libIotLibrary.a(hih8120.o)
 .data._twiCurrentState
                0x00800220        0x1 ../../../Iot driver Library\libIotLibrary.a(twi.o)
 *(.gnu.linkonce.d*)
 *(.rodata)
 .rodata        0x00800221        0x5 FreeRTOS/src/tasks.o
 .rodata        0x00800226        0x8 FreeRTOS/src/timers.o
 .rodata        0x0080022e       0x2a Setup/create_all_tasks.o
 .rodata        0x00800258       0x10 Setup/create_all_timers.o
 .rodata        0x00800268      0x10e Setup/lora_setup.o
 .rodata        0x00800376       0x4a Setup/global_init.o
 .rodata        0x008003c0       0x6f Tasks/lora_send_data_task.o
 .rodata        0x0080042f       0x40 Tasks/measure_co2_task.o
 .rodata        0x0080046f       0x70 Tasks/measure_temp_task.o
 .rodata        0x008004df       0x20 ../../../Iot driver Library\libIotLibrary.a(lora_driver.o)
 .rodata        0x008004ff       0x2d ../../../Iot driver Library\libIotLibrary.a(mh_z19.o)
 *(.rodata*)
 .rodata.str1.1
                0x0080052c       0x1f ../../../Iot driver Library\libIotLibrary.a(led.o)
 .rodata.str1.1
                0x0080054b      0x27f ../../../Iot driver Library\libIotLibrary.a(lora_driver.o)
                                0x28f (size before relaxing)
 .rodata._join_mode
                0x008007ca        0x4 ../../../Iot driver Library\libIotLibrary.a(lora_driver.o)
 .rodata._return_code
                0x008007ce       0x33 ../../../Iot driver Library\libIotLibrary.a(lora_driver.o)
                0x008007ce                _return_code
 *(.gnu.linkonce.r*)
                0x00800802                . = ALIGN (0x2)
 *fill*         0x00800801        0x1 
                0x00800802                _edata = .
                0x00800802                PROVIDE (__data_end, .)

.bss            0x00800802      0x286
                0x00800802                PROVIDE (__bss_start, .)
 *(.bss)
 *(.bss*)
 .bss.pxCurrentTCB
                0x00800802        0x2 FreeRTOS/src/tasks.o
                0x00800802                pxCurrentTCB
 .bss.pxReadyTasksLists
                0x00800804       0x24 FreeRTOS/src/tasks.o
 .bss.xDelayedTaskList1
                0x00800828        0x9 FreeRTOS/src/tasks.o
 .bss.xDelayedTaskList2
                0x00800831        0x9 FreeRTOS/src/tasks.o
 .bss.pxDelayedTaskList
                0x0080083a        0x2 FreeRTOS/src/tasks.o
 .bss.pxOverflowDelayedTaskList
                0x0080083c        0x2 FreeRTOS/src/tasks.o
 .bss.xPendingReadyList
                0x0080083e        0x9 FreeRTOS/src/tasks.o
 .bss.xTasksWaitingTermination
                0x00800847        0x9 FreeRTOS/src/tasks.o
 .bss.uxDeletedTasksWaitingCleanUp
                0x00800850        0x1 FreeRTOS/src/tasks.o
 .bss.xSuspendedTaskList
                0x00800851        0x9 FreeRTOS/src/tasks.o
 .bss.uxCurrentNumberOfTasks
                0x0080085a        0x1 FreeRTOS/src/tasks.o
 .bss.xTickCount
                0x0080085b        0x2 FreeRTOS/src/tasks.o
 .bss.uxTopReadyPriority
                0x0080085d        0x1 FreeRTOS/src/tasks.o
 .bss.xSchedulerRunning
                0x0080085e        0x1 FreeRTOS/src/tasks.o
 .bss.uxPendedTicks
                0x0080085f        0x1 FreeRTOS/src/tasks.o
 .bss.xYieldPending
                0x00800860        0x1 FreeRTOS/src/tasks.o
 .bss.xNumOfOverflows
                0x00800861        0x1 FreeRTOS/src/tasks.o
 .bss.uxTaskNumber
                0x00800862        0x1 FreeRTOS/src/tasks.o
 .bss.xNextTaskUnblockTime
                0x00800863        0x2 FreeRTOS/src/tasks.o
 .bss.xIdleTaskHandle
                0x00800865        0x2 FreeRTOS/src/tasks.o
 .bss.uxSchedulerSuspended
                0x00800867        0x1 FreeRTOS/src/tasks.o
 .bss.xActiveTimerList1
                0x00800868        0x9 FreeRTOS/src/timers.o
 .bss.xActiveTimerList2
                0x00800871        0x9 FreeRTOS/src/timers.o
 .bss.pxCurrentTimerList
                0x0080087a        0x2 FreeRTOS/src/timers.o
 .bss.pxOverflowTimerList
                0x0080087c        0x2 FreeRTOS/src/timers.o
 .bss.xTimerQueue
                0x0080087e        0x2 FreeRTOS/src/timers.o
 .bss.xTimerTaskHandle
                0x00800880        0x2 FreeRTOS/src/timers.o
 .bss.xLastTime.2432
                0x00800882        0x2 FreeRTOS/src/timers.o
 .bss._out_buf  0x00800884       0x64 Setup/lora_setup.o
 .bss._uplink_payload
                0x008008e8       0x16 Tasks/lora_send_data_task.o
 .bss._com_serial_instance
                0x008008fe        0x2 ../../../stdio\libserialLib.a(stdio_driver.o)
 .bss._ser_handle
                0x00800900        0x8 ../../../stdio\libserialLib.a(serial.o)
 .bss._measuringIsReady
                0x00800908        0x1 ../../../Iot driver Library\libIotLibrary.a(hih8120.o)
 .bss._hih8120Handler
                0x00800909        0x2 ../../../Iot driver Library\libIotLibrary.a(hih8120.o)
 .bss._led_status
                0x0080090b       0x18 ../../../Iot driver Library\libIotLibrary.a(led.o)
 .bss._tmp_buf.2919
                0x00800923       0x64 ../../../Iot driver Library\libIotLibrary.a(lora_driver.o)
 .bss.rec_buf_inp.2926
                0x00800987        0x1 ../../../Iot driver Library\libIotLibrary.a(lora_driver.o)
 .bss._reply_buffer_handle
                0x00800988        0x2 ../../../Iot driver Library\libIotLibrary.a(lora_driver.o)
 .bss._rn2483_serial
                0x0080098a        0x2 ../../../Iot driver Library\libIotLibrary.a(lora_driver.o)
 .bss._downlink_payload
                0x0080098c       0x16 ../../../Iot driver Library\libIotLibrary.a(lora_driver.o)
 .bss._pay_load_hex_bytes
                0x008009a2       0x15 ../../../Iot driver Library\libIotLibrary.a(lora_driver.o)
 .bss._rec_message_buf
                0x008009b7       0x2d ../../../Iot driver Library\libIotLibrary.a(lora_driver.o)
 .bss._send_message
                0x008009e4       0x2d ../../../Iot driver Library\libIotLibrary.a(lora_driver.o)
 .bss._reply_mess
                0x00800a11       0x2d ../../../Iot driver Library\libIotLibrary.a(lora_driver.o)
 .bss.data.1940
                0x00800a3e        0x2 ../../../Iot driver Library\libIotLibrary.a(mh_z19.o)
 .bss.inDex.1939
                0x00800a40        0x1 ../../../Iot driver Library\libIotLibrary.a(mh_z19.o)
 .bss.crc_sum.1941
                0x00800a41        0x1 ../../../Iot driver Library\libIotLibrary.a(mh_z19.o)
 .bss._app_call_back
                0x00800a42        0x2 ../../../Iot driver Library\libIotLibrary.a(mh_z19.o)
 .bss._mh_state
                0x00800a44        0x1 ../../../Iot driver Library\libIotLibrary.a(mh_z19.o)
                0x00800a44                _mh_state
 .bss._ppm      0x00800a45        0x2 ../../../Iot driver Library\libIotLibrary.a(mh_z19.o)
 .bss._serial   0x00800a47        0x2 ../../../Iot driver Library\libIotLibrary.a(mh_z19.o)
 .bss._index.1885
                0x00800a49        0x1 ../../../Iot driver Library\libIotLibrary.a(twi.o)
 .bss._twiCurrentHandler
                0x00800a4a        0x2 ../../../Iot driver Library\libIotLibrary.a(twi.o)
 .bss._twiMessageLen
                0x00800a4c        0x1 ../../../Iot driver Library\libIotLibrary.a(twi.o)
 .bss._twiMessageBuffer
                0x00800a4d        0xa ../../../Iot driver Library\libIotLibrary.a(twi.o)
 .bss._twiIsInitiated
                0x00800a57        0x1 ../../../Iot driver Library\libIotLibrary.a(twi.o)
 *(COMMON)
 COMMON         0x00800a58        0x2 Callbacks/measure_co2_callback.o
                0x00800a58                co2_value
 COMMON         0x00800a5a        0x2 Setup/create_all_timers.o
                0x00800a5a                xTimer
 COMMON         0x00800a5c        0xc Setup/global_init.o
                0x00800a5c                xSemaphore_print
                0x00800a5e                xSemaphore_buffer
                0x00800a60                xSemaphore_temperature
                0x00800a62                xSemaphore_co2
                0x00800a64                xSemaphore_send_data
                0x00800a66                xQueue
 COMMON         0x00800a68       0x16 ../../../Iot driver Library\libIotLibrary.a(hal.o)
                0x00800a68                register_access
 COMMON         0x00800a7e        0x4 c:/program files (x86)/atmel/studio/7.0/toolchain/avr8/avr8-gnu-toolchain/bin/../lib/gcc/avr/5.4.0/../../../../avr/lib/avr6\libc.a(malloc.o)
                0x00800a7e                __brkval
                0x00800a80                __flp
 COMMON         0x00800a82        0x6 c:/program files (x86)/atmel/studio/7.0/toolchain/avr8/avr8-gnu-toolchain/bin/../lib/gcc/avr/5.4.0/../../../../avr/lib/avr6\libc.a(iob.o)
                0x00800a82                __iob
                0x00800a88                PROVIDE (__bss_end, .)
                0x000073ea                __data_load_start = LOADADDR (.data)
                0x000079ec                __data_load_end = (__data_load_start + SIZEOF (.data))

.noinit         0x00800a88        0x0
                [!provide]                PROVIDE (__noinit_start, .)
 *(.noinit*)
                [!provide]                PROVIDE (__noinit_end, .)
                0x00800a88                _end = .
                0x00800a88                PROVIDE (__heap_start, .)

.eeprom         0x00810000        0x0
 *(.eeprom*)
                0x00810000                __eeprom_end = .

.fuse
 *(.fuse)
 *(.lfuse)
 *(.hfuse)
 *(.efuse)

.lock
 *(.lock*)

.signature
 *(.signature*)

.user_signatures
 *(.user_signatures*)

.stab
 *(.stab)

.stabstr
 *(.stabstr)

.stab.excl
 *(.stab.excl)

.stab.exclstr
 *(.stab.exclstr)

.stab.index
 *(.stab.index)

.stab.indexstr
 *(.stab.indexstr)

.comment        0x00000000       0x5c
 *(.comment)
 .comment       0x00000000       0x30 Callbacks/measure_co2_callback.o
                                 0x31 (size before relaxing)
 .comment       0x00000030       0x31 Callbacks/timer_callback.o
 .comment       0x00000030       0x31 FreeRTOS/FreeRTOSTraceDriver/FreeRTOSTraceDriver.o
 .comment       0x00000030       0x31 FreeRTOS/src/heap_3.o
 .comment       0x00000030       0x31 FreeRTOS/src/list.o
 .comment       0x00000030       0x31 FreeRTOS/src/port.o
 .comment       0x00000030       0x31 FreeRTOS/src/queue.o
 .comment       0x00000030       0x31 FreeRTOS/src/stream_buffer.o
 .comment       0x00000030       0x31 FreeRTOS/src/tasks.o
 .comment       0x00000030       0x31 FreeRTOS/src/timers.o
 .comment       0x00000030       0x31 FreeRTOS/src/variantHooks.o
 .comment       0x00000030       0x31 m_print.o
 .comment       0x00000030       0x31 Setup/create_all_tasks.o
 .comment       0x00000030       0x31 Setup/create_all_timers.o
 .comment       0x00000030       0x31 Setup/lora_reset.o
 .comment       0x00000030       0x31 Setup/lora_setup.o
 .comment       0x00000030       0x31 Setup/global_init.o
 .comment       0x00000030       0x31 Tasks/lora_send_data_task.o
 .comment       0x00000030       0x31 Tasks/measure_co2_task.o
 .comment       0x00000030       0x31 Tasks/measure_temp_task.o
 .comment       0x00000030       0x31 main.o
 .comment       0x00000030       0x31 ../../../stdio\libserialLib.a(stdio_driver.o)
 .comment       0x00000030       0x31 ../../../stdio\libserialLib.a(serial.o)
 .comment       0x00000030       0x31 ../../../stdio\libserialLib.a(fifo.o)
 .comment       0x00000030       0x31 ../../../Iot driver Library\libIotLibrary.a(hal.o)
 .comment       0x00000030       0x31 ../../../Iot driver Library\libIotLibrary.a(hih8120.o)
 .comment       0x00000030       0x31 ../../../Iot driver Library\libIotLibrary.a(led.o)
 .comment       0x00000030       0x31 ../../../Iot driver Library\libIotLibrary.a(lora_driver.o)
 .comment       0x00000030       0x31 ../../../Iot driver Library\libIotLibrary.a(lora_driver_utils.o)
 .comment       0x00000030       0x31 ../../../Iot driver Library\libIotLibrary.a(mega_register_access.o)
 .comment       0x00000030       0x31 ../../../Iot driver Library\libIotLibrary.a(mh_z19.o)
 .comment       0x00000030       0x31 ../../../Iot driver Library\libIotLibrary.a(twi.o)
 .comment       0x00000030       0x31 c:/program files (x86)/atmel/studio/7.0/toolchain/avr8/avr8-gnu-toolchain/bin/../lib/gcc/avr/5.4.0/../../../../avr/lib/avr6\libc.a(calloc.o)
 .comment       0x00000030       0x31 c:/program files (x86)/atmel/studio/7.0/toolchain/avr8/avr8-gnu-toolchain/bin/../lib/gcc/avr/5.4.0/../../../../avr/lib/avr6\libc.a(malloc.o)
 .comment       0x00000030       0x31 c:/program files (x86)/atmel/studio/7.0/toolchain/avr8/avr8-gnu-toolchain/bin/../lib/gcc/avr/5.4.0/../../../../avr/lib/avr6\libc.a(iob.o)
 .comment       0x00000030       0x31 c:/program files (x86)/atmel/studio/7.0/toolchain/avr8/avr8-gnu-toolchain/bin/../lib/gcc/avr/5.4.0/../../../../avr/lib/avr6\libc.a(printf.o)
 .comment       0x00000030       0x31 c:/program files (x86)/atmel/studio/7.0/toolchain/avr8/avr8-gnu-toolchain/bin/../lib/gcc/avr/5.4.0/../../../../avr/lib/avr6\libc.a(puts.o)
 .comment       0x00000030       0x31 c:/program files (x86)/atmel/studio/7.0/toolchain/avr8/avr8-gnu-toolchain/bin/../lib/gcc/avr/5.4.0/../../../../avr/lib/avr6\libc.a(sprintf.o)
 .comment       0x00000030       0x2c c:/program files (x86)/atmel/studio/7.0/toolchain/avr8/avr8-gnu-toolchain/bin/../lib/gcc/avr/5.4.0/../../../../avr/lib/avr6\libc.a(vfprintf_std.o)
                                 0x2d (size before relaxing)
 .comment       0x0000005c       0x31 c:/program files (x86)/atmel/studio/7.0/toolchain/avr8/avr8-gnu-toolchain/bin/../lib/gcc/avr/5.4.0/../../../../avr/lib/avr6\libc.a(fputc.o)

.note.gnu.avr.deviceinfo
                0x00000000       0x40
 .note.gnu.avr.deviceinfo
                0x00000000       0x40 C:/Program Files (x86)/Atmel/Studio/7.0/Packs/atmel/ATmega_DFP/1.2.209/gcc/dev/atmega2560/avr6/crtatmega2560.o

.note.gnu.build-id
 *(.note.gnu.build-id)

.debug
 *(.debug)

.line
 *(.line)

.debug_srcinfo
 *(.debug_srcinfo)

.debug_sfnames
 *(.debug_sfnames)

.debug_aranges  0x00000000      0xba0
 *(.debug_aranges)
 .debug_aranges
                0x00000000       0x20 Callbacks/measure_co2_callback.o
 .debug_aranges
                0x00000020       0x20 Callbacks/timer_callback.o
 .debug_aranges
                0x00000040       0x30 FreeRTOS/FreeRTOSTraceDriver/FreeRTOSTraceDriver.o
 .debug_aranges
                0x00000070       0x28 FreeRTOS/src/heap_3.o
 .debug_aranges
                0x00000098       0x40 FreeRTOS/src/list.o
 .debug_aranges
                0x000000d8       0x50 FreeRTOS/src/port.o
 .debug_aranges
                0x00000128      0x118 FreeRTOS/src/queue.o
 .debug_aranges
                0x00000240       0xd8 FreeRTOS/src/stream_buffer.o
 .debug_aranges
                0x00000318      0x210 FreeRTOS/src/tasks.o
 .debug_aranges
                0x00000528       0xd0 FreeRTOS/src/timers.o
 .debug_aranges
                0x000005f8       0x30 FreeRTOS/src/variantHooks.o
 .debug_aranges
                0x00000628       0x20 m_print.o
 .debug_aranges
                0x00000648       0x20 Setup/create_all_tasks.o
 .debug_aranges
                0x00000668       0x20 Setup/create_all_timers.o
 .debug_aranges
                0x00000688       0x20 Setup/lora_reset.o
 .debug_aranges
                0x000006a8       0x20 Setup/lora_setup.o
 .debug_aranges
                0x000006c8       0x20 Setup/global_init.o
 .debug_aranges
                0x000006e8       0x20 Tasks/lora_send_data_task.o
 .debug_aranges
                0x00000708       0x20 Tasks/measure_co2_task.o
 .debug_aranges
                0x00000728       0x20 Tasks/measure_temp_task.o
 .debug_aranges
                0x00000748       0x20 main.o
 .debug_aranges
                0x00000768       0x38 ../../../stdio\libserialLib.a(stdio_driver.o)
 .debug_aranges
                0x000007a0       0x90 ../../../stdio\libserialLib.a(serial.o)
 .debug_aranges
                0x00000830       0x20 ../../../stdio\libserialLib.a(fifo.o)
 .debug_aranges
                0x00000850       0x20 ../../../Iot driver Library\libIotLibrary.a(hal.o)
 .debug_aranges
                0x00000870       0x68 ../../../Iot driver Library\libIotLibrary.a(hih8120.o)
 .debug_aranges
                0x000008d8       0x68 ../../../Iot driver Library\libIotLibrary.a(led.o)
 .debug_aranges
                0x00000940      0x128 ../../../Iot driver Library\libIotLibrary.a(lora_driver.o)
 .debug_aranges
                0x00000a68       0x28 ../../../Iot driver Library\libIotLibrary.a(lora_driver_utils.o)
 .debug_aranges
                0x00000a90       0x70 ../../../Iot driver Library\libIotLibrary.a(mega_register_access.o)
 .debug_aranges
                0x00000b00       0x50 ../../../Iot driver Library\libIotLibrary.a(mh_z19.o)
 .debug_aranges
                0x00000b50       0x50 ../../../Iot driver Library\libIotLibrary.a(twi.o)

.debug_pubnames
 *(.debug_pubnames)

.debug_info     0x00000000     0xa88b
 *(.debug_info .gnu.linkonce.wi.*)
 .debug_info    0x00000000      0xbbc C:/Program Files (x86)/Atmel/Studio/7.0/Packs/atmel/ATmega_DFP/1.2.209/gcc/dev/atmega2560/avr6/crtatmega2560.o
 .debug_info    0x00000bbc       0xb6 Callbacks/measure_co2_callback.o
 .debug_info    0x00000c72      0x11a Callbacks/timer_callback.o
 .debug_info    0x00000d8c       0xd1 FreeRTOS/FreeRTOSTraceDriver/FreeRTOSTraceDriver.o
 .debug_info    0x00000e5d       0xf0 FreeRTOS/src/heap_3.o
 .debug_info    0x00000f4d      0x2c2 FreeRTOS/src/list.o
 .debug_info    0x0000120f      0x237 FreeRTOS/src/port.o
 .debug_info    0x00001446      0xf9f FreeRTOS/src/queue.o
 .debug_info    0x000023e5      0xcb6 FreeRTOS/src/stream_buffer.o
 .debug_info    0x0000309b     0x1a5d FreeRTOS/src/tasks.o
 .debug_info    0x00004af8      0xa94 FreeRTOS/src/timers.o
 .debug_info    0x0000558c      0x226 FreeRTOS/src/variantHooks.o
 .debug_info    0x000057b2       0xec m_print.o
 .debug_info    0x0000589e       0xa0 Setup/create_all_tasks.o
 .debug_info    0x0000593e       0xcf Setup/create_all_timers.o
 .debug_info    0x00005a0d       0x85 Setup/lora_reset.o
 .debug_info    0x00005a92      0x203 Setup/lora_setup.o
 .debug_info    0x00005c95      0x198 Setup/global_init.o
 .debug_info    0x00005e2d      0x1da Tasks/lora_send_data_task.o
 .debug_info    0x00006007      0x179 Tasks/measure_co2_task.o
 .debug_info    0x00006180      0x170 Tasks/measure_temp_task.o
 .debug_info    0x000062f0       0xc4 main.o
 .debug_info    0x000063b4      0x39c ../../../stdio\libserialLib.a(stdio_driver.o)
 .debug_info    0x00006750      0xdb3 ../../../stdio\libserialLib.a(serial.o)
 .debug_info    0x00007503      0x1c3 ../../../stdio\libserialLib.a(fifo.o)
 .debug_info    0x000076c6      0x20d ../../../Iot driver Library\libIotLibrary.a(hal.o)
 .debug_info    0x000078d3      0x3a9 ../../../Iot driver Library\libIotLibrary.a(hih8120.o)
 .debug_info    0x00007c7c      0x6f9 ../../../Iot driver Library\libIotLibrary.a(led.o)
 .debug_info    0x00008375     0x165d ../../../Iot driver Library\libIotLibrary.a(lora_driver.o)
 .debug_info    0x000099d2      0x143 ../../../Iot driver Library\libIotLibrary.a(lora_driver_utils.o)
 .debug_info    0x00009b15      0x2e1 ../../../Iot driver Library\libIotLibrary.a(mega_register_access.o)
 .debug_info    0x00009df6      0x538 ../../../Iot driver Library\libIotLibrary.a(mh_z19.o)
 .debug_info    0x0000a32e      0x55d ../../../Iot driver Library\libIotLibrary.a(twi.o)

.debug_abbrev   0x00000000     0x3252
 *(.debug_abbrev)
 .debug_abbrev  0x00000000      0xb1a C:/Program Files (x86)/Atmel/Studio/7.0/Packs/atmel/ATmega_DFP/1.2.209/gcc/dev/atmega2560/avr6/crtatmega2560.o
 .debug_abbrev  0x00000b1a       0x73 Callbacks/measure_co2_callback.o
 .debug_abbrev  0x00000b8d       0x85 Callbacks/timer_callback.o
 .debug_abbrev  0x00000c12       0x92 FreeRTOS/FreeRTOSTraceDriver/FreeRTOSTraceDriver.o
 .debug_abbrev  0x00000ca4       0xbb FreeRTOS/src/heap_3.o
 .debug_abbrev  0x00000d5f       0xc7 FreeRTOS/src/list.o
 .debug_abbrev  0x00000e26      0x16c FreeRTOS/src/port.o
 .debug_abbrev  0x00000f92      0x1d9 FreeRTOS/src/queue.o
 .debug_abbrev  0x0000116b      0x1e8 FreeRTOS/src/stream_buffer.o
 .debug_abbrev  0x00001353      0x253 FreeRTOS/src/tasks.o
 .debug_abbrev  0x000015a6      0x1ce FreeRTOS/src/timers.o
 .debug_abbrev  0x00001774       0xf2 FreeRTOS/src/variantHooks.o
 .debug_abbrev  0x00001866       0x72 m_print.o
 .debug_abbrev  0x000018d8       0x60 Setup/create_all_tasks.o
 .debug_abbrev  0x00001938       0x72 Setup/create_all_timers.o
 .debug_abbrev  0x000019aa       0x42 Setup/lora_reset.o
 .debug_abbrev  0x000019ec       0xcf Setup/lora_setup.o
 .debug_abbrev  0x00001abb       0x9b Setup/global_init.o
 .debug_abbrev  0x00001b56       0xf2 Tasks/lora_send_data_task.o
 .debug_abbrev  0x00001c48       0xd1 Tasks/measure_co2_task.o
 .debug_abbrev  0x00001d19       0xd3 Tasks/measure_temp_task.o
 .debug_abbrev  0x00001dec       0x76 main.o
 .debug_abbrev  0x00001e62      0x1be ../../../stdio\libserialLib.a(stdio_driver.o)
 .debug_abbrev  0x00002020      0x364 ../../../stdio\libserialLib.a(serial.o)
 .debug_abbrev  0x00002384       0xe8 ../../../stdio\libserialLib.a(fifo.o)
 .debug_abbrev  0x0000246c       0xff ../../../Iot driver Library\libIotLibrary.a(hal.o)
 .debug_abbrev  0x0000256b      0x184 ../../../Iot driver Library\libIotLibrary.a(hih8120.o)
 .debug_abbrev  0x000026ef      0x228 ../../../Iot driver Library\libIotLibrary.a(led.o)
 .debug_abbrev  0x00002917      0x382 ../../../Iot driver Library\libIotLibrary.a(lora_driver.o)
 .debug_abbrev  0x00002c99       0xc0 ../../../Iot driver Library\libIotLibrary.a(lora_driver_utils.o)
 .debug_abbrev  0x00002d59       0xd3 ../../../Iot driver Library\libIotLibrary.a(mega_register_access.o)
 .debug_abbrev  0x00002e2c      0x20f ../../../Iot driver Library\libIotLibrary.a(mh_z19.o)
 .debug_abbrev  0x0000303b      0x217 ../../../Iot driver Library\libIotLibrary.a(twi.o)

.debug_line     0x00000000     0x71df
 *(.debug_line .debug_line.* .debug_line_end)
 .debug_line    0x00000000      0x1f9 C:/Program Files (x86)/Atmel/Studio/7.0/Packs/atmel/ATmega_DFP/1.2.209/gcc/dev/atmega2560/avr6/crtatmega2560.o
 .debug_line    0x000001f9       0xbf Callbacks/measure_co2_callback.o
 .debug_line    0x000002b8      0x134 Callbacks/timer_callback.o
 .debug_line    0x000003ec      0x10f FreeRTOS/FreeRTOSTraceDriver/FreeRTOSTraceDriver.o
 .debug_line    0x000004fb      0x10f FreeRTOS/src/heap_3.o
 .debug_line    0x0000060a      0x1f0 FreeRTOS/src/list.o
 .debug_line    0x000007fa      0x452 FreeRTOS/src/port.o
 .debug_line    0x00000c4c      0xd73 FreeRTOS/src/queue.o
 .debug_line    0x000019bf      0x89f FreeRTOS/src/stream_buffer.o
 .debug_line    0x0000225e     0x1a12 FreeRTOS/src/tasks.o
 .debug_line    0x00003c70      0x6c1 FreeRTOS/src/timers.o
 .debug_line    0x00004331      0x23a FreeRTOS/src/variantHooks.o
 .debug_line    0x0000456b       0xec m_print.o
 .debug_line    0x00004657       0x80 Setup/create_all_tasks.o
 .debug_line    0x000046d7       0xe3 Setup/create_all_timers.o
 .debug_line    0x000047ba       0x6d Setup/lora_reset.o
 .debug_line    0x00004827      0x22d Setup/lora_setup.o
 .debug_line    0x00004a54      0x177 Setup/global_init.o
 .debug_line    0x00004bcb      0x1b0 Tasks/lora_send_data_task.o
 .debug_line    0x00004d7b      0x168 Tasks/measure_co2_task.o
 .debug_line    0x00004ee3      0x182 Tasks/measure_temp_task.o
 .debug_line    0x00005065       0xae main.o
 .debug_line    0x00005113      0x12f ../../../stdio\libserialLib.a(stdio_driver.o)
 .debug_line    0x00005242      0x620 ../../../stdio\libserialLib.a(serial.o)
 .debug_line    0x00005862      0x10e ../../../stdio\libserialLib.a(fifo.o)
 .debug_line    0x00005970       0xff ../../../Iot driver Library\libIotLibrary.a(hal.o)
 .debug_line    0x00005a6f      0x246 ../../../Iot driver Library\libIotLibrary.a(hih8120.o)
 .debug_line    0x00005cb5      0x32c ../../../Iot driver Library\libIotLibrary.a(led.o)
 .debug_line    0x00005fe1      0x8df ../../../Iot driver Library\libIotLibrary.a(lora_driver.o)
 .debug_line    0x000068c0      0x194 ../../../Iot driver Library\libIotLibrary.a(lora_driver_utils.o)
 .debug_line    0x00006a54      0x1af ../../../Iot driver Library\libIotLibrary.a(mega_register_access.o)
 .debug_line    0x00006c03      0x2d6 ../../../Iot driver Library\libIotLibrary.a(mh_z19.o)
 .debug_line    0x00006ed9      0x306 ../../../Iot driver Library\libIotLibrary.a(twi.o)

.debug_frame    0x00000000     0x2654
 *(.debug_frame)
 .debug_frame   0x00000000       0x34 Callbacks/measure_co2_callback.o
 .debug_frame   0x00000034       0x34 Callbacks/timer_callback.o
 .debug_frame   0x00000068       0x74 FreeRTOS/FreeRTOSTraceDriver/FreeRTOSTraceDriver.o
 .debug_frame   0x000000dc       0x54 FreeRTOS/src/heap_3.o
 .debug_frame   0x00000130       0xb4 FreeRTOS/src/list.o
 .debug_frame   0x000001e4       0xc4 FreeRTOS/src/port.o
 .debug_frame   0x000002a8      0x444 FreeRTOS/src/queue.o
 .debug_frame   0x000006ec      0x3bc FreeRTOS/src/stream_buffer.o
 .debug_frame   0x00000aa8      0x880 FreeRTOS/src/tasks.o
 .debug_frame   0x00001328      0x35c FreeRTOS/src/timers.o
 .debug_frame   0x00001684       0x74 FreeRTOS/src/variantHooks.o
 .debug_frame   0x000016f8       0x34 m_print.o
 .debug_frame   0x0000172c       0x44 Setup/create_all_tasks.o
 .debug_frame   0x00001770       0x3c Setup/create_all_timers.o
 .debug_frame   0x000017ac       0x34 Setup/lora_reset.o
 .debug_frame   0x000017e0       0x34 Setup/lora_setup.o
 .debug_frame   0x00001814       0x34 Setup/global_init.o
 .debug_frame   0x00001848       0x34 Tasks/lora_send_data_task.o
 .debug_frame   0x0000187c       0x34 Tasks/measure_co2_task.o
 .debug_frame   0x000018b0       0x34 Tasks/measure_temp_task.o
 .debug_frame   0x000018e4       0x3c main.o
 .debug_frame   0x00001920       0x84 ../../../stdio\libserialLib.a(stdio_driver.o)
 .debug_frame   0x000019a4      0x384 ../../../stdio\libserialLib.a(serial.o)
 .debug_frame   0x00001d28       0x24 ../../../stdio\libserialLib.a(fifo.o)
 .debug_frame   0x00001d4c       0x24 ../../../Iot driver Library\libIotLibrary.a(hal.o)
 .debug_frame   0x00001d70       0xc0 ../../../Iot driver Library\libIotLibrary.a(hih8120.o)
 .debug_frame   0x00001e30      0x11c ../../../Iot driver Library\libIotLibrary.a(led.o)
 .debug_frame   0x00001f4c      0x3d8 ../../../Iot driver Library\libIotLibrary.a(lora_driver.o)
 .debug_frame   0x00002324       0x48 ../../../Iot driver Library\libIotLibrary.a(lora_driver_utils.o)
 .debug_frame   0x0000236c       0xc4 ../../../Iot driver Library\libIotLibrary.a(mega_register_access.o)
 .debug_frame   0x00002430       0xf8 ../../../Iot driver Library\libIotLibrary.a(mh_z19.o)
 .debug_frame   0x00002528      0x12c ../../../Iot driver Library\libIotLibrary.a(twi.o)

.debug_str      0x00000000     0x3f3b
 *(.debug_str)
 .debug_str     0x00000000      0x3e6 C:/Program Files (x86)/Atmel/Studio/7.0/Packs/atmel/ATmega_DFP/1.2.209/gcc/dev/atmega2560/avr6/crtatmega2560.o
 .debug_str     0x000003e6      0x166 Callbacks/measure_co2_callback.o
                                0x19f (size before relaxing)
 .debug_str     0x0000054c       0xbf Callbacks/timer_callback.o
                                0x226 (size before relaxing)
 .debug_str     0x0000060b       0x70 FreeRTOS/FreeRTOSTraceDriver/FreeRTOSTraceDriver.o
                                0x1b5 (size before relaxing)
 .debug_str     0x0000067b       0x69 FreeRTOS/src/heap_3.o
                                0x1bc (size before relaxing)
 .debug_str     0x000006e4      0x140 FreeRTOS/src/list.o
                                0x2b2 (size before relaxing)
 .debug_str     0x00000824      0x104 FreeRTOS/src/port.o
                                0x279 (size before relaxing)
 .debug_str     0x00000928      0x59e FreeRTOS/src/queue.o
                                0x835 (size before relaxing)
 .debug_str     0x00000ec6      0x4e2 FreeRTOS/src/stream_buffer.o
                                0x743 (size before relaxing)
 .debug_str     0x000013a8      0xca9 FreeRTOS/src/tasks.o
                               0x104f (size before relaxing)
 .debug_str     0x00002051      0x434 FreeRTOS/src/timers.o
                                0x721 (size before relaxing)
 .debug_str     0x00002485       0x77 FreeRTOS/src/variantHooks.o
                                0x23e (size before relaxing)
 .debug_str     0x000024fc       0x23 m_print.o
                                0x1c8 (size before relaxing)
 .debug_str     0x0000251f       0x46 Setup/create_all_tasks.o
                                0x1a5 (size before relaxing)
 .debug_str     0x00002565       0x2f Setup/create_all_timers.o
                                0x1c1 (size before relaxing)
 .debug_str     0x00002594       0x21 Setup/lora_reset.o
                                0x174 (size before relaxing)
 .debug_str     0x000025b5      0x1fa Setup/lora_setup.o
                                0x39f (size before relaxing)
 .debug_str     0x000027af       0xc5 Setup/global_init.o
                                0x2c9 (size before relaxing)
 .debug_str     0x00002874       0x72 Tasks/lora_send_data_task.o
                                0x28f (size before relaxing)
 .debug_str     0x000028e6       0x7d Tasks/measure_co2_task.o
                                0x276 (size before relaxing)
 .debug_str     0x00002963       0x2f Tasks/measure_temp_task.o
                                0x296 (size before relaxing)
 .debug_str     0x00002992       0x11 main.o
                                0x19b (size before relaxing)
 .debug_str     0x000029a3      0x2fd ../../../stdio\libserialLib.a(stdio_driver.o)
                                0x37b (size before relaxing)
 .debug_str     0x00002ca0      0x2ef ../../../stdio\libserialLib.a(serial.o)
                                0x63c (size before relaxing)
 .debug_str     0x00002f8f       0x15 ../../../stdio\libserialLib.a(fifo.o)
                                0x23a (size before relaxing)
 .debug_str     0x00002fa4       0xce ../../../Iot driver Library\libIotLibrary.a(hal.o)
                                0x278 (size before relaxing)
 .debug_str     0x00003072      0x24f ../../../Iot driver Library\libIotLibrary.a(hih8120.o)
                                0x44a (size before relaxing)
 .debug_str     0x000032c1      0x122 ../../../Iot driver Library\libIotLibrary.a(led.o)
                                0x3d2 (size before relaxing)
 .debug_str     0x000033e3      0x60e ../../../Iot driver Library\libIotLibrary.a(lora_driver.o)
                                0xc93 (size before relaxing)
 .debug_str     0x000039f1       0x46 ../../../Iot driver Library\libIotLibrary.a(lora_driver_utils.o)
                                0x205 (size before relaxing)
 .debug_str     0x00003a37       0xda ../../../Iot driver Library\libIotLibrary.a(mega_register_access.o)
                                0x252 (size before relaxing)
 .debug_str     0x00003b11      0x147 ../../../Iot driver Library\libIotLibrary.a(mh_z19.o)
                                0x47a (size before relaxing)
 .debug_str     0x00003c58      0x2e3 ../../../Iot driver Library\libIotLibrary.a(twi.o)
                                0x5a8 (size before relaxing)

.debug_loc      0x00000000     0x66ae
 *(.debug_loc)
 .debug_loc     0x00000000       0x48 Callbacks/measure_co2_callback.o
 .debug_loc     0x00000048       0x48 Callbacks/timer_callback.o
 .debug_loc     0x00000090       0xcb FreeRTOS/FreeRTOSTraceDriver/FreeRTOSTraceDriver.o
 .debug_loc     0x0000015b       0x90 FreeRTOS/src/heap_3.o
 .debug_loc     0x000001eb      0x167 FreeRTOS/src/list.o
 .debug_loc     0x00000352       0xf8 FreeRTOS/src/port.o
 .debug_loc     0x0000044a      0x95b FreeRTOS/src/queue.o
 .debug_loc     0x00000da5      0x843 FreeRTOS/src/stream_buffer.o
 .debug_loc     0x000015e8     0x12c2 FreeRTOS/src/tasks.o
 .debug_loc     0x000028aa      0x74e FreeRTOS/src/timers.o
 .debug_loc     0x00002ff8       0xc9 FreeRTOS/src/variantHooks.o
 .debug_loc     0x000030c1       0x48 m_print.o
 .debug_loc     0x00003109       0x6f Setup/create_all_tasks.o
 .debug_loc     0x00003178       0x55 Setup/create_all_timers.o
 .debug_loc     0x000031cd       0x3b Setup/lora_reset.o
 .debug_loc     0x00003208       0x48 Setup/lora_setup.o
 .debug_loc     0x00003250       0x3b Setup/global_init.o
 .debug_loc     0x0000328b       0x48 Tasks/lora_send_data_task.o
 .debug_loc     0x000032d3       0x48 Tasks/measure_co2_task.o
 .debug_loc     0x0000331b       0x48 Tasks/measure_temp_task.o
 .debug_loc     0x00003363       0x55 main.o
 .debug_loc     0x000033b8      0x144 ../../../stdio\libserialLib.a(stdio_driver.o)
 .debug_loc     0x000034fc     0x1080 ../../../stdio\libserialLib.a(serial.o)
 .debug_loc     0x0000457c      0x15e ../../../stdio\libserialLib.a(fifo.o)
 .debug_loc     0x000046da       0x2c ../../../Iot driver Library\libIotLibrary.a(hal.o)
 .debug_loc     0x00004706       0x9f ../../../Iot driver Library\libIotLibrary.a(hih8120.o)
 .debug_loc     0x000047a5      0x390 ../../../Iot driver Library\libIotLibrary.a(led.o)
 .debug_loc     0x00004b35      0xf7c ../../../Iot driver Library\libIotLibrary.a(lora_driver.o)
 .debug_loc     0x00005ab1      0x1d2 ../../../Iot driver Library\libIotLibrary.a(lora_driver_utils.o)
 .debug_loc     0x00005c83       0xe9 ../../../Iot driver Library\libIotLibrary.a(mega_register_access.o)
 .debug_loc     0x00005d6c      0x3cd ../../../Iot driver Library\libIotLibrary.a(mh_z19.o)
 .debug_loc     0x00006139      0x575 ../../../Iot driver Library\libIotLibrary.a(twi.o)

.debug_macinfo
 *(.debug_macinfo)

.debug_weaknames
 *(.debug_weaknames)

.debug_funcnames
 *(.debug_funcnames)

.debug_typenames
 *(.debug_typenames)

.debug_varnames
 *(.debug_varnames)

.debug_pubtypes
 *(.debug_pubtypes)

.debug_ranges   0x00000000      0x9d0
 *(.debug_ranges)
 .debug_ranges  0x00000000       0x10 Callbacks/measure_co2_callback.o
 .debug_ranges  0x00000010       0x10 Callbacks/timer_callback.o
 .debug_ranges  0x00000020       0x20 FreeRTOS/FreeRTOSTraceDriver/FreeRTOSTraceDriver.o
 .debug_ranges  0x00000040       0x18 FreeRTOS/src/heap_3.o
 .debug_ranges  0x00000058       0x30 FreeRTOS/src/list.o
 .debug_ranges  0x00000088       0x40 FreeRTOS/src/port.o
 .debug_ranges  0x000000c8      0x108 FreeRTOS/src/queue.o
 .debug_ranges  0x000001d0       0xc8 FreeRTOS/src/stream_buffer.o
 .debug_ranges  0x00000298      0x200 FreeRTOS/src/tasks.o
 .debug_ranges  0x00000498       0xc0 FreeRTOS/src/timers.o
 .debug_ranges  0x00000558       0x20 FreeRTOS/src/variantHooks.o
 .debug_ranges  0x00000578       0x10 m_print.o
 .debug_ranges  0x00000588       0x10 Setup/create_all_tasks.o
 .debug_ranges  0x00000598       0x10 Setup/create_all_timers.o
 .debug_ranges  0x000005a8       0x10 Setup/lora_reset.o
 .debug_ranges  0x000005b8       0x10 Setup/lora_setup.o
 .debug_ranges  0x000005c8       0x10 Setup/global_init.o
 .debug_ranges  0x000005d8       0x10 Tasks/lora_send_data_task.o
 .debug_ranges  0x000005e8       0x10 Tasks/measure_co2_task.o
 .debug_ranges  0x000005f8       0x10 Tasks/measure_temp_task.o
 .debug_ranges  0x00000608       0x10 main.o
 .debug_ranges  0x00000618       0x28 ../../../stdio\libserialLib.a(stdio_driver.o)
 .debug_ranges  0x00000640       0x98 ../../../stdio\libserialLib.a(serial.o)
 .debug_ranges  0x000006d8       0x10 ../../../stdio\libserialLib.a(fifo.o)
 .debug_ranges  0x000006e8       0x10 ../../../Iot driver Library\libIotLibrary.a(hal.o)
 .debug_ranges  0x000006f8       0x58 ../../../Iot driver Library\libIotLibrary.a(hih8120.o)
 .debug_ranges  0x00000750       0x58 ../../../Iot driver Library\libIotLibrary.a(led.o)
 .debug_ranges  0x000007a8      0x118 ../../../Iot driver Library\libIotLibrary.a(lora_driver.o)
 .debug_ranges  0x000008c0       0x30 ../../../Iot driver Library\libIotLibrary.a(lora_driver_utils.o)
 .debug_ranges  0x000008f0       0x60 ../../../Iot driver Library\libIotLibrary.a(mega_register_access.o)
 .debug_ranges  0x00000950       0x40 ../../../Iot driver Library\libIotLibrary.a(mh_z19.o)
 .debug_ranges  0x00000990       0x40 ../../../Iot driver Library\libIotLibrary.a(twi.o)

.debug_macro
 *(.debug_macro)
OUTPUT(Sensors.elf elf32-avr)
LOAD linker stubs
