Archive member included to satisfy reference by file (symbol)

../../../stdio\libserialLib.a(stdio_driver.o)
                              main.o (stdioCreate)
../../../stdio\libserialLib.a(serial.o)
                              ../../../stdio\libserialLib.a(stdio_driver.o) (serial_new_instance)
../../../stdio\libserialLib.a(fifo.o)
                              ../../../stdio\libserialLib.a(serial.o) (fifo_init)
../../../Iot driver Library\libIotLibrary.a(hal.o)
                              main.o (hal_create)
../../../Iot driver Library\libIotLibrary.a(hih8120.o)
                              TemperatureTask.o (hih8120Wakeup)
../../../Iot driver Library\libIotLibrary.a(led.o)
                              ../../../Iot driver Library\libIotLibrary.a(hal.o) (led_create)
../../../Iot driver Library\libIotLibrary.a(lora_driver.o)
                              LoraHandler.o (lora_driver_flush_buffers)
../../../Iot driver Library\libIotLibrary.a(lora_driver_utils.o)
                              ../../../Iot driver Library\libIotLibrary.a(lora_driver.o) (decode_port_no)
../../../Iot driver Library\libIotLibrary.a(mega_register_access.o)
                              ../../../Iot driver Library\libIotLibrary.a(hal.o) (reg_read_register)
../../../Iot driver Library\libIotLibrary.a(mh_z19.o)
                              CO2Task.o (mh_z19_take_meassuring)
../../../Iot driver Library\libIotLibrary.a(twi.o)
                              ../../../Iot driver Library\libIotLibrary.a(hih8120.o) (twiCreate)
c:/program files (x86)/atmel/studio/7.0/toolchain/avr8/avr8-gnu-toolchain/bin/../lib/gcc/avr/5.4.0/avr6\libgcc.a(_udivmodsi4.o)
                              ../../../Iot driver Library\libIotLibrary.a(twi.o) (__udivmodsi4)
c:/program files (x86)/atmel/studio/7.0/toolchain/avr8/avr8-gnu-toolchain/bin/../lib/gcc/avr/5.4.0/avr6\libgcc.a(_exit.o)
                              C:/Program Files (x86)/Atmel/Studio/7.0/Packs/atmel/ATmega_DFP/1.2.209/gcc/dev/atmega2560/avr6/crtatmega2560.o (exit)
c:/program files (x86)/atmel/studio/7.0/toolchain/avr8/avr8-gnu-toolchain/bin/../lib/gcc/avr/5.4.0/avr6\libgcc.a(_tablejump2.o)
                              FreeRTOS/src/timers.o (__tablejump2__)
c:/program files (x86)/atmel/studio/7.0/toolchain/avr8/avr8-gnu-toolchain/bin/../lib/gcc/avr/5.4.0/avr6\libgcc.a(_copy_data.o)
                              CO2Task.o (__do_copy_data)
c:/program files (x86)/atmel/studio/7.0/toolchain/avr8/avr8-gnu-toolchain/bin/../lib/gcc/avr/5.4.0/avr6\libgcc.a(_clear_bss.o)
                              CO2Task.o (__do_clear_bss)
c:/program files (x86)/atmel/studio/7.0/toolchain/avr8/avr8-gnu-toolchain/bin/../lib/gcc/avr/5.4.0/../../../../avr/lib/avr6\libm.a(addsf3.o)
                              ../../../stdio\libserialLib.a(serial.o) (__subsf3)
c:/program files (x86)/atmel/studio/7.0/toolchain/avr8/avr8-gnu-toolchain/bin/../lib/gcc/avr/5.4.0/../../../../avr/lib/avr6\libm.a(addsf3x.o)
                              c:/program files (x86)/atmel/studio/7.0/toolchain/avr8/avr8-gnu-toolchain/bin/../lib/gcc/avr/5.4.0/../../../../avr/lib/avr6\libm.a(addsf3.o) (__addsf3x)
c:/program files (x86)/atmel/studio/7.0/toolchain/avr8/avr8-gnu-toolchain/bin/../lib/gcc/avr/5.4.0/../../../../avr/lib/avr6\libm.a(divsf3.o)
                              ../../../stdio\libserialLib.a(serial.o) (__divsf3)
c:/program files (x86)/atmel/studio/7.0/toolchain/avr8/avr8-gnu-toolchain/bin/../lib/gcc/avr/5.4.0/../../../../avr/lib/avr6\libm.a(divsf3x.o)
                              c:/program files (x86)/atmel/studio/7.0/toolchain/avr8/avr8-gnu-toolchain/bin/../lib/gcc/avr/5.4.0/../../../../avr/lib/avr6\libm.a(divsf3.o) (__divsf3x)
c:/program files (x86)/atmel/studio/7.0/toolchain/avr8/avr8-gnu-toolchain/bin/../lib/gcc/avr/5.4.0/../../../../avr/lib/avr6\libm.a(fixsfsi.o)
                              ../../../Iot driver Library\libIotLibrary.a(hih8120.o) (__fixsfsi)
c:/program files (x86)/atmel/studio/7.0/toolchain/avr8/avr8-gnu-toolchain/bin/../lib/gcc/avr/5.4.0/../../../../avr/lib/avr6\libm.a(fixunssfsi.o)
                              ../../../stdio\libserialLib.a(serial.o) (__fixunssfsi)
c:/program files (x86)/atmel/studio/7.0/toolchain/avr8/avr8-gnu-toolchain/bin/../lib/gcc/avr/5.4.0/../../../../avr/lib/avr6\libm.a(floatsisf.o)
                              ../../../stdio\libserialLib.a(serial.o) (__floatunsisf)
c:/program files (x86)/atmel/studio/7.0/toolchain/avr8/avr8-gnu-toolchain/bin/../lib/gcc/avr/5.4.0/../../../../avr/lib/avr6\libm.a(fp_inf.o)
                              c:/program files (x86)/atmel/studio/7.0/toolchain/avr8/avr8-gnu-toolchain/bin/../lib/gcc/avr/5.4.0/../../../../avr/lib/avr6\libm.a(addsf3x.o) (__fp_inf)
c:/program files (x86)/atmel/studio/7.0/toolchain/avr8/avr8-gnu-toolchain/bin/../lib/gcc/avr/5.4.0/../../../../avr/lib/avr6\libm.a(fp_nan.o)
[...]
Memory Configuration

Name             Origin             Length             Attributes
text             0x00000000         0x00100000         xr
data             0x00800200         0x0000fe00         rw !x
eeprom           0x00810000         0x00010000         rw !x
fuse             0x00820000         0x00000003         rw !x
lock             0x00830000         0x00000400         rw !x
signature        0x00840000         0x00000400         rw !x
user_signatures  0x00850000         0x00000400         rw !x
*default*        0x00000000         0xffffffff

Linker script and memory map

Address of section .data set to 0x800200
LOAD C:/Program Files (x86)/Atmel/Studio/7.0/Packs/atmel/ATmega_DFP/1.2.209/gcc/dev/atmega2560/avr6/crtatmega2560.o
LOAD CO2Task.o
LOAD LEDTask.o
LOAD LoraHandler.o
LOAD TemperatureTask.o
LOAD FreeRTOS/FreeRTOSTraceDriver/FreeRTOSTraceDriver.o
LOAD FreeRTOS/src/croutine.o
LOAD FreeRTOS/src/event_groups.o
LOAD FreeRTOS/src/heap_3.o
LOAD FreeRTOS/src/list.o
LOAD FreeRTOS/src/port.o
LOAD FreeRTOS/src/queue.o
LOAD FreeRTOS/src/stream_buffer.o
LOAD FreeRTOS/src/tasks.o
LOAD FreeRTOS/src/timers.o
LOAD FreeRTOS/src/variantHooks.o
LOAD main.o
START GROUP
LOAD ../../../stdio\libserialLib.a
LOAD ../../../Iot driver Library\libIotLibrary.a
END GROUP
START GROUP
LOAD c:/program files (x86)/atmel/studio/7.0/toolchain/avr8/avr8-gnu-toolchain/bin/../lib/gcc/avr/5.4.0/avr6\libgcc.a
LOAD c:/program files (x86)/atmel/studio/7.0/toolchain/avr8/avr8-gnu-toolchain/bin/../lib/gcc/avr/5.4.0/../../../../avr/lib/avr6\libm.a
LOAD c:/program files (x86)/atmel/studio/7.0/toolchain/avr8/avr8-gnu-toolchain/bin/../lib/gcc/avr/5.4.0/../../../../avr/lib/avr6\libc.a
LOAD C:/Program Files (x86)/Atmel/Studio/7.0/Packs/atmel/ATmega_DFP/1.2.209/gcc/dev/atmega2560/avr6\libatmega2560.a
END GROUP
                0x00100000                __TEXT_REGION_LENGTH__ = DEFINED (__TEXT_REGION_LENGTH__)?__TEXT_REGION_LENGTH__:0x100000
                0x0000fe00                __DATA_REGION_LENGTH__ = DEFINED (__DATA_REGION_LENGTH__)?__DATA_REGION_LENGTH__:0xfe00
                0x00010000                __EEPROM_REGION_LENGTH__ = DEFINED (__EEPROM_REGION_LENGTH__)?__EEPROM_REGION_LENGTH__:0x10000
                [0x00000003]                __FUSE_REGION_LENGTH__ = DEFINED (__FUSE_REGION_LENGTH__)?__FUSE_REGION_LENGTH__:0x400
                0x00000400                __LOCK_REGION_LENGTH__ = DEFINED (__LOCK_REGION_LENGTH__)?__LOCK_REGION_LENGTH__:0x400
                0x00000400                __SIGNATURE_REGION_LENGTH__ = DEFINED (__SIGNATURE_REGION_LENGTH__)?__SIGNATURE_REGION_LENGTH__:0x400
                0x00000400                __USER_SIGNATURE_REGION_LENGTH__ = DEFINED (__USER_SIGNATURE_REGION_LENGTH__)?__USER_SIGNATURE_REGION_LENGTH__:0x400

.hash
 *(.hash)

.dynsym
 *(.dynsym)

.dynstr
 *(.dynstr)

.gnu.version
 *(.gnu.version)

.gnu.version_d
 *(.gnu.version_d)

.gnu.version_r
 *(.gnu.version_r)

.rel.init
 *(.rel.init)

.rela.init
 *(.rela.init)

.rel.text
 *(.rel.text)
 *(.rel.text.*)
 *(.rel.gnu.linkonce.t*)

.rela.text
 *(.rela.text)
 *(.rela.text.*)
 *(.rela.gnu.linkonce.t*)

.rel.fini
 *(.rel.fini)

.rela.fini
 *(.rela.fini)

.rel.rodata
 *(.rel.rodata)
 *(.rel.rodata.*)
 *(.rel.gnu.linkonce.r*)

.rela.rodata
 *(.rela.rodata)
 *(.rela.rodata.*)
 *(.rela.gnu.linkonce.r*)

.rel.data
 *(.rel.data)
 *(.rel.data.*)
 *(.rel.gnu.linkonce.d*)

.rela.data
 *(.rela.data)
 *(.rela.data.*)
 *(.rela.gnu.linkonce.d*)

.rel.ctors
 *(.rel.ctors)

.rela.ctors
 *(.rela.ctors)

.rel.dtors
 *(.rel.dtors)

.rela.dtors
 *(.rela.dtors)

.rel.got
 *(.rel.got)

.rela.got
 *(.rela.got)

.rel.bss
 *(.rel.bss)

.rela.bss
 *(.rela.bss)

.rel.plt
 *(.rel.plt)

.rela.plt
 *(.rela.plt)

.text           0x00000000     0x464c
 *(.vectors)
 .vectors       0x00000000       0xe4 C:/Program Files (x86)/Atmel/Studio/7.0/Packs/atmel/ATmega_DFP/1.2.209/gcc/dev/atmega2560/avr6/crtatmega2560.o
                0x00000000                __vector_default
                0x00000000                __vectors
 *(.vectors)
 *(.progmem.gcc*)
 .progmem.gcc_sw_table
                0x000000e4       0x14 FreeRTOS/src/timers.o
 .progmem.gcc_sw_table.__vector_39
                0x000000f8       0xa2 ../../../Iot driver Library\libIotLibrary.a(twi.o)
                0x0000019a                . = ALIGN (0x2)
                0x0000019a                __trampolines_start = .
 *(.trampolines)
 .trampolines   0x0000019a        0x0 linker stubs
 *(.trampolines*)
                0x0000019a                __trampolines_end = .
 *libprintf_flt.a:*(.progmem.data)
 *libc.a:*(.progmem.data)
 *(.progmem*)
                0x0000019a                . = ALIGN (0x2)
 *(.jumptables)
 *(.jumptables*)
 *(.lowtext)
 .lowtext       0x0000019a       0x6c FreeRTOS/src/tasks.o
 .lowtext       0x00000206      0x206 FreeRTOS/src/timers.o
 *(.lowtext*)
                0x0000040c                __ctors_start = .
 *(.ctors)
                0x0000040c                __ctors_end = .
                0x0000040c                __dtors_start = .
 *(.dtors)
                0x0000040c                __dtors_end = .
 SORT(*)(.ctors)
 SORT(*)(.dtors)
 *(.init0)
 .init0         0x0000040c        0x0 C:/Program Files (x86)/Atmel/Studio/7.0/Packs/atmel/ATmega_DFP/1.2.209/gcc/dev/atmega2560/avr6/crtatmega2560.o
                0x0000040c                __init
 *(.init0)
 *(.init1)
 *(.init1)
 *(.init2)
 .init2         0x0000040c       0x10 C:/Program Files (x86)/Atmel/Studio/7.0/Packs/atmel/ATmega_DFP/1.2.209/gcc/dev/atmega2560/avr6/crtatmega2560.o
 *(.init2)
 *(.init3)
 *(.init3)
 *(.init4)
 .init4         0x0000041c       0x1a c:/program files (x86)/atmel/studio/7.0/toolchain/avr8/avr8-gnu-toolchain/bin/../lib/gcc/avr/5.4.0/avr6\libgcc.a(_copy_data.o)
                0x0000041c                __do_copy_data
 .init4         0x00000436       0x10 c:/program files (x86)/atmel/studio/7.0/toolchain/avr8/avr8-gnu-toolchain/bin/../lib/gcc/avr/5.4.0/avr6\libgcc.a(_clear_bss.o)
                0x00000436                __do_clear_bss
 *(.init4)
 *(.init5)
 *(.init5)
 *(.init6)
 *(.init6)
 *(.init7)
 *(.init7)
 *(.init8)
 *(.init8)
 *(.init9)
 .init9         0x00000446        0x8 C:/Program Files (x86)/Atmel/Studio/7.0/Packs/atmel/ATmega_DFP/1.2.209/gcc/dev/atmega2560/avr6/crtatmega2560.o
 *(.init9)
 *(.text)
 .text          0x0000044e        0x2 C:/Program Files (x86)/Atmel/Studio/7.0/Packs/atmel/ATmega_DFP/1.2.209/gcc/dev/atmega2560/avr6/crtatmega2560.o
                0x0000044e                __vector_38
                0x0000044e                __vector_22
                0x0000044e                __vector_28
                0x0000044e                __vector_1
                0x0000044e                __vector_32
                0x0000044e                __vector_34
                0x0000044e                __vector_24
                0x0000044e                __vector_46
                0x0000044e                __bad_interrupt
                0x0000044e                __vector_6
                0x0000044e                __vector_31
                0x0000044e                __vector_35
                0x0000044e                __vector_3
                0x0000044e                __vector_23
                0x0000044e                __vector_30
                0x0000044e                __vector_45
                0x0000044e                __vector_11
                0x0000044e                __vector_13
                0x0000044e                __vector_17
                0x0000044e                __vector_19
                0x0000044e                __vector_56
                0x0000044e                __vector_7
                0x0000044e                __vector_49
                0x0000044e                __vector_41
                0x0000044e                __vector_43
                0x0000044e                __vector_27
                0x0000044e                __vector_5
                0x0000044e                __vector_33
                0x0000044e                __vector_47
                0x0000044e                __vector_4
                0x0000044e                __vector_44
                0x0000044e                __vector_9
                0x0000044e                __vector_2
                0x0000044e                __vector_21
                0x0000044e                __vector_15
                0x0000044e                __vector_29
                0x0000044e                __vector_40
                0x0000044e                __vector_8
                0x0000044e                __vector_48
                0x0000044e                __vector_14
                0x0000044e                __vector_53
                0x0000044e                __vector_10
                0x0000044e                __vector_50
                0x0000044e                __vector_16
                0x0000044e                __vector_18
                0x0000044e                __vector_20
                0x0000044e                __vector_42
                0x00000450                . = ALIGN (0x2)
 *(.text.*)
 .text.lora_handler_task
                0x00000450      0x1f6 LoraHandler.o
                0x00000450                lora_handler_task
 .text.lora_handler_create
                0x00000646       0x26 LoraHandler.o
                0x00000646                lora_handler_create
 .text.task_switch_in
                0x0000066c       0x14 FreeRTOS/FreeRTOSTraceDriver/FreeRTOSTraceDriver.o
                0x0000066c                task_switch_in
 .text.task_switch_out
                0x00000680        0xc FreeRTOS/FreeRTOSTraceDriver/FreeRTOSTraceDriver.o
                0x00000680                task_switch_out
 .text.pvPortMalloc
                0x0000068c       0x26 FreeRTOS/src/heap_3.o
                0x0000068c                pvPortMalloc
 .text.vPortFree
                0x000006b2       0x1e FreeRTOS/src/heap_3.o
                0x000006b2                vPortFree
 .text.vListInitialise
                0x000006d0       0x1c FreeRTOS/src/list.o
                0x000006d0                vListInitialise
 .text.vListInitialiseItem
                0x000006ec        0x8 FreeRTOS/src/list.o
                0x000006ec                vListInitialiseItem
 .text.vListInsertEnd
                0x000006f4       0x42 FreeRTOS/src/list.o
                0x000006f4                vListInsertEnd
 .text.vListInsert
                0x00000736       0x62 FreeRTOS/src/list.o
                0x00000736                vListInsert
 .text.uxListRemove
                0x00000798       0x4e FreeRTOS/src/list.o
                0x00000798                uxListRemove
 .text.pxPortInitialiseStack
                0x000007e6       0xe4 FreeRTOS/src/port.o
                0x000007e6                pxPortInitialiseStack
 .text.xPortStartScheduler
                0x000008ca       0x78 FreeRTOS/src/port.o
                0x000008ca                xPortStartScheduler
 .text.vPortYield
                0x00000942       0xc2 FreeRTOS/src/port.o
                0x00000942                vPortYield
 .text.vPortYieldFromTick
                0x00000a04       0xc8 FreeRTOS/src/port.o
                0x00000a04                vPortYieldFromTick
 .text.__vector_12
                0x00000acc        0x4 FreeRTOS/src/port.o
                0x00000acc                __vector_12
 .text.prvIsQueueEmpty
                0x00000ad0       0x16 FreeRTOS/src/queue.o
 .text.prvCopyDataToQueue
                0x00000ae6       0xbe FreeRTOS/src/queue.o
 .text.prvCopyDataFromQueue
                0x00000ba4       0x34 FreeRTOS/src/queue.o
 .text.prvUnlockQueue
                0x00000bd8       0x98 FreeRTOS/src/queue.o
 .text.xQueueGenericReset
                0x00000c70       0x84 FreeRTOS/src/queue.o
                0x00000c70                xQueueGenericReset
 .text.xQueueGenericCreate
                0x00000cf4       0x5c FreeRTOS/src/queue.o
                0x00000cf4                xQueueGenericCreate
 .text.xQueueGenericSend
                0x00000d50      0x124 FreeRTOS/src/queue.o
                0x00000d50                xQueueGenericSend
 .text.xQueueGenericSendFromISR
                0x00000e74       0x70 FreeRTOS/src/queue.o
                0x00000e74                xQueueGenericSendFromISR
 .text.xQueueReceive
                0x00000ee4      0x112 FreeRTOS/src/queue.o
                0x00000ee4                xQueueReceive
 .text.vQueueWaitForMessageRestricted
                0x00000ff6       0x36 FreeRTOS/src/queue.o
                0x00000ff6                vQueueWaitForMessageRestricted
 .text.prvBytesInBuffer
                0x0000102c       0x26 FreeRTOS/src/stream_buffer.o
 .text.prvWriteBytesToBuffer
                0x00001052       0x92 FreeRTOS/src/stream_buffer.o
 .text.prvWriteMessageToBuffer
                0x000010e4       0x80 FreeRTOS/src/stream_buffer.o
 .text.prvReadBytesFromBuffer
                0x00001164       0x9c FreeRTOS/src/stream_buffer.o
 .text.xStreamBufferGenericCreate
                0x00001200       0x58 FreeRTOS/src/stream_buffer.o
                0x00001200                xStreamBufferGenericCreate
 .text.xStreamBufferReset
                0x00001258       0x5a FreeRTOS/src/stream_buffer.o
                0x00001258                xStreamBufferReset
 .text.xStreamBufferSpacesAvailable
                0x000012b2       0x24 FreeRTOS/src/stream_buffer.o
                0x000012b2                xStreamBufferSpacesAvailable
 .text.xStreamBufferSendFromISR
                0x000012d6       0x84 FreeRTOS/src/stream_buffer.o
                0x000012d6                xStreamBufferSendFromISR
 .text.xStreamBufferReceive
                0x0000135a      0x134 FreeRTOS/src/stream_buffer.o
                0x0000135a                xStreamBufferReceive
 .text.prvResetNextTaskUnblockTime
                0x0000148e       0x3e FreeRTOS/src/tasks.o
 .text.prvAddCurrentTaskToDelayedList
                0x000014cc       0xa8 FreeRTOS/src/tasks.o
 .text.xTaskCreate
                0x00001574      0x220 FreeRTOS/src/tasks.o
                0x00001574                xTaskCreate
 .text.vTaskStartScheduler
                0x00001794       0x64 FreeRTOS/src/tasks.o
                0x00001794                vTaskStartScheduler
 .text.vTaskSuspendAll
                0x000017f8        0xc FreeRTOS/src/tasks.o
                0x000017f8                vTaskSuspendAll
 .text.xTaskGetTickCount
                0x00001804       0x14 FreeRTOS/src/tasks.o
                0x00001804                xTaskGetTickCount
 .text.xTaskIncrementTick
                0x00001818      0x174 FreeRTOS/src/tasks.o
                0x00001818                xTaskIncrementTick
 .text.xTaskResumeAll
                0x0000198c       0xfa FreeRTOS/src/tasks.o
                0x0000198c                xTaskResumeAll
 .text.vTaskDelay
                0x00001a86       0x22 FreeRTOS/src/tasks.o
                0x00001a86                vTaskDelay
 .text.vTaskSwitchContext
                0x00001aa8      0x11c FreeRTOS/src/tasks.o
                0x00001aa8                vTaskSwitchContext
 .text.vTaskPlaceOnEventList
                0x00001bc4       0x22 FreeRTOS/src/tasks.o
                0x00001bc4                vTaskPlaceOnEventList
 .text.vTaskPlaceOnEventListRestricted
                0x00001be6       0x30 FreeRTOS/src/tasks.o
                0x00001be6                vTaskPlaceOnEventListRestricted
 .text.xTaskRemoveFromEventList
                0x00001c16       0x90 FreeRTOS/src/tasks.o
                0x00001c16                xTaskRemoveFromEventList
 .text.vTaskInternalSetTimeOutState
                0x00001ca6       0x16 FreeRTOS/src/tasks.o
                0x00001ca6                vTaskInternalSetTimeOutState
 .text.xTaskCheckForTimeOut
                0x00001cbc       0x6a FreeRTOS/src/tasks.o
                0x00001cbc                xTaskCheckForTimeOut
 .text.vTaskMissedYield
                0x00001d26        0x8 FreeRTOS/src/tasks.o
                0x00001d26                vTaskMissedYield
 .text.xTaskGetCurrentTaskHandle
                0x00001d2e        0xa FreeRTOS/src/tasks.o
                0x00001d2e                xTaskGetCurrentTaskHandle
 .text.xTaskGetSchedulerState
                0x00001d38       0x1c FreeRTOS/src/tasks.o
                0x00001d38                xTaskGetSchedulerState
 .text.xTaskPriorityDisinherit
                0x00001d54       0x80 FreeRTOS/src/tasks.o
                0x00001d54                xTaskPriorityDisinherit
 .text.xTaskNotifyWait
                0x00001dd4      0x106 FreeRTOS/src/tasks.o
                0x00001dd4                xTaskNotifyWait
 .text.xTaskGenericNotify
                0x00001eda       0xfc FreeRTOS/src/tasks.o
                0x00001eda                xTaskGenericNotify
 .text.xTaskGenericNotifyFromISR
                0x00001fd6      0x120 FreeRTOS/src/tasks.o
                0x00001fd6                xTaskGenericNotifyFromISR
 .text.xTaskNotifyStateClear
                0x000020f6       0x28 FreeRTOS/src/tasks.o
                0x000020f6                xTaskNotifyStateClear
 .text.prvInsertTimerInActiveList
                0x0000211e       0x5e FreeRTOS/src/timers.o
 .text.prvCheckForValidListAndQueue
                0x0000217c       0x52 FreeRTOS/src/timers.o
 .text.xTimerCreateTimerTask
                0x000021ce       0x40 FreeRTOS/src/timers.o
                0x000021ce                xTimerCreateTimerTask
 .text.xTimerGenericCommand
                0x0000220e       0x8e FreeRTOS/src/timers.o
                0x0000220e                xTimerGenericCommand
 .text.prvSampleTimeNow
                0x0000229c       0xdc FreeRTOS/src/timers.o
 .text.vApplicationIdleHook
                0x00002378        0x2 FreeRTOS/src/variantHooks.o
                0x00002378                vApplicationIdleHook
 .text.vApplicationMallocFailedHook
                0x0000237a       0x1a FreeRTOS/src/variantHooks.o
                0x0000237a                vApplicationMallocFailedHook
 .text.vApplicationStackOverflowHook
                0x00002394       0x1a FreeRTOS/src/variantHooks.o
                0x00002394                vApplicationStackOverflowHook
 .text.main     0x000023ae       0x1a main.o
                0x000023ae                main
 .text.usart_getchar
                0x000023c8       0x2a ../../../stdio\libserialLib.a(stdio_driver.o)
 .text.usart_putchar
                0x000023f2       0x12 ../../../stdio\libserialLib.a(stdio_driver.o)
 .text.stdioCreate
                0x00002404       0x52 ../../../stdio\libserialLib.a(stdio_driver.o)
                0x00002404                stdioCreate
 .text.serial_new_instance
                0x00002456      0x140 ../../../stdio\libserialLib.a(serial.o)
                0x00002456                serial_new_instance
 .text.serial_send_byte
                0x00002596       0x4a ../../../stdio\libserialLib.a(serial.o)
                0x00002596                serial_send_byte
 .text.serial_send_bytes
                0x000025e0       0xa0 ../../../stdio\libserialLib.a(serial.o)
                0x000025e0                serial_send_bytes
 .text.serial_get_byte
                0x00002680       0x38 ../../../stdio\libserialLib.a(serial.o)
                0x00002680                serial_get_byte
 .text.__vector_25
                0x000026b8       0xa4 ../../../stdio\libserialLib.a(serial.o)
                0x000026b8                __vector_25
 .text.__vector_26
                0x0000275c       0x88 ../../../stdio\libserialLib.a(serial.o)
                0x0000275c                __vector_26
 .text.__vector_36
                0x000027e4       0xa4 ../../../stdio\libserialLib.a(serial.o)
                0x000027e4                __vector_36
 .text.__vector_37
                0x00002888       0x88 ../../../stdio\libserialLib.a(serial.o)
                0x00002888                __vector_37
 .text.__vector_51
                0x00002910       0xa4 ../../../stdio\libserialLib.a(serial.o)
                0x00002910                __vector_51
 .text.__vector_52
                0x000029b4       0x88 ../../../stdio\libserialLib.a(serial.o)
                0x000029b4                __vector_52
 .text.__vector_54
                0x00002a3c       0xa4 ../../../stdio\libserialLib.a(serial.o)
                0x00002a3c                __vector_54
 .text.__vector_55
                0x00002ae0       0x88 ../../../stdio\libserialLib.a(serial.o)
                0x00002ae0                __vector_55
 .text.fifo_init
                0x00002b68       0x3e ../../../stdio\libserialLib.a(fifo.o)
                0x00002b68                fifo_init
 .text.hal_create
                0x00002ba6       0x64 ../../../Iot driver Library\libIotLibrary.a(hal.o)
                0x00002ba6                hal_create
 .text._turn_off
                0x00002c0a       0x5c ../../../Iot driver Library\libIotLibrary.a(led.o)
 .text._turn_on
                0x00002c66       0x5c ../../../Iot driver Library\libIotLibrary.a(led.o)
 .text._hal_led_task
                0x00002cc2       0x88 ../../../Iot driver Library\libIotLibrary.a(led.o)
 .text.led_create
                0x00002d4a      0x10a ../../../Iot driver Library\libIotLibrary.a(led.o)
                0x00002d4a                led_create
 .text.led_slow_blink
                0x00002e54       0x4e ../../../Iot driver Library\libIotLibrary.a(led.o)
                0x00002e54                led_slow_blink
 .text.led_fast_blink
                0x00002ea2       0x4e ../../../Iot driver Library\libIotLibrary.a(led.o)
                0x00002ea2                led_fast_blink
 .text.led_led_on
                0x00002ef0       0x1e ../../../Iot driver Library\libIotLibrary.a(led.o)
                0x00002ef0                led_led_on
 .text.led_led_off
                0x00002f0e       0x1e ../../../Iot driver Library\libIotLibrary.a(led.o)
                0x00002f0e                led_led_off
 .text.led_long_puls
                0x00002f2c       0x24 ../../../Iot driver Library\libIotLibrary.a(led.o)
                0x00002f2c                led_long_puls
 .text.led_short_puls
                0x00002f50       0x24 ../../../Iot driver Library\libIotLibrary.a(led.o)
                0x00002f50                led_short_puls
 .text._serial_call_back
                0x00002f74       0x8c ../../../Iot driver Library\libIotLibrary.a(lora_driver.o)
 .text._upload_message
                0x00003000       0xac ../../../Iot driver Library\libIotLibrary.a(lora_driver.o)
 .text._reply2return_code
                0x000030ac       0x74 ../../../Iot driver Library\libIotLibrary.a(lora_driver.o)
 .text._upload_message_rc
                0x00003120        0x6 ../../../Iot driver Library\libIotLibrary.a(lora_driver.o)
 .text.lora_driver_flush_buffers
                0x00003126        0xe ../../../Iot driver Library\libIotLibrary.a(lora_driver.o)
                0x00003126                lora_driver_flush_buffers
 .text.lora_driver_create
                0x00003134       0x78 ../../../Iot driver Library\libIotLibrary.a(lora_driver.o)
                0x00003134                lora_driver_create
 .text.lora_driver_reset_rn2483
                0x000031ac       0x28 ../../../Iot driver Library\libIotLibrary.a(lora_driver.o)
                0x000031ac                lora_driver_reset_rn2483
 .text.lora_driver_rn2483_factory_reset
                0x000031d4       0x24 ../../../Iot driver Library\libIotLibrary.a(lora_driver.o)
                0x000031d4                lora_driver_rn2483_factory_reset
 .text.lora_driver_get_rn2483_hweui
                0x000031f8       0x36 ../../../Iot driver Library\libIotLibrary.a(lora_driver.o)
                0x000031f8                lora_driver_get_rn2483_hweui
 .text.lora_driver_set_device_identifier
                0x0000322e       0x22 ../../../Iot driver Library\libIotLibrary.a(lora_driver.o)
                0x0000322e                lora_driver_set_device_identifier
 .text.lora_driver_set_application_identifier
                0x00003250       0x22 ../../../Iot driver Library\libIotLibrary.a(lora_driver.o)
                0x00003250                lora_driver_set_application_identifier
 .text.lora_driver_set_application_key
                0x00003272       0x22 ../../../Iot driver Library\libIotLibrary.a(lora_driver.o)
                0x00003272                lora_driver_set_application_key
 .text.lora_driver_save_mac
                0x00003294        0xc ../../../Iot driver Library\libIotLibrary.a(lora_driver.o)
                0x00003294                lora_driver_save_mac
 .text.lora_driver_join
                0x000032a0       0x46 ../../../Iot driver Library\libIotLibrary.a(lora_driver.o)
                0x000032a0                lora_driver_join
 .text.lora_driver_sent_upload_message
                0x000032e6      0x12e ../../../Iot driver Library\libIotLibrary.a(lora_driver.o)
                0x000032e6                lora_driver_sent_upload_message
 .text.lora_driver_set_adaptive_data_rate
                0x00003414       0x16 ../../../Iot driver Library\libIotLibrary.a(lora_driver.o)
                0x00003414                lora_driver_set_adaptive_data_rate
 .text.lora_driver_configure_to_eu868
                0x0000342a      0x1b4 ../../../Iot driver Library\libIotLibrary.a(lora_driver.o)
                0x0000342a                lora_driver_configure_to_eu868
 .text.lora_driver_set_otaa_identity
                0x000035de       0x42 ../../../Iot driver Library\libIotLibrary.a(lora_driver.o)
                0x000035de                lora_driver_set_otaa_identity
 .text.lora_driver_map_return_code_to_text
                0x00003620       0x18 ../../../Iot driver Library\libIotLibrary.a(lora_driver.o)
                0x00003620                lora_driver_map_return_code_to_text
 .text.decode_port_no
                0x00003638       0x58 ../../../Iot driver Library\libIotLibrary.a(lora_driver_utils.o)
                0x00003638                decode_port_no
 .text.decode_hexadecimal_string_bytes
                0x00003690       0x92 ../../../Iot driver Library\libIotLibrary.a(lora_driver_utils.o)
                0x00003690                decode_hexadecimal_string_bytes
 .text.reg_read_register
                0x00003722        0x6 ../../../Iot driver Library\libIotLibrary.a(mega_register_access.o)
                0x00003722                reg_read_register
 .text.reg_read_bit
                0x00003728       0x16 ../../../Iot driver Library\libIotLibrary.a(mega_register_access.o)
                0x00003728                reg_read_bit
 .text.reg_read_bits
                0x0000373e        0x8 ../../../Iot driver Library\libIotLibrary.a(mega_register_access.o)
                0x0000373e                reg_read_bits
 .text.reg_set_register
                0x00003746        0x6 ../../../Iot driver Library\libIotLibrary.a(mega_register_access.o)
                0x00003746                reg_set_register
 .text.reg_clear_register
                0x0000374c        0x6 ../../../Iot driver Library\libIotLibrary.a(mega_register_access.o)
                0x0000374c                reg_clear_register
 .text.reg_set_bit
                0x00003752       0x18 ../../../Iot driver Library\libIotLibrary.a(mega_register_access.o)
                0x00003752                reg_set_bit
 .text.reg_set_bits
                0x0000376a        0xa ../../../Iot driver Library\libIotLibrary.a(mega_register_access.o)
                0x0000376a                reg_set_bits
 .text.reg_toggle_bit
                0x00003774       0x18 ../../../Iot driver Library\libIotLibrary.a(mega_register_access.o)
                0x00003774                reg_toggle_bit
 .text.reg_toggle_bits
                0x0000378c        0xa ../../../Iot driver Library\libIotLibrary.a(mega_register_access.o)
                0x0000378c                reg_toggle_bits
 .text.reg_clear_bit
                0x00003796       0x1a ../../../Iot driver Library\libIotLibrary.a(mega_register_access.o)
                0x00003796                reg_clear_bit
 .text.reg_clear_bits
                0x000037b0        0xc ../../../Iot driver Library\libIotLibrary.a(mega_register_access.o)
                0x000037b0                reg_clear_bits
 .text.__vector_39
                0x000037bc      0x17a ../../../Iot driver Library\libIotLibrary.a(twi.o)
                0x000037bc                __vector_39
 .text.libgcc   0x00003936       0x10 c:/program files (x86)/atmel/studio/7.0/toolchain/avr8/avr8-gnu-toolchain/bin/../lib/gcc/avr/5.4.0/avr6\libgcc.a(_tablejump2.o)
                0x00003936                __tablejump2__
 .text.avr-libc.fplib
                0x00003946        0xa c:/program files (x86)/atmel/studio/7.0/toolchain/avr8/avr8-gnu-toolchain/bin/../lib/gcc/avr/5.4.0/../../../../avr/lib/avr6\libm.a(addsf3.o)
                0x00003946                __subsf3
                0x00003948                __addsf3
 .text.avr-libc.fplib
                0x00003950       0xc0 c:/program files (x86)/atmel/studio/7.0/toolchain/avr8/avr8-gnu-toolchain/bin/../lib/gcc/avr/5.4.0/../../../../avr/lib/avr6\libm.a(addsf3x.o)
                0x0000396a                __addsf3x
 .text.avr-libc.fplib
                0x00003a10        0x4 c:/program files (x86)/atmel/studio/7.0/toolchain/avr8/avr8-gnu-toolchain/bin/../lib/gcc/avr/5.4.0/../../../../avr/lib/avr6\libm.a(divsf3.o)
                0x00003a10                __divsf3
 .text.avr-libc.fplib
                0x00003a14       0xcc c:/program files (x86)/atmel/studio/7.0/toolchain/avr8/avr8-gnu-toolchain/bin/../lib/gcc/avr/5.4.0/../../../../avr/lib/avr6\libm.a(divsf3x.o)
                0x00003a2a                __divsf3x
                0x00003a2e                __divsf3_pse
 .text.avr-libc.fplib
                0x00003ae0       0x58 c:/program files (x86)/atmel/studio/7.0/toolchain/avr8/avr8-gnu-toolchain/bin/../lib/gcc/avr/5.4.0/../../../../avr/lib/avr6\libm.a(fixunssfsi.o)
                0x00003ae0                __fixunssfsi
 .text.avr-libc.fplib
                0x00003b38       0x7a c:/program files (x86)/atmel/studio/7.0/toolchain/avr8/avr8-gnu-toolchain/bin/../lib/gcc/avr/5.4.0/../../../../avr/lib/avr6\libm.a(floatsisf.o)
                0x00003b38                __floatunsisf
                0x00003b3c                __floatsisf
 .text.avr-libc.fplib
                0x00003bb2        0xc c:/program files (x86)/atmel/studio/7.0/toolchain/avr8/avr8-gnu-toolchain/bin/../lib/gcc/avr/5.4.0/../../../../avr/lib/avr6\libm.a(fp_inf.o)
                0x00003bb2                __fp_inf
 .text.avr-libc.fplib
                0x00003bbe        0x6 c:/program files (x86)/atmel/studio/7.0/toolchain/avr8/avr8-gnu-toolchain/bin/../lib/gcc/avr/5.4.0/../../../../avr/lib/avr6\libm.a(fp_nan.o)
                0x00003bbe                __fp_nan
 .text.avr-libc.fplib
                0x00003bc4        0xe c:/program files (x86)/atmel/studio/7.0/toolchain/avr8/avr8-gnu-toolchain/bin/../lib/gcc/avr/5.4.0/../../../../avr/lib/avr6\libm.a(fp_pscA.o)
                0x00003bc4                __fp_pscA
 .text.avr-libc.fplib
                0x00003bd2        0xe c:/program files (x86)/atmel/studio/7.0/toolchain/avr8/avr8-gnu-toolchain/bin/../lib/gcc/avr/5.4.0/../../../../avr/lib/avr6\libm.a(fp_pscB.o)
                0x00003bd2                __fp_pscB
 .text.avr-libc.fplib
                0x00003be0       0x22 c:/program files (x86)/atmel/studio/7.0/toolchain/avr8/avr8-gnu-toolchain/bin/../lib/gcc/avr/5.4.0/../../../../avr/lib/avr6\libm.a(fp_round.o)
                0x00003be0                __fp_round
 .text.avr-libc.fplib
                0x00003c02       0x44 c:/program files (x86)/atmel/studio/7.0/toolchain/avr8/avr8-gnu-toolchain/bin/../lib/gcc/avr/5.4.0/../../../../avr/lib/avr6\libm.a(fp_split3.o)
                0x00003c02                __fp_split3
                0x00003c12                __fp_splitA
 .text.avr-libc.fplib
                0x00003c46        0xe c:/program files (x86)/atmel/studio/7.0/toolchain/avr8/avr8-gnu-toolchain/bin/../lib/gcc/avr/5.4.0/../../../../avr/lib/avr6\libm.a(fp_zero.o)
                0x00003c46                __fp_zero
                0x00003c48                __fp_szero
 .text.avr-libc.fplib
                0x00003c54        0x4 c:/program files (x86)/atmel/studio/7.0/toolchain/avr8/avr8-gnu-toolchain/bin/../lib/gcc/avr/5.4.0/../../../../avr/lib/avr6\libm.a(mulsf3.o)
                0x00003c54                __mulsf3
 .text.avr-libc.fplib
                0x00003c58       0xc2 c:/program files (x86)/atmel/studio/7.0/toolchain/avr8/avr8-gnu-toolchain/bin/../lib/gcc/avr/5.4.0/../../../../avr/lib/avr6\libm.a(mulsf3x.o)
                0x00003c6c                __mulsf3x
                0x00003c70                __mulsf3_pse
 .text.avr-libc
                0x00003d1a       0x34 c:/program files (x86)/atmel/studio/7.0/toolchain/avr8/avr8-gnu-toolchain/bin/../lib/gcc/avr/5.4.0/../../../../avr/lib/avr6\libc.a(calloc.o)
                0x00003d1a                calloc
 .text.avr-libc
                0x00003d4e      0x242 c:/program files (x86)/atmel/studio/7.0/toolchain/avr8/avr8-gnu-toolchain/bin/../lib/gcc/avr/5.4.0/../../../../avr/lib/avr6\libc.a(malloc.o)
                0x00003d4e                malloc
                0x00003e7e                free
 .text.avr-libc
                0x00003f90        0x8 c:/program files (x86)/atmel/studio/7.0/toolchain/avr8/avr8-gnu-toolchain/bin/../lib/gcc/avr/5.4.0/../../../../avr/lib/avr6\libc.a(abort.o)
                0x00003f90                abort
 .text.avr-libc
                0x00003f98       0x12 c:/program files (x86)/atmel/studio/7.0/toolchain/avr8/avr8-gnu-toolchain/bin/../lib/gcc/avr/5.4.0/../../../../avr/lib/avr6\libc.a(memcpy.o)
                0x00003f98                memcpy
 .text.avr-libc
                0x00003faa        0xe c:/program files (x86)/atmel/studio/7.0/toolchain/avr8/avr8-gnu-toolchain/bin/../lib/gcc/avr/5.4.0/../../../../avr/lib/avr6\libc.a(memset.o)
                0x00003faa                memset
 .text.avr-libc
                0x00003fb8       0x16 c:/program files (x86)/atmel/studio/7.0/toolchain/avr8/avr8-gnu-toolchain/bin/../lib/gcc/avr/5.4.0/../../../../avr/lib/avr6\libc.a(strcat.o)
                0x00003fb8                strcat
 .text.avr-libc
                0x00003fce        0xe c:/program files (x86)/atmel/studio/7.0/toolchain/avr8/avr8-gnu-toolchain/bin/../lib/gcc/avr/5.4.0/../../../../avr/lib/avr6\libc.a(strcpy.o)
                0x00003fce                strcpy
 .text.avr-libc
                0x00003fdc       0x30 c:/program files (x86)/atmel/studio/7.0/toolchain/avr8/avr8-gnu-toolchain/bin/../lib/gcc/avr/5.4.0/../../../../avr/lib/avr6\libc.a(strncasecmp.o)
                0x00003fdc                strncasecmp
 .text.avr-libc
                0x0000400c       0x26 c:/program files (x86)/atmel/studio/7.0/toolchain/avr8/avr8-gnu-toolchain/bin/../lib/gcc/avr/5.4.0/../../../../avr/lib/avr6\libc.a(printf.o)
                0x0000400c                printf
 .text.avr-libc
                0x00004032       0x60 c:/program files (x86)/atmel/studio/7.0/toolchain/avr8/avr8-gnu-toolchain/bin/../lib/gcc/avr/5.4.0/../../../../avr/lib/avr6\libc.a(puts.o)
                0x00004032                puts
 .text.avr-libc
                0x00004092       0x5c c:/program files (x86)/atmel/studio/7.0/toolchain/avr8/avr8-gnu-toolchain/bin/../lib/gcc/avr/5.4.0/../../../../avr/lib/avr6\libc.a(sprintf.o)
                0x00004092                sprintf
 .text.avr-libc
                0x000040ee      0x3fa c:/program files (x86)/atmel/studio/7.0/toolchain/avr8/avr8-gnu-toolchain/bin/../lib/gcc/avr/5.4.0/../../../../avr/lib/avr6\libc.a(vfprintf_std.o)
                0x000040ee                vfprintf
 .text.avr-libc
                0x000044e8       0x16 c:/program files (x86)/atmel/studio/7.0/toolchain/avr8/avr8-gnu-toolchain/bin/../lib/gcc/avr/5.4.0/../../../../avr/lib/avr6\libc.a(strnlen_P.o)
                0x000044e8                strnlen_P
 .text.avr-libc
                0x000044fe       0x16 c:/program files (x86)/atmel/studio/7.0/toolchain/avr8/avr8-gnu-toolchain/bin/../lib/gcc/avr/5.4.0/../../../../avr/lib/avr6\libc.a(strnlen.o)
                0x000044fe                strnlen
 .text.avr-libc
                0x00004514       0x78 c:/program files (x86)/atmel/studio/7.0/toolchain/avr8/avr8-gnu-toolchain/bin/../lib/gcc/avr/5.4.0/../../../../avr/lib/avr6\libc.a(fputc.o)
                0x00004514                fputc
 .text.avr-libc
                0x0000458c       0xbc c:/program files (x86)/atmel/studio/7.0/toolchain/avr8/avr8-gnu-toolchain/bin/../lib/gcc/avr/5.4.0/../../../../avr/lib/avr6\libc.a(ultoa_invert.o)
                0x0000458c                __ultoa_invert
                0x00004648                . = ALIGN (0x2)
 *(.fini9)
 .fini9         0x00004648        0x0 c:/program files (x86)/atmel/studio/7.0/toolchain/avr8/avr8-gnu-toolchain/bin/../lib/gcc/avr/5.4.0/avr6\libgcc.a(_exit.o)
                0x00004648                _exit
                0x00004648                exit
 *(.fini9)
 *(.fini8)
 *(.fini8)
 *(.fini7)
 *(.fini7)
 *(.fini6)
 *(.fini6)
 *(.fini5)
 *(.fini5)
 *(.fini4)
 *(.fini4)
 *(.fini3)
 *(.fini3)
 *(.fini2)
 *(.fini2)
 *(.fini1)
 *(.fini1)
 *(.fini0)
 .fini0         0x00004648        0x4 c:/program files (x86)/atmel/studio/7.0/toolchain/avr8/avr8-gnu-toolchain/bin/../lib/gcc/avr/5.4.0/avr6\libgcc.a(_exit.o)
 *(.fini0)
                0x0000464c                _etext = .

.data           0x00800200      0x448 load address 0x0000464c
                0x00800200                PROVIDE (__data_start, .)
 *(.data)
 .data          0x00800200        0x6 c:/program files (x86)/atmel/studio/7.0/toolchain/avr8/avr8-gnu-toolchain/bin/../lib/gcc/avr/5.4.0/../../../../avr/lib/avr6\libc.a(malloc.o)
                0x00800200                __malloc_heap_end
                0x00800202                __malloc_heap_start
                0x00800204                __malloc_margin
 *(.data*)
 .data.mystdout.1881
                0x00800206        0xe ../../../stdio\libserialLib.a(stdio_driver.o)
 .data._com_port_2_udr
                0x00800214        0x8 ../../../stdio\libserialLib.a(serial.o)
                0x00800214                _com_port_2_udr
 .data._twiCurrentState
                0x0080021c        0x1 ../../../Iot driver Library\libIotLibrary.a(twi.o)
 *(.gnu.linkonce.d*)
 *(.rodata)
 .rodata        0x0080021d       0x20 ../../../Iot driver Library\libIotLibrary.a(lora_driver.o)
 *(.rodata*)
 .rodata.str1.1
                0x0080023d      0x129 LoraHandler.o
 .rodata.str1.1
                0x00800366        0x5 FreeRTOS/src/tasks.o
 .rodata.str1.1
                0x0080036b        0x8 FreeRTOS/src/timers.o
 .rodata.str1.1
                0x00800373       0x1f ../../../Iot driver Library\libIotLibrary.a(led.o)
 .rodata.str1.1
                0x00800392      0x27f ../../../Iot driver Library\libIotLibrary.a(lora_driver.o)
                                0x28f (size before relaxing)
 .rodata._join_mode
                0x00800611        0x4 ../../../Iot driver Library\libIotLibrary.a(lora_driver.o)
 .rodata._return_code
                0x00800615       0x33 ../../../Iot driver Library\libIotLibrary.a(lora_driver.o)
                0x00800615                _return_code
 *(.gnu.linkonce.r*)
                0x00800648                . = ALIGN (0x2)
                0x00800648                _edata = .
                0x00800648                PROVIDE (__data_end, .)

.bss            0x00800648      0x267
                0x00800648                PROVIDE (__bss_start, .)
 *(.bss)
 *(.bss*)
 .bss._uplink_payload
                0x00800648       0x16 LoraHandler.o
 .bss._out_buf  0x0080065e       0x64 LoraHandler.o
 .bss.uxSchedulerSuspended
                0x008006c2        0x1 FreeRTOS/src/tasks.o
 .bss.xIdleTaskHandle
                0x008006c3        0x2 FreeRTOS/src/tasks.o
 .bss.xNextTaskUnblockTime
                0x008006c5        0x2 FreeRTOS/src/tasks.o
 .bss.uxTaskNumber
                0x008006c7        0x1 FreeRTOS/src/tasks.o
 .bss.xNumOfOverflows
                0x008006c8        0x1 FreeRTOS/src/tasks.o
 .bss.xYieldPending
                0x008006c9        0x1 FreeRTOS/src/tasks.o
 .bss.uxPendedTicks
                0x008006ca        0x1 FreeRTOS/src/tasks.o
 .bss.xSchedulerRunning
                0x008006cb        0x1 FreeRTOS/src/tasks.o
 .bss.uxTopReadyPriority
                0x008006cc        0x1 FreeRTOS/src/tasks.o
 .bss.xTickCount
                0x008006cd        0x2 FreeRTOS/src/tasks.o
 .bss.uxCurrentNumberOfTasks
                0x008006cf        0x1 FreeRTOS/src/tasks.o
 .bss.xSuspendedTaskList
                0x008006d0        0x9 FreeRTOS/src/tasks.o
 .bss.uxDeletedTasksWaitingCleanUp
                0x008006d9        0x1 FreeRTOS/src/tasks.o
 .bss.xTasksWaitingTermination
                0x008006da        0x9 FreeRTOS/src/tasks.o
 .bss.xPendingReadyList
                0x008006e3        0x9 FreeRTOS/src/tasks.o
 .bss.pxOverflowDelayedTaskList
                0x008006ec        0x2 FreeRTOS/src/tasks.o
 .bss.pxDelayedTaskList
                0x008006ee        0x2 FreeRTOS/src/tasks.o
 .bss.xDelayedTaskList2
                0x008006f0        0x9 FreeRTOS/src/tasks.o
 .bss.xDelayedTaskList1
                0x008006f9        0x9 FreeRTOS/src/tasks.o
 .bss.pxReadyTasksLists
                0x00800702       0x24 FreeRTOS/src/tasks.o
 .bss.pxCurrentTCB
                0x00800726        0x2 FreeRTOS/src/tasks.o
                0x00800726                pxCurrentTCB
 .bss.xLastTime.2432
                0x00800728        0x2 FreeRTOS/src/timers.o
 .bss.xTimerTaskHandle
                0x0080072a        0x2 FreeRTOS/src/timers.o
 .bss.xTimerQueue
                0x0080072c        0x2 FreeRTOS/src/timers.o
 .bss.pxOverflowTimerList
                0x0080072e        0x2 FreeRTOS/src/timers.o
 .bss.pxCurrentTimerList
                0x00800730        0x2 FreeRTOS/src/timers.o
 .bss.xActiveTimerList2
                0x00800732        0x9 FreeRTOS/src/timers.o
 .bss.xActiveTimerList1
                0x0080073b        0x9 FreeRTOS/src/timers.o
 .bss._com_serial_instance
                0x00800744        0x2 ../../../stdio\libserialLib.a(stdio_driver.o)
 .bss._ser_handle
                0x00800746        0x8 ../../../stdio\libserialLib.a(serial.o)
 .bss._led_status
                0x0080074e       0x18 ../../../Iot driver Library\libIotLibrary.a(led.o)
 .bss._tmp_buf.2919
                0x00800766       0x64 ../../../Iot driver Library\libIotLibrary.a(lora_driver.o)
 .bss.rec_buf_inp.2926
                0x008007ca        0x1 ../../../Iot driver Library\libIotLibrary.a(lora_driver.o)
 .bss._reply_buffer_handle
                0x008007cb        0x2 ../../../Iot driver Library\libIotLibrary.a(lora_driver.o)
 .bss._rn2483_serial
                0x008007cd        0x2 ../../../Iot driver Library\libIotLibrary.a(lora_driver.o)
 .bss._downlink_payload
                0x008007cf       0x16 ../../../Iot driver Library\libIotLibrary.a(lora_driver.o)
 .bss._pay_load_hex_bytes
                0x008007e5       0x15 ../../../Iot driver Library\libIotLibrary.a(lora_driver.o)
 .bss._rec_message_buf
                0x008007fa       0x2d ../../../Iot driver Library\libIotLibrary.a(lora_driver.o)
 .bss._send_message
                0x00800827       0x2d ../../../Iot driver Library\libIotLibrary.a(lora_driver.o)
 .bss._reply_mess
                0x00800854       0x2d ../../../Iot driver Library\libIotLibrary.a(lora_driver.o)
 .bss._index.1885
                0x00800881        0x1 ../../../Iot driver Library\libIotLibrary.a(twi.o)
 .bss._twiCurrentHandler
                0x00800882        0x2 ../../../Iot driver Library\libIotLibrary.a(twi.o)
 .bss._twiMessageLen
                0x00800884        0x1 ../../../Iot driver Library\libIotLibrary.a(twi.o)
 .bss._twiMessageBuffer
                0x00800885        0xa ../../../Iot driver Library\libIotLibrary.a(twi.o)
 *(COMMON)
 COMMON         0x0080088f       0x16 ../../../Iot driver Library\libIotLibrary.a(hal.o)
                0x0080088f                register_access
 COMMON         0x008008a5        0x4 c:/program files (x86)/atmel/studio/7.0/toolchain/avr8/avr8-gnu-toolchain/bin/../lib/gcc/avr/5.4.0/../../../../avr/lib/avr6\libc.a(malloc.o)
                0x008008a5                __brkval
                0x008008a7                __flp
 COMMON         0x008008a9        0x6 c:/program files (x86)/atmel/studio/7.0/toolchain/avr8/avr8-gnu-toolchain/bin/../lib/gcc/avr/5.4.0/../../../../avr/lib/avr6\libc.a(iob.o)
                0x008008a9                __iob
                0x008008af                PROVIDE (__bss_end, .)
                0x0000464c                __data_load_start = LOADADDR (.data)
                0x00004a94                __data_load_end = (__data_load_start + SIZEOF (.data))

.noinit         0x008008af        0x0
                [!provide]                PROVIDE (__noinit_start, .)
 *(.noinit*)
                [!provide]                PROVIDE (__noinit_end, .)
                0x008008af                _end = .
                0x008008af                PROVIDE (__heap_start, .)

.eeprom         0x00810000        0x0
 *(.eeprom*)
                0x00810000                __eeprom_end = .

.fuse
 *(.fuse)
 *(.lfuse)
 *(.hfuse)
 *(.efuse)

.lock
 *(.lock*)

.signature
 *(.signature*)

.user_signatures
 *(.user_signatures*)

.stab
 *(.stab)

.stabstr
 *(.stabstr)

.stab.excl
 *(.stab.excl)

.stab.exclstr
 *(.stab.exclstr)

.stab.index
 *(.stab.index)

.stab.indexstr
 *(.stab.indexstr)

.comment        0x00000000       0x5c
 *(.comment)
 .comment       0x00000000       0x30 LoraHandler.o
                                 0x31 (size before relaxing)
 .comment       0x00000030       0x31 FreeRTOS/FreeRTOSTraceDriver/FreeRTOSTraceDriver.o
 .comment       0x00000030       0x31 FreeRTOS/src/heap_3.o
 .comment       0x00000030       0x31 FreeRTOS/src/list.o
 .comment       0x00000030       0x31 FreeRTOS/src/port.o
 .comment       0x00000030       0x31 FreeRTOS/src/queue.o
 .comment       0x00000030       0x31 FreeRTOS/src/stream_buffer.o
 .comment       0x00000030       0x31 FreeRTOS/src/tasks.o
 .comment       0x00000030       0x31 FreeRTOS/src/timers.o
 .comment       0x00000030       0x31 FreeRTOS/src/variantHooks.o
 .comment       0x00000030       0x31 main.o
 .comment       0x00000030       0x31 ../../../stdio\libserialLib.a(stdio_driver.o)
 .comment       0x00000030       0x31 ../../../stdio\libserialLib.a(serial.o)
 .comment       0x00000030       0x31 ../../../stdio\libserialLib.a(fifo.o)
 .comment       0x00000030       0x31 ../../../Iot driver Library\libIotLibrary.a(hal.o)
 .comment       0x00000030       0x31 ../../../Iot driver Library\libIotLibrary.a(led.o)
 .comment       0x00000030       0x31 ../../../Iot driver Library\libIotLibrary.a(lora_driver.o)
 .comment       0x00000030       0x31 ../../../Iot driver Library\libIotLibrary.a(lora_driver_utils.o)
 .comment       0x00000030       0x31 ../../../Iot driver Library\libIotLibrary.a(mega_register_access.o)
 .comment       0x00000030       0x31 ../../../Iot driver Library\libIotLibrary.a(twi.o)
 .comment       0x00000030       0x31 c:/program files (x86)/atmel/studio/7.0/toolchain/avr8/avr8-gnu-toolchain/bin/../lib/gcc/avr/5.4.0/../../../../avr/lib/avr6\libc.a(calloc.o)
 .comment       0x00000030       0x31 c:/program files (x86)/atmel/studio/7.0/toolchain/avr8/avr8-gnu-toolchain/bin/../lib/gcc/avr/5.4.0/../../../../avr/lib/avr6\libc.a(malloc.o)
 .comment       0x00000030       0x31 c:/program files (x86)/atmel/studio/7.0/toolchain/avr8/avr8-gnu-toolchain/bin/../lib/gcc/avr/5.4.0/../../../../avr/lib/avr6\libc.a(iob.o)
 .comment       0x00000030       0x31 c:/program files (x86)/atmel/studio/7.0/toolchain/avr8/avr8-gnu-toolchain/bin/../lib/gcc/avr/5.4.0/../../../../avr/lib/avr6\libc.a(printf.o)
 .comment       0x00000030       0x31 c:/program files (x86)/atmel/studio/7.0/toolchain/avr8/avr8-gnu-toolchain/bin/../lib/gcc/avr/5.4.0/../../../../avr/lib/avr6\libc.a(puts.o)
 .comment       0x00000030       0x31 c:/program files (x86)/atmel/studio/7.0/toolchain/avr8/avr8-gnu-toolchain/bin/../lib/gcc/avr/5.4.0/../../../../avr/lib/avr6\libc.a(sprintf.o)
 .comment       0x00000030       0x2c c:/program files (x86)/atmel/studio/7.0/toolchain/avr8/avr8-gnu-toolchain/bin/../lib/gcc/avr/5.4.0/../../../../avr/lib/avr6\libc.a(vfprintf_std.o)
                                 0x2d (size before relaxing)
 .comment       0x0000005c       0x31 c:/program files (x86)/atmel/studio/7.0/toolchain/avr8/avr8-gnu-toolchain/bin/../lib/gcc/avr/5.4.0/../../../../avr/lib/avr6\libc.a(fputc.o)

.note.gnu.avr.deviceinfo
                0x00000000       0x40
 .note.gnu.avr.deviceinfo
                0x00000000       0x40 C:/Program Files (x86)/Atmel/Studio/7.0/Packs/atmel/ATmega_DFP/1.2.209/gcc/dev/atmega2560/avr6/crtatmega2560.o

.note.gnu.build-id
 *(.note.gnu.build-id)

.debug
 *(.debug)

.line
 *(.line)

.debug_srcinfo
 *(.debug_srcinfo)

.debug_sfnames
 *(.debug_sfnames)

.debug_aranges  0x00000000      0x910
 *(.debug_aranges)
 .debug_aranges
                0x00000000       0x28 LoraHandler.o
 .debug_aranges
                0x00000028       0x30 FreeRTOS/FreeRTOSTraceDriver/FreeRTOSTraceDriver.o
 .debug_aranges
                0x00000058       0x28 FreeRTOS/src/heap_3.o
 .debug_aranges
                0x00000080       0x40 FreeRTOS/src/list.o
 .debug_aranges
                0x000000c0       0x48 FreeRTOS/src/port.o
 .debug_aranges
                0x00000108       0xf8 FreeRTOS/src/queue.o
 .debug_aranges
                0x00000200       0xc8 FreeRTOS/src/stream_buffer.o
 .debug_aranges
                0x000002c8      0x1d8 FreeRTOS/src/tasks.o
 .debug_aranges
                0x000004a0       0xa0 FreeRTOS/src/timers.o
 .debug_aranges
                0x00000540       0x30 FreeRTOS/src/variantHooks.o
 .debug_aranges
                0x00000570       0x20 main.o
 .debug_aranges
                0x00000590       0x38 ../../../stdio\libserialLib.a(stdio_driver.o)
 .debug_aranges
                0x000005c8       0x90 ../../../stdio\libserialLib.a(serial.o)
 .debug_aranges
                0x00000658       0x20 ../../../stdio\libserialLib.a(fifo.o)
 .debug_aranges
                0x00000678       0x20 ../../../Iot driver Library\libIotLibrary.a(hal.o)
 .debug_aranges
                0x00000698       0x68 ../../../Iot driver Library\libIotLibrary.a(led.o)
 .debug_aranges
                0x00000700      0x128 ../../../Iot driver Library\libIotLibrary.a(lora_driver.o)
 .debug_aranges
                0x00000828       0x28 ../../../Iot driver Library\libIotLibrary.a(lora_driver_utils.o)
 .debug_aranges
                0x00000850       0x70 ../../../Iot driver Library\libIotLibrary.a(mega_register_access.o)
 .debug_aranges
                0x000008c0       0x50 ../../../Iot driver Library\libIotLibrary.a(twi.o)

.debug_pubnames
 *(.debug_pubnames)

.debug_info     0x00000000     0xbf7c
 *(.debug_info .gnu.linkonce.wi.*)
 .debug_info    0x00000000      0xbbc C:/Program Files (x86)/Atmel/Studio/7.0/Packs/atmel/ATmega_DFP/1.2.209/gcc/dev/atmega2560/avr6/crtatmega2560.o
 .debug_info    0x00000bbc      0x6f2 LoraHandler.o
 .debug_info    0x000012ae       0xd3 FreeRTOS/FreeRTOSTraceDriver/FreeRTOSTraceDriver.o
 .debug_info    0x00001381      0x19f FreeRTOS/src/heap_3.o
 .debug_info    0x00001520      0x2df FreeRTOS/src/list.o
 .debug_info    0x000017ff      0x284 FreeRTOS/src/port.o
 .debug_info    0x00001a83     0x18fc FreeRTOS/src/queue.o
 .debug_info    0x0000337f     0x14b9 FreeRTOS/src/stream_buffer.o
 .debug_info    0x00004838     0x27ae FreeRTOS/src/tasks.o
 .debug_info    0x00006fe6     0x1077 FreeRTOS/src/timers.o
 .debug_info    0x0000805d      0x1ba FreeRTOS/src/variantHooks.o
 .debug_info    0x00008217      0x16f main.o
 .debug_info    0x00008386      0x39c ../../../stdio\libserialLib.a(stdio_driver.o)
 .debug_info    0x00008722      0xdb3 ../../../stdio\libserialLib.a(serial.o)
 .debug_info    0x000094d5      0x1c3 ../../../stdio\libserialLib.a(fifo.o)
 .debug_info    0x00009698      0x20d ../../../Iot driver Library\libIotLibrary.a(hal.o)
 .debug_info    0x000098a5      0x6f9 ../../../Iot driver Library\libIotLibrary.a(led.o)
 .debug_info    0x00009f9e     0x165d ../../../Iot driver Library\libIotLibrary.a(lora_driver.o)
 .debug_info    0x0000b5fb      0x143 ../../../Iot driver Library\libIotLibrary.a(lora_driver_utils.o)
 .debug_info    0x0000b73e      0x2e1 ../../../Iot driver Library\libIotLibrary.a(mega_register_access.o)
 .debug_info    0x0000ba1f      0x55d ../../../Iot driver Library\libIotLibrary.a(twi.o)

.debug_abbrev   0x00000000     0x2eef
 *(.debug_abbrev)
 .debug_abbrev  0x00000000      0xb1a C:/Program Files (x86)/Atmel/Studio/7.0/Packs/atmel/ATmega_DFP/1.2.209/gcc/dev/atmega2560/avr6/crtatmega2560.o
 .debug_abbrev  0x00000b1a      0x1c3 LoraHandler.o
 .debug_abbrev  0x00000cdd       0x92 FreeRTOS/FreeRTOSTraceDriver/FreeRTOSTraceDriver.o
 .debug_abbrev  0x00000d6f      0x107 FreeRTOS/src/heap_3.o
 .debug_abbrev  0x00000e76       0xff FreeRTOS/src/list.o
 .debug_abbrev  0x00000f75      0x158 FreeRTOS/src/port.o
 .debug_abbrev  0x000010cd      0x2d8 FreeRTOS/src/queue.o
 .debug_abbrev  0x000013a5      0x2b4 FreeRTOS/src/stream_buffer.o
 .debug_abbrev  0x00001659      0x359 FreeRTOS/src/tasks.o
 .debug_abbrev  0x000019b2      0x30f FreeRTOS/src/timers.o
 .debug_abbrev  0x00001cc1      0x101 FreeRTOS/src/variantHooks.o
 .debug_abbrev  0x00001dc2       0xd0 main.o
 .debug_abbrev  0x00001e92      0x1be ../../../stdio\libserialLib.a(stdio_driver.o)
 .debug_abbrev  0x00002050      0x364 ../../../stdio\libserialLib.a(serial.o)
 .debug_abbrev  0x000023b4       0xe8 ../../../stdio\libserialLib.a(fifo.o)
 .debug_abbrev  0x0000249c       0xff ../../../Iot driver Library\libIotLibrary.a(hal.o)
 .debug_abbrev  0x0000259b      0x228 ../../../Iot driver Library\libIotLibrary.a(led.o)
 .debug_abbrev  0x000027c3      0x382 ../../../Iot driver Library\libIotLibrary.a(lora_driver.o)
 .debug_abbrev  0x00002b45       0xc0 ../../../Iot driver Library\libIotLibrary.a(lora_driver_utils.o)
 .debug_abbrev  0x00002c05       0xd3 ../../../Iot driver Library\libIotLibrary.a(mega_register_access.o)
 .debug_abbrev  0x00002cd8      0x217 ../../../Iot driver Library\libIotLibrary.a(twi.o)

.debug_line     0x00000000     0x5911
 *(.debug_line .debug_line.* .debug_line_end)
 .debug_line    0x00000000      0x1f9 C:/Program Files (x86)/Atmel/Studio/7.0/Packs/atmel/ATmega_DFP/1.2.209/gcc/dev/atmega2560/avr6/crtatmega2560.o
 .debug_line    0x000001f9      0x251 LoraHandler.o
 .debug_line    0x0000044a       0xfd FreeRTOS/FreeRTOSTraceDriver/FreeRTOSTraceDriver.o
 .debug_line    0x00000547      0x175 FreeRTOS/src/heap_3.o
 .debug_line    0x000006bc      0x1da FreeRTOS/src/list.o
 .debug_line    0x00000896      0x312 FreeRTOS/src/port.o
 .debug_line    0x00000ba8      0xbfa FreeRTOS/src/queue.o
 .debug_line    0x000017a2      0x7a4 FreeRTOS/src/stream_buffer.o
 .debug_line    0x00001f46     0x1656 FreeRTOS/src/tasks.o
 .debug_line    0x0000359c      0x562 FreeRTOS/src/timers.o
 .debug_line    0x00003afe      0x18a FreeRTOS/src/variantHooks.o
 .debug_line    0x00003c88       0xd9 main.o
 .debug_line    0x00003d61      0x12f ../../../stdio\libserialLib.a(stdio_driver.o)
 .debug_line    0x00003e90      0x620 ../../../stdio\libserialLib.a(serial.o)
 .debug_line    0x000044b0      0x10e ../../../stdio\libserialLib.a(fifo.o)
 .debug_line    0x000045be       0xff ../../../Iot driver Library\libIotLibrary.a(hal.o)
 .debug_line    0x000046bd      0x32c ../../../Iot driver Library\libIotLibrary.a(led.o)
 .debug_line    0x000049e9      0x8df ../../../Iot driver Library\libIotLibrary.a(lora_driver.o)
 .debug_line    0x000052c8      0x194 ../../../Iot driver Library\libIotLibrary.a(lora_driver_utils.o)
 .debug_line    0x0000545c      0x1af ../../../Iot driver Library\libIotLibrary.a(mega_register_access.o)
 .debug_line    0x0000560b      0x306 ../../../Iot driver Library\libIotLibrary.a(twi.o)

.debug_frame    0x00000000     0x1e4c
 *(.debug_frame)
 .debug_frame   0x00000000       0xe0 LoraHandler.o
 .debug_frame   0x000000e0       0x44 FreeRTOS/FreeRTOSTraceDriver/FreeRTOSTraceDriver.o
 .debug_frame   0x00000124       0x4c FreeRTOS/src/heap_3.o
 .debug_frame   0x00000170       0x88 FreeRTOS/src/list.o
 .debug_frame   0x000001f8       0x74 FreeRTOS/src/port.o
 .debug_frame   0x0000026c      0x3cc FreeRTOS/src/queue.o
 .debug_frame   0x00000638      0x3c8 FreeRTOS/src/stream_buffer.o
 .debug_frame   0x00000a00      0x69c FreeRTOS/src/tasks.o
 .debug_frame   0x0000109c      0x1cc FreeRTOS/src/timers.o
 .debug_frame   0x00001268       0x44 FreeRTOS/src/variantHooks.o
 .debug_frame   0x000012ac       0x24 main.o
 .debug_frame   0x000012d0       0x84 ../../../stdio\libserialLib.a(stdio_driver.o)
 .debug_frame   0x00001354      0x384 ../../../stdio\libserialLib.a(serial.o)
 .debug_frame   0x000016d8       0x24 ../../../stdio\libserialLib.a(fifo.o)
 .debug_frame   0x000016fc       0x24 ../../../Iot driver Library\libIotLibrary.a(hal.o)
 .debug_frame   0x00001720      0x11c ../../../Iot driver Library\libIotLibrary.a(led.o)
 .debug_frame   0x0000183c      0x3d8 ../../../Iot driver Library\libIotLibrary.a(lora_driver.o)
 .debug_frame   0x00001c14       0x48 ../../../Iot driver Library\libIotLibrary.a(lora_driver_utils.o)
 .debug_frame   0x00001c5c       0xc4 ../../../Iot driver Library\libIotLibrary.a(mega_register_access.o)
 .debug_frame   0x00001d20      0x12c ../../../Iot driver Library\libIotLibrary.a(twi.o)

.debug_str      0x00000000     0x399c
 *(.debug_str)
 .debug_str     0x00000000      0x3e6 C:/Program Files (x86)/Atmel/Studio/7.0/Packs/atmel/ATmega_DFP/1.2.209/gcc/dev/atmega2560/avr6/crtatmega2560.o
 .debug_str     0x000003e6      0x5a0 LoraHandler.o
                                0x5f6 (size before relaxing)
 .debug_str     0x00000986       0x68 FreeRTOS/FreeRTOSTraceDriver/FreeRTOSTraceDriver.o
                                0x1cb (size before relaxing)
 .debug_str     0x000009ee       0x94 FreeRTOS/src/heap_3.o
                                0x1fd (size before relaxing)
 .debug_str     0x00000a82      0x134 FreeRTOS/src/list.o
                                0x2c8 (size before relaxing)
 .debug_str     0x00000bb6      0x118 FreeRTOS/src/port.o
                                0x2b5 (size before relaxing)
 .debug_str     0x00000cce      0x6e4 FreeRTOS/src/queue.o
                                0x9be (size before relaxing)
 .debug_str     0x000013b2      0x541 FreeRTOS/src/stream_buffer.o
                                0x82d (size before relaxing)
 .debug_str     0x000018f3      0xb05 FreeRTOS/src/tasks.o
                               0x1169 (size before relaxing)
 .debug_str     0x000023f8      0x43f FreeRTOS/src/timers.o
                                0x856 (size before relaxing)
 .debug_str     0x00002837       0x61 FreeRTOS/src/variantHooks.o
                                0x25c (size before relaxing)
 .debug_str     0x00002898       0x67 main.o
                                0x204 (size before relaxing)
 .debug_str     0x000028ff      0x23e ../../../stdio\libserialLib.a(stdio_driver.o)
                                0x37b (size before relaxing)
 .debug_str     0x00002b3d      0x2e8 ../../../stdio\libserialLib.a(serial.o)
                                0x63c (size before relaxing)
 .debug_str     0x00002e25       0x15 ../../../stdio\libserialLib.a(fifo.o)
                                0x23a (size before relaxing)
 .debug_str     0x00002e3a       0xc3 ../../../Iot driver Library\libIotLibrary.a(hal.o)
                                0x278 (size before relaxing)
 .debug_str     0x00002efd       0xdc ../../../Iot driver Library\libIotLibrary.a(led.o)
                                0x3d2 (size before relaxing)
 .debug_str     0x00002fd9      0x49e ../../../Iot driver Library\libIotLibrary.a(lora_driver.o)
                                0xc93 (size before relaxing)
 .debug_str     0x00003477       0x46 ../../../Iot driver Library\libIotLibrary.a(lora_driver_utils.o)
                                0x205 (size before relaxing)
 .debug_str     0x000034bd       0xda ../../../Iot driver Library\libIotLibrary.a(mega_register_access.o)
                                0x252 (size before relaxing)
 .debug_str     0x00003597      0x405 ../../../Iot driver Library\libIotLibrary.a(twi.o)
                                0x5a8 (size before relaxing)

.debug_loc      0x00000000     0xaede
 *(.debug_loc)
 .debug_loc     0x00000000      0x3f4 LoraHandler.o
 .debug_loc     0x000003f4       0x42 FreeRTOS/FreeRTOSTraceDriver/FreeRTOSTraceDriver.o
 .debug_loc     0x00000436      0x102 FreeRTOS/src/heap_3.o
 .debug_loc     0x00000538      0x145 FreeRTOS/src/list.o
 .debug_loc     0x0000067d      0x2af FreeRTOS/src/port.o
 .debug_loc     0x0000092c     0x1dc0 FreeRTOS/src/queue.o
 .debug_loc     0x000026ec     0x1e4d FreeRTOS/src/stream_buffer.o
 .debug_loc     0x00004539     0x2e78 FreeRTOS/src/tasks.o
 .debug_loc     0x000073b1      0xbed FreeRTOS/src/timers.o
 .debug_loc     0x00007f9e       0xb6 FreeRTOS/src/variantHooks.o
 .debug_loc     0x00008054      0x144 ../../../stdio\libserialLib.a(stdio_driver.o)
 .debug_loc     0x00008198     0x1080 ../../../stdio\libserialLib.a(serial.o)
 .debug_loc     0x00009218      0x15e ../../../stdio\libserialLib.a(fifo.o)
 .debug_loc     0x00009376       0x2c ../../../Iot driver Library\libIotLibrary.a(hal.o)
 .debug_loc     0x000093a2      0x390 ../../../Iot driver Library\libIotLibrary.a(led.o)
 .debug_loc     0x00009732      0xf7c ../../../Iot driver Library\libIotLibrary.a(lora_driver.o)
 .debug_loc     0x0000a6ae      0x1d2 ../../../Iot driver Library\libIotLibrary.a(lora_driver_utils.o)
 .debug_loc     0x0000a880       0xe9 ../../../Iot driver Library\libIotLibrary.a(mega_register_access.o)
 .debug_loc     0x0000a969      0x575 ../../../Iot driver Library\libIotLibrary.a(twi.o)

.debug_macinfo
 *(.debug_macinfo)

.debug_weaknames
 *(.debug_weaknames)

.debug_funcnames
 *(.debug_funcnames)

.debug_typenames
 *(.debug_typenames)

.debug_varnames
 *(.debug_varnames)

.debug_pubtypes
 *(.debug_pubtypes)

.debug_ranges   0x00000000      0x998
 *(.debug_ranges)
 .debug_ranges  0x00000000       0x48 LoraHandler.o
 .debug_ranges  0x00000048       0x20 FreeRTOS/FreeRTOSTraceDriver/FreeRTOSTraceDriver.o
 .debug_ranges  0x00000068       0x18 FreeRTOS/src/heap_3.o
 .debug_ranges  0x00000080       0x30 FreeRTOS/src/list.o
 .debug_ranges  0x000000b0       0x38 FreeRTOS/src/port.o
 .debug_ranges  0x000000e8      0x178 FreeRTOS/src/queue.o
 .debug_ranges  0x00000260       0xb8 FreeRTOS/src/stream_buffer.o
 .debug_ranges  0x00000318      0x240 FreeRTOS/src/tasks.o
 .debug_ranges  0x00000558       0xf0 FreeRTOS/src/timers.o
 .debug_ranges  0x00000648       0x20 FreeRTOS/src/variantHooks.o
 .debug_ranges  0x00000668       0x10 main.o
 .debug_ranges  0x00000678       0x28 ../../../stdio\libserialLib.a(stdio_driver.o)
 .debug_ranges  0x000006a0       0x98 ../../../stdio\libserialLib.a(serial.o)
 .debug_ranges  0x00000738       0x10 ../../../stdio\libserialLib.a(fifo.o)
 .debug_ranges  0x00000748       0x10 ../../../Iot driver Library\libIotLibrary.a(hal.o)
 .debug_ranges  0x00000758       0x58 ../../../Iot driver Library\libIotLibrary.a(led.o)
 .debug_ranges  0x000007b0      0x118 ../../../Iot driver Library\libIotLibrary.a(lora_driver.o)
 .debug_ranges  0x000008c8       0x30 ../../../Iot driver Library\libIotLibrary.a(lora_driver_utils.o)
 .debug_ranges  0x000008f8       0x60 ../../../Iot driver Library\libIotLibrary.a(mega_register_access.o)
 .debug_ranges  0x00000958       0x40 ../../../Iot driver Library\libIotLibrary.a(twi.o)

.debug_macro
 *(.debug_macro)
OUTPUT(Sensors.elf elf32-avr)
LOAD linker stubs
