Archive member included to satisfy reference by file (symbol)

../../../stdio\libserialLib.a(stdio_driver.o)
                              main.o (stdioCreate)
../../../stdio\libserialLib.a(serial.o)
                              ../../../stdio\libserialLib.a(stdio_driver.o) (serial_new_instance)
../../../stdio\libserialLib.a(fifo.o)
                              ../../../stdio\libserialLib.a(serial.o) (fifo_init)
../../../Iot driver Library\libIotLibrary.a(led.o)
                              LoraHandler.o (led_slow_blink)
../../../Iot driver Library\libIotLibrary.a(lora_driver.o)
                              LoraHandler.o (lora_driver_flush_buffers)
../../../Iot driver Library\libIotLibrary.a(lora_driver_utils.o)
                              ../../../Iot driver Library\libIotLibrary.a(lora_driver.o) (decode_port_no)
../../../Iot driver Library\libIotLibrary.a(mh_z19.o)
                              main.o (mh_z19_create)
../../../Iot driver Library\libIotLibrary.a(hal.o)
                              ../../../Iot driver Library\libIotLibrary.a(led.o) (register_access)
../../../Iot driver Library\libIotLibrary.a(mega_register_access.o)
                              ../../../Iot driver Library\libIotLibrary.a(hal.o) (reg_read_register)
c:/program files (x86)/atmel/studio/7.0/toolchain/avr8/avr8-gnu-toolchain/bin/../lib/gcc/avr/5.4.0/avr6\libgcc.a(_exit.o)
                              C:/Program Files (x86)/Atmel/Studio/7.0/Packs/atmel/ATmega_DFP/1.2.209/gcc/dev/atmega2560/avr6/crtatmega2560.o (exit)
c:/program files (x86)/atmel/studio/7.0/toolchain/avr8/avr8-gnu-toolchain/bin/../lib/gcc/avr/5.4.0/avr6\libgcc.a(_tablejump2.o)
                              FreeRTOS/src/timers.o (__tablejump2__)
c:/program files (x86)/atmel/studio/7.0/toolchain/avr8/avr8-gnu-toolchain/bin/../lib/gcc/avr/5.4.0/avr6\libgcc.a(_copy_data.o)
                              CO2Task.o (__do_copy_data)
c:/program files (x86)/atmel/studio/7.0/toolchain/avr8/avr8-gnu-toolchain/bin/../lib/gcc/avr/5.4.0/avr6\libgcc.a(_clear_bss.o)
                              CO2Task.o (__do_clear_bss)
c:/program files (x86)/atmel/studio/7.0/toolchain/avr8/avr8-gnu-toolchain/bin/../lib/gcc/avr/5.4.0/../../../../avr/lib/avr6\libm.a(addsf3.o)
                              ../../../stdio\libserialLib.a(serial.o) (__subsf3)
c:/program files (x86)/atmel/studio/7.0/toolchain/avr8/avr8-gnu-toolchain/bin/../lib/gcc/avr/5.4.0/../../../../avr/lib/avr6\libm.a(addsf3x.o)
                              c:/program files (x86)/atmel/studio/7.0/toolchain/avr8/avr8-gnu-toolchain/bin/../lib/gcc/avr/5.4.0/../../../../avr/lib/avr6\libm.a(addsf3.o) (__addsf3x)
c:/program files (x86)/atmel/studio/7.0/toolchain/avr8/avr8-gnu-toolchain/bin/../lib/gcc/avr/5.4.0/../../../../avr/lib/avr6\libm.a(divsf3.o)
                              ../../../stdio\libserialLib.a(serial.o) (__divsf3)
c:/program files (x86)/atmel/studio/7.0/toolchain/avr8/avr8-gnu-toolchain/bin/../lib/gcc/avr/5.4.0/../../../../avr/lib/avr6\libm.a(divsf3x.o)
                              c:/program files (x86)/atmel/studio/7.0/toolchain/avr8/avr8-gnu-toolchain/bin/../lib/gcc/avr/5.4.0/../../../../avr/lib/avr6\libm.a(divsf3.o) (__divsf3x)
c:/program files (x86)/atmel/studio/7.0/toolchain/avr8/avr8-gnu-toolchain/bin/../lib/gcc/avr/5.4.0/../../../../avr/lib/avr6\libm.a(fixunssfsi.o)
                              ../../../stdio\libserialLib.a(serial.o) (__fixunssfsi)
c:/program files (x86)/atmel/studio/7.0/toolchain/avr8/avr8-gnu-toolchain/bin/../lib/gcc/avr/5.4.0/../../../../avr/lib/avr6\libm.a(floatsisf.o)
                              ../../../stdio\libserialLib.a(serial.o) (__floatunsisf)
c:/program files (x86)/atmel/studio/7.0/toolchain/avr8/avr8-gnu-toolchain/bin/../lib/gcc/avr/5.4.0/../../../../avr/lib/avr6\libm.a(fp_inf.o)
                              c:/program files (x86)/atmel/studio/7.0/toolchain/avr8/avr8-gnu-toolchain/bin/../lib/gcc/avr/5.4.0/../../../../avr/lib/avr6\libm.a(addsf3x.o) (__fp_inf)
c:/program files (x86)/atmel/studio/7.0/toolchain/avr8/avr8-gnu-toolchain/bin/../lib/gcc/avr/5.4.0/../../../../avr/lib/avr6\libm.a(fp_nan.o)
                              c:/program files (x86)/atmel/studio/7.0/toolchain/avr8/avr8-gnu-toolchain/bin/../lib/gcc/avr/5.4.0/../../../../avr/lib/avr6\libm.a(addsf3x.o) (__fp_nan)
c:/program files (x86)/atmel/studio/7.0/toolchain/avr8/avr8-gnu-toolchain/bin/../lib/gcc/avr/5.4.0/../../../../avr/lib/avr6\libm.a(fp_pscA.o)
                              c:/program files (x86)/atmel/studio/7.0/toolchain/avr8/avr8-gnu-toolchain/bin/../lib/gcc/avr/5.4.0/../../../../avr/lib/avr6\libm.a(addsf3x.o) (__fp_pscA)
c:/program files (x86)/atmel/studio/7.0/toolchain/avr8/avr8-gnu-toolchain/bin/../lib/gcc/avr/5.4.0/../../../../avr/lib/avr6\libm.a(fp_pscB.o)
                              c:/program files (x86)/atmel/studio/7.0/toolchain/avr8/avr8-gnu-toolchain/bin/../lib/gcc/avr/5.4.0/../../../../avr/lib/avr6\libm.a(addsf3x.o) (__fp_pscB)
[...]
Memory Configuration

Name             Origin             Length             Attributes
text             0x00000000         0x00100000         xr
data             0x00800200         0x0000fe00         rw !x
eeprom           0x00810000         0x00010000         rw !x
fuse             0x00820000         0x00000003         rw !x
lock             0x00830000         0x00000400         rw !x
signature        0x00840000         0x00000400         rw !x
user_signatures  0x00850000         0x00000400         rw !x
*default*        0x00000000         0xffffffff

Linker script and memory map

Address of section .data set to 0x800200
LOAD C:/Program Files (x86)/Atmel/Studio/7.0/Packs/atmel/ATmega_DFP/1.2.209/gcc/dev/atmega2560/avr6/crtatmega2560.o
LOAD CO2Task.o
LOAD LEDTask.o
LOAD LoraHandler.o
LOAD TemperatureTask.o
LOAD FreeRTOS/FreeRTOSTraceDriver/FreeRTOSTraceDriver.o
LOAD FreeRTOS/src/croutine.o
LOAD FreeRTOS/src/event_groups.o
LOAD FreeRTOS/src/heap_3.o
LOAD FreeRTOS/src/list.o
LOAD FreeRTOS/src/port.o
LOAD FreeRTOS/src/queue.o
LOAD FreeRTOS/src/stream_buffer.o
LOAD FreeRTOS/src/tasks.o
LOAD FreeRTOS/src/timers.o
LOAD FreeRTOS/src/variantHooks.o
LOAD main.o
START GROUP
LOAD ../../../stdio\libserialLib.a
LOAD ../../../Iot driver Library\libIotLibrary.a
END GROUP
START GROUP
LOAD c:/program files (x86)/atmel/studio/7.0/toolchain/avr8/avr8-gnu-toolchain/bin/../lib/gcc/avr/5.4.0/avr6\libgcc.a
LOAD c:/program files (x86)/atmel/studio/7.0/toolchain/avr8/avr8-gnu-toolchain/bin/../lib/gcc/avr/5.4.0/../../../../avr/lib/avr6\libm.a
LOAD c:/program files (x86)/atmel/studio/7.0/toolchain/avr8/avr8-gnu-toolchain/bin/../lib/gcc/avr/5.4.0/../../../../avr/lib/avr6\libc.a
LOAD C:/Program Files (x86)/Atmel/Studio/7.0/Packs/atmel/ATmega_DFP/1.2.209/gcc/dev/atmega2560/avr6\libatmega2560.a
END GROUP
                0x00100000                __TEXT_REGION_LENGTH__ = DEFINED (__TEXT_REGION_LENGTH__)?__TEXT_REGION_LENGTH__:0x100000
                0x0000fe00                __DATA_REGION_LENGTH__ = DEFINED (__DATA_REGION_LENGTH__)?__DATA_REGION_LENGTH__:0xfe00
                0x00010000                __EEPROM_REGION_LENGTH__ = DEFINED (__EEPROM_REGION_LENGTH__)?__EEPROM_REGION_LENGTH__:0x10000
                [0x00000003]                __FUSE_REGION_LENGTH__ = DEFINED (__FUSE_REGION_LENGTH__)?__FUSE_REGION_LENGTH__:0x400
                0x00000400                __LOCK_REGION_LENGTH__ = DEFINED (__LOCK_REGION_LENGTH__)?__LOCK_REGION_LENGTH__:0x400
                0x00000400                __SIGNATURE_REGION_LENGTH__ = DEFINED (__SIGNATURE_REGION_LENGTH__)?__SIGNATURE_REGION_LENGTH__:0x400
                0x00000400                __USER_SIGNATURE_REGION_LENGTH__ = DEFINED (__USER_SIGNATURE_REGION_LENGTH__)?__USER_SIGNATURE_REGION_LENGTH__:0x400

.hash
 *(.hash)

.dynsym
 *(.dynsym)

.dynstr
 *(.dynstr)

.gnu.version
 *(.gnu.version)

.gnu.version_d
 *(.gnu.version_d)

.gnu.version_r
 *(.gnu.version_r)

.rel.init
 *(.rel.init)

.rela.init
 *(.rela.init)

.rel.text
 *(.rel.text)
 *(.rel.text.*)
 *(.rel.gnu.linkonce.t*)

.rela.text
 *(.rela.text)
 *(.rela.text.*)
 *(.rela.gnu.linkonce.t*)

.rel.fini
 *(.rel.fini)

.rela.fini
 *(.rela.fini)

.rel.rodata
 *(.rel.rodata)
 *(.rel.rodata.*)
 *(.rel.gnu.linkonce.r*)

.rela.rodata
 *(.rela.rodata)
 *(.rela.rodata.*)
 *(.rela.gnu.linkonce.r*)

.rel.data
 *(.rel.data)
 *(.rel.data.*)
 *(.rel.gnu.linkonce.d*)

.rela.data
 *(.rela.data)
 *(.rela.data.*)
 *(.rela.gnu.linkonce.d*)

.rel.ctors
 *(.rel.ctors)

.rela.ctors
 *(.rela.ctors)

.rel.dtors
 *(.rel.dtors)

.rela.dtors
 *(.rela.dtors)

.rel.got
 *(.rel.got)

.rela.got
 *(.rela.got)

.rel.bss
 *(.rel.bss)

.rela.bss
 *(.rela.bss)

.rel.plt
 *(.rel.plt)

.rela.plt
 *(.rela.plt)

.text           0x00000000     0x33ec
 *(.vectors)
 .vectors       0x00000000       0xe4 C:/Program Files (x86)/Atmel/Studio/7.0/Packs/atmel/ATmega_DFP/1.2.209/gcc/dev/atmega2560/avr6/crtatmega2560.o
                0x00000000                __vector_default
                0x00000000                __vectors
 *(.vectors)
 *(.progmem.gcc*)
 .progmem.gcc_sw_table
                0x000000e4       0x14 FreeRTOS/src/timers.o
                0x000000f8                . = ALIGN (0x2)
                0x000000f8                __trampolines_start = .
 *(.trampolines)
 .trampolines   0x000000f8        0x0 linker stubs
 *(.trampolines*)
                0x000000f8                __trampolines_end = .
 *libprintf_flt.a:*(.progmem.data)
 *libc.a:*(.progmem.data)
 *(.progmem*)
                0x000000f8                . = ALIGN (0x2)
 *(.jumptables)
 *(.jumptables*)
 *(.lowtext)
 .lowtext       0x000000f8       0x6c FreeRTOS/src/tasks.o
 .lowtext       0x00000164      0x206 FreeRTOS/src/timers.o
 *(.lowtext*)
                0x0000036a                __ctors_start = .
 *(.ctors)
                0x0000036a                __ctors_end = .
                0x0000036a                __dtors_start = .
 *(.dtors)
                0x0000036a                __dtors_end = .
 SORT(*)(.ctors)
 SORT(*)(.dtors)
 *(.init0)
 .init0         0x0000036a        0x0 C:/Program Files (x86)/Atmel/Studio/7.0/Packs/atmel/ATmega_DFP/1.2.209/gcc/dev/atmega2560/avr6/crtatmega2560.o
                0x0000036a                __init
 *(.init0)
 *(.init1)
 *(.init1)
 *(.init2)
 .init2         0x0000036a       0x10 C:/Program Files (x86)/Atmel/Studio/7.0/Packs/atmel/ATmega_DFP/1.2.209/gcc/dev/atmega2560/avr6/crtatmega2560.o
 *(.init2)
 *(.init3)
 *(.init3)
 *(.init4)
 .init4         0x0000037a       0x1a c:/program files (x86)/atmel/studio/7.0/toolchain/avr8/avr8-gnu-toolchain/bin/../lib/gcc/avr/5.4.0/avr6\libgcc.a(_copy_data.o)
                0x0000037a                __do_copy_data
 .init4         0x00000394       0x10 c:/program files (x86)/atmel/studio/7.0/toolchain/avr8/avr8-gnu-toolchain/bin/../lib/gcc/avr/5.4.0/avr6\libgcc.a(_clear_bss.o)
                0x00000394                __do_clear_bss
 *(.init4)
 *(.init5)
 *(.init5)
 *(.init6)
 *(.init6)
 *(.init7)
 *(.init7)
 *(.init8)
 *(.init8)
 *(.init9)
 .init9         0x000003a4        0x8 C:/Program Files (x86)/Atmel/Studio/7.0/Packs/atmel/ATmega_DFP/1.2.209/gcc/dev/atmega2560/avr6/crtatmega2560.o
 *(.init9)
 *(.text)
 .text          0x000003ac        0x2 C:/Program Files (x86)/Atmel/Studio/7.0/Packs/atmel/ATmega_DFP/1.2.209/gcc/dev/atmega2560/avr6/crtatmega2560.o
                0x000003ac                __vector_38
                0x000003ac                __vector_22
                0x000003ac                __vector_28
                0x000003ac                __vector_1
                0x000003ac                __vector_32
                0x000003ac                __vector_34
                0x000003ac                __vector_24
                0x000003ac                __vector_46
                0x000003ac                __bad_interrupt
                0x000003ac                __vector_6
                0x000003ac                __vector_31
                0x000003ac                __vector_35
                0x000003ac                __vector_39
                0x000003ac                __vector_3
                0x000003ac                __vector_23
                0x000003ac                __vector_30
                0x000003ac                __vector_45
                0x000003ac                __vector_11
                0x000003ac                __vector_13
                0x000003ac                __vector_17
                0x000003ac                __vector_19
                0x000003ac                __vector_56
                0x000003ac                __vector_7
                0x000003ac                __vector_49
                0x000003ac                __vector_41
                0x000003ac                __vector_43
                0x000003ac                __vector_27
                0x000003ac                __vector_5
                0x000003ac                __vector_33
                0x000003ac                __vector_47
                0x000003ac                __vector_4
                0x000003ac                __vector_44
                0x000003ac                __vector_9
                0x000003ac                __vector_2
                0x000003ac                __vector_21
                0x000003ac                __vector_15
                0x000003ac                __vector_29
                0x000003ac                __vector_40
                0x000003ac                __vector_8
                0x000003ac                __vector_48
                0x000003ac                __vector_14
                0x000003ac                __vector_53
                0x000003ac                __vector_10
                0x000003ac                __vector_50
                0x000003ac                __vector_16
                0x000003ac                __vector_18
                0x000003ac                __vector_20
                0x000003ac                __vector_42
                0x000003ae                . = ALIGN (0x2)
 *(.text.*)
 .text.measure_co2_timer_callback
                0x000003ae       0x34 CO2Task.o
                0x000003ae                measure_co2_timer_callback
 .text.my_co2_call_back
                0x000003e2       0x40 CO2Task.o
                0x000003e2                my_co2_call_back
 .text.start_timer_task
                0x00000422       0x2e CO2Task.o
                0x00000422                start_timer_task
 .text.task_switch_in
                0x00000450       0x14 FreeRTOS/FreeRTOSTraceDriver/FreeRTOSTraceDriver.o
                0x00000450                task_switch_in
 .text.task_switch_out
                0x00000464        0xc FreeRTOS/FreeRTOSTraceDriver/FreeRTOSTraceDriver.o
                0x00000464                task_switch_out
 .text.pvPortMalloc
                0x00000470       0x24 FreeRTOS/src/heap_3.o
                0x00000470                pvPortMalloc
 .text.vPortFree
                0x00000494       0x1c FreeRTOS/src/heap_3.o
                0x00000494                vPortFree
 .text.vListInitialise
                0x000004b0       0x1c FreeRTOS/src/list.o
                0x000004b0                vListInitialise
 .text.vListInitialiseItem
                0x000004cc        0x8 FreeRTOS/src/list.o
                0x000004cc                vListInitialiseItem
 .text.vListInsertEnd
                0x000004d4       0x42 FreeRTOS/src/list.o
                0x000004d4                vListInsertEnd
 .text.vListInsert
                0x00000516       0x62 FreeRTOS/src/list.o
                0x00000516                vListInsert
 .text.uxListRemove
                0x00000578       0x4e FreeRTOS/src/list.o
                0x00000578                uxListRemove
 .text.pxPortInitialiseStack
                0x000005c6       0xe4 FreeRTOS/src/port.o
                0x000005c6                pxPortInitialiseStack
 .text.xPortStartScheduler
                0x000006aa       0x78 FreeRTOS/src/port.o
                0x000006aa                xPortStartScheduler
 .text.vPortYield
                0x00000722       0xc0 FreeRTOS/src/port.o
                0x00000722                vPortYield
 .text.vPortYieldFromTick
                0x000007e2       0xc6 FreeRTOS/src/port.o
                0x000007e2                vPortYieldFromTick
 .text.__vector_12
                0x000008a8        0x4 FreeRTOS/src/port.o
                0x000008a8                __vector_12
 .text.prvIsQueueEmpty
                0x000008ac       0x16 FreeRTOS/src/queue.o
 .text.prvCopyDataToQueue
                0x000008c2       0xbe FreeRTOS/src/queue.o
 .text.prvCopyDataFromQueue
                0x00000980       0x34 FreeRTOS/src/queue.o
 .text.prvUnlockQueue
                0x000009b4       0x92 FreeRTOS/src/queue.o
 .text.xQueueGenericReset
                0x00000a46       0x84 FreeRTOS/src/queue.o
                0x00000a46                xQueueGenericReset
 .text.xQueueGenericCreate
                0x00000aca       0x5c FreeRTOS/src/queue.o
                0x00000aca                xQueueGenericCreate
 .text.xQueueGenericSend
                0x00000b26      0x124 FreeRTOS/src/queue.o
                0x00000b26                xQueueGenericSend
 .text.xQueueCreateMutex
                0x00000c4a       0x30 FreeRTOS/src/queue.o
                0x00000c4a                xQueueCreateMutex
 .text.xQueueGenericSendFromISR
                0x00000c7a       0x70 FreeRTOS/src/queue.o
                0x00000c7a                xQueueGenericSendFromISR
 .text.xQueueReceive
                0x00000cea      0x112 FreeRTOS/src/queue.o
                0x00000cea                xQueueReceive
 .text.xQueueSemaphoreTake
                0x00000dfc      0x176 FreeRTOS/src/queue.o
                0x00000dfc                xQueueSemaphoreTake
 .text.vQueueWaitForMessageRestricted
                0x00000f72       0x36 FreeRTOS/src/queue.o
                0x00000f72                vQueueWaitForMessageRestricted
 .text.prvResetNextTaskUnblockTime
                0x00000fa8       0x3e FreeRTOS/src/tasks.o
 .text.prvAddCurrentTaskToDelayedList
                0x00000fe6       0xa8 FreeRTOS/src/tasks.o
 .text.xTaskCreate
                0x0000108e      0x21c FreeRTOS/src/tasks.o
                0x0000108e                xTaskCreate
 .text.vTaskDelete
                0x000012aa       0x9c FreeRTOS/src/tasks.o
                0x000012aa                vTaskDelete
 .text.vTaskStartScheduler
                0x00001346       0x62 FreeRTOS/src/tasks.o
                0x00001346                vTaskStartScheduler
 .text.vTaskSuspendAll
                0x000013a8        0xc FreeRTOS/src/tasks.o
                0x000013a8                vTaskSuspendAll
 .text.xTaskGetTickCount
                0x000013b4       0x14 FreeRTOS/src/tasks.o
                0x000013b4                xTaskGetTickCount
 .text.xTaskIncrementTick
                0x000013c8      0x16e FreeRTOS/src/tasks.o
                0x000013c8                xTaskIncrementTick
 .text.xTaskResumeAll
                0x00001536       0xf8 FreeRTOS/src/tasks.o
                0x00001536                xTaskResumeAll
 .text.vTaskSwitchContext
                0x0000162e      0x11c FreeRTOS/src/tasks.o
                0x0000162e                vTaskSwitchContext
 .text.vTaskPlaceOnEventList
                0x0000174a       0x22 FreeRTOS/src/tasks.o
                0x0000174a                vTaskPlaceOnEventList
 .text.vTaskPlaceOnEventListRestricted
                0x0000176c       0x30 FreeRTOS/src/tasks.o
                0x0000176c                vTaskPlaceOnEventListRestricted
 .text.xTaskRemoveFromEventList
                0x0000179c       0x90 FreeRTOS/src/tasks.o
                0x0000179c                xTaskRemoveFromEventList
 .text.vTaskInternalSetTimeOutState
                0x0000182c       0x16 FreeRTOS/src/tasks.o
                0x0000182c                vTaskInternalSetTimeOutState
 .text.xTaskCheckForTimeOut
                0x00001842       0x6a FreeRTOS/src/tasks.o
                0x00001842                xTaskCheckForTimeOut
 .text.vTaskMissedYield
                0x000018ac        0x8 FreeRTOS/src/tasks.o
                0x000018ac                vTaskMissedYield
 .text.xTaskGetSchedulerState
                0x000018b4       0x1c FreeRTOS/src/tasks.o
                0x000018b4                xTaskGetSchedulerState
 .text.xTaskPriorityInherit
                0x000018d0       0xe4 FreeRTOS/src/tasks.o
                0x000018d0                xTaskPriorityInherit
 .text.xTaskPriorityDisinherit
                0x000019b4       0x80 FreeRTOS/src/tasks.o
                0x000019b4                xTaskPriorityDisinherit
 .text.vTaskPriorityDisinheritAfterTimeout
                0x00001a34       0xa0 FreeRTOS/src/tasks.o
                0x00001a34                vTaskPriorityDisinheritAfterTimeout
 .text.pvTaskIncrementMutexHeldCount
                0x00001ad4       0x24 FreeRTOS/src/tasks.o
                0x00001ad4                pvTaskIncrementMutexHeldCount
 .text.prvInsertTimerInActiveList
                0x00001af8       0x5e FreeRTOS/src/timers.o
 .text.prvCheckForValidListAndQueue
                0x00001b56       0x52 FreeRTOS/src/timers.o
 .text.xTimerCreateTimerTask
                0x00001ba8       0x40 FreeRTOS/src/timers.o
                0x00001ba8                xTimerCreateTimerTask
 .text.xTimerCreate
                0x00001be8       0x6c FreeRTOS/src/timers.o
                0x00001be8                xTimerCreate
 .text.xTimerGenericCommand
                0x00001c54       0x8e FreeRTOS/src/timers.o
                0x00001c54                xTimerGenericCommand
 .text.prvSampleTimeNow
                0x00001ce2       0xdc FreeRTOS/src/timers.o
 .text.vApplicationIdleHook
                0x00001dbe        0x2 FreeRTOS/src/variantHooks.o
                0x00001dbe                vApplicationIdleHook
 .text.vApplicationMallocFailedHook
                0x00001dc0       0x1a FreeRTOS/src/variantHooks.o
                0x00001dc0                vApplicationMallocFailedHook
 .text.vApplicationStackOverflowHook
                0x00001dda       0x1a FreeRTOS/src/variantHooks.o
                0x00001dda                vApplicationStackOverflowHook
 .text.main     0x00001df4       0x5e main.o
                0x00001df4                main
 .text.usart_getchar
                0x00001e52       0x2a ../../../stdio\libserialLib.a(stdio_driver.o)
 .text.usart_putchar
                0x00001e7c       0x12 ../../../stdio\libserialLib.a(stdio_driver.o)
 .text.stdioCreate
                0x00001e8e       0x52 ../../../stdio\libserialLib.a(stdio_driver.o)
                0x00001e8e                stdioCreate
 .text.serial_new_instance
                0x00001ee0      0x12c ../../../stdio\libserialLib.a(serial.o)
                0x00001ee0                serial_new_instance
 .text.serial_send_byte
                0x0000200c       0x4a ../../../stdio\libserialLib.a(serial.o)
                0x0000200c                serial_send_byte
 .text.serial_send_bytes
                0x00002056       0xa0 ../../../stdio\libserialLib.a(serial.o)
                0x00002056                serial_send_bytes
 .text.serial_get_byte
                0x000020f6       0x38 ../../../stdio\libserialLib.a(serial.o)
                0x000020f6                serial_get_byte
 .text.__vector_25
                0x0000212e       0xa4 ../../../stdio\libserialLib.a(serial.o)
                0x0000212e                __vector_25
 .text.__vector_26
                0x000021d2       0x88 ../../../stdio\libserialLib.a(serial.o)
                0x000021d2                __vector_26
 .text.__vector_36
                0x0000225a       0xa4 ../../../stdio\libserialLib.a(serial.o)
                0x0000225a                __vector_36
 .text.__vector_37
                0x000022fe       0x88 ../../../stdio\libserialLib.a(serial.o)
                0x000022fe                __vector_37
 .text.__vector_51
                0x00002386       0xa4 ../../../stdio\libserialLib.a(serial.o)
                0x00002386                __vector_51
 .text.__vector_52
                0x0000242a       0x88 ../../../stdio\libserialLib.a(serial.o)
                0x0000242a                __vector_52
 .text.__vector_54
                0x000024b2       0xa4 ../../../stdio\libserialLib.a(serial.o)
                0x000024b2                __vector_54
 .text.__vector_55
                0x00002556       0x88 ../../../stdio\libserialLib.a(serial.o)
                0x00002556                __vector_55
 .text.fifo_init
                0x000025de       0x38 ../../../stdio\libserialLib.a(fifo.o)
                0x000025de                fifo_init
 .text._serial_call_back
                0x00002616       0xb6 ../../../Iot driver Library\libIotLibrary.a(mh_z19.o)
 .text.mh_z19_create
                0x000026cc       0x5c ../../../Iot driver Library\libIotLibrary.a(mh_z19.o)
                0x000026cc                mh_z19_create
 .text.mh_z19_take_meassuring
                0x00002728       0x5e ../../../Iot driver Library\libIotLibrary.a(mh_z19.o)
                0x00002728                mh_z19_take_meassuring
 .text.libgcc   0x00002786       0x10 c:/program files (x86)/atmel/studio/7.0/toolchain/avr8/avr8-gnu-toolchain/bin/../lib/gcc/avr/5.4.0/avr6\libgcc.a(_tablejump2.o)
                0x00002786                __tablejump2__
 .text.avr-libc.fplib
                0x00002796        0xa c:/program files (x86)/atmel/studio/7.0/toolchain/avr8/avr8-gnu-toolchain/bin/../lib/gcc/avr/5.4.0/../../../../avr/lib/avr6\libm.a(addsf3.o)
                0x00002796                __subsf3
                0x00002798                __addsf3
 .text.avr-libc.fplib
                0x000027a0       0xc0 c:/program files (x86)/atmel/studio/7.0/toolchain/avr8/avr8-gnu-toolchain/bin/../lib/gcc/avr/5.4.0/../../../../avr/lib/avr6\libm.a(addsf3x.o)
                0x000027ba                __addsf3x
 .text.avr-libc.fplib
                0x00002860        0x4 c:/program files (x86)/atmel/studio/7.0/toolchain/avr8/avr8-gnu-toolchain/bin/../lib/gcc/avr/5.4.0/../../../../avr/lib/avr6\libm.a(divsf3.o)
                0x00002860                __divsf3
 .text.avr-libc.fplib
                0x00002864       0xcc c:/program files (x86)/atmel/studio/7.0/toolchain/avr8/avr8-gnu-toolchain/bin/../lib/gcc/avr/5.4.0/../../../../avr/lib/avr6\libm.a(divsf3x.o)
                0x0000287a                __divsf3x
                0x0000287e                __divsf3_pse
 .text.avr-libc.fplib
                0x00002930       0x58 c:/program files (x86)/atmel/studio/7.0/toolchain/avr8/avr8-gnu-toolchain/bin/../lib/gcc/avr/5.4.0/../../../../avr/lib/avr6\libm.a(fixunssfsi.o)
                0x00002930                __fixunssfsi
 .text.avr-libc.fplib
                0x00002988       0x7a c:/program files (x86)/atmel/studio/7.0/toolchain/avr8/avr8-gnu-toolchain/bin/../lib/gcc/avr/5.4.0/../../../../avr/lib/avr6\libm.a(floatsisf.o)
                0x00002988                __floatunsisf
                0x0000298c                __floatsisf
 .text.avr-libc.fplib
                0x00002a02        0xc c:/program files (x86)/atmel/studio/7.0/toolchain/avr8/avr8-gnu-toolchain/bin/../lib/gcc/avr/5.4.0/../../../../avr/lib/avr6\libm.a(fp_inf.o)
                0x00002a02                __fp_inf
 .text.avr-libc.fplib
                0x00002a0e        0x6 c:/program files (x86)/atmel/studio/7.0/toolchain/avr8/avr8-gnu-toolchain/bin/../lib/gcc/avr/5.4.0/../../../../avr/lib/avr6\libm.a(fp_nan.o)
                0x00002a0e                __fp_nan
 .text.avr-libc.fplib
                0x00002a14        0xe c:/program files (x86)/atmel/studio/7.0/toolchain/avr8/avr8-gnu-toolchain/bin/../lib/gcc/avr/5.4.0/../../../../avr/lib/avr6\libm.a(fp_pscA.o)
                0x00002a14                __fp_pscA
 .text.avr-libc.fplib
                0x00002a22        0xe c:/program files (x86)/atmel/studio/7.0/toolchain/avr8/avr8-gnu-toolchain/bin/../lib/gcc/avr/5.4.0/../../../../avr/lib/avr6\libm.a(fp_pscB.o)
                0x00002a22                __fp_pscB
 .text.avr-libc.fplib
                0x00002a30       0x22 c:/program files (x86)/atmel/studio/7.0/toolchain/avr8/avr8-gnu-toolchain/bin/../lib/gcc/avr/5.4.0/../../../../avr/lib/avr6\libm.a(fp_round.o)
                0x00002a30                __fp_round
 .text.avr-libc.fplib
                0x00002a52       0x44 c:/program files (x86)/atmel/studio/7.0/toolchain/avr8/avr8-gnu-toolchain/bin/../lib/gcc/avr/5.4.0/../../../../avr/lib/avr6\libm.a(fp_split3.o)
                0x00002a52                __fp_split3
                0x00002a62                __fp_splitA
 .text.avr-libc.fplib
                0x00002a96        0xe c:/program files (x86)/atmel/studio/7.0/toolchain/avr8/avr8-gnu-toolchain/bin/../lib/gcc/avr/5.4.0/../../../../avr/lib/avr6\libm.a(fp_zero.o)
                0x00002a96                __fp_zero
                0x00002a98                __fp_szero
 .text.avr-libc.fplib
                0x00002aa4        0x4 c:/program files (x86)/atmel/studio/7.0/toolchain/avr8/avr8-gnu-toolchain/bin/../lib/gcc/avr/5.4.0/../../../../avr/lib/avr6\libm.a(mulsf3.o)
                0x00002aa4                __mulsf3
 .text.avr-libc.fplib
                0x00002aa8       0xc2 c:/program files (x86)/atmel/studio/7.0/toolchain/avr8/avr8-gnu-toolchain/bin/../lib/gcc/avr/5.4.0/../../../../avr/lib/avr6\libm.a(mulsf3x.o)
                0x00002abc                __mulsf3x
                0x00002ac0                __mulsf3_pse
 .text.avr-libc
                0x00002b6a       0x34 c:/program files (x86)/atmel/studio/7.0/toolchain/avr8/avr8-gnu-toolchain/bin/../lib/gcc/avr/5.4.0/../../../../avr/lib/avr6\libc.a(calloc.o)
                0x00002b6a                calloc
 .text.avr-libc
                0x00002b9e      0x242 c:/program files (x86)/atmel/studio/7.0/toolchain/avr8/avr8-gnu-toolchain/bin/../lib/gcc/avr/5.4.0/../../../../avr/lib/avr6\libc.a(malloc.o)
                0x00002b9e                malloc
                0x00002cce                free
 .text.avr-libc
                0x00002de0        0x8 c:/program files (x86)/atmel/studio/7.0/toolchain/avr8/avr8-gnu-toolchain/bin/../lib/gcc/avr/5.4.0/../../../../avr/lib/avr6\libc.a(abort.o)
                0x00002de0                abort
 .text.avr-libc
                0x00002de8       0x12 c:/program files (x86)/atmel/studio/7.0/toolchain/avr8/avr8-gnu-toolchain/bin/../lib/gcc/avr/5.4.0/../../../../avr/lib/avr6\libc.a(memcpy.o)
                0x00002de8                memcpy
 .text.avr-libc
                0x00002dfa        0xe c:/program files (x86)/atmel/studio/7.0/toolchain/avr8/avr8-gnu-toolchain/bin/../lib/gcc/avr/5.4.0/../../../../avr/lib/avr6\libc.a(memset.o)
                0x00002dfa                memset
 .text.avr-libc
                0x00002e08       0x26 c:/program files (x86)/atmel/studio/7.0/toolchain/avr8/avr8-gnu-toolchain/bin/../lib/gcc/avr/5.4.0/../../../../avr/lib/avr6\libc.a(printf.o)
                0x00002e08                printf
 .text.avr-libc
                0x00002e2e       0x60 c:/program files (x86)/atmel/studio/7.0/toolchain/avr8/avr8-gnu-toolchain/bin/../lib/gcc/avr/5.4.0/../../../../avr/lib/avr6\libc.a(puts.o)
                0x00002e2e                puts
 .text.avr-libc
                0x00002e8e      0x3fa c:/program files (x86)/atmel/studio/7.0/toolchain/avr8/avr8-gnu-toolchain/bin/../lib/gcc/avr/5.4.0/../../../../avr/lib/avr6\libc.a(vfprintf_std.o)
                0x00002e8e                vfprintf
 .text.avr-libc
                0x00003288       0x16 c:/program files (x86)/atmel/studio/7.0/toolchain/avr8/avr8-gnu-toolchain/bin/../lib/gcc/avr/5.4.0/../../../../avr/lib/avr6\libc.a(strnlen_P.o)
                0x00003288                strnlen_P
 .text.avr-libc
                0x0000329e       0x16 c:/program files (x86)/atmel/studio/7.0/toolchain/avr8/avr8-gnu-toolchain/bin/../lib/gcc/avr/5.4.0/../../../../avr/lib/avr6\libc.a(strnlen.o)
                0x0000329e                strnlen
 .text.avr-libc
                0x000032b4       0x78 c:/program files (x86)/atmel/studio/7.0/toolchain/avr8/avr8-gnu-toolchain/bin/../lib/gcc/avr/5.4.0/../../../../avr/lib/avr6\libc.a(fputc.o)
                0x000032b4                fputc
 .text.avr-libc
                0x0000332c       0xbc c:/program files (x86)/atmel/studio/7.0/toolchain/avr8/avr8-gnu-toolchain/bin/../lib/gcc/avr/5.4.0/../../../../avr/lib/avr6\libc.a(ultoa_invert.o)
                0x0000332c                __ultoa_invert
                0x000033e8                . = ALIGN (0x2)
 *(.fini9)
 .fini9         0x000033e8        0x0 c:/program files (x86)/atmel/studio/7.0/toolchain/avr8/avr8-gnu-toolchain/bin/../lib/gcc/avr/5.4.0/avr6\libgcc.a(_exit.o)
                0x000033e8                _exit
                0x000033e8                exit
 *(.fini9)
 *(.fini8)
 *(.fini8)
 *(.fini7)
 *(.fini7)
 *(.fini6)
 *(.fini6)
 *(.fini5)
 *(.fini5)
 *(.fini4)
 *(.fini4)
 *(.fini3)
 *(.fini3)
 *(.fini2)
 *(.fini2)
 *(.fini1)
 *(.fini1)
 *(.fini0)
 .fini0         0x000033e8        0x4 c:/program files (x86)/atmel/studio/7.0/toolchain/avr8/avr8-gnu-toolchain/bin/../lib/gcc/avr/5.4.0/avr6\libgcc.a(_exit.o)
 *(.fini0)
                0x000033ec                _etext = .

.data           0x00800200       0x94 load address 0x000033ec
                0x00800200                PROVIDE (__data_start, .)
 *(.data)
 .data          0x00800200        0x6 c:/program files (x86)/atmel/studio/7.0/toolchain/avr8/avr8-gnu-toolchain/bin/../lib/gcc/avr/5.4.0/../../../../avr/lib/avr6\libc.a(malloc.o)
                0x00800200                __malloc_heap_end
                0x00800202                __malloc_heap_start
                0x00800204                __malloc_margin
 *(.data*)
 .data.mystdout.1881
                0x00800206        0xe ../../../stdio\libserialLib.a(stdio_driver.o)
 .data._com_port_2_udr
                0x00800214        0x8 ../../../stdio\libserialLib.a(serial.o)
                0x00800214                _com_port_2_udr
 *(.gnu.linkonce.d*)
 *(.rodata)
 .rodata        0x0080021c       0x2d ../../../Iot driver Library\libIotLibrary.a(mh_z19.o)
 *(.rodata*)
 .rodata.str1.1
                0x00800249       0x2e CO2Task.o
 .rodata.str1.1
                0x00800277        0x5 FreeRTOS/src/tasks.o
 .rodata.str1.1
                0x0080027c        0x8 FreeRTOS/src/timers.o
 .rodata.str1.1
                0x00800284        0xf main.o
 *(.gnu.linkonce.r*)
                0x00800294                . = ALIGN (0x2)
 *fill*         0x00800293        0x1 
                0x00800294                _edata = .
                0x00800294                PROVIDE (__data_end, .)

.bss            0x00800294       0xa5
                0x00800294                PROVIDE (__bss_start, .)
 *(.bss)
 *(.bss*)
 .bss.uxSchedulerSuspended
                0x00800294        0x1 FreeRTOS/src/tasks.o
 .bss.xIdleTaskHandle
                0x00800295        0x2 FreeRTOS/src/tasks.o
 .bss.xNextTaskUnblockTime
                0x00800297        0x2 FreeRTOS/src/tasks.o
 .bss.uxTaskNumber
                0x00800299        0x1 FreeRTOS/src/tasks.o
 .bss.xNumOfOverflows
                0x0080029a        0x1 FreeRTOS/src/tasks.o
 .bss.xYieldPending
                0x0080029b        0x1 FreeRTOS/src/tasks.o
 .bss.uxPendedTicks
                0x0080029c        0x1 FreeRTOS/src/tasks.o
 .bss.xSchedulerRunning
                0x0080029d        0x1 FreeRTOS/src/tasks.o
 .bss.uxTopReadyPriority
                0x0080029e        0x1 FreeRTOS/src/tasks.o
 .bss.xTickCount
                0x0080029f        0x2 FreeRTOS/src/tasks.o
 .bss.uxCurrentNumberOfTasks
                0x008002a1        0x1 FreeRTOS/src/tasks.o
 .bss.xSuspendedTaskList
                0x008002a2        0x9 FreeRTOS/src/tasks.o
 .bss.uxDeletedTasksWaitingCleanUp
                0x008002ab        0x1 FreeRTOS/src/tasks.o
 .bss.xTasksWaitingTermination
                0x008002ac        0x9 FreeRTOS/src/tasks.o
 .bss.xPendingReadyList
                0x008002b5        0x9 FreeRTOS/src/tasks.o
 .bss.pxOverflowDelayedTaskList
                0x008002be        0x2 FreeRTOS/src/tasks.o
 .bss.pxDelayedTaskList
                0x008002c0        0x2 FreeRTOS/src/tasks.o
 .bss.xDelayedTaskList2
                0x008002c2        0x9 FreeRTOS/src/tasks.o
 .bss.xDelayedTaskList1
                0x008002cb        0x9 FreeRTOS/src/tasks.o
 .bss.pxReadyTasksLists
                0x008002d4       0x24 FreeRTOS/src/tasks.o
 .bss.pxCurrentTCB
                0x008002f8        0x2 FreeRTOS/src/tasks.o
                0x008002f8                pxCurrentTCB
 .bss.xLastTime.2432
                0x008002fa        0x2 FreeRTOS/src/timers.o
 .bss.xTimerTaskHandle
                0x008002fc        0x2 FreeRTOS/src/timers.o
 .bss.xTimerQueue
                0x008002fe        0x2 FreeRTOS/src/timers.o
 .bss.pxOverflowTimerList
                0x00800300        0x2 FreeRTOS/src/timers.o
 .bss.pxCurrentTimerList
                0x00800302        0x2 FreeRTOS/src/timers.o
 .bss.xActiveTimerList2
                0x00800304        0x9 FreeRTOS/src/timers.o
 .bss.xActiveTimerList1
                0x0080030d        0x9 FreeRTOS/src/timers.o
 .bss._com_serial_instance
                0x00800316        0x2 ../../../stdio\libserialLib.a(stdio_driver.o)
 .bss._ser_handle
                0x00800318        0x8 ../../../stdio\libserialLib.a(serial.o)
 .bss.data.1940
                0x00800320        0x2 ../../../Iot driver Library\libIotLibrary.a(mh_z19.o)
 .bss.inDex.1939
                0x00800322        0x1 ../../../Iot driver Library\libIotLibrary.a(mh_z19.o)
 .bss.crc_sum.1941
                0x00800323        0x1 ../../../Iot driver Library\libIotLibrary.a(mh_z19.o)
 .bss._app_call_back
                0x00800324        0x2 ../../../Iot driver Library\libIotLibrary.a(mh_z19.o)
 .bss._mh_state
                0x00800326        0x1 ../../../Iot driver Library\libIotLibrary.a(mh_z19.o)
                0x00800326                _mh_state
 .bss._ppm      0x00800327        0x2 ../../../Iot driver Library\libIotLibrary.a(mh_z19.o)
 .bss._serial   0x00800329        0x2 ../../../Iot driver Library\libIotLibrary.a(mh_z19.o)
 *(COMMON)
 COMMON         0x0080032b        0x4 CO2Task.o
                0x0080032b                xMutex
                0x0080032d                xTimer
 COMMON         0x0080032f        0x4 c:/program files (x86)/atmel/studio/7.0/toolchain/avr8/avr8-gnu-toolchain/bin/../lib/gcc/avr/5.4.0/../../../../avr/lib/avr6\libc.a(malloc.o)
                0x0080032f                __brkval
                0x00800331                __flp
 COMMON         0x00800333        0x6 c:/program files (x86)/atmel/studio/7.0/toolchain/avr8/avr8-gnu-toolchain/bin/../lib/gcc/avr/5.4.0/../../../../avr/lib/avr6\libc.a(iob.o)
                0x00800333                __iob
                0x00800339                PROVIDE (__bss_end, .)
                0x000033ec                __data_load_start = LOADADDR (.data)
                0x00003480                __data_load_end = (__data_load_start + SIZEOF (.data))

.noinit         0x00800339        0x0
                [!provide]                PROVIDE (__noinit_start, .)
 *(.noinit*)
                [!provide]                PROVIDE (__noinit_end, .)
                0x00800339                _end = .
                0x00800339                PROVIDE (__heap_start, .)

.eeprom         0x00810000        0x0
 *(.eeprom*)
                0x00810000                __eeprom_end = .

.fuse
 *(.fuse)
 *(.lfuse)
 *(.hfuse)
 *(.efuse)

.lock
 *(.lock*)

.signature
 *(.signature*)

.user_signatures
 *(.user_signatures*)

.stab
 *(.stab)

.stabstr
 *(.stabstr)

.stab.excl
 *(.stab.excl)

.stab.exclstr
 *(.stab.exclstr)

.stab.index
 *(.stab.index)

.stab.indexstr
 *(.stab.indexstr)

.comment        0x00000000       0x5c
 *(.comment)
 .comment       0x00000000       0x30 CO2Task.o
                                 0x31 (size before relaxing)
 .comment       0x00000030       0x31 FreeRTOS/FreeRTOSTraceDriver/FreeRTOSTraceDriver.o
 .comment       0x00000030       0x31 FreeRTOS/src/heap_3.o
 .comment       0x00000030       0x31 FreeRTOS/src/list.o
 .comment       0x00000030       0x31 FreeRTOS/src/port.o
 .comment       0x00000030       0x31 FreeRTOS/src/queue.o
 .comment       0x00000030       0x31 FreeRTOS/src/tasks.o
 .comment       0x00000030       0x31 FreeRTOS/src/timers.o
 .comment       0x00000030       0x31 FreeRTOS/src/variantHooks.o
 .comment       0x00000030       0x31 main.o
 .comment       0x00000030       0x31 ../../../stdio\libserialLib.a(stdio_driver.o)
 .comment       0x00000030       0x31 ../../../stdio\libserialLib.a(serial.o)
 .comment       0x00000030       0x31 ../../../stdio\libserialLib.a(fifo.o)
 .comment       0x00000030       0x31 ../../../Iot driver Library\libIotLibrary.a(mh_z19.o)
 .comment       0x00000030       0x31 c:/program files (x86)/atmel/studio/7.0/toolchain/avr8/avr8-gnu-toolchain/bin/../lib/gcc/avr/5.4.0/../../../../avr/lib/avr6\libc.a(calloc.o)
 .comment       0x00000030       0x31 c:/program files (x86)/atmel/studio/7.0/toolchain/avr8/avr8-gnu-toolchain/bin/../lib/gcc/avr/5.4.0/../../../../avr/lib/avr6\libc.a(malloc.o)
 .comment       0x00000030       0x31 c:/program files (x86)/atmel/studio/7.0/toolchain/avr8/avr8-gnu-toolchain/bin/../lib/gcc/avr/5.4.0/../../../../avr/lib/avr6\libc.a(iob.o)
 .comment       0x00000030       0x31 c:/program files (x86)/atmel/studio/7.0/toolchain/avr8/avr8-gnu-toolchain/bin/../lib/gcc/avr/5.4.0/../../../../avr/lib/avr6\libc.a(printf.o)
 .comment       0x00000030       0x31 c:/program files (x86)/atmel/studio/7.0/toolchain/avr8/avr8-gnu-toolchain/bin/../lib/gcc/avr/5.4.0/../../../../avr/lib/avr6\libc.a(puts.o)
 .comment       0x00000030       0x2c c:/program files (x86)/atmel/studio/7.0/toolchain/avr8/avr8-gnu-toolchain/bin/../lib/gcc/avr/5.4.0/../../../../avr/lib/avr6\libc.a(vfprintf_std.o)
                                 0x2d (size before relaxing)
 .comment       0x0000005c       0x31 c:/program files (x86)/atmel/studio/7.0/toolchain/avr8/avr8-gnu-toolchain/bin/../lib/gcc/avr/5.4.0/../../../../avr/lib/avr6\libc.a(fputc.o)

.note.gnu.avr.deviceinfo
                0x00000000       0x40
 .note.gnu.avr.deviceinfo
                0x00000000       0x40 C:/Program Files (x86)/Atmel/Studio/7.0/Packs/atmel/ATmega_DFP/1.2.209/gcc/dev/atmega2560/avr6/crtatmega2560.o

.note.gnu.build-id
 *(.note.gnu.build-id)

.debug
 *(.debug)

.line
 *(.line)

.debug_srcinfo
 *(.debug_srcinfo)

.debug_sfnames
 *(.debug_sfnames)

.debug_aranges  0x00000000      0x608
 *(.debug_aranges)
 .debug_aranges
                0x00000000       0x30 CO2Task.o
 .debug_aranges
                0x00000030       0x30 FreeRTOS/FreeRTOSTraceDriver/FreeRTOSTraceDriver.o
 .debug_aranges
                0x00000060       0x28 FreeRTOS/src/heap_3.o
 .debug_aranges
                0x00000088       0x40 FreeRTOS/src/list.o
 .debug_aranges
                0x000000c8       0x48 FreeRTOS/src/port.o
 .debug_aranges
                0x00000110       0xf8 FreeRTOS/src/queue.o
 .debug_aranges
                0x00000208      0x1d8 FreeRTOS/src/tasks.o
 .debug_aranges
                0x000003e0       0xa0 FreeRTOS/src/timers.o
 .debug_aranges
                0x00000480       0x30 FreeRTOS/src/variantHooks.o
 .debug_aranges
                0x000004b0       0x20 main.o
 .debug_aranges
                0x000004d0       0x38 ../../../stdio\libserialLib.a(stdio_driver.o)
 .debug_aranges
                0x00000508       0x90 ../../../stdio\libserialLib.a(serial.o)
 .debug_aranges
                0x00000598       0x20 ../../../stdio\libserialLib.a(fifo.o)
 .debug_aranges
                0x000005b8       0x50 ../../../Iot driver Library\libIotLibrary.a(mh_z19.o)

.debug_pubnames
 *(.debug_pubnames)

.debug_info     0x00000000     0x840f
 *(.debug_info .gnu.linkonce.wi.*)
 .debug_info    0x00000000      0xbbc C:/Program Files (x86)/Atmel/Studio/7.0/Packs/atmel/ATmega_DFP/1.2.209/gcc/dev/atmega2560/avr6/crtatmega2560.o
 .debug_info    0x00000bbc      0x2fc CO2Task.o
 .debug_info    0x00000eb8       0xd3 FreeRTOS/FreeRTOSTraceDriver/FreeRTOSTraceDriver.o
 .debug_info    0x00000f8b      0x19f FreeRTOS/src/heap_3.o
 .debug_info    0x0000112a      0x2df FreeRTOS/src/list.o
 .debug_info    0x00001409      0x284 FreeRTOS/src/port.o
 .debug_info    0x0000168d     0x18fc FreeRTOS/src/queue.o
 .debug_info    0x00002f89     0x27ae FreeRTOS/src/tasks.o
 .debug_info    0x00005737     0x1077 FreeRTOS/src/timers.o
 .debug_info    0x000067ae      0x1ba FreeRTOS/src/variantHooks.o
 .debug_info    0x00006968      0x25d main.o
 .debug_info    0x00006bc5      0x39c ../../../stdio\libserialLib.a(stdio_driver.o)
 .debug_info    0x00006f61      0xdb3 ../../../stdio\libserialLib.a(serial.o)
 .debug_info    0x00007d14      0x1c3 ../../../stdio\libserialLib.a(fifo.o)
 .debug_info    0x00007ed7      0x538 ../../../Iot driver Library\libIotLibrary.a(mh_z19.o)

.debug_abbrev   0x00000000     0x23a1
 *(.debug_abbrev)
 .debug_abbrev  0x00000000      0xb1a C:/Program Files (x86)/Atmel/Studio/7.0/Packs/atmel/ATmega_DFP/1.2.209/gcc/dev/atmega2560/avr6/crtatmega2560.o
 .debug_abbrev  0x00000b1a      0x162 CO2Task.o
 .debug_abbrev  0x00000c7c       0x92 FreeRTOS/FreeRTOSTraceDriver/FreeRTOSTraceDriver.o
 .debug_abbrev  0x00000d0e      0x107 FreeRTOS/src/heap_3.o
 .debug_abbrev  0x00000e15       0xff FreeRTOS/src/list.o
 .debug_abbrev  0x00000f14      0x158 FreeRTOS/src/port.o
 .debug_abbrev  0x0000106c      0x2d8 FreeRTOS/src/queue.o
 .debug_abbrev  0x00001344      0x359 FreeRTOS/src/tasks.o
 .debug_abbrev  0x0000169d      0x30f FreeRTOS/src/timers.o
 .debug_abbrev  0x000019ac      0x101 FreeRTOS/src/variantHooks.o
 .debug_abbrev  0x00001aad       0xdb main.o
 .debug_abbrev  0x00001b88      0x1be ../../../stdio\libserialLib.a(stdio_driver.o)
 .debug_abbrev  0x00001d46      0x364 ../../../stdio\libserialLib.a(serial.o)
 .debug_abbrev  0x000020aa       0xe8 ../../../stdio\libserialLib.a(fifo.o)
 .debug_abbrev  0x00002192      0x20f ../../../Iot driver Library\libIotLibrary.a(mh_z19.o)

.debug_line     0x00000000     0x40d7
 *(.debug_line .debug_line.* .debug_line_end)
 .debug_line    0x00000000      0x1f9 C:/Program Files (x86)/Atmel/Studio/7.0/Packs/atmel/ATmega_DFP/1.2.209/gcc/dev/atmega2560/avr6/crtatmega2560.o
 .debug_line    0x000001f9      0x1a5 CO2Task.o
 .debug_line    0x0000039e       0xfd FreeRTOS/FreeRTOSTraceDriver/FreeRTOSTraceDriver.o
 .debug_line    0x0000049b      0x175 FreeRTOS/src/heap_3.o
 .debug_line    0x00000610      0x1da FreeRTOS/src/list.o
 .debug_line    0x000007ea      0x312 FreeRTOS/src/port.o
 .debug_line    0x00000afc      0xbfa FreeRTOS/src/queue.o
 .debug_line    0x000016f6     0x1656 FreeRTOS/src/tasks.o
 .debug_line    0x00002d4c      0x562 FreeRTOS/src/timers.o
 .debug_line    0x000032ae      0x18a FreeRTOS/src/variantHooks.o
 .debug_line    0x00003438      0x16c main.o
 .debug_line    0x000035a4      0x12f ../../../stdio\libserialLib.a(stdio_driver.o)
 .debug_line    0x000036d3      0x620 ../../../stdio\libserialLib.a(serial.o)
 .debug_line    0x00003cf3      0x10e ../../../stdio\libserialLib.a(fifo.o)
 .debug_line    0x00003e01      0x2d6 ../../../Iot driver Library\libIotLibrary.a(mh_z19.o)

.debug_frame    0x00000000     0x13ac
 *(.debug_frame)
 .debug_frame   0x00000000       0x60 CO2Task.o
 .debug_frame   0x00000060       0x44 FreeRTOS/FreeRTOSTraceDriver/FreeRTOSTraceDriver.o
 .debug_frame   0x000000a4       0x4c FreeRTOS/src/heap_3.o
 .debug_frame   0x000000f0       0x88 FreeRTOS/src/list.o
 .debug_frame   0x00000178       0x74 FreeRTOS/src/port.o
 .debug_frame   0x000001ec      0x3cc FreeRTOS/src/queue.o
 .debug_frame   0x000005b8      0x69c FreeRTOS/src/tasks.o
 .debug_frame   0x00000c54      0x1cc FreeRTOS/src/timers.o
 .debug_frame   0x00000e20       0x44 FreeRTOS/src/variantHooks.o
 .debug_frame   0x00000e64       0x24 main.o
 .debug_frame   0x00000e88       0x84 ../../../stdio\libserialLib.a(stdio_driver.o)
 .debug_frame   0x00000f0c      0x384 ../../../stdio\libserialLib.a(serial.o)
 .debug_frame   0x00001290       0x24 ../../../stdio\libserialLib.a(fifo.o)
 .debug_frame   0x000012b4       0xf8 ../../../Iot driver Library\libIotLibrary.a(mh_z19.o)

.debug_str      0x00000000     0x2815
 *(.debug_str)
 .debug_str     0x00000000      0x3e6 C:/Program Files (x86)/Atmel/Studio/7.0/Packs/atmel/ATmega_DFP/1.2.209/gcc/dev/atmega2560/avr6/crtatmega2560.o
 .debug_str     0x000003e6      0x293 CO2Task.o
                                0x2ea (size before relaxing)
 .debug_str     0x00000679       0xb1 FreeRTOS/FreeRTOSTraceDriver/FreeRTOSTraceDriver.o
                                0x1cb (size before relaxing)
 .debug_str     0x0000072a       0x94 FreeRTOS/src/heap_3.o
                                0x1fd (size before relaxing)
 .debug_str     0x000007be      0x140 FreeRTOS/src/list.o
                                0x2c8 (size before relaxing)
 .debug_str     0x000008fe      0x123 FreeRTOS/src/port.o
                                0x2b5 (size before relaxing)
 .debug_str     0x00000a21      0x6a5 FreeRTOS/src/queue.o
                                0x9be (size before relaxing)
 .debug_str     0x000010c6      0xbc5 FreeRTOS/src/tasks.o
                               0x1169 (size before relaxing)
 .debug_str     0x00001c8b      0x419 FreeRTOS/src/timers.o
                                0x856 (size before relaxing)
 .debug_str     0x000020a4       0x61 FreeRTOS/src/variantHooks.o
                                0x25c (size before relaxing)
 .debug_str     0x00002105       0x57 main.o
                                0x26b (size before relaxing)
 .debug_str     0x0000215c      0x23e ../../../stdio\libserialLib.a(stdio_driver.o)
                                0x37b (size before relaxing)
 .debug_str     0x0000239a      0x2f0 ../../../stdio\libserialLib.a(serial.o)
                                0x63c (size before relaxing)
 .debug_str     0x0000268a       0x15 ../../../stdio\libserialLib.a(fifo.o)
                                0x23a (size before relaxing)
 .debug_str     0x0000269f      0x176 ../../../Iot driver Library\libIotLibrary.a(mh_z19.o)
                                0x47a (size before relaxing)

.debug_loc      0x00000000     0x75e6
 *(.debug_loc)
 .debug_loc     0x00000000       0xe4 CO2Task.o
 .debug_loc     0x000000e4       0x42 FreeRTOS/FreeRTOSTraceDriver/FreeRTOSTraceDriver.o
 .debug_loc     0x00000126      0x102 FreeRTOS/src/heap_3.o
 .debug_loc     0x00000228      0x145 FreeRTOS/src/list.o
 .debug_loc     0x0000036d      0x2af FreeRTOS/src/port.o
 .debug_loc     0x0000061c     0x1dc0 FreeRTOS/src/queue.o
 .debug_loc     0x000023dc     0x2e78 FreeRTOS/src/tasks.o
 .debug_loc     0x00005254      0xbed FreeRTOS/src/timers.o
 .debug_loc     0x00005e41       0xb6 FreeRTOS/src/variantHooks.o
 .debug_loc     0x00005ef7      0x144 ../../../stdio\libserialLib.a(stdio_driver.o)
 .debug_loc     0x0000603b     0x1080 ../../../stdio\libserialLib.a(serial.o)
 .debug_loc     0x000070bb      0x15e ../../../stdio\libserialLib.a(fifo.o)
 .debug_loc     0x00007219      0x3cd ../../../Iot driver Library\libIotLibrary.a(mh_z19.o)

.debug_macinfo
 *(.debug_macinfo)

.debug_weaknames
 *(.debug_weaknames)

.debug_funcnames
 *(.debug_funcnames)

.debug_typenames
 *(.debug_typenames)

.debug_varnames
 *(.debug_varnames)

.debug_pubtypes
 *(.debug_pubtypes)

.debug_ranges   0x00000000      0x6a8
 *(.debug_ranges)
 .debug_ranges  0x00000000       0x20 CO2Task.o
 .debug_ranges  0x00000020       0x20 FreeRTOS/FreeRTOSTraceDriver/FreeRTOSTraceDriver.o
 .debug_ranges  0x00000040       0x18 FreeRTOS/src/heap_3.o
 .debug_ranges  0x00000058       0x30 FreeRTOS/src/list.o
 .debug_ranges  0x00000088       0x38 FreeRTOS/src/port.o
 .debug_ranges  0x000000c0      0x178 FreeRTOS/src/queue.o
 .debug_ranges  0x00000238      0x240 FreeRTOS/src/tasks.o
 .debug_ranges  0x00000478       0xf0 FreeRTOS/src/timers.o
 .debug_ranges  0x00000568       0x20 FreeRTOS/src/variantHooks.o
 .debug_ranges  0x00000588       0x10 main.o
 .debug_ranges  0x00000598       0x28 ../../../stdio\libserialLib.a(stdio_driver.o)
 .debug_ranges  0x000005c0       0x98 ../../../stdio\libserialLib.a(serial.o)
 .debug_ranges  0x00000658       0x10 ../../../stdio\libserialLib.a(fifo.o)
 .debug_ranges  0x00000668       0x40 ../../../Iot driver Library\libIotLibrary.a(mh_z19.o)

.debug_macro
 *(.debug_macro)
OUTPUT(Sensors.elf elf32-avr)
LOAD linker stubs
