Archive member included to satisfy reference by file (symbol)

../../../stdio\libserialLib.a(stdio_driver.o)
                              Setup/driver_init.o (stdioCreate)
../../../stdio\libserialLib.a(serial.o)
                              ../../../stdio\libserialLib.a(stdio_driver.o) (serial_new_instance)
../../../stdio\libserialLib.a(fifo.o)
                              ../../../stdio\libserialLib.a(serial.o) (fifo_init)
../../../Iot driver Library\libIotLibrary.a(hal.o)
                              Setup/driver_init.o (hal_create)
../../../Iot driver Library\libIotLibrary.a(hih8120.o)
                              Setup/driver_init.o (hih8120Create)
../../../Iot driver Library\libIotLibrary.a(led.o)
                              ../../../Iot driver Library\libIotLibrary.a(hal.o) (led_create)
../../../Iot driver Library\libIotLibrary.a(lora_driver.o)
                              Tasks/lora_handler_task.o (lora_driver_flush_buffers)
../../../Iot driver Library\libIotLibrary.a(lora_driver_utils.o)
                              ../../../Iot driver Library\libIotLibrary.a(lora_driver.o) (decode_port_no)
../../../Iot driver Library\libIotLibrary.a(mega_register_access.o)
                              ../../../Iot driver Library\libIotLibrary.a(hal.o) (reg_read_register)
../../../Iot driver Library\libIotLibrary.a(mh_z19.o)
                              Setup/driver_init.o (mh_z19_create)
../../../Iot driver Library\libIotLibrary.a(twi.o)
                              ../../../Iot driver Library\libIotLibrary.a(hih8120.o) (twiCreate)
c:/program files (x86)/atmel/studio/7.0/toolchain/avr8/avr8-gnu-toolchain/bin/../lib/gcc/avr/5.4.0/avr6\libgcc.a(_udivmodsi4.o)
                              ../../../Iot driver Library\libIotLibrary.a(twi.o) (__udivmodsi4)
c:/program files (x86)/atmel/studio/7.0/toolchain/avr8/avr8-gnu-toolchain/bin/../lib/gcc/avr/5.4.0/avr6\libgcc.a(_exit.o)
                              C:/Program Files (x86)/Atmel/Studio/7.0/Packs/atmel/ATmega_DFP/1.2.209/gcc/dev/atmega2560/avr6/crtatmega2560.o (exit)
c:/program files (x86)/atmel/studio/7.0/toolchain/avr8/avr8-gnu-toolchain/bin/../lib/gcc/avr/5.4.0/avr6\libgcc.a(_tablejump2.o)
                              FreeRTOS/src/timers.o (__tablejump2__)
c:/program files (x86)/atmel/studio/7.0/toolchain/avr8/avr8-gnu-toolchain/bin/../lib/gcc/avr/5.4.0/avr6\libgcc.a(_copy_data.o)
                              Callbacks/measure_co2_callback.o (__do_copy_data)
c:/program files (x86)/atmel/studio/7.0/toolchain/avr8/avr8-gnu-toolchain/bin/../lib/gcc/avr/5.4.0/avr6\libgcc.a(_clear_bss.o)
                              Setup/create_all_timers.o (__do_clear_bss)
c:/program files (x86)/atmel/studio/7.0/toolchain/avr8/avr8-gnu-toolchain/bin/../lib/gcc/avr/5.4.0/../../../../avr/lib/avr6\libm.a(addsf3.o)
                              ../../../stdio\libserialLib.a(serial.o) (__subsf3)
c:/program files (x86)/atmel/studio/7.0/toolchain/avr8/avr8-gnu-toolchain/bin/../lib/gcc/avr/5.4.0/../../../../avr/lib/avr6\libm.a(addsf3x.o)
                              c:/program files (x86)/atmel/studio/7.0/toolchain/avr8/avr8-gnu-toolchain/bin/../lib/gcc/avr/5.4.0/../../../../avr/lib/avr6\libm.a(addsf3.o) (__addsf3x)
c:/program files (x86)/atmel/studio/7.0/toolchain/avr8/avr8-gnu-toolchain/bin/../lib/gcc/avr/5.4.0/../../../../avr/lib/avr6\libm.a(divsf3.o)
                              ../../../stdio\libserialLib.a(serial.o) (__divsf3)
c:/program files (x86)/atmel/studio/7.0/toolchain/avr8/avr8-gnu-toolchain/bin/../lib/gcc/avr/5.4.0/../../../../avr/lib/avr6\libm.a(divsf3x.o)
                              c:/program files (x86)/atmel/studio/7.0/toolchain/avr8/avr8-gnu-toolchain/bin/../lib/gcc/avr/5.4.0/../../../../avr/lib/avr6\libm.a(divsf3.o) (__divsf3x)
c:/program files (x86)/atmel/studio/7.0/toolchain/avr8/avr8-gnu-toolchain/bin/../lib/gcc/avr/5.4.0/../../../../avr/lib/avr6\libm.a(fixsfsi.o)
                              ../../../Iot driver Library\libIotLibrary.a(hih8120.o) (__fixsfsi)
c:/program files (x86)/atmel/studio/7.0/toolchain/avr8/avr8-gnu-toolchain/bin/../lib/gcc/avr/5.4.0/../../../../avr/lib/avr6\libm.a(fixunssfsi.o)
                              ../../../stdio\libserialLib.a(serial.o) (__fixunssfsi)
c:/program files (x86)/atmel/studio/7.0/toolchain/avr8/avr8-gnu-toolchain/bin/../lib/gcc/avr/5.4.0/../../../../avr/lib/avr6\libm.a(floatsisf.o)
                              ../../../stdio\libserialLib.a(serial.o) (__floatunsisf)
c:/program files (x86)/atmel/studio/7.0/toolchain/avr8/avr8-gnu-toolchain/bin/../lib/gcc/avr/5.4.0/../../../../avr/lib/avr6\libm.a(fp_inf.o)
                              c:/program files (x86)/atmel/studio/7.0/toolchain/avr8/avr8-gnu-toolchain/bin/../lib/gcc/avr/5.4.0/../../../../avr/lib/avr6\libm.a(addsf3x.o) (__fp_inf)
c:/program files (x86)/atmel/studio/7.0/toolchain/avr8/avr8-gnu-toolchain/bin/../lib/gcc/avr/5.4.0/../../../../avr/lib/avr6\libm.a(fp_nan.o)
[...]
Memory Configuration

Name             Origin             Length             Attributes
text             0x00000000         0x00100000         xr
data             0x00800200         0x0000fe00         rw !x
eeprom           0x00810000         0x00010000         rw !x
fuse             0x00820000         0x00000003         rw !x
lock             0x00830000         0x00000400         rw !x
signature        0x00840000         0x00000400         rw !x
user_signatures  0x00850000         0x00000400         rw !x
*default*        0x00000000         0xffffffff

Linker script and memory map

Address of section .data set to 0x800200
LOAD C:/Program Files (x86)/Atmel/Studio/7.0/Packs/atmel/ATmega_DFP/1.2.209/gcc/dev/atmega2560/avr6/crtatmega2560.o
LOAD Callbacks/measure_co2_callback.o
LOAD Callbacks/measure_co2_timer_callback.o
LOAD Callbacks/print_co2_timer_callback.o
LOAD Callbacks/print_temp_timer_callback.o
LOAD Callbacks/measure_temp_timer_callback.o
LOAD m_print.o
LOAD Setup/create_all_tasks.o
LOAD Setup/create_all_timers.o
LOAD Setup/lora_setup.o
LOAD Setup/driver_init.o
LOAD Tasks/lora_handler_task.o
LOAD Tasks/measure_co2_task.o
LOAD Tasks/measure_temp_task.o
LOAD Tasks/print_co2_task.o
LOAD Tasks/print_temp_task.o
LOAD FreeRTOS/FreeRTOSTraceDriver/FreeRTOSTraceDriver.o
LOAD FreeRTOS/src/croutine.o
LOAD FreeRTOS/src/event_groups.o
LOAD FreeRTOS/src/heap_3.o
LOAD FreeRTOS/src/list.o
LOAD FreeRTOS/src/port.o
LOAD FreeRTOS/src/queue.o
LOAD FreeRTOS/src/stream_buffer.o
LOAD FreeRTOS/src/tasks.o
LOAD FreeRTOS/src/timers.o
LOAD FreeRTOS/src/variantHooks.o
LOAD main.o
START GROUP
LOAD ../../../stdio\libserialLib.a
LOAD ../../../Iot driver Library\libIotLibrary.a
END GROUP
START GROUP
LOAD c:/program files (x86)/atmel/studio/7.0/toolchain/avr8/avr8-gnu-toolchain/bin/../lib/gcc/avr/5.4.0/avr6\libgcc.a
LOAD c:/program files (x86)/atmel/studio/7.0/toolchain/avr8/avr8-gnu-toolchain/bin/../lib/gcc/avr/5.4.0/../../../../avr/lib/avr6\libm.a
LOAD c:/program files (x86)/atmel/studio/7.0/toolchain/avr8/avr8-gnu-toolchain/bin/../lib/gcc/avr/5.4.0/../../../../avr/lib/avr6\libc.a
LOAD C:/Program Files (x86)/Atmel/Studio/7.0/Packs/atmel/ATmega_DFP/1.2.209/gcc/dev/atmega2560/avr6\libatmega2560.a
END GROUP
                0x00100000                __TEXT_REGION_LENGTH__ = DEFINED (__TEXT_REGION_LENGTH__)?__TEXT_REGION_LENGTH__:0x100000
                0x0000fe00                __DATA_REGION_LENGTH__ = DEFINED (__DATA_REGION_LENGTH__)?__DATA_REGION_LENGTH__:0xfe00
                0x00010000                __EEPROM_REGION_LENGTH__ = DEFINED (__EEPROM_REGION_LENGTH__)?__EEPROM_REGION_LENGTH__:0x10000
                [0x00000003]                __FUSE_REGION_LENGTH__ = DEFINED (__FUSE_REGION_LENGTH__)?__FUSE_REGION_LENGTH__:0x400
                0x00000400                __LOCK_REGION_LENGTH__ = DEFINED (__LOCK_REGION_LENGTH__)?__LOCK_REGION_LENGTH__:0x400
                0x00000400                __SIGNATURE_REGION_LENGTH__ = DEFINED (__SIGNATURE_REGION_LENGTH__)?__SIGNATURE_REGION_LENGTH__:0x400
                0x00000400                __USER_SIGNATURE_REGION_LENGTH__ = DEFINED (__USER_SIGNATURE_REGION_LENGTH__)?__USER_SIGNATURE_REGION_LENGTH__:0x400

.hash
 *(.hash)

.dynsym
 *(.dynsym)

.dynstr
 *(.dynstr)

.gnu.version
 *(.gnu.version)

.gnu.version_d
 *(.gnu.version_d)

.gnu.version_r
 *(.gnu.version_r)

.rel.init
 *(.rel.init)

.rela.init
 *(.rela.init)

.rel.text
 *(.rel.text)
 *(.rel.text.*)
 *(.rel.gnu.linkonce.t*)

.rela.text
 *(.rela.text)
 *(.rela.text.*)
 *(.rela.gnu.linkonce.t*)

.rel.fini
 *(.rel.fini)

.rela.fini
 *(.rela.fini)

.rel.rodata
 *(.rel.rodata)
 *(.rel.rodata.*)
 *(.rel.gnu.linkonce.r*)

.rela.rodata
 *(.rela.rodata)
 *(.rela.rodata.*)
 *(.rela.gnu.linkonce.r*)

.rel.data
 *(.rel.data)
 *(.rel.data.*)
 *(.rel.gnu.linkonce.d*)

.rela.data
 *(.rela.data)
 *(.rela.data.*)
 *(.rela.gnu.linkonce.d*)

.rel.ctors
 *(.rel.ctors)

.rela.ctors
 *(.rela.ctors)

.rel.dtors
 *(.rel.dtors)

.rela.dtors
 *(.rela.dtors)

.rel.got
 *(.rel.got)

.rela.got
 *(.rela.got)

.rel.bss
 *(.rel.bss)

.rela.bss
 *(.rela.bss)

.rel.plt
 *(.rel.plt)

.rela.plt
 *(.rela.plt)

.text           0x00000000     0x49fe
 *(.vectors)
 .vectors       0x00000000       0xe4 C:/Program Files (x86)/Atmel/Studio/7.0/Packs/atmel/ATmega_DFP/1.2.209/gcc/dev/atmega2560/avr6/crtatmega2560.o
                0x00000000                __vector_default
                0x00000000                __vectors
 *(.vectors)
 *(.progmem.gcc*)
 .progmem.gcc_sw_table
                0x000000e4       0x14 FreeRTOS/src/timers.o
 .progmem.gcc_sw_table.__vector_39
                0x000000f8       0xa2 ../../../Iot driver Library\libIotLibrary.a(twi.o)
                0x0000019a                . = ALIGN (0x2)
                0x0000019a                __trampolines_start = .
 *(.trampolines)
 .trampolines   0x0000019a        0x0 linker stubs
 *(.trampolines*)
                0x0000019a                __trampolines_end = .
 *libprintf_flt.a:*(.progmem.data)
 *libc.a:*(.progmem.data)
 *(.progmem*)
                0x0000019a                . = ALIGN (0x2)
 *(.jumptables)
 *(.jumptables*)
 *(.lowtext)
 .lowtext       0x0000019a       0x6c FreeRTOS/src/tasks.o
 .lowtext       0x00000206      0x208 FreeRTOS/src/timers.o
 *(.lowtext*)
                0x0000040e                __ctors_start = .
 *(.ctors)
                0x0000040e                __ctors_end = .
                0x0000040e                __dtors_start = .
 *(.dtors)
                0x0000040e                __dtors_end = .
 SORT(*)(.ctors)
 SORT(*)(.dtors)
 *(.init0)
 .init0         0x0000040e        0x0 C:/Program Files (x86)/Atmel/Studio/7.0/Packs/atmel/ATmega_DFP/1.2.209/gcc/dev/atmega2560/avr6/crtatmega2560.o
                0x0000040e                __init
 *(.init0)
 *(.init1)
 *(.init1)
 *(.init2)
 .init2         0x0000040e       0x10 C:/Program Files (x86)/Atmel/Studio/7.0/Packs/atmel/ATmega_DFP/1.2.209/gcc/dev/atmega2560/avr6/crtatmega2560.o
 *(.init2)
 *(.init3)
 *(.init3)
 *(.init4)
 .init4         0x0000041e       0x1a c:/program files (x86)/atmel/studio/7.0/toolchain/avr8/avr8-gnu-toolchain/bin/../lib/gcc/avr/5.4.0/avr6\libgcc.a(_copy_data.o)
                0x0000041e                __do_copy_data
 .init4         0x00000438       0x10 c:/program files (x86)/atmel/studio/7.0/toolchain/avr8/avr8-gnu-toolchain/bin/../lib/gcc/avr/5.4.0/avr6\libgcc.a(_clear_bss.o)
                0x00000438                __do_clear_bss
 *(.init4)
 *(.init5)
 *(.init5)
 *(.init6)
 *(.init6)
 *(.init7)
 *(.init7)
 *(.init8)
 *(.init8)
 *(.init9)
 .init9         0x00000448        0x8 C:/Program Files (x86)/Atmel/Studio/7.0/Packs/atmel/ATmega_DFP/1.2.209/gcc/dev/atmega2560/avr6/crtatmega2560.o
 *(.init9)
 *(.text)
 .text          0x00000450        0x2 C:/Program Files (x86)/Atmel/Studio/7.0/Packs/atmel/ATmega_DFP/1.2.209/gcc/dev/atmega2560/avr6/crtatmega2560.o
                0x00000450                __vector_38
                0x00000450                __vector_22
                0x00000450                __vector_28
                0x00000450                __vector_1
                0x00000450                __vector_32
                0x00000450                __vector_34
                0x00000450                __vector_24
                0x00000450                __vector_46
                0x00000450                __bad_interrupt
                0x00000450                __vector_6
                0x00000450                __vector_31
                0x00000450                __vector_35
                0x00000450                __vector_3
                0x00000450                __vector_23
                0x00000450                __vector_30
                0x00000450                __vector_45
                0x00000450                __vector_11
                0x00000450                __vector_13
                0x00000450                __vector_17
                0x00000450                __vector_19
                0x00000450                __vector_56
                0x00000450                __vector_7
                0x00000450                __vector_49
                0x00000450                __vector_41
                0x00000450                __vector_43
                0x00000450                __vector_27
                0x00000450                __vector_5
                0x00000450                __vector_33
                0x00000450                __vector_47
                0x00000450                __vector_4
                0x00000450                __vector_44
                0x00000450                __vector_9
                0x00000450                __vector_2
                0x00000450                __vector_21
                0x00000450                __vector_15
                0x00000450                __vector_29
                0x00000450                __vector_40
                0x00000450                __vector_8
                0x00000450                __vector_48
                0x00000450                __vector_14
                0x00000450                __vector_53
                0x00000450                __vector_10
                0x00000450                __vector_50
                0x00000450                __vector_16
                0x00000450                __vector_18
                0x00000450                __vector_20
                0x00000450                __vector_42
                0x00000452                . = ALIGN (0x2)
 *(.text.*)
 .text.measure_co2_callback
                0x00000452       0x72 Callbacks/measure_co2_callback.o
                0x00000452                measure_co2_callback
 .text.measure_co2_timer_callback
                0x000004c4       0x16 Callbacks/measure_co2_timer_callback.o
                0x000004c4                measure_co2_timer_callback
 .text.print_co2_timer_callback
                0x000004da       0x16 Callbacks/print_co2_timer_callback.o
                0x000004da                print_co2_timer_callback
 .text.print_temp_timer_callback
                0x000004f0       0x16 Callbacks/print_temp_timer_callback.o
                0x000004f0                print_temp_timer_callback
 .text.measure_temp_timer_callback
                0x00000506       0x16 Callbacks/measure_temp_timer_callback.o
                0x00000506                measure_temp_timer_callback
 .text.m_print  0x0000051c       0x32 m_print.o
                0x0000051c                m_print
 .text.create_all_tasks
                0x0000054e       0x64 Setup/create_all_tasks.o
                0x0000054e                create_all_tasks
 .text.create_all_timers
                0x000005b2       0x82 Setup/create_all_timers.o
                0x000005b2                create_all_timers
 .text.driver_init
                0x00000634       0x86 Setup/driver_init.o
                0x00000634                driver_init
 .text.measure_co2_task
                0x000006ba       0x18 Tasks/measure_co2_task.o
                0x000006ba                measure_co2_task
 .text.measure_temp_task
                0x000006d2       0xc4 Tasks/measure_temp_task.o
                0x000006d2                measure_temp_task
 .text.print_co2_task
                0x00000796       0xa0 Tasks/print_co2_task.o
                0x00000796                print_co2_task
 .text.print_temp_task
                0x00000836       0x9e Tasks/print_temp_task.o
                0x00000836                print_temp_task
 .text.task_switch_in
                0x000008d4       0x14 FreeRTOS/FreeRTOSTraceDriver/FreeRTOSTraceDriver.o
                0x000008d4                task_switch_in
 .text.task_switch_out
                0x000008e8        0xc FreeRTOS/FreeRTOSTraceDriver/FreeRTOSTraceDriver.o
                0x000008e8                task_switch_out
 .text.pvPortMalloc
                0x000008f4       0x26 FreeRTOS/src/heap_3.o
                0x000008f4                pvPortMalloc
 .text.vPortFree
                0x0000091a       0x1e FreeRTOS/src/heap_3.o
                0x0000091a                vPortFree
 .text.vListInitialise
                0x00000938       0x1c FreeRTOS/src/list.o
                0x00000938                vListInitialise
 .text.vListInitialiseItem
                0x00000954        0x8 FreeRTOS/src/list.o
                0x00000954                vListInitialiseItem
 .text.vListInsertEnd
                0x0000095c       0x42 FreeRTOS/src/list.o
                0x0000095c                vListInsertEnd
 .text.vListInsert
                0x0000099e       0x62 FreeRTOS/src/list.o
                0x0000099e                vListInsert
 .text.uxListRemove
                0x00000a00       0x4e FreeRTOS/src/list.o
                0x00000a00                uxListRemove
 .text.pxPortInitialiseStack
                0x00000a4e       0xe4 FreeRTOS/src/port.o
                0x00000a4e                pxPortInitialiseStack
 .text.xPortStartScheduler
                0x00000b32       0x78 FreeRTOS/src/port.o
                0x00000b32                xPortStartScheduler
 .text.vPortYield
                0x00000baa       0xc2 FreeRTOS/src/port.o
                0x00000baa                vPortYield
 .text.vPortYieldFromTick
                0x00000c6c       0xca FreeRTOS/src/port.o
                0x00000c6c                vPortYieldFromTick
 .text.__vector_12
                0x00000d36        0x4 FreeRTOS/src/port.o
                0x00000d36                __vector_12
 .text.prvIsQueueEmpty
                0x00000d3a       0x16 FreeRTOS/src/queue.o
 .text.prvCopyDataToQueue
                0x00000d50       0xbe FreeRTOS/src/queue.o
 .text.prvCopyDataFromQueue
                0x00000e0e       0x34 FreeRTOS/src/queue.o
 .text.prvUnlockQueue
                0x00000e42       0x9a FreeRTOS/src/queue.o
 .text.xQueueGenericReset
                0x00000edc       0x86 FreeRTOS/src/queue.o
                0x00000edc                xQueueGenericReset
 .text.xQueueGenericCreate
                0x00000f62       0x5c FreeRTOS/src/queue.o
                0x00000f62                xQueueGenericCreate
 .text.xQueueGenericSend
                0x00000fbe      0x12c FreeRTOS/src/queue.o
                0x00000fbe                xQueueGenericSend
 .text.xQueueCreateMutex
                0x000010ea       0x30 FreeRTOS/src/queue.o
                0x000010ea                xQueueCreateMutex
 .text.xQueueGenericSendFromISR
                0x0000111a       0x70 FreeRTOS/src/queue.o
                0x0000111a                xQueueGenericSendFromISR
 .text.xQueueReceive
                0x0000118a      0x112 FreeRTOS/src/queue.o
                0x0000118a                xQueueReceive
 .text.xQueueSemaphoreTake
                0x0000129c      0x17a FreeRTOS/src/queue.o
                0x0000129c                xQueueSemaphoreTake
 .text.vQueueWaitForMessageRestricted
                0x00001416       0x36 FreeRTOS/src/queue.o
                0x00001416                vQueueWaitForMessageRestricted
 .text.prvBytesInBuffer
                0x0000144c       0x26 FreeRTOS/src/stream_buffer.o
 .text.prvWriteBytesToBuffer
                0x00001472       0x92 FreeRTOS/src/stream_buffer.o
 .text.prvWriteMessageToBuffer
                0x00001504       0x80 FreeRTOS/src/stream_buffer.o
 .text.prvReadBytesFromBuffer
                0x00001584       0x9c FreeRTOS/src/stream_buffer.o
 .text.xStreamBufferGenericCreate
                0x00001620       0x58 FreeRTOS/src/stream_buffer.o
                0x00001620                xStreamBufferGenericCreate
 .text.xStreamBufferSpacesAvailable
                0x00001678       0x24 FreeRTOS/src/stream_buffer.o
                0x00001678                xStreamBufferSpacesAvailable
 .text.xStreamBufferSend
                0x0000169c      0x132 FreeRTOS/src/stream_buffer.o
                0x0000169c                xStreamBufferSend
 .text.xStreamBufferSendFromISR
                0x000017ce       0x84 FreeRTOS/src/stream_buffer.o
                0x000017ce                xStreamBufferSendFromISR
 .text.xStreamBufferReceive
                0x00001852      0x134 FreeRTOS/src/stream_buffer.o
                0x00001852                xStreamBufferReceive
 .text.prvResetNextTaskUnblockTime
                0x00001986       0x3e FreeRTOS/src/tasks.o
 .text.prvAddCurrentTaskToDelayedList
                0x000019c4       0xae FreeRTOS/src/tasks.o
 .text.xTaskCreate
                0x00001a72      0x23e FreeRTOS/src/tasks.o
                0x00001a72                xTaskCreate
 .text.vTaskStartScheduler
                0x00001cb0       0x66 FreeRTOS/src/tasks.o
                0x00001cb0                vTaskStartScheduler
 .text.vTaskSuspendAll
                0x00001d16        0xc FreeRTOS/src/tasks.o
                0x00001d16                vTaskSuspendAll
 .text.xTaskGetTickCount
                0x00001d22       0x14 FreeRTOS/src/tasks.o
                0x00001d22                xTaskGetTickCount
 .text.xTaskIncrementTick
                0x00001d36      0x174 FreeRTOS/src/tasks.o
                0x00001d36                xTaskIncrementTick
 .text.xTaskResumeAll
                0x00001eaa       0xfa FreeRTOS/src/tasks.o
                0x00001eaa                xTaskResumeAll
 .text.vTaskDelay
                0x00001fa4       0x22 FreeRTOS/src/tasks.o
                0x00001fa4                vTaskDelay
 .text.vTaskSwitchContext
                0x00001fc6      0x11c FreeRTOS/src/tasks.o
                0x00001fc6                vTaskSwitchContext
 .text.vTaskPlaceOnEventList
                0x000020e2       0x22 FreeRTOS/src/tasks.o
                0x000020e2                vTaskPlaceOnEventList
 .text.vTaskPlaceOnEventListRestricted
                0x00002104       0x30 FreeRTOS/src/tasks.o
                0x00002104                vTaskPlaceOnEventListRestricted
 .text.xTaskRemoveFromEventList
                0x00002134       0x90 FreeRTOS/src/tasks.o
                0x00002134                xTaskRemoveFromEventList
 .text.vTaskSetTimeOutState
                0x000021c4       0x20 FreeRTOS/src/tasks.o
                0x000021c4                vTaskSetTimeOutState
 .text.vTaskInternalSetTimeOutState
                0x000021e4       0x16 FreeRTOS/src/tasks.o
                0x000021e4                vTaskInternalSetTimeOutState
 .text.xTaskCheckForTimeOut
                0x000021fa       0x6a FreeRTOS/src/tasks.o
                0x000021fa                xTaskCheckForTimeOut
 .text.vTaskMissedYield
                0x00002264        0x8 FreeRTOS/src/tasks.o
                0x00002264                vTaskMissedYield
 .text.xTaskGetCurrentTaskHandle
                0x0000226c        0xa FreeRTOS/src/tasks.o
                0x0000226c                xTaskGetCurrentTaskHandle
 .text.xTaskGetSchedulerState
                0x00002276       0x1c FreeRTOS/src/tasks.o
                0x00002276                xTaskGetSchedulerState
 .text.xTaskPriorityInherit
                0x00002292       0xe4 FreeRTOS/src/tasks.o
                0x00002292                xTaskPriorityInherit
 .text.xTaskPriorityDisinherit
                0x00002376       0x80 FreeRTOS/src/tasks.o
                0x00002376                xTaskPriorityDisinherit
 .text.vTaskPriorityDisinheritAfterTimeout
                0x000023f6       0xa0 FreeRTOS/src/tasks.o
                0x000023f6                vTaskPriorityDisinheritAfterTimeout
 .text.pvTaskIncrementMutexHeldCount
                0x00002496       0x24 FreeRTOS/src/tasks.o
                0x00002496                pvTaskIncrementMutexHeldCount
 .text.xTaskNotifyWait
                0x000024ba      0x106 FreeRTOS/src/tasks.o
                0x000024ba                xTaskNotifyWait
 .text.xTaskGenericNotify
                0x000025c0       0xfc FreeRTOS/src/tasks.o
                0x000025c0                xTaskGenericNotify
 .text.xTaskGenericNotifyFromISR
                0x000026bc      0x120 FreeRTOS/src/tasks.o
                0x000026bc                xTaskGenericNotifyFromISR
 .text.xTaskNotifyStateClear
                0x000027dc       0x28 FreeRTOS/src/tasks.o
                0x000027dc                xTaskNotifyStateClear
 .text.prvInsertTimerInActiveList
                0x00002804       0x5e FreeRTOS/src/timers.o
 .text.prvCheckForValidListAndQueue
                0x00002862       0x52 FreeRTOS/src/timers.o
 .text.xTimerCreateTimerTask
                0x000028b4       0x40 FreeRTOS/src/timers.o
                0x000028b4                xTimerCreateTimerTask
 .text.xTimerCreate
                0x000028f4       0x6c FreeRTOS/src/timers.o
                0x000028f4                xTimerCreate
 .text.xTimerGenericCommand
                0x00002960       0x8e FreeRTOS/src/timers.o
                0x00002960                xTimerGenericCommand
 .text.prvSampleTimeNow
                0x000029ee       0xdc FreeRTOS/src/timers.o
 .text.vApplicationIdleHook
                0x00002aca        0x2 FreeRTOS/src/variantHooks.o
                0x00002aca                vApplicationIdleHook
 .text.vApplicationMallocFailedHook
                0x00002acc       0x1a FreeRTOS/src/variantHooks.o
                0x00002acc                vApplicationMallocFailedHook
 .text.vApplicationStackOverflowHook
                0x00002ae6       0x1a FreeRTOS/src/variantHooks.o
                0x00002ae6                vApplicationStackOverflowHook
 .text.main     0x00002b00       0x66 main.o
                0x00002b00                main
 .text.usart_getchar
                0x00002b66       0x2a ../../../stdio\libserialLib.a(stdio_driver.o)
 .text.usart_putchar
                0x00002b90       0x12 ../../../stdio\libserialLib.a(stdio_driver.o)
 .text.stdioCreate
                0x00002ba2       0x52 ../../../stdio\libserialLib.a(stdio_driver.o)
                0x00002ba2                stdioCreate
 .text.serial_new_instance
                0x00002bf4      0x140 ../../../stdio\libserialLib.a(serial.o)
                0x00002bf4                serial_new_instance
 .text.serial_send_byte
                0x00002d34       0x4a ../../../stdio\libserialLib.a(serial.o)
                0x00002d34                serial_send_byte
 .text.serial_send_bytes
                0x00002d7e       0xa0 ../../../stdio\libserialLib.a(serial.o)
                0x00002d7e                serial_send_bytes
 .text.serial_get_byte
                0x00002e1e       0x38 ../../../stdio\libserialLib.a(serial.o)
                0x00002e1e                serial_get_byte
 .text.__vector_25
                0x00002e56       0xa4 ../../../stdio\libserialLib.a(serial.o)
                0x00002e56                __vector_25
 .text.__vector_26
                0x00002efa       0x88 ../../../stdio\libserialLib.a(serial.o)
                0x00002efa                __vector_26
 .text.__vector_36
                0x00002f82       0xa4 ../../../stdio\libserialLib.a(serial.o)
                0x00002f82                __vector_36
 .text.__vector_37
                0x00003026       0x88 ../../../stdio\libserialLib.a(serial.o)
                0x00003026                __vector_37
 .text.__vector_51
                0x000030ae       0xa4 ../../../stdio\libserialLib.a(serial.o)
                0x000030ae                __vector_51
 .text.__vector_52
                0x00003152       0x88 ../../../stdio\libserialLib.a(serial.o)
                0x00003152                __vector_52
 .text.__vector_54
                0x000031da       0xa4 ../../../stdio\libserialLib.a(serial.o)
                0x000031da                __vector_54
 .text.__vector_55
                0x0000327e       0x88 ../../../stdio\libserialLib.a(serial.o)
                0x0000327e                __vector_55
 .text.fifo_init
                0x00003306       0x3e ../../../stdio\libserialLib.a(fifo.o)
                0x00003306                fifo_init
 .text.hal_create
                0x00003344       0x64 ../../../Iot driver Library\libIotLibrary.a(hal.o)
                0x00003344                hal_create
 .text._hihTwiCallback
                0x000033a8       0x5a ../../../Iot driver Library\libIotLibrary.a(hih8120.o)
 .text.hih8120Create
                0x00003402       0x2e ../../../Iot driver Library\libIotLibrary.a(hih8120.o)
                0x00003402                hih8120Create
 .text.hih8120Wakeup
                0x00003430       0x28 ../../../Iot driver Library\libIotLibrary.a(hih8120.o)
                0x00003430                hih8120Wakeup
 .text.hih8120Meassure
                0x00003458       0x20 ../../../Iot driver Library\libIotLibrary.a(hih8120.o)
                0x00003458                hih8120Meassure
 .text.hih8120GetTemperature
                0x00003478       0x2e ../../../Iot driver Library\libIotLibrary.a(hih8120.o)
                0x00003478                hih8120GetTemperature
 .text.hih8120GetTemperature_x10
                0x000034a6       0x12 ../../../Iot driver Library\libIotLibrary.a(hih8120.o)
                0x000034a6                hih8120GetTemperature_x10
 .text._turn_off
                0x000034b8       0x5c ../../../Iot driver Library\libIotLibrary.a(led.o)
 .text._turn_on
                0x00003514       0x5c ../../../Iot driver Library\libIotLibrary.a(led.o)
 .text._hal_led_task
                0x00003570       0x86 ../../../Iot driver Library\libIotLibrary.a(led.o)
 .text.led_create
                0x000035f6      0x10a ../../../Iot driver Library\libIotLibrary.a(led.o)
                0x000035f6                led_create
 .text._serial_call_back
                0x00003700       0x8c ../../../Iot driver Library\libIotLibrary.a(lora_driver.o)
 .text.lora_driver_create
                0x0000378c       0x78 ../../../Iot driver Library\libIotLibrary.a(lora_driver.o)
                0x0000378c                lora_driver_create
 .text.reg_read_register
                0x00003804        0x6 ../../../Iot driver Library\libIotLibrary.a(mega_register_access.o)
                0x00003804                reg_read_register
 .text.reg_read_bit
                0x0000380a       0x16 ../../../Iot driver Library\libIotLibrary.a(mega_register_access.o)
                0x0000380a                reg_read_bit
 .text.reg_read_bits
                0x00003820        0x8 ../../../Iot driver Library\libIotLibrary.a(mega_register_access.o)
                0x00003820                reg_read_bits
 .text.reg_set_register
                0x00003828        0x6 ../../../Iot driver Library\libIotLibrary.a(mega_register_access.o)
                0x00003828                reg_set_register
 .text.reg_clear_register
                0x0000382e        0x6 ../../../Iot driver Library\libIotLibrary.a(mega_register_access.o)
                0x0000382e                reg_clear_register
 .text.reg_set_bit
                0x00003834       0x18 ../../../Iot driver Library\libIotLibrary.a(mega_register_access.o)
                0x00003834                reg_set_bit
 .text.reg_set_bits
                0x0000384c        0xa ../../../Iot driver Library\libIotLibrary.a(mega_register_access.o)
                0x0000384c                reg_set_bits
 .text.reg_toggle_bit
                0x00003856       0x18 ../../../Iot driver Library\libIotLibrary.a(mega_register_access.o)
                0x00003856                reg_toggle_bit
 .text.reg_toggle_bits
                0x0000386e        0xa ../../../Iot driver Library\libIotLibrary.a(mega_register_access.o)
                0x0000386e                reg_toggle_bits
 .text.reg_clear_bit
                0x00003878       0x1a ../../../Iot driver Library\libIotLibrary.a(mega_register_access.o)
                0x00003878                reg_clear_bit
 .text.reg_clear_bits
                0x00003892        0xc ../../../Iot driver Library\libIotLibrary.a(mega_register_access.o)
                0x00003892                reg_clear_bits
 .text._serial_call_back
                0x0000389e       0xb6 ../../../Iot driver Library\libIotLibrary.a(mh_z19.o)
 .text.mh_z19_create
                0x00003954       0x5c ../../../Iot driver Library\libIotLibrary.a(mh_z19.o)
                0x00003954                mh_z19_create
 .text.mh_z19_take_meassuring
                0x000039b0       0x5e ../../../Iot driver Library\libIotLibrary.a(mh_z19.o)
                0x000039b0                mh_z19_take_meassuring
 .text._initTwiInterface
                0x00003a0e       0x22 ../../../Iot driver Library\libIotLibrary.a(twi.o)
 .text.twiCreate
                0x00003a30       0x9a ../../../Iot driver Library\libIotLibrary.a(twi.o)
                0x00003a30                twiCreate
 .text.twiIsBusy
                0x00003aca        0x8 ../../../Iot driver Library\libIotLibrary.a(twi.o)
                0x00003aca                twiIsBusy
 .text.twiTransmit
                0x00003ad2       0x98 ../../../Iot driver Library\libIotLibrary.a(twi.o)
                0x00003ad2                twiTransmit
 .text.twiReceive
                0x00003b6a       0x66 ../../../Iot driver Library\libIotLibrary.a(twi.o)
                0x00003b6a                twiReceive
 .text.__vector_39
                0x00003bd0      0x17a ../../../Iot driver Library\libIotLibrary.a(twi.o)
                0x00003bd0                __vector_39
 .text.libgcc.div
                0x00003d4a       0x44 c:/program files (x86)/atmel/studio/7.0/toolchain/avr8/avr8-gnu-toolchain/bin/../lib/gcc/avr/5.4.0/avr6\libgcc.a(_udivmodsi4.o)
                0x00003d4a                __udivmodsi4
 .text.libgcc   0x00003d8e       0x10 c:/program files (x86)/atmel/studio/7.0/toolchain/avr8/avr8-gnu-toolchain/bin/../lib/gcc/avr/5.4.0/avr6\libgcc.a(_tablejump2.o)
                0x00003d8e                __tablejump2__
 .text.avr-libc.fplib
                0x00003d9e        0xa c:/program files (x86)/atmel/studio/7.0/toolchain/avr8/avr8-gnu-toolchain/bin/../lib/gcc/avr/5.4.0/../../../../avr/lib/avr6\libm.a(addsf3.o)
                0x00003d9e                __subsf3
                0x00003da0                __addsf3
 .text.avr-libc.fplib
                0x00003da8       0xc0 c:/program files (x86)/atmel/studio/7.0/toolchain/avr8/avr8-gnu-toolchain/bin/../lib/gcc/avr/5.4.0/../../../../avr/lib/avr6\libm.a(addsf3x.o)
                0x00003dc2                __addsf3x
 .text.avr-libc.fplib
                0x00003e68        0x4 c:/program files (x86)/atmel/studio/7.0/toolchain/avr8/avr8-gnu-toolchain/bin/../lib/gcc/avr/5.4.0/../../../../avr/lib/avr6\libm.a(divsf3.o)
                0x00003e68                __divsf3
 .text.avr-libc.fplib
                0x00003e6c       0xcc c:/program files (x86)/atmel/studio/7.0/toolchain/avr8/avr8-gnu-toolchain/bin/../lib/gcc/avr/5.4.0/../../../../avr/lib/avr6\libm.a(divsf3x.o)
                0x00003e82                __divsf3x
                0x00003e86                __divsf3_pse
 .text.avr-libc.fplib
                0x00003f38        0xa c:/program files (x86)/atmel/studio/7.0/toolchain/avr8/avr8-gnu-toolchain/bin/../lib/gcc/avr/5.4.0/../../../../avr/lib/avr6\libm.a(fixsfsi.o)
                0x00003f38                __fixsfsi
 .text.avr-libc.fplib
                0x00003f42       0x58 c:/program files (x86)/atmel/studio/7.0/toolchain/avr8/avr8-gnu-toolchain/bin/../lib/gcc/avr/5.4.0/../../../../avr/lib/avr6\libm.a(fixunssfsi.o)
                0x00003f42                __fixunssfsi
 .text.avr-libc.fplib
                0x00003f9a       0x7a c:/program files (x86)/atmel/studio/7.0/toolchain/avr8/avr8-gnu-toolchain/bin/../lib/gcc/avr/5.4.0/../../../../avr/lib/avr6\libm.a(floatsisf.o)
                0x00003f9a                __floatunsisf
                0x00003f9e                __floatsisf
 .text.avr-libc.fplib
                0x00004014        0xc c:/program files (x86)/atmel/studio/7.0/toolchain/avr8/avr8-gnu-toolchain/bin/../lib/gcc/avr/5.4.0/../../../../avr/lib/avr6\libm.a(fp_inf.o)
                0x00004014                __fp_inf
 .text.avr-libc.fplib
                0x00004020        0x6 c:/program files (x86)/atmel/studio/7.0/toolchain/avr8/avr8-gnu-toolchain/bin/../lib/gcc/avr/5.4.0/../../../../avr/lib/avr6\libm.a(fp_nan.o)
                0x00004020                __fp_nan
 .text.avr-libc.fplib
                0x00004026        0xe c:/program files (x86)/atmel/studio/7.0/toolchain/avr8/avr8-gnu-toolchain/bin/../lib/gcc/avr/5.4.0/../../../../avr/lib/avr6\libm.a(fp_pscA.o)
                0x00004026                __fp_pscA
 .text.avr-libc.fplib
                0x00004034        0xe c:/program files (x86)/atmel/studio/7.0/toolchain/avr8/avr8-gnu-toolchain/bin/../lib/gcc/avr/5.4.0/../../../../avr/lib/avr6\libm.a(fp_pscB.o)
                0x00004034                __fp_pscB
 .text.avr-libc.fplib
                0x00004042       0x22 c:/program files (x86)/atmel/studio/7.0/toolchain/avr8/avr8-gnu-toolchain/bin/../lib/gcc/avr/5.4.0/../../../../avr/lib/avr6\libm.a(fp_round.o)
                0x00004042                __fp_round
 .text.avr-libc.fplib
                0x00004064       0x44 c:/program files (x86)/atmel/studio/7.0/toolchain/avr8/avr8-gnu-toolchain/bin/../lib/gcc/avr/5.4.0/../../../../avr/lib/avr6\libm.a(fp_split3.o)
                0x00004064                __fp_split3
                0x00004074                __fp_splitA
 .text.avr-libc.fplib
                0x000040a8        0xe c:/program files (x86)/atmel/studio/7.0/toolchain/avr8/avr8-gnu-toolchain/bin/../lib/gcc/avr/5.4.0/../../../../avr/lib/avr6\libm.a(fp_zero.o)
                0x000040a8                __fp_zero
                0x000040aa                __fp_szero
 .text.avr-libc.fplib
                0x000040b6        0x4 c:/program files (x86)/atmel/studio/7.0/toolchain/avr8/avr8-gnu-toolchain/bin/../lib/gcc/avr/5.4.0/../../../../avr/lib/avr6\libm.a(mulsf3.o)
                0x000040b6                __mulsf3
 .text.avr-libc.fplib
                0x000040ba       0xc2 c:/program files (x86)/atmel/studio/7.0/toolchain/avr8/avr8-gnu-toolchain/bin/../lib/gcc/avr/5.4.0/../../../../avr/lib/avr6\libm.a(mulsf3x.o)
                0x000040ce                __mulsf3x
                0x000040d2                __mulsf3_pse
 .text.avr-libc
                0x0000417c       0x34 c:/program files (x86)/atmel/studio/7.0/toolchain/avr8/avr8-gnu-toolchain/bin/../lib/gcc/avr/5.4.0/../../../../avr/lib/avr6\libc.a(calloc.o)
                0x0000417c                calloc
 .text.avr-libc
                0x000041b0      0x242 c:/program files (x86)/atmel/studio/7.0/toolchain/avr8/avr8-gnu-toolchain/bin/../lib/gcc/avr/5.4.0/../../../../avr/lib/avr6\libc.a(malloc.o)
                0x000041b0                malloc
                0x000042e0                free
 .text.avr-libc
                0x000043f2        0x8 c:/program files (x86)/atmel/studio/7.0/toolchain/avr8/avr8-gnu-toolchain/bin/../lib/gcc/avr/5.4.0/../../../../avr/lib/avr6\libc.a(abort.o)
                0x000043f2                abort
 .text.avr-libc
                0x000043fa       0x12 c:/program files (x86)/atmel/studio/7.0/toolchain/avr8/avr8-gnu-toolchain/bin/../lib/gcc/avr/5.4.0/../../../../avr/lib/avr6\libc.a(memcpy.o)
                0x000043fa                memcpy
 .text.avr-libc
                0x0000440c        0xe c:/program files (x86)/atmel/studio/7.0/toolchain/avr8/avr8-gnu-toolchain/bin/../lib/gcc/avr/5.4.0/../../../../avr/lib/avr6\libc.a(memset.o)
                0x0000440c                memset
 .text.avr-libc
                0x0000441a       0x26 c:/program files (x86)/atmel/studio/7.0/toolchain/avr8/avr8-gnu-toolchain/bin/../lib/gcc/avr/5.4.0/../../../../avr/lib/avr6\libc.a(printf.o)
                0x0000441a                printf
 .text.avr-libc
                0x00004440       0x60 c:/program files (x86)/atmel/studio/7.0/toolchain/avr8/avr8-gnu-toolchain/bin/../lib/gcc/avr/5.4.0/../../../../avr/lib/avr6\libc.a(puts.o)
                0x00004440                puts
 .text.avr-libc
                0x000044a0      0x3fa c:/program files (x86)/atmel/studio/7.0/toolchain/avr8/avr8-gnu-toolchain/bin/../lib/gcc/avr/5.4.0/../../../../avr/lib/avr6\libc.a(vfprintf_std.o)
                0x000044a0                vfprintf
 .text.avr-libc
                0x0000489a       0x16 c:/program files (x86)/atmel/studio/7.0/toolchain/avr8/avr8-gnu-toolchain/bin/../lib/gcc/avr/5.4.0/../../../../avr/lib/avr6\libc.a(strnlen_P.o)
                0x0000489a                strnlen_P
 .text.avr-libc
                0x000048b0       0x16 c:/program files (x86)/atmel/studio/7.0/toolchain/avr8/avr8-gnu-toolchain/bin/../lib/gcc/avr/5.4.0/../../../../avr/lib/avr6\libc.a(strnlen.o)
                0x000048b0                strnlen
 .text.avr-libc
                0x000048c6       0x78 c:/program files (x86)/atmel/studio/7.0/toolchain/avr8/avr8-gnu-toolchain/bin/../lib/gcc/avr/5.4.0/../../../../avr/lib/avr6\libc.a(fputc.o)
                0x000048c6                fputc
 .text.avr-libc
                0x0000493e       0xbc c:/program files (x86)/atmel/studio/7.0/toolchain/avr8/avr8-gnu-toolchain/bin/../lib/gcc/avr/5.4.0/../../../../avr/lib/avr6\libc.a(ultoa_invert.o)
                0x0000493e                __ultoa_invert
                0x000049fa                . = ALIGN (0x2)
 *(.fini9)
 .fini9         0x000049fa        0x0 c:/program files (x86)/atmel/studio/7.0/toolchain/avr8/avr8-gnu-toolchain/bin/../lib/gcc/avr/5.4.0/avr6\libgcc.a(_exit.o)
                0x000049fa                _exit
                0x000049fa                exit
 *(.fini9)
 *(.fini8)
 *(.fini8)
 *(.fini7)
 *(.fini7)
 *(.fini6)
 *(.fini6)
 *(.fini5)
 *(.fini5)
 *(.fini4)
 *(.fini4)
 *(.fini3)
 *(.fini3)
 *(.fini2)
 *(.fini2)
 *(.fini1)
 *(.fini1)
 *(.fini0)
 .fini0         0x000049fa        0x4 c:/program files (x86)/atmel/studio/7.0/toolchain/avr8/avr8-gnu-toolchain/bin/../lib/gcc/avr/5.4.0/avr6\libgcc.a(_exit.o)
 *(.fini0)
                0x000049fe                _etext = .

.data           0x00800200      0x256 load address 0x000049fe
                0x00800200                PROVIDE (__data_start, .)
 *(.data)
 .data          0x00800200        0x6 c:/program files (x86)/atmel/studio/7.0/toolchain/avr8/avr8-gnu-toolchain/bin/../lib/gcc/avr/5.4.0/../../../../avr/lib/avr6\libc.a(malloc.o)
                0x00800200                __malloc_heap_end
                0x00800202                __malloc_heap_start
                0x00800204                __malloc_margin
 *(.data*)
 .data.mystdout.1881
                0x00800206        0xe ../../../stdio\libserialLib.a(stdio_driver.o)
 .data._com_port_2_udr
                0x00800214        0x8 ../../../stdio\libserialLib.a(serial.o)
                0x00800214                _com_port_2_udr
 .data._temp    0x0080021c        0x2 ../../../Iot driver Library\libIotLibrary.a(hih8120.o)
 .data._hum     0x0080021e        0x2 ../../../Iot driver Library\libIotLibrary.a(hih8120.o)
 .data._twiCurrentState
                0x00800220        0x1 ../../../Iot driver Library\libIotLibrary.a(twi.o)
 *(.gnu.linkonce.d*)
 *(.rodata)
 .rodata        0x00800221       0x2d ../../../Iot driver Library\libIotLibrary.a(mh_z19.o)
 *(.rodata*)
 .rodata.str1.1
                0x0080024e       0x1d Callbacks/measure_co2_callback.o
 .rodata.str1.1
                0x0080026b       0x42 Setup/create_all_tasks.o
 .rodata.str1.1
                0x008002ad       0x52 Setup/create_all_timers.o
 .rodata.str1.1
                0x008002ff       0x52 Setup/driver_init.o
 .rodata.str1.1
                0x00800351       0x1c Tasks/measure_co2_task.o
 .rodata.str1.1
                0x0080036d       0x82 Tasks/measure_temp_task.o
 .rodata.str1.1
                0x008003ef       0x1e Tasks/print_co2_task.o
 .rodata.str1.1
                0x0080040d       0x1c Tasks/print_temp_task.o
 .rodata.str1.1
                0x00800429        0x5 FreeRTOS/src/tasks.o
 .rodata.str1.1
                0x0080042e        0x8 FreeRTOS/src/timers.o
 .rodata.str1.1
                0x00800436       0x1f ../../../Iot driver Library\libIotLibrary.a(led.o)
 *(.gnu.linkonce.r*)
                0x00800456                . = ALIGN (0x2)
 *fill*         0x00800455        0x1 
                0x00800456                _edata = .
                0x00800456                PROVIDE (__data_end, .)

.bss            0x00800456      0x123
                0x00800456                PROVIDE (__bss_start, .)
 *(.bss)
 *(.bss*)
 .bss.uxSchedulerSuspended
                0x00800456        0x1 FreeRTOS/src/tasks.o
 .bss.xIdleTaskHandle
                0x00800457        0x2 FreeRTOS/src/tasks.o
 .bss.xNextTaskUnblockTime
                0x00800459        0x2 FreeRTOS/src/tasks.o
 .bss.uxTaskNumber
                0x0080045b        0x1 FreeRTOS/src/tasks.o
 .bss.xNumOfOverflows
                0x0080045c        0x1 FreeRTOS/src/tasks.o
 .bss.xYieldPending
                0x0080045d        0x1 FreeRTOS/src/tasks.o
 .bss.uxPendedTicks
                0x0080045e        0x1 FreeRTOS/src/tasks.o
 .bss.xSchedulerRunning
                0x0080045f        0x1 FreeRTOS/src/tasks.o
 .bss.uxTopReadyPriority
                0x00800460        0x1 FreeRTOS/src/tasks.o
 .bss.xTickCount
                0x00800461        0x2 FreeRTOS/src/tasks.o
 .bss.uxCurrentNumberOfTasks
                0x00800463        0x1 FreeRTOS/src/tasks.o
 .bss.xSuspendedTaskList
                0x00800464        0x9 FreeRTOS/src/tasks.o
 .bss.uxDeletedTasksWaitingCleanUp
                0x0080046d        0x1 FreeRTOS/src/tasks.o
 .bss.xTasksWaitingTermination
                0x0080046e        0x9 FreeRTOS/src/tasks.o
 .bss.xPendingReadyList
                0x00800477        0x9 FreeRTOS/src/tasks.o
 .bss.pxOverflowDelayedTaskList
                0x00800480        0x2 FreeRTOS/src/tasks.o
 .bss.pxDelayedTaskList
                0x00800482        0x2 FreeRTOS/src/tasks.o
 .bss.xDelayedTaskList2
                0x00800484        0x9 FreeRTOS/src/tasks.o
 .bss.xDelayedTaskList1
                0x0080048d        0x9 FreeRTOS/src/tasks.o
 .bss.pxReadyTasksLists
                0x00800496       0x24 FreeRTOS/src/tasks.o
 .bss.pxCurrentTCB
                0x008004ba        0x2 FreeRTOS/src/tasks.o
                0x008004ba                pxCurrentTCB
 .bss.xLastTime.2432
                0x008004bc        0x2 FreeRTOS/src/timers.o
 .bss.xTimerTaskHandle
                0x008004be        0x2 FreeRTOS/src/timers.o
 .bss.xTimerQueue
                0x008004c0        0x2 FreeRTOS/src/timers.o
 .bss.pxOverflowTimerList
                0x008004c2        0x2 FreeRTOS/src/timers.o
 .bss.pxCurrentTimerList
                0x008004c4        0x2 FreeRTOS/src/timers.o
 .bss.xActiveTimerList2
                0x008004c6        0x9 FreeRTOS/src/timers.o
 .bss.xActiveTimerList1
                0x008004cf        0x9 FreeRTOS/src/timers.o
 .bss._com_serial_instance
                0x008004d8        0x2 ../../../stdio\libserialLib.a(stdio_driver.o)
 .bss._ser_handle
                0x008004da        0x8 ../../../stdio\libserialLib.a(serial.o)
 .bss._measuringIsReady
                0x008004e2        0x1 ../../../Iot driver Library\libIotLibrary.a(hih8120.o)
 .bss._hih8120Handler
                0x008004e3        0x2 ../../../Iot driver Library\libIotLibrary.a(hih8120.o)
 .bss._led_status
                0x008004e5       0x18 ../../../Iot driver Library\libIotLibrary.a(led.o)
 .bss.rec_buf_inp.2926
                0x008004fd        0x1 ../../../Iot driver Library\libIotLibrary.a(lora_driver.o)
 .bss._reply_buffer_handle
                0x008004fe        0x2 ../../../Iot driver Library\libIotLibrary.a(lora_driver.o)
 .bss._rn2483_serial
                0x00800500        0x2 ../../../Iot driver Library\libIotLibrary.a(lora_driver.o)
 .bss._rec_message_buf
                0x00800502       0x2d ../../../Iot driver Library\libIotLibrary.a(lora_driver.o)
 .bss.data.1940
                0x0080052f        0x2 ../../../Iot driver Library\libIotLibrary.a(mh_z19.o)
 .bss.inDex.1939
                0x00800531        0x1 ../../../Iot driver Library\libIotLibrary.a(mh_z19.o)
 .bss.crc_sum.1941
                0x00800532        0x1 ../../../Iot driver Library\libIotLibrary.a(mh_z19.o)
 .bss._app_call_back
                0x00800533        0x2 ../../../Iot driver Library\libIotLibrary.a(mh_z19.o)
 .bss._mh_state
                0x00800535        0x1 ../../../Iot driver Library\libIotLibrary.a(mh_z19.o)
                0x00800535                _mh_state
 .bss._ppm      0x00800536        0x2 ../../../Iot driver Library\libIotLibrary.a(mh_z19.o)
 .bss._serial   0x00800538        0x2 ../../../Iot driver Library\libIotLibrary.a(mh_z19.o)
 .bss._index.1885
                0x0080053a        0x1 ../../../Iot driver Library\libIotLibrary.a(twi.o)
 .bss._twiCurrentHandler
                0x0080053b        0x2 ../../../Iot driver Library\libIotLibrary.a(twi.o)
 .bss._twiMessageLen
                0x0080053d        0x1 ../../../Iot driver Library\libIotLibrary.a(twi.o)
 .bss._twiMessageBuffer
                0x0080053e        0xa ../../../Iot driver Library\libIotLibrary.a(twi.o)
 .bss._twiIsInitiated
                0x00800548        0x1 ../../../Iot driver Library\libIotLibrary.a(twi.o)
 *(COMMON)
 COMMON         0x00800549        0x8 Setup/create_all_timers.o
                0x00800549                xTimer_read_temp
                0x0080054b                xTimer_measure_co2
                0x0080054d                xTimer_measure_temp
                0x0080054f                xTimer_read_co2
 COMMON         0x00800551        0x8 Setup/driver_init.o
                0x00800551                xSemaphore_temp
                0x00800553                xSemaphore_co2
                0x00800555                xMessageBuffer_co2
                0x00800557                xMessageBuffer_temp
 COMMON         0x00800559       0x16 ../../../Iot driver Library\libIotLibrary.a(hal.o)
                0x00800559                register_access
 COMMON         0x0080056f        0x4 c:/program files (x86)/atmel/studio/7.0/toolchain/avr8/avr8-gnu-toolchain/bin/../lib/gcc/avr/5.4.0/../../../../avr/lib/avr6\libc.a(malloc.o)
                0x0080056f                __brkval
                0x00800571                __flp
 COMMON         0x00800573        0x6 c:/program files (x86)/atmel/studio/7.0/toolchain/avr8/avr8-gnu-toolchain/bin/../lib/gcc/avr/5.4.0/../../../../avr/lib/avr6\libc.a(iob.o)
                0x00800573                __iob
                0x00800579                PROVIDE (__bss_end, .)
                0x000049fe                __data_load_start = LOADADDR (.data)
                0x00004c54                __data_load_end = (__data_load_start + SIZEOF (.data))

.noinit         0x00800579        0x0
                [!provide]                PROVIDE (__noinit_start, .)
 *(.noinit*)
                [!provide]                PROVIDE (__noinit_end, .)
                0x00800579                _end = .
                0x00800579                PROVIDE (__heap_start, .)

.eeprom         0x00810000        0x0
 *(.eeprom*)
                0x00810000                __eeprom_end = .

.fuse
 *(.fuse)
 *(.lfuse)
 *(.hfuse)
 *(.efuse)

.lock
 *(.lock*)

.signature
 *(.signature*)

.user_signatures
 *(.user_signatures*)

.stab
 *(.stab)

.stabstr
 *(.stabstr)

.stab.excl
 *(.stab.excl)

.stab.exclstr
 *(.stab.exclstr)

.stab.index
 *(.stab.index)

.stab.indexstr
 *(.stab.indexstr)

.comment        0x00000000       0x5c
 *(.comment)
 .comment       0x00000000       0x30 Callbacks/measure_co2_callback.o
                                 0x31 (size before relaxing)
 .comment       0x00000030       0x31 Callbacks/measure_co2_timer_callback.o
 .comment       0x00000030       0x31 Callbacks/print_co2_timer_callback.o
 .comment       0x00000030       0x31 Callbacks/print_temp_timer_callback.o
 .comment       0x00000030       0x31 Callbacks/measure_temp_timer_callback.o
 .comment       0x00000030       0x31 m_print.o
 .comment       0x00000030       0x31 Setup/create_all_tasks.o
 .comment       0x00000030       0x31 Setup/create_all_timers.o
 .comment       0x00000030       0x31 Setup/driver_init.o
 .comment       0x00000030       0x31 Tasks/measure_co2_task.o
 .comment       0x00000030       0x31 Tasks/measure_temp_task.o
 .comment       0x00000030       0x31 Tasks/print_co2_task.o
 .comment       0x00000030       0x31 Tasks/print_temp_task.o
 .comment       0x00000030       0x31 FreeRTOS/FreeRTOSTraceDriver/FreeRTOSTraceDriver.o
 .comment       0x00000030       0x31 FreeRTOS/src/heap_3.o
 .comment       0x00000030       0x31 FreeRTOS/src/list.o
 .comment       0x00000030       0x31 FreeRTOS/src/port.o
 .comment       0x00000030       0x31 FreeRTOS/src/queue.o
 .comment       0x00000030       0x31 FreeRTOS/src/stream_buffer.o
 .comment       0x00000030       0x31 FreeRTOS/src/tasks.o
 .comment       0x00000030       0x31 FreeRTOS/src/timers.o
 .comment       0x00000030       0x31 FreeRTOS/src/variantHooks.o
 .comment       0x00000030       0x31 main.o
 .comment       0x00000030       0x31 ../../../stdio\libserialLib.a(stdio_driver.o)
 .comment       0x00000030       0x31 ../../../stdio\libserialLib.a(serial.o)
 .comment       0x00000030       0x31 ../../../stdio\libserialLib.a(fifo.o)
 .comment       0x00000030       0x31 ../../../Iot driver Library\libIotLibrary.a(hal.o)
 .comment       0x00000030       0x31 ../../../Iot driver Library\libIotLibrary.a(hih8120.o)
 .comment       0x00000030       0x31 ../../../Iot driver Library\libIotLibrary.a(led.o)
 .comment       0x00000030       0x31 ../../../Iot driver Library\libIotLibrary.a(lora_driver.o)
 .comment       0x00000030       0x31 ../../../Iot driver Library\libIotLibrary.a(mega_register_access.o)
 .comment       0x00000030       0x31 ../../../Iot driver Library\libIotLibrary.a(mh_z19.o)
 .comment       0x00000030       0x31 ../../../Iot driver Library\libIotLibrary.a(twi.o)
 .comment       0x00000030       0x31 c:/program files (x86)/atmel/studio/7.0/toolchain/avr8/avr8-gnu-toolchain/bin/../lib/gcc/avr/5.4.0/../../../../avr/lib/avr6\libc.a(calloc.o)
 .comment       0x00000030       0x31 c:/program files (x86)/atmel/studio/7.0/toolchain/avr8/avr8-gnu-toolchain/bin/../lib/gcc/avr/5.4.0/../../../../avr/lib/avr6\libc.a(malloc.o)
 .comment       0x00000030       0x31 c:/program files (x86)/atmel/studio/7.0/toolchain/avr8/avr8-gnu-toolchain/bin/../lib/gcc/avr/5.4.0/../../../../avr/lib/avr6\libc.a(iob.o)
 .comment       0x00000030       0x31 c:/program files (x86)/atmel/studio/7.0/toolchain/avr8/avr8-gnu-toolchain/bin/../lib/gcc/avr/5.4.0/../../../../avr/lib/avr6\libc.a(printf.o)
 .comment       0x00000030       0x31 c:/program files (x86)/atmel/studio/7.0/toolchain/avr8/avr8-gnu-toolchain/bin/../lib/gcc/avr/5.4.0/../../../../avr/lib/avr6\libc.a(puts.o)
 .comment       0x00000030       0x2c c:/program files (x86)/atmel/studio/7.0/toolchain/avr8/avr8-gnu-toolchain/bin/../lib/gcc/avr/5.4.0/../../../../avr/lib/avr6\libc.a(vfprintf_std.o)
                                 0x2d (size before relaxing)
 .comment       0x0000005c       0x31 c:/program files (x86)/atmel/studio/7.0/toolchain/avr8/avr8-gnu-toolchain/bin/../lib/gcc/avr/5.4.0/../../../../avr/lib/avr6\libc.a(fputc.o)

.note.gnu.avr.deviceinfo
                0x00000000       0x40
 .note.gnu.avr.deviceinfo
                0x00000000       0x40 C:/Program Files (x86)/Atmel/Studio/7.0/Packs/atmel/ATmega_DFP/1.2.209/gcc/dev/atmega2560/avr6/crtatmega2560.o

.note.gnu.build-id
 *(.note.gnu.build-id)

.debug
 *(.debug)

.line
 *(.line)

.debug_srcinfo
 *(.debug_srcinfo)

.debug_sfnames
 *(.debug_sfnames)

.debug_aranges  0x00000000      0xb18
 *(.debug_aranges)
 .debug_aranges
                0x00000000       0x20 Callbacks/measure_co2_callback.o
 .debug_aranges
                0x00000020       0x20 Callbacks/measure_co2_timer_callback.o
 .debug_aranges
                0x00000040       0x20 Callbacks/print_co2_timer_callback.o
 .debug_aranges
                0x00000060       0x20 Callbacks/print_temp_timer_callback.o
 .debug_aranges
                0x00000080       0x20 Callbacks/measure_temp_timer_callback.o
 .debug_aranges
                0x000000a0       0x20 m_print.o
 .debug_aranges
                0x000000c0       0x20 Setup/create_all_tasks.o
 .debug_aranges
                0x000000e0       0x20 Setup/create_all_timers.o
 .debug_aranges
                0x00000100       0x20 Setup/driver_init.o
 .debug_aranges
                0x00000120       0x20 Tasks/measure_co2_task.o
 .debug_aranges
                0x00000140       0x20 Tasks/measure_temp_task.o
 .debug_aranges
                0x00000160       0x20 Tasks/print_co2_task.o
 .debug_aranges
                0x00000180       0x20 Tasks/print_temp_task.o
 .debug_aranges
                0x000001a0       0x30 FreeRTOS/FreeRTOSTraceDriver/FreeRTOSTraceDriver.o
 .debug_aranges
                0x000001d0       0x28 FreeRTOS/src/heap_3.o
 .debug_aranges
                0x000001f8       0x40 FreeRTOS/src/list.o
 .debug_aranges
                0x00000238       0x48 FreeRTOS/src/port.o
 .debug_aranges
                0x00000280       0xf8 FreeRTOS/src/queue.o
 .debug_aranges
                0x00000378       0xc8 FreeRTOS/src/stream_buffer.o
 .debug_aranges
                0x00000440      0x1d8 FreeRTOS/src/tasks.o
 .debug_aranges
                0x00000618       0xa0 FreeRTOS/src/timers.o
 .debug_aranges
                0x000006b8       0x30 FreeRTOS/src/variantHooks.o
 .debug_aranges
                0x000006e8       0x20 main.o
 .debug_aranges
                0x00000708       0x38 ../../../stdio\libserialLib.a(stdio_driver.o)
 .debug_aranges
                0x00000740       0x90 ../../../stdio\libserialLib.a(serial.o)
 .debug_aranges
                0x000007d0       0x20 ../../../stdio\libserialLib.a(fifo.o)
 .debug_aranges
                0x000007f0       0x20 ../../../Iot driver Library\libIotLibrary.a(hal.o)
 .debug_aranges
                0x00000810       0x68 ../../../Iot driver Library\libIotLibrary.a(hih8120.o)
 .debug_aranges
                0x00000878       0x68 ../../../Iot driver Library\libIotLibrary.a(led.o)
 .debug_aranges
                0x000008e0      0x128 ../../../Iot driver Library\libIotLibrary.a(lora_driver.o)
 .debug_aranges
                0x00000a08       0x70 ../../../Iot driver Library\libIotLibrary.a(mega_register_access.o)
 .debug_aranges
                0x00000a78       0x50 ../../../Iot driver Library\libIotLibrary.a(mh_z19.o)
 .debug_aranges
                0x00000ac8       0x50 ../../../Iot driver Library\libIotLibrary.a(twi.o)

.debug_pubnames
 *(.debug_pubnames)

.debug_info     0x00000000     0xd8dc
 *(.debug_info .gnu.linkonce.wi.*)
 .debug_info    0x00000000      0xbbc C:/Program Files (x86)/Atmel/Studio/7.0/Packs/atmel/ATmega_DFP/1.2.209/gcc/dev/atmega2560/avr6/crtatmega2560.o
 .debug_info    0x00000bbc      0x1d3 Callbacks/measure_co2_callback.o
 .debug_info    0x00000d8f      0x132 Callbacks/measure_co2_timer_callback.o
 .debug_info    0x00000ec1      0x132 Callbacks/print_co2_timer_callback.o
 .debug_info    0x00000ff3      0x132 Callbacks/print_temp_timer_callback.o
 .debug_info    0x00001125      0x132 Callbacks/measure_temp_timer_callback.o
 .debug_info    0x00001257      0x18a m_print.o
 .debug_info    0x000013e1      0x1bb Setup/create_all_tasks.o
 .debug_info    0x0000159c      0x217 Setup/create_all_timers.o
 .debug_info    0x000017b3      0x30f Setup/driver_init.o
 .debug_info    0x00001ac2      0x12d Tasks/measure_co2_task.o
 .debug_info    0x00001bef      0x308 Tasks/measure_temp_task.o
 .debug_info    0x00001ef7      0x258 Tasks/print_co2_task.o
 .debug_info    0x0000214f      0x258 Tasks/print_temp_task.o
 .debug_info    0x000023a7       0xd3 FreeRTOS/FreeRTOSTraceDriver/FreeRTOSTraceDriver.o
 .debug_info    0x0000247a      0x19f FreeRTOS/src/heap_3.o
 .debug_info    0x00002619      0x2df FreeRTOS/src/list.o
 .debug_info    0x000028f8      0x284 FreeRTOS/src/port.o
 .debug_info    0x00002b7c     0x18fc FreeRTOS/src/queue.o
 .debug_info    0x00004478     0x14b9 FreeRTOS/src/stream_buffer.o
 .debug_info    0x00005931     0x27ae FreeRTOS/src/tasks.o
 .debug_info    0x000080df     0x1077 FreeRTOS/src/timers.o
 .debug_info    0x00009156      0x1ba FreeRTOS/src/variantHooks.o
 .debug_info    0x00009310      0x238 main.o
 .debug_info    0x00009548      0x39c ../../../stdio\libserialLib.a(stdio_driver.o)
 .debug_info    0x000098e4      0xdb3 ../../../stdio\libserialLib.a(serial.o)
 .debug_info    0x0000a697      0x1c3 ../../../stdio\libserialLib.a(fifo.o)
 .debug_info    0x0000a85a      0x20d ../../../Iot driver Library\libIotLibrary.a(hal.o)
 .debug_info    0x0000aa67      0x3a9 ../../../Iot driver Library\libIotLibrary.a(hih8120.o)
 .debug_info    0x0000ae10      0x6f9 ../../../Iot driver Library\libIotLibrary.a(led.o)
 .debug_info    0x0000b509     0x165d ../../../Iot driver Library\libIotLibrary.a(lora_driver.o)
 .debug_info    0x0000cb66      0x2e1 ../../../Iot driver Library\libIotLibrary.a(mega_register_access.o)
 .debug_info    0x0000ce47      0x538 ../../../Iot driver Library\libIotLibrary.a(mh_z19.o)
 .debug_info    0x0000d37f      0x55d ../../../Iot driver Library\libIotLibrary.a(twi.o)

.debug_abbrev   0x00000000     0x3a9a
 *(.debug_abbrev)
 .debug_abbrev  0x00000000      0xb1a C:/Program Files (x86)/Atmel/Studio/7.0/Packs/atmel/ATmega_DFP/1.2.209/gcc/dev/atmega2560/avr6/crtatmega2560.o
 .debug_abbrev  0x00000b1a       0xdc Callbacks/measure_co2_callback.o
 .debug_abbrev  0x00000bf6       0xae Callbacks/measure_co2_timer_callback.o
 .debug_abbrev  0x00000ca4       0xae Callbacks/print_co2_timer_callback.o
 .debug_abbrev  0x00000d52       0xae Callbacks/print_temp_timer_callback.o
 .debug_abbrev  0x00000e00       0xae Callbacks/measure_temp_timer_callback.o
 .debug_abbrev  0x00000eae       0xbf m_print.o
 .debug_abbrev  0x00000f6d       0x98 Setup/create_all_tasks.o
 .debug_abbrev  0x00001005       0xaa Setup/create_all_timers.o
 .debug_abbrev  0x000010af      0x10c Setup/driver_init.o
 .debug_abbrev  0x000011bb       0xdb Tasks/measure_co2_task.o
 .debug_abbrev  0x00001296      0x120 Tasks/measure_temp_task.o
 .debug_abbrev  0x000013b6      0x106 Tasks/print_co2_task.o
 .debug_abbrev  0x000014bc      0x106 Tasks/print_temp_task.o
 .debug_abbrev  0x000015c2       0x92 FreeRTOS/FreeRTOSTraceDriver/FreeRTOSTraceDriver.o
 .debug_abbrev  0x00001654      0x107 FreeRTOS/src/heap_3.o
 .debug_abbrev  0x0000175b       0xff FreeRTOS/src/list.o
 .debug_abbrev  0x0000185a      0x158 FreeRTOS/src/port.o
 .debug_abbrev  0x000019b2      0x2d8 FreeRTOS/src/queue.o
 .debug_abbrev  0x00001c8a      0x2b4 FreeRTOS/src/stream_buffer.o
 .debug_abbrev  0x00001f3e      0x359 FreeRTOS/src/tasks.o
 .debug_abbrev  0x00002297      0x30f FreeRTOS/src/timers.o
 .debug_abbrev  0x000025a6      0x101 FreeRTOS/src/variantHooks.o
 .debug_abbrev  0x000026a7       0xc3 main.o
 .debug_abbrev  0x0000276a      0x1be ../../../stdio\libserialLib.a(stdio_driver.o)
 .debug_abbrev  0x00002928      0x364 ../../../stdio\libserialLib.a(serial.o)
 .debug_abbrev  0x00002c8c       0xe8 ../../../stdio\libserialLib.a(fifo.o)
 .debug_abbrev  0x00002d74       0xff ../../../Iot driver Library\libIotLibrary.a(hal.o)
 .debug_abbrev  0x00002e73      0x184 ../../../Iot driver Library\libIotLibrary.a(hih8120.o)
 .debug_abbrev  0x00002ff7      0x228 ../../../Iot driver Library\libIotLibrary.a(led.o)
 .debug_abbrev  0x0000321f      0x382 ../../../Iot driver Library\libIotLibrary.a(lora_driver.o)
 .debug_abbrev  0x000035a1       0xd3 ../../../Iot driver Library\libIotLibrary.a(mega_register_access.o)
 .debug_abbrev  0x00003674      0x20f ../../../Iot driver Library\libIotLibrary.a(mh_z19.o)
 .debug_abbrev  0x00003883      0x217 ../../../Iot driver Library\libIotLibrary.a(twi.o)

.debug_line     0x00000000     0x6c01
 *(.debug_line .debug_line.* .debug_line_end)
 .debug_line    0x00000000      0x1f9 C:/Program Files (x86)/Atmel/Studio/7.0/Packs/atmel/ATmega_DFP/1.2.209/gcc/dev/atmega2560/avr6/crtatmega2560.o
 .debug_line    0x000001f9      0x16c Callbacks/measure_co2_callback.o
 .debug_line    0x00000365      0x12e Callbacks/measure_co2_timer_callback.o
 .debug_line    0x00000493      0x12c Callbacks/print_co2_timer_callback.o
 .debug_line    0x000005bf      0x12d Callbacks/print_temp_timer_callback.o
 .debug_line    0x000006ec      0x12f Callbacks/measure_temp_timer_callback.o
 .debug_line    0x0000081b       0xfa m_print.o
 .debug_line    0x00000915       0x90 Setup/create_all_tasks.o
 .debug_line    0x000009a5       0xf5 Setup/create_all_timers.o
 .debug_line    0x00000a9a      0x275 Setup/driver_init.o
 .debug_line    0x00000d0f       0xcd Tasks/measure_co2_task.o
 .debug_line    0x00000ddc      0x1de Tasks/measure_temp_task.o
 .debug_line    0x00000fba      0x208 Tasks/print_co2_task.o
 .debug_line    0x000011c2      0x209 Tasks/print_temp_task.o
 .debug_line    0x000013cb       0xfd FreeRTOS/FreeRTOSTraceDriver/FreeRTOSTraceDriver.o
 .debug_line    0x000014c8      0x175 FreeRTOS/src/heap_3.o
 .debug_line    0x0000163d      0x1da FreeRTOS/src/list.o
 .debug_line    0x00001817      0x312 FreeRTOS/src/port.o
 .debug_line    0x00001b29      0xbfa FreeRTOS/src/queue.o
 .debug_line    0x00002723      0x7a4 FreeRTOS/src/stream_buffer.o
 .debug_line    0x00002ec7     0x1656 FreeRTOS/src/tasks.o
 .debug_line    0x0000451d      0x562 FreeRTOS/src/timers.o
 .debug_line    0x00004a7f      0x18a FreeRTOS/src/variantHooks.o
 .debug_line    0x00004c09       0xc0 main.o
 .debug_line    0x00004cc9      0x12f ../../../stdio\libserialLib.a(stdio_driver.o)
 .debug_line    0x00004df8      0x620 ../../../stdio\libserialLib.a(serial.o)
 .debug_line    0x00005418      0x10e ../../../stdio\libserialLib.a(fifo.o)
 .debug_line    0x00005526       0xff ../../../Iot driver Library\libIotLibrary.a(hal.o)
 .debug_line    0x00005625      0x246 ../../../Iot driver Library\libIotLibrary.a(hih8120.o)
 .debug_line    0x0000586b      0x32c ../../../Iot driver Library\libIotLibrary.a(led.o)
 .debug_line    0x00005b97      0x8df ../../../Iot driver Library\libIotLibrary.a(lora_driver.o)
 .debug_line    0x00006476      0x1af ../../../Iot driver Library\libIotLibrary.a(mega_register_access.o)
 .debug_line    0x00006625      0x2d6 ../../../Iot driver Library\libIotLibrary.a(mh_z19.o)
 .debug_line    0x000068fb      0x306 ../../../Iot driver Library\libIotLibrary.a(twi.o)

.debug_frame    0x00000000     0x2120
 *(.debug_frame)
 .debug_frame   0x00000000       0x34 Callbacks/measure_co2_callback.o
 .debug_frame   0x00000034       0x24 Callbacks/measure_co2_timer_callback.o
 .debug_frame   0x00000058       0x24 Callbacks/print_co2_timer_callback.o
 .debug_frame   0x0000007c       0x24 Callbacks/print_temp_timer_callback.o
 .debug_frame   0x000000a0       0x24 Callbacks/measure_temp_timer_callback.o
 .debug_frame   0x000000c4       0x38 m_print.o
 .debug_frame   0x000000fc       0x34 Setup/create_all_tasks.o
 .debug_frame   0x00000130       0x30 Setup/create_all_timers.o
 .debug_frame   0x00000160       0x24 Setup/driver_init.o
 .debug_frame   0x00000184       0x24 Tasks/measure_co2_task.o
 .debug_frame   0x000001a8       0x34 Tasks/measure_temp_task.o
 .debug_frame   0x000001dc       0x34 Tasks/print_co2_task.o
 .debug_frame   0x00000210       0x34 Tasks/print_temp_task.o
 .debug_frame   0x00000244       0x44 FreeRTOS/FreeRTOSTraceDriver/FreeRTOSTraceDriver.o
 .debug_frame   0x00000288       0x4c FreeRTOS/src/heap_3.o
 .debug_frame   0x000002d4       0x88 FreeRTOS/src/list.o
 .debug_frame   0x0000035c       0x74 FreeRTOS/src/port.o
 .debug_frame   0x000003d0      0x3cc FreeRTOS/src/queue.o
 .debug_frame   0x0000079c      0x3c8 FreeRTOS/src/stream_buffer.o
 .debug_frame   0x00000b64      0x69c FreeRTOS/src/tasks.o
 .debug_frame   0x00001200      0x1cc FreeRTOS/src/timers.o
 .debug_frame   0x000013cc       0x44 FreeRTOS/src/variantHooks.o
 .debug_frame   0x00001410       0x24 main.o
 .debug_frame   0x00001434       0x84 ../../../stdio\libserialLib.a(stdio_driver.o)
 .debug_frame   0x000014b8      0x384 ../../../stdio\libserialLib.a(serial.o)
 .debug_frame   0x0000183c       0x24 ../../../stdio\libserialLib.a(fifo.o)
 .debug_frame   0x00001860       0x24 ../../../Iot driver Library\libIotLibrary.a(hal.o)
 .debug_frame   0x00001884       0xc0 ../../../Iot driver Library\libIotLibrary.a(hih8120.o)
 .debug_frame   0x00001944      0x11c ../../../Iot driver Library\libIotLibrary.a(led.o)
 .debug_frame   0x00001a60      0x3d8 ../../../Iot driver Library\libIotLibrary.a(lora_driver.o)
 .debug_frame   0x00001e38       0xc4 ../../../Iot driver Library\libIotLibrary.a(mega_register_access.o)
 .debug_frame   0x00001efc       0xf8 ../../../Iot driver Library\libIotLibrary.a(mh_z19.o)
 .debug_frame   0x00001ff4      0x12c ../../../Iot driver Library\libIotLibrary.a(twi.o)

.debug_str      0x00000000     0x3f2f
 *(.debug_str)
 .debug_str     0x00000000      0x3e6 C:/Program Files (x86)/Atmel/Studio/7.0/Packs/atmel/ATmega_DFP/1.2.209/gcc/dev/atmega2560/avr6/crtatmega2560.o
 .debug_str     0x000003e6      0x22f Callbacks/measure_co2_callback.o
                                0x27a (size before relaxing)
 .debug_str     0x00000615       0x66 Callbacks/measure_co2_timer_callback.o
                                0x224 (size before relaxing)
 .debug_str     0x0000067b       0x41 Callbacks/print_co2_timer_callback.o
                                0x220 (size before relaxing)
 .debug_str     0x000006bc       0x53 Callbacks/print_temp_timer_callback.o
                                0x223 (size before relaxing)
 .debug_str     0x0000070f       0x47 Callbacks/measure_temp_timer_callback.o
                                0x227 (size before relaxing)
 .debug_str     0x00000756       0x31 m_print.o
                                0x201 (size before relaxing)
 .debug_str     0x00000787       0x60 Setup/create_all_tasks.o
                                0x1b3 (size before relaxing)
 .debug_str     0x000007e7       0x84 Setup/create_all_timers.o
                                0x20f (size before relaxing)
 .debug_str     0x0000086b      0x149 Setup/driver_init.o
                                0x342 (size before relaxing)
 .debug_str     0x000009b4       0xa1 Tasks/measure_co2_task.o
                                0x236 (size before relaxing)
 .debug_str     0x00000a55       0x7e Tasks/measure_temp_task.o
                                0x348 (size before relaxing)
 .debug_str     0x00000ad3       0x4d Tasks/print_co2_task.o
                                0x295 (size before relaxing)
 .debug_str     0x00000b20       0x2b Tasks/print_temp_task.o
                                0x2a5 (size before relaxing)
 .debug_str     0x00000b4b       0x68 FreeRTOS/FreeRTOSTraceDriver/FreeRTOSTraceDriver.o
                                0x1b5 (size before relaxing)
 .debug_str     0x00000bb3       0x8d FreeRTOS/src/heap_3.o
                                0x1e7 (size before relaxing)
 .debug_str     0x00000c40      0x134 FreeRTOS/src/list.o
                                0x2b2 (size before relaxing)
 .debug_str     0x00000d74      0x11d FreeRTOS/src/port.o
                                0x29f (size before relaxing)
 .debug_str     0x00000e91      0x688 FreeRTOS/src/queue.o
                                0x9a8 (size before relaxing)
 .debug_str     0x00001519      0x4e1 FreeRTOS/src/stream_buffer.o
                                0x817 (size before relaxing)
 .debug_str     0x000019fa      0xb05 FreeRTOS/src/tasks.o
                               0x1153 (size before relaxing)
 .debug_str     0x000024ff      0x411 FreeRTOS/src/timers.o
                                0x840 (size before relaxing)
 .debug_str     0x00002910       0x61 FreeRTOS/src/variantHooks.o
                                0x246 (size before relaxing)
 .debug_str     0x00002971       0x11 main.o
                                0x246 (size before relaxing)
 .debug_str     0x00002982      0x23e ../../../stdio\libserialLib.a(stdio_driver.o)
                                0x37b (size before relaxing)
 .debug_str     0x00002bc0      0x2e8 ../../../stdio\libserialLib.a(serial.o)
                                0x63c (size before relaxing)
 .debug_str     0x00002ea8       0x15 ../../../stdio\libserialLib.a(fifo.o)
                                0x23a (size before relaxing)
 .debug_str     0x00002ebd       0xc3 ../../../Iot driver Library\libIotLibrary.a(hal.o)
                                0x278 (size before relaxing)
 .debug_str     0x00002f80      0x203 ../../../Iot driver Library\libIotLibrary.a(hih8120.o)
                                0x44a (size before relaxing)
 .debug_str     0x00003183      0x143 ../../../Iot driver Library\libIotLibrary.a(led.o)
                                0x3d2 (size before relaxing)
 .debug_str     0x000032c6      0x78f ../../../Iot driver Library\libIotLibrary.a(lora_driver.o)
                                0xc93 (size before relaxing)
 .debug_str     0x00003a55       0xda ../../../Iot driver Library\libIotLibrary.a(mega_register_access.o)
                                0x252 (size before relaxing)
 .debug_str     0x00003b2f      0x122 ../../../Iot driver Library\libIotLibrary.a(mh_z19.o)
                                0x47a (size before relaxing)
 .debug_str     0x00003c51      0x2de ../../../Iot driver Library\libIotLibrary.a(twi.o)
                                0x5a8 (size before relaxing)

.debug_loc      0x00000000     0xb1b9
 *(.debug_loc)
 .debug_loc     0x00000000       0x7a Callbacks/measure_co2_callback.o
 .debug_loc     0x0000007a       0x26 Callbacks/measure_co2_timer_callback.o
 .debug_loc     0x000000a0       0x26 Callbacks/print_co2_timer_callback.o
 .debug_loc     0x000000c6       0x26 Callbacks/print_temp_timer_callback.o
 .debug_loc     0x000000ec       0x26 Callbacks/measure_temp_timer_callback.o
 .debug_loc     0x00000112       0xb5 m_print.o
 .debug_loc     0x000001c7       0x5d Setup/create_all_tasks.o
 .debug_loc     0x00000224       0x2f Setup/create_all_timers.o
 .debug_loc     0x00000253       0x6e Tasks/measure_temp_task.o
 .debug_loc     0x000002c1       0xba Tasks/print_co2_task.o
 .debug_loc     0x0000037b       0xba Tasks/print_temp_task.o
 .debug_loc     0x00000435       0x42 FreeRTOS/FreeRTOSTraceDriver/FreeRTOSTraceDriver.o
 .debug_loc     0x00000477      0x102 FreeRTOS/src/heap_3.o
 .debug_loc     0x00000579      0x145 FreeRTOS/src/list.o
 .debug_loc     0x000006be      0x2af FreeRTOS/src/port.o
 .debug_loc     0x0000096d     0x1dc0 FreeRTOS/src/queue.o
 .debug_loc     0x0000272d     0x1e4d FreeRTOS/src/stream_buffer.o
 .debug_loc     0x0000457a     0x2e78 FreeRTOS/src/tasks.o
 .debug_loc     0x000073f2      0xbed FreeRTOS/src/timers.o
 .debug_loc     0x00007fdf       0xb6 FreeRTOS/src/variantHooks.o
 .debug_loc     0x00008095      0x144 ../../../stdio\libserialLib.a(stdio_driver.o)
 .debug_loc     0x000081d9     0x1080 ../../../stdio\libserialLib.a(serial.o)
 .debug_loc     0x00009259      0x15e ../../../stdio\libserialLib.a(fifo.o)
 .debug_loc     0x000093b7       0x2c ../../../Iot driver Library\libIotLibrary.a(hal.o)
 .debug_loc     0x000093e3       0x9f ../../../Iot driver Library\libIotLibrary.a(hih8120.o)
 .debug_loc     0x00009482      0x390 ../../../Iot driver Library\libIotLibrary.a(led.o)
 .debug_loc     0x00009812      0xf7c ../../../Iot driver Library\libIotLibrary.a(lora_driver.o)
 .debug_loc     0x0000a78e       0xe9 ../../../Iot driver Library\libIotLibrary.a(mega_register_access.o)
 .debug_loc     0x0000a877      0x3cd ../../../Iot driver Library\libIotLibrary.a(mh_z19.o)
 .debug_loc     0x0000ac44      0x575 ../../../Iot driver Library\libIotLibrary.a(twi.o)

.debug_macinfo
 *(.debug_macinfo)

.debug_weaknames
 *(.debug_weaknames)

.debug_funcnames
 *(.debug_funcnames)

.debug_typenames
 *(.debug_typenames)

.debug_varnames
 *(.debug_varnames)

.debug_pubtypes
 *(.debug_pubtypes)

.debug_ranges   0x00000000      0xab8
 *(.debug_ranges)
 .debug_ranges  0x00000000       0x10 Callbacks/measure_co2_callback.o
 .debug_ranges  0x00000010       0x10 Callbacks/measure_co2_timer_callback.o
 .debug_ranges  0x00000020       0x10 Callbacks/print_co2_timer_callback.o
 .debug_ranges  0x00000030       0x10 Callbacks/print_temp_timer_callback.o
 .debug_ranges  0x00000040       0x10 Callbacks/measure_temp_timer_callback.o
 .debug_ranges  0x00000050       0x10 m_print.o
 .debug_ranges  0x00000060       0x10 Setup/create_all_tasks.o
 .debug_ranges  0x00000070       0x10 Setup/create_all_timers.o
 .debug_ranges  0x00000080       0x10 Setup/driver_init.o
 .debug_ranges  0x00000090       0x10 Tasks/measure_co2_task.o
 .debug_ranges  0x000000a0       0x10 Tasks/measure_temp_task.o
 .debug_ranges  0x000000b0       0x28 Tasks/print_co2_task.o
 .debug_ranges  0x000000d8       0x28 Tasks/print_temp_task.o
 .debug_ranges  0x00000100       0x20 FreeRTOS/FreeRTOSTraceDriver/FreeRTOSTraceDriver.o
 .debug_ranges  0x00000120       0x18 FreeRTOS/src/heap_3.o
 .debug_ranges  0x00000138       0x30 FreeRTOS/src/list.o
 .debug_ranges  0x00000168       0x38 FreeRTOS/src/port.o
 .debug_ranges  0x000001a0      0x178 FreeRTOS/src/queue.o
 .debug_ranges  0x00000318       0xb8 FreeRTOS/src/stream_buffer.o
 .debug_ranges  0x000003d0      0x240 FreeRTOS/src/tasks.o
 .debug_ranges  0x00000610       0xf0 FreeRTOS/src/timers.o
 .debug_ranges  0x00000700       0x20 FreeRTOS/src/variantHooks.o
 .debug_ranges  0x00000720       0x10 main.o
 .debug_ranges  0x00000730       0x28 ../../../stdio\libserialLib.a(stdio_driver.o)
 .debug_ranges  0x00000758       0x98 ../../../stdio\libserialLib.a(serial.o)
 .debug_ranges  0x000007f0       0x10 ../../../stdio\libserialLib.a(fifo.o)
 .debug_ranges  0x00000800       0x10 ../../../Iot driver Library\libIotLibrary.a(hal.o)
 .debug_ranges  0x00000810       0x58 ../../../Iot driver Library\libIotLibrary.a(hih8120.o)
 .debug_ranges  0x00000868       0x58 ../../../Iot driver Library\libIotLibrary.a(led.o)
 .debug_ranges  0x000008c0      0x118 ../../../Iot driver Library\libIotLibrary.a(lora_driver.o)
 .debug_ranges  0x000009d8       0x60 ../../../Iot driver Library\libIotLibrary.a(mega_register_access.o)
 .debug_ranges  0x00000a38       0x40 ../../../Iot driver Library\libIotLibrary.a(mh_z19.o)
 .debug_ranges  0x00000a78       0x40 ../../../Iot driver Library\libIotLibrary.a(twi.o)

.debug_macro
 *(.debug_macro)
OUTPUT(Sensors.elf elf32-avr)
LOAD linker stubs
