Archive member included to satisfy reference by file (symbol)

../../../stdio\libserialLib.a(stdio_driver.o)
                              Setup/global_init.o (stdioCreate)
../../../stdio\libserialLib.a(serial.o)
                              ../../../stdio\libserialLib.a(stdio_driver.o) (serial_new_instance)
../../../stdio\libserialLib.a(fifo.o)
                              ../../../stdio\libserialLib.a(serial.o) (fifo_init)
../../../Iot driver Library\libIotLibrary.a(hal.o)
                              Setup/global_init.o (hal_create)
../../../Iot driver Library\libIotLibrary.a(hih8120.o)
                              Setup/global_init.o (hih8120Create)
../../../Iot driver Library\libIotLibrary.a(led.o)
                              ../../../Iot driver Library\libIotLibrary.a(hal.o) (led_create)
../../../Iot driver Library\libIotLibrary.a(lora_driver.o)
                              Tasks/lora_handler_task.o (lora_driver_flush_buffers)
../../../Iot driver Library\libIotLibrary.a(lora_driver_utils.o)
                              ../../../Iot driver Library\libIotLibrary.a(lora_driver.o) (decode_port_no)
../../../Iot driver Library\libIotLibrary.a(mega_register_access.o)
                              ../../../Iot driver Library\libIotLibrary.a(hal.o) (reg_read_register)
../../../Iot driver Library\libIotLibrary.a(mh_z19.o)
                              Setup/global_init.o (mh_z19_create)
../../../Iot driver Library\libIotLibrary.a(twi.o)
                              ../../../Iot driver Library\libIotLibrary.a(hih8120.o) (twiCreate)
c:/program files (x86)/atmel/studio/7.0/toolchain/avr8/avr8-gnu-toolchain/bin/../lib/gcc/avr/5.4.0/avr6\libgcc.a(_udivmodsi4.o)
                              ../../../Iot driver Library\libIotLibrary.a(twi.o) (__udivmodsi4)
c:/program files (x86)/atmel/studio/7.0/toolchain/avr8/avr8-gnu-toolchain/bin/../lib/gcc/avr/5.4.0/avr6\libgcc.a(_exit.o)
                              C:/Program Files (x86)/Atmel/Studio/7.0/Packs/atmel/ATmega_DFP/1.2.209/gcc/dev/atmega2560/avr6/crtatmega2560.o (exit)
c:/program files (x86)/atmel/studio/7.0/toolchain/avr8/avr8-gnu-toolchain/bin/../lib/gcc/avr/5.4.0/avr6\libgcc.a(_tablejump2.o)
                              FreeRTOS/src/timers.o (__tablejump2__)
c:/program files (x86)/atmel/studio/7.0/toolchain/avr8/avr8-gnu-toolchain/bin/../lib/gcc/avr/5.4.0/avr6\libgcc.a(_copy_data.o)
                              Callbacks/measure_co2_callback.o (__do_copy_data)
c:/program files (x86)/atmel/studio/7.0/toolchain/avr8/avr8-gnu-toolchain/bin/../lib/gcc/avr/5.4.0/avr6\libgcc.a(_clear_bss.o)
                              FreeRTOS/src/tasks.o (__do_clear_bss)
c:/program files (x86)/atmel/studio/7.0/toolchain/avr8/avr8-gnu-toolchain/bin/../lib/gcc/avr/5.4.0/../../../../avr/lib/avr6\libm.a(addsf3.o)
                              ../../../stdio\libserialLib.a(serial.o) (__subsf3)
c:/program files (x86)/atmel/studio/7.0/toolchain/avr8/avr8-gnu-toolchain/bin/../lib/gcc/avr/5.4.0/../../../../avr/lib/avr6\libm.a(addsf3x.o)
                              c:/program files (x86)/atmel/studio/7.0/toolchain/avr8/avr8-gnu-toolchain/bin/../lib/gcc/avr/5.4.0/../../../../avr/lib/avr6\libm.a(addsf3.o) (__addsf3x)
c:/program files (x86)/atmel/studio/7.0/toolchain/avr8/avr8-gnu-toolchain/bin/../lib/gcc/avr/5.4.0/../../../../avr/lib/avr6\libm.a(cmpsf2.o)
                              FreeRTOS/src/variantHooks.o (__ltsf2)
c:/program files (x86)/atmel/studio/7.0/toolchain/avr8/avr8-gnu-toolchain/bin/../lib/gcc/avr/5.4.0/../../../../avr/lib/avr6\libm.a(divsf3.o)
                              ../../../stdio\libserialLib.a(serial.o) (__divsf3)
c:/program files (x86)/atmel/studio/7.0/toolchain/avr8/avr8-gnu-toolchain/bin/../lib/gcc/avr/5.4.0/../../../../avr/lib/avr6\libm.a(divsf3x.o)
                              c:/program files (x86)/atmel/studio/7.0/toolchain/avr8/avr8-gnu-toolchain/bin/../lib/gcc/avr/5.4.0/../../../../avr/lib/avr6\libm.a(divsf3.o) (__divsf3x)
c:/program files (x86)/atmel/studio/7.0/toolchain/avr8/avr8-gnu-toolchain/bin/../lib/gcc/avr/5.4.0/../../../../avr/lib/avr6\libm.a(fixsfsi.o)
                              ../../../Iot driver Library\libIotLibrary.a(hih8120.o) (__fixsfsi)
c:/program files (x86)/atmel/studio/7.0/toolchain/avr8/avr8-gnu-toolchain/bin/../lib/gcc/avr/5.4.0/../../../../avr/lib/avr6\libm.a(fixunssfsi.o)
                              FreeRTOS/src/variantHooks.o (__fixunssfsi)
c:/program files (x86)/atmel/studio/7.0/toolchain/avr8/avr8-gnu-toolchain/bin/../lib/gcc/avr/5.4.0/../../../../avr/lib/avr6\libm.a(floatsisf.o)
                              ../../../stdio\libserialLib.a(serial.o) (__floatunsisf)
c:/program files (x86)/atmel/studio/7.0/toolchain/avr8/avr8-gnu-toolchain/bin/../lib/gcc/avr/5.4.0/../../../../avr/lib/avr6\libm.a(fp_cmp.o)
                              c:/program files (x86)/atmel/studio/7.0/toolchain/avr8/avr8-gnu-toolchain/bin/../lib/gcc/avr/5.4.0/../../../../avr/lib/avr6\libm.a(cmpsf2.o) (__fp_cmp)
[...]
Memory Configuration

Name             Origin             Length             Attributes
text             0x00000000         0x00100000         xr
data             0x00800200         0x0000fe00         rw !x
eeprom           0x00810000         0x00010000         rw !x
fuse             0x00820000         0x00000003         rw !x
lock             0x00830000         0x00000400         rw !x
signature        0x00840000         0x00000400         rw !x
user_signatures  0x00850000         0x00000400         rw !x
*default*        0x00000000         0xffffffff

Linker script and memory map

Address of section .data set to 0x800200
LOAD C:/Program Files (x86)/Atmel/Studio/7.0/Packs/atmel/ATmega_DFP/1.2.209/gcc/dev/atmega2560/avr6/crtatmega2560.o
LOAD Callbacks/measure_co2_callback.o
LOAD Callbacks/measure_co2_timer_callback.o
LOAD Callbacks/print_measurements_timer_callback.o
LOAD Callbacks/measure_temp_timer_callback.o
LOAD Callbacks/send_data_timer_callback.o
LOAD FreeRTOS/FreeRTOSTraceDriver/FreeRTOSTraceDriver.o
LOAD FreeRTOS/src/croutine.o
LOAD FreeRTOS/src/event_groups.o
LOAD FreeRTOS/src/heap_3.o
LOAD FreeRTOS/src/list.o
LOAD FreeRTOS/src/port.o
LOAD FreeRTOS/src/queue.o
LOAD FreeRTOS/src/stream_buffer.o
LOAD FreeRTOS/src/tasks.o
LOAD FreeRTOS/src/timers.o
LOAD FreeRTOS/src/variantHooks.o
LOAD m_print.o
LOAD Setup/create_all_tasks.o
LOAD Setup/create_all_timers.o
LOAD Setup/lora_setup.o
LOAD Setup/global_init.o
LOAD Tasks/lora_handler_task.o
LOAD Tasks/measure_co2_task.o
LOAD Tasks/measure_temp_task.o
LOAD Tasks/print_measurements_task.o
LOAD main.o
START GROUP
LOAD ../../../stdio\libserialLib.a
LOAD ../../../Iot driver Library\libIotLibrary.a
END GROUP
START GROUP
LOAD c:/program files (x86)/atmel/studio/7.0/toolchain/avr8/avr8-gnu-toolchain/bin/../lib/gcc/avr/5.4.0/avr6\libgcc.a
LOAD c:/program files (x86)/atmel/studio/7.0/toolchain/avr8/avr8-gnu-toolchain/bin/../lib/gcc/avr/5.4.0/../../../../avr/lib/avr6\libm.a
LOAD c:/program files (x86)/atmel/studio/7.0/toolchain/avr8/avr8-gnu-toolchain/bin/../lib/gcc/avr/5.4.0/../../../../avr/lib/avr6\libc.a
LOAD C:/Program Files (x86)/Atmel/Studio/7.0/Packs/atmel/ATmega_DFP/1.2.209/gcc/dev/atmega2560/avr6\libatmega2560.a
END GROUP
                0x00100000                __TEXT_REGION_LENGTH__ = DEFINED (__TEXT_REGION_LENGTH__)?__TEXT_REGION_LENGTH__:0x100000
                0x0000fe00                __DATA_REGION_LENGTH__ = DEFINED (__DATA_REGION_LENGTH__)?__DATA_REGION_LENGTH__:0xfe00
                0x00010000                __EEPROM_REGION_LENGTH__ = DEFINED (__EEPROM_REGION_LENGTH__)?__EEPROM_REGION_LENGTH__:0x10000
                [0x00000003]                __FUSE_REGION_LENGTH__ = DEFINED (__FUSE_REGION_LENGTH__)?__FUSE_REGION_LENGTH__:0x400
                0x00000400                __LOCK_REGION_LENGTH__ = DEFINED (__LOCK_REGION_LENGTH__)?__LOCK_REGION_LENGTH__:0x400
                0x00000400                __SIGNATURE_REGION_LENGTH__ = DEFINED (__SIGNATURE_REGION_LENGTH__)?__SIGNATURE_REGION_LENGTH__:0x400
                0x00000400                __USER_SIGNATURE_REGION_LENGTH__ = DEFINED (__USER_SIGNATURE_REGION_LENGTH__)?__USER_SIGNATURE_REGION_LENGTH__:0x400

.hash
 *(.hash)

.dynsym
 *(.dynsym)

.dynstr
 *(.dynstr)

.gnu.version
 *(.gnu.version)

.gnu.version_d
 *(.gnu.version_d)

.gnu.version_r
 *(.gnu.version_r)

.rel.init
 *(.rel.init)

.rela.init
 *(.rela.init)

.rel.text
 *(.rel.text)
 *(.rel.text.*)
 *(.rel.gnu.linkonce.t*)

.rela.text
 *(.rela.text)
 *(.rela.text.*)
 *(.rela.gnu.linkonce.t*)

.rel.fini
 *(.rel.fini)

.rela.fini
 *(.rela.fini)

.rel.rodata
 *(.rel.rodata)
 *(.rel.rodata.*)
 *(.rel.gnu.linkonce.r*)

.rela.rodata
 *(.rela.rodata)
 *(.rela.rodata.*)
 *(.rela.gnu.linkonce.r*)

.rel.data
 *(.rel.data)
 *(.rel.data.*)
 *(.rel.gnu.linkonce.d*)

.rela.data
 *(.rela.data)
 *(.rela.data.*)
 *(.rela.gnu.linkonce.d*)

.rel.ctors
 *(.rel.ctors)

.rela.ctors
 *(.rela.ctors)

.rel.dtors
 *(.rel.dtors)

.rela.dtors
 *(.rela.dtors)

.rel.got
 *(.rel.got)

.rela.got
 *(.rela.got)

.rel.bss
 *(.rel.bss)

.rela.bss
 *(.rela.bss)

.rel.plt
 *(.rel.plt)

.rela.plt
 *(.rela.plt)

.text           0x00000000     0x76ba
 *(.vectors)
 .vectors       0x00000000       0xe4 C:/Program Files (x86)/Atmel/Studio/7.0/Packs/atmel/ATmega_DFP/1.2.209/gcc/dev/atmega2560/avr6/crtatmega2560.o
                0x00000000                __vector_default
                0x00000000                __vectors
 *(.vectors)
 *(.progmem.gcc*)
 .progmem.gcc_sw_table.prvProcessReceivedCommands
                0x000000e4       0x14 FreeRTOS/src/timers.o
 .progmem.gcc_sw_table.__vector_39
                0x000000f8       0xa2 ../../../Iot driver Library\libIotLibrary.a(twi.o)
                0x0000019a                . = ALIGN (0x2)
                0x0000019a                __trampolines_start = .
 *(.trampolines)
 .trampolines   0x0000019a        0x0 linker stubs
 *(.trampolines*)
                0x0000019a                __trampolines_end = .
 *libprintf_flt.a:*(.progmem.data)
 *libc.a:*(.progmem.data)
 *(.progmem*)
                0x0000019a                . = ALIGN (0x2)
 *(.jumptables)
 *(.jumptables*)
 *(.lowtext)
 .lowtext       0x0000019a       0x24 FreeRTOS/src/tasks.o
 .lowtext       0x000001be       0x30 FreeRTOS/src/timers.o
 *(.lowtext*)
                0x000001ee                __ctors_start = .
 *(.ctors)
                0x000001ee                __ctors_end = .
                0x000001ee                __dtors_start = .
 *(.dtors)
                0x000001ee                __dtors_end = .
 SORT(*)(.ctors)
 SORT(*)(.dtors)
 *(.init0)
 .init0         0x000001ee        0x0 C:/Program Files (x86)/Atmel/Studio/7.0/Packs/atmel/ATmega_DFP/1.2.209/gcc/dev/atmega2560/avr6/crtatmega2560.o
                0x000001ee                __init
 *(.init0)
 *(.init1)
 *(.init1)
 *(.init2)
 .init2         0x000001ee       0x10 C:/Program Files (x86)/Atmel/Studio/7.0/Packs/atmel/ATmega_DFP/1.2.209/gcc/dev/atmega2560/avr6/crtatmega2560.o
 *(.init2)
 *(.init3)
 *(.init3)
 *(.init4)
 .init4         0x000001fe       0x1a c:/program files (x86)/atmel/studio/7.0/toolchain/avr8/avr8-gnu-toolchain/bin/../lib/gcc/avr/5.4.0/avr6\libgcc.a(_copy_data.o)
                0x000001fe                __do_copy_data
 .init4         0x00000218       0x10 c:/program files (x86)/atmel/studio/7.0/toolchain/avr8/avr8-gnu-toolchain/bin/../lib/gcc/avr/5.4.0/avr6\libgcc.a(_clear_bss.o)
                0x00000218                __do_clear_bss
 *(.init4)
 *(.init5)
 *(.init5)
 *(.init6)
 *(.init6)
 *(.init7)
 *(.init7)
 *(.init8)
 *(.init8)
 *(.init9)
 .init9         0x00000228        0x8 C:/Program Files (x86)/Atmel/Studio/7.0/Packs/atmel/ATmega_DFP/1.2.209/gcc/dev/atmega2560/avr6/crtatmega2560.o
 *(.init9)
 *(.text)
 .text          0x00000230        0x2 C:/Program Files (x86)/Atmel/Studio/7.0/Packs/atmel/ATmega_DFP/1.2.209/gcc/dev/atmega2560/avr6/crtatmega2560.o
                0x00000230                __vector_38
                0x00000230                __vector_22
                0x00000230                __vector_28
                0x00000230                __vector_1
                0x00000230                __vector_32
                0x00000230                __vector_34
                0x00000230                __vector_24
                0x00000230                __vector_46
                0x00000230                __bad_interrupt
                0x00000230                __vector_6
                0x00000230                __vector_31
                0x00000230                __vector_35
                0x00000230                __vector_3
                0x00000230                __vector_23
                0x00000230                __vector_30
                0x00000230                __vector_45
                0x00000230                __vector_11
                0x00000230                __vector_13
                0x00000230                __vector_17
                0x00000230                __vector_19
                0x00000230                __vector_56
                0x00000230                __vector_7
                0x00000230                __vector_49
                0x00000230                __vector_41
                0x00000230                __vector_43
                0x00000230                __vector_27
                0x00000230                __vector_5
                0x00000230                __vector_33
                0x00000230                __vector_47
                0x00000230                __vector_4
                0x00000230                __vector_44
                0x00000230                __vector_9
                0x00000230                __vector_2
                0x00000230                __vector_21
                0x00000230                __vector_15
                0x00000230                __vector_29
                0x00000230                __vector_40
                0x00000230                __vector_8
                0x00000230                __vector_48
                0x00000230                __vector_14
                0x00000230                __vector_53
                0x00000230                __vector_10
                0x00000230                __vector_50
                0x00000230                __vector_16
                0x00000230                __vector_18
                0x00000230                __vector_20
                0x00000230                __vector_42
                0x00000232                . = ALIGN (0x2)
 *(.text.*)
 .text.measure_co2_callback
                0x00000232       0xa4 Callbacks/measure_co2_callback.o
                0x00000232                measure_co2_callback
 .text.measure_co2_timer_callback
                0x000002d6       0x30 Callbacks/measure_co2_timer_callback.o
                0x000002d6                measure_co2_timer_callback
 .text.print_measurements_timer_callback
                0x00000306       0x30 Callbacks/print_measurements_timer_callback.o
                0x00000306                print_measurements_timer_callback
 .text.measure_temp_timer_callback
                0x00000336       0x30 Callbacks/measure_temp_timer_callback.o
                0x00000336                measure_temp_timer_callback
 .text.send_data_timer_callback
                0x00000366       0x30 Callbacks/send_data_timer_callback.o
                0x00000366                send_data_timer_callback
 .text.task_switch_in
                0x00000396       0x40 FreeRTOS/FreeRTOSTraceDriver/FreeRTOSTraceDriver.o
                0x00000396                task_switch_in
 .text.task_switch_out
                0x000003d6       0x28 FreeRTOS/FreeRTOSTraceDriver/FreeRTOSTraceDriver.o
                0x000003d6                task_switch_out
 .text.pvPortMalloc
                0x000003fe       0x42 FreeRTOS/src/heap_3.o
                0x000003fe                pvPortMalloc
 .text.vPortFree
                0x00000440       0x34 FreeRTOS/src/heap_3.o
                0x00000440                vPortFree
 .text.vListInitialise
                0x00000474       0x6e FreeRTOS/src/list.o
                0x00000474                vListInitialise
 .text.vListInitialiseItem
                0x000004e2       0x26 FreeRTOS/src/list.o
                0x000004e2                vListInitialiseItem
 .text.vListInsertEnd
                0x00000508       0x9c FreeRTOS/src/list.o
                0x00000508                vListInsertEnd
 .text.vListInsert
                0x000005a4       0xf0 FreeRTOS/src/list.o
                0x000005a4                vListInsert
 .text.uxListRemove
                0x00000694       0xae FreeRTOS/src/list.o
                0x00000694                uxListRemove
 .text.pxPortInitialiseStack
                0x00000742      0x388 FreeRTOS/src/port.o
                0x00000742                pxPortInitialiseStack
 .text.xPortStartScheduler
                0x00000aca       0x70 FreeRTOS/src/port.o
                0x00000aca                xPortStartScheduler
 .text.vPortYield
                0x00000b3a       0xc4 FreeRTOS/src/port.o
                0x00000b3a                vPortYield
 .text.vPortYieldFromTick
                0x00000bfe       0xd4 FreeRTOS/src/port.o
                0x00000bfe                vPortYieldFromTick
 .text.prvSetupTimerInterrupt
                0x00000cd2       0x3e FreeRTOS/src/port.o
 .text.__vector_12
                0x00000d10        0x6 FreeRTOS/src/port.o
                0x00000d10                __vector_12
 .text.xQueueGenericReset
                0x00000d16      0x120 FreeRTOS/src/queue.o
                0x00000d16                xQueueGenericReset
 .text.xQueueGenericCreate
                0x00000e36       0x9c FreeRTOS/src/queue.o
                0x00000e36                xQueueGenericCreate
 .text.prvInitialiseNewQueue
                0x00000ed2       0x88 FreeRTOS/src/queue.o
 .text.prvInitialiseMutex
                0x00000f5a       0x50 FreeRTOS/src/queue.o
 .text.xQueueCreateMutex
                0x00000faa       0x3c FreeRTOS/src/queue.o
                0x00000faa                xQueueCreateMutex
 .text.xQueueGenericSend
                0x00000fe6      0x152 FreeRTOS/src/queue.o
                0x00000fe6                xQueueGenericSend
 .text.xQueueGenericSendFromISR
                0x00001138       0xbc FreeRTOS/src/queue.o
                0x00001138                xQueueGenericSendFromISR
 .text.xQueueReceive
                0x000011f4      0x152 FreeRTOS/src/queue.o
                0x000011f4                xQueueReceive
 .text.xQueueSemaphoreTake
                0x00001346      0x1b4 FreeRTOS/src/queue.o
                0x00001346                xQueueSemaphoreTake
 .text.prvGetDisinheritPriorityAfterTimeout
                0x000014fa       0x44 FreeRTOS/src/queue.o
 .text.prvCopyDataToQueue
                0x0000153e      0x1a0 FreeRTOS/src/queue.o
 .text.prvCopyDataFromQueue
                0x000016de       0xa2 FreeRTOS/src/queue.o
 .text.prvUnlockQueue
                0x00001780       0xbc FreeRTOS/src/queue.o
 .text.prvIsQueueEmpty
                0x0000183c       0x3a FreeRTOS/src/queue.o
 .text.prvIsQueueFull
                0x00001876       0x42 FreeRTOS/src/queue.o
 .text.vQueueWaitForMessageRestricted
                0x000018b8       0x90 FreeRTOS/src/queue.o
                0x000018b8                vQueueWaitForMessageRestricted
 .text.xStreamBufferGenericCreate
                0x00001948       0x90 FreeRTOS/src/stream_buffer.o
                0x00001948                xStreamBufferGenericCreate
 .text.xStreamBufferReset
                0x000019d8       0xb2 FreeRTOS/src/stream_buffer.o
                0x000019d8                xStreamBufferReset
 .text.xStreamBufferSpacesAvailable
                0x00001a8a       0x9c FreeRTOS/src/stream_buffer.o
                0x00001a8a                xStreamBufferSpacesAvailable
 .text.xStreamBufferSend
                0x00001b26      0x18e FreeRTOS/src/stream_buffer.o
                0x00001b26                xStreamBufferSend
 .text.xStreamBufferSendFromISR
                0x00001cb4       0xf8 FreeRTOS/src/stream_buffer.o
                0x00001cb4                xStreamBufferSendFromISR
 .text.prvWriteMessageToBuffer
                0x00001dac       0xd8 FreeRTOS/src/stream_buffer.o
 .text.xStreamBufferReceive
                0x00001e84      0x16c FreeRTOS/src/stream_buffer.o
                0x00001e84                xStreamBufferReceive
 .text.prvReadMessageFromBuffer
                0x00001ff0       0xcc FreeRTOS/src/stream_buffer.o
 .text.prvWriteBytesToBuffer
                0x000020bc      0x11e FreeRTOS/src/stream_buffer.o
 .text.prvReadBytesFromBuffer
                0x000021da      0x14e FreeRTOS/src/stream_buffer.o
 .text.prvBytesInBuffer
                0x00002328       0x86 FreeRTOS/src/stream_buffer.o
 .text.prvInitialiseNewStreamBuffer
                0x000023ae       0x82 FreeRTOS/src/stream_buffer.o
 .text.xTaskCreate
                0x00002430       0xdc FreeRTOS/src/tasks.o
                0x00002430                xTaskCreate
 .text.prvInitialiseNewTask
                0x0000250c      0x1be FreeRTOS/src/tasks.o
 .text.prvAddNewTaskToReadyList
                0x000026ca      0x108 FreeRTOS/src/tasks.o
 .text.vTaskDelay
                0x000027d2       0x40 FreeRTOS/src/tasks.o
                0x000027d2                vTaskDelay
 .text.vTaskStartScheduler
                0x00002812       0x86 FreeRTOS/src/tasks.o
                0x00002812                vTaskStartScheduler
 .text.vTaskSuspendAll
                0x00002898       0x1a FreeRTOS/src/tasks.o
                0x00002898                vTaskSuspendAll
 .text.xTaskResumeAll
                0x000028b2      0x12a FreeRTOS/src/tasks.o
                0x000028b2                xTaskResumeAll
 .text.xTaskGetTickCount
                0x000029dc       0x30 FreeRTOS/src/tasks.o
                0x000029dc                xTaskGetTickCount
 .text.xTaskIncrementTick
                0x00002a0c      0x1d8 FreeRTOS/src/tasks.o
                0x00002a0c                xTaskIncrementTick
 .text.vTaskSwitchContext
                0x00002be4      0x148 FreeRTOS/src/tasks.o
                0x00002be4                vTaskSwitchContext
 .text.vTaskPlaceOnEventList
                0x00002d2c       0x44 FreeRTOS/src/tasks.o
                0x00002d2c                vTaskPlaceOnEventList
 .text.vTaskPlaceOnEventListRestricted
                0x00002d70       0x58 FreeRTOS/src/tasks.o
                0x00002d70                vTaskPlaceOnEventListRestricted
 .text.xTaskRemoveFromEventList
                0x00002dc8       0xda FreeRTOS/src/tasks.o
                0x00002dc8                xTaskRemoveFromEventList
 .text.vTaskSetTimeOutState
                0x00002ea2       0x44 FreeRTOS/src/tasks.o
                0x00002ea2                vTaskSetTimeOutState
 .text.vTaskInternalSetTimeOutState
                0x00002ee6       0x3a FreeRTOS/src/tasks.o
                0x00002ee6                vTaskInternalSetTimeOutState
 .text.xTaskCheckForTimeOut
                0x00002f20       0xe4 FreeRTOS/src/tasks.o
                0x00002f20                xTaskCheckForTimeOut
 .text.vTaskMissedYield
                0x00003004       0x16 FreeRTOS/src/tasks.o
                0x00003004                vTaskMissedYield
 .text.prvInitialiseTaskLists
                0x0000301a       0x84 FreeRTOS/src/tasks.o
 .text.prvCheckTasksWaitingTermination
                0x0000309e       0x62 FreeRTOS/src/tasks.o
 .text.prvDeleteTCB
                0x00003100       0x32 FreeRTOS/src/tasks.o
 .text.prvResetNextTaskUnblockTime
                0x00003132       0x60 FreeRTOS/src/tasks.o
 .text.xTaskGetCurrentTaskHandle
                0x00003192       0x26 FreeRTOS/src/tasks.o
                0x00003192                xTaskGetCurrentTaskHandle
 .text.xTaskGetSchedulerState
                0x000031b8       0x32 FreeRTOS/src/tasks.o
                0x000031b8                xTaskGetSchedulerState
 .text.xTaskPriorityInherit
                0x000031ea      0x158 FreeRTOS/src/tasks.o
                0x000031ea                xTaskPriorityInherit
 .text.xTaskPriorityDisinherit
                0x00003342       0xfa FreeRTOS/src/tasks.o
                0x00003342                xTaskPriorityDisinherit
 .text.vTaskPriorityDisinheritAfterTimeout
                0x0000343c      0x140 FreeRTOS/src/tasks.o
                0x0000343c                vTaskPriorityDisinheritAfterTimeout
 .text.pvTaskIncrementMutexHeldCount
                0x0000357c       0x34 FreeRTOS/src/tasks.o
                0x0000357c                pvTaskIncrementMutexHeldCount
 .text.xTaskNotifyWait
                0x000035b0      0x14a FreeRTOS/src/tasks.o
                0x000035b0                xTaskNotifyWait
 .text.xTaskGenericNotify
                0x000036fa      0x1c2 FreeRTOS/src/tasks.o
                0x000036fa                xTaskGenericNotify
 .text.xTaskGenericNotifyFromISR
                0x000038bc      0x1f6 FreeRTOS/src/tasks.o
                0x000038bc                xTaskGenericNotifyFromISR
 .text.xTaskNotifyStateClear
                0x00003ab2       0x64 FreeRTOS/src/tasks.o
                0x00003ab2                xTaskNotifyStateClear
 .text.prvAddCurrentTaskToDelayedList
                0x00003b16       0xf4 FreeRTOS/src/tasks.o
 .text.xTimerCreateTimerTask
                0x00003c0a       0x54 FreeRTOS/src/timers.o
                0x00003c0a                xTimerCreateTimerTask
 .text.xTimerCreate
                0x00003c5e       0x84 FreeRTOS/src/timers.o
                0x00003c5e                xTimerCreate
 .text.prvInitialiseNewTimer
                0x00003ce2       0xb4 FreeRTOS/src/timers.o
 .text.xTimerGenericCommand
                0x00003d96       0xc2 FreeRTOS/src/timers.o
                0x00003d96                xTimerGenericCommand
 .text.prvProcessExpiredTimer
                0x00003e58       0xd2 FreeRTOS/src/timers.o
 .text.prvProcessTimerOrBlockTask
                0x00003f2a       0xaa FreeRTOS/src/timers.o
 .text.prvGetNextExpireTime
                0x00003fd4       0x6a FreeRTOS/src/timers.o
 .text.prvSampleTimeNow
                0x0000403e       0x5e FreeRTOS/src/timers.o
 .text.prvInsertTimerInActiveList
                0x0000409c       0xda FreeRTOS/src/timers.o
 .text.prvProcessReceivedCommands
                0x00004176      0x1ec FreeRTOS/src/timers.o
 .text.prvSwitchTimerLists
                0x00004362      0x13c FreeRTOS/src/timers.o
 .text.prvCheckForValidListAndQueue
                0x0000449e       0x60 FreeRTOS/src/timers.o
 .text.vApplicationIdleHook
                0x000044fe       0x10 FreeRTOS/src/variantHooks.o
                0x000044fe                vApplicationIdleHook
 .text.vApplicationMallocFailedHook
                0x0000450e      0x130 FreeRTOS/src/variantHooks.o
                0x0000450e                vApplicationMallocFailedHook
 .text.vApplicationStackOverflowHook
                0x0000463e      0x138 FreeRTOS/src/variantHooks.o
                0x0000463e                vApplicationStackOverflowHook
 .text.m_print  0x00004776       0x4a m_print.o
                0x00004776                m_print
 .text.create_all_tasks
                0x000047c0       0x8a Setup/create_all_tasks.o
                0x000047c0                create_all_tasks
 .text.create_all_timers
                0x0000484a       0x88 Setup/create_all_timers.o
                0x0000484a                create_all_timers
 .text.lora_setup
                0x000048d2      0x230 Setup/lora_setup.o
                0x000048d2                lora_setup
 .text.global_init
                0x00004b02       0xac Setup/global_init.o
                0x00004b02                global_init
 .text.lora_handler_task
                0x00004bae      0x11a Tasks/lora_handler_task.o
                0x00004bae                lora_handler_task
 .text.measure_co2_task
                0x00004cc8       0x3a Tasks/measure_co2_task.o
                0x00004cc8                measure_co2_task
 .text.measure_temp_task
                0x00004d02       0xf4 Tasks/measure_temp_task.o
                0x00004d02                measure_temp_task
 .text.print_measuremenets_task
                0x00004df6       0xd0 Tasks/print_measurements_task.o
                0x00004df6                print_measuremenets_task
 .text.main     0x00004ec6       0x6e main.o
                0x00004ec6                main
 .text.usart_getchar
                0x00004f34       0x2a ../../../stdio\libserialLib.a(stdio_driver.o)
 .text.usart_putchar
                0x00004f5e       0x12 ../../../stdio\libserialLib.a(stdio_driver.o)
 .text.stdioCreate
                0x00004f70       0x52 ../../../stdio\libserialLib.a(stdio_driver.o)
                0x00004f70                stdioCreate
 .text.serial_new_instance
                0x00004fc2      0x140 ../../../stdio\libserialLib.a(serial.o)
                0x00004fc2                serial_new_instance
 .text.serial_send_byte
                0x00005102       0x4a ../../../stdio\libserialLib.a(serial.o)
                0x00005102                serial_send_byte
 .text.serial_send_bytes
                0x0000514c       0xa0 ../../../stdio\libserialLib.a(serial.o)
                0x0000514c                serial_send_bytes
 .text.serial_get_byte
                0x000051ec       0x38 ../../../stdio\libserialLib.a(serial.o)
                0x000051ec                serial_get_byte
 .text.__vector_25
                0x00005224       0xa4 ../../../stdio\libserialLib.a(serial.o)
                0x00005224                __vector_25
 .text.__vector_26
                0x000052c8       0x88 ../../../stdio\libserialLib.a(serial.o)
                0x000052c8                __vector_26
 .text.__vector_36
                0x00005350       0xa4 ../../../stdio\libserialLib.a(serial.o)
                0x00005350                __vector_36
 .text.__vector_37
                0x000053f4       0x88 ../../../stdio\libserialLib.a(serial.o)
                0x000053f4                __vector_37
 .text.__vector_51
                0x0000547c       0xa4 ../../../stdio\libserialLib.a(serial.o)
                0x0000547c                __vector_51
 .text.__vector_52
                0x00005520       0x88 ../../../stdio\libserialLib.a(serial.o)
                0x00005520                __vector_52
 .text.__vector_54
                0x000055a8       0xa4 ../../../stdio\libserialLib.a(serial.o)
                0x000055a8                __vector_54
 .text.__vector_55
                0x0000564c       0x88 ../../../stdio\libserialLib.a(serial.o)
                0x0000564c                __vector_55
 .text.fifo_init
                0x000056d4       0x3e ../../../stdio\libserialLib.a(fifo.o)
                0x000056d4                fifo_init
 .text.hal_create
                0x00005712       0x64 ../../../Iot driver Library\libIotLibrary.a(hal.o)
                0x00005712                hal_create
 .text._hihTwiCallback
                0x00005776       0x5a ../../../Iot driver Library\libIotLibrary.a(hih8120.o)
 .text.hih8120Create
                0x000057d0       0x2e ../../../Iot driver Library\libIotLibrary.a(hih8120.o)
                0x000057d0                hih8120Create
 .text.hih8120Wakeup
                0x000057fe       0x28 ../../../Iot driver Library\libIotLibrary.a(hih8120.o)
                0x000057fe                hih8120Wakeup
 .text.hih8120Meassure
                0x00005826       0x20 ../../../Iot driver Library\libIotLibrary.a(hih8120.o)
                0x00005826                hih8120Meassure
 .text.hih8120GetTemperature
                0x00005846       0x36 ../../../Iot driver Library\libIotLibrary.a(hih8120.o)
                0x00005846                hih8120GetTemperature
 .text.hih8120GetTemperature_x10
                0x0000587c       0x16 ../../../Iot driver Library\libIotLibrary.a(hih8120.o)
                0x0000587c                hih8120GetTemperature_x10
 .text._turn_off
                0x00005892       0x5c ../../../Iot driver Library\libIotLibrary.a(led.o)
 .text._turn_on
                0x000058ee       0x5c ../../../Iot driver Library\libIotLibrary.a(led.o)
 .text._hal_led_task
                0x0000594a       0x88 ../../../Iot driver Library\libIotLibrary.a(led.o)
 .text.led_create
                0x000059d2      0x10a ../../../Iot driver Library\libIotLibrary.a(led.o)
                0x000059d2                led_create
 .text.led_slow_blink
                0x00005adc       0x4e ../../../Iot driver Library\libIotLibrary.a(led.o)
                0x00005adc                led_slow_blink
 .text.led_fast_blink
                0x00005b2a       0x4e ../../../Iot driver Library\libIotLibrary.a(led.o)
                0x00005b2a                led_fast_blink
 .text.led_led_on
                0x00005b78       0x1e ../../../Iot driver Library\libIotLibrary.a(led.o)
                0x00005b78                led_led_on
 .text.led_led_off
                0x00005b96       0x1e ../../../Iot driver Library\libIotLibrary.a(led.o)
                0x00005b96                led_led_off
 .text.led_long_puls
                0x00005bb4       0x24 ../../../Iot driver Library\libIotLibrary.a(led.o)
                0x00005bb4                led_long_puls
 .text.led_short_puls
                0x00005bd8       0x24 ../../../Iot driver Library\libIotLibrary.a(led.o)
                0x00005bd8                led_short_puls
 .text._serial_call_back
                0x00005bfc       0x8c ../../../Iot driver Library\libIotLibrary.a(lora_driver.o)
 .text._upload_message
                0x00005c88       0xb0 ../../../Iot driver Library\libIotLibrary.a(lora_driver.o)
 .text._reply2return_code
                0x00005d38       0x76 ../../../Iot driver Library\libIotLibrary.a(lora_driver.o)
 .text._upload_message_rc
                0x00005dae        0x6 ../../../Iot driver Library\libIotLibrary.a(lora_driver.o)
 .text.lora_driver_flush_buffers
                0x00005db4        0xe ../../../Iot driver Library\libIotLibrary.a(lora_driver.o)
                0x00005db4                lora_driver_flush_buffers
 .text.lora_driver_create
                0x00005dc2       0x78 ../../../Iot driver Library\libIotLibrary.a(lora_driver.o)
                0x00005dc2                lora_driver_create
 .text.lora_driver_reset_rn2483
                0x00005e3a       0x28 ../../../Iot driver Library\libIotLibrary.a(lora_driver.o)
                0x00005e3a                lora_driver_reset_rn2483
 .text.lora_driver_rn2483_factory_reset
                0x00005e62       0x24 ../../../Iot driver Library\libIotLibrary.a(lora_driver.o)
                0x00005e62                lora_driver_rn2483_factory_reset
 .text.lora_driver_get_rn2483_hweui
                0x00005e86       0x38 ../../../Iot driver Library\libIotLibrary.a(lora_driver.o)
                0x00005e86                lora_driver_get_rn2483_hweui
 .text.lora_driver_set_device_identifier
                0x00005ebe       0x22 ../../../Iot driver Library\libIotLibrary.a(lora_driver.o)
                0x00005ebe                lora_driver_set_device_identifier
 .text.lora_driver_set_application_identifier
                0x00005ee0       0x22 ../../../Iot driver Library\libIotLibrary.a(lora_driver.o)
                0x00005ee0                lora_driver_set_application_identifier
 .text.lora_driver_set_application_key
                0x00005f02       0x22 ../../../Iot driver Library\libIotLibrary.a(lora_driver.o)
                0x00005f02                lora_driver_set_application_key
 .text.lora_driver_save_mac
                0x00005f24        0xc ../../../Iot driver Library\libIotLibrary.a(lora_driver.o)
                0x00005f24                lora_driver_save_mac
 .text.lora_driver_join
                0x00005f30       0x46 ../../../Iot driver Library\libIotLibrary.a(lora_driver.o)
                0x00005f30                lora_driver_join
 .text.lora_driver_sent_upload_message
                0x00005f76      0x130 ../../../Iot driver Library\libIotLibrary.a(lora_driver.o)
                0x00005f76                lora_driver_sent_upload_message
 .text.lora_driver_set_adaptive_data_rate
                0x000060a6       0x16 ../../../Iot driver Library\libIotLibrary.a(lora_driver.o)
                0x000060a6                lora_driver_set_adaptive_data_rate
 .text.lora_driver_configure_to_eu868
                0x000060bc      0x1b4 ../../../Iot driver Library\libIotLibrary.a(lora_driver.o)
                0x000060bc                lora_driver_configure_to_eu868
 .text.lora_driver_set_otaa_identity
                0x00006270       0x42 ../../../Iot driver Library\libIotLibrary.a(lora_driver.o)
                0x00006270                lora_driver_set_otaa_identity
 .text.lora_driver_map_return_code_to_text
                0x000062b2       0x18 ../../../Iot driver Library\libIotLibrary.a(lora_driver.o)
                0x000062b2                lora_driver_map_return_code_to_text
 .text.decode_port_no
                0x000062ca       0x58 ../../../Iot driver Library\libIotLibrary.a(lora_driver_utils.o)
                0x000062ca                decode_port_no
 .text.decode_hexadecimal_string_bytes
                0x00006322       0x92 ../../../Iot driver Library\libIotLibrary.a(lora_driver_utils.o)
                0x00006322                decode_hexadecimal_string_bytes
 .text.reg_read_register
                0x000063b4        0x6 ../../../Iot driver Library\libIotLibrary.a(mega_register_access.o)
                0x000063b4                reg_read_register
 .text.reg_read_bit
                0x000063ba       0x16 ../../../Iot driver Library\libIotLibrary.a(mega_register_access.o)
                0x000063ba                reg_read_bit
 .text.reg_read_bits
                0x000063d0        0x8 ../../../Iot driver Library\libIotLibrary.a(mega_register_access.o)
                0x000063d0                reg_read_bits
 .text.reg_set_register
                0x000063d8        0x6 ../../../Iot driver Library\libIotLibrary.a(mega_register_access.o)
                0x000063d8                reg_set_register
 .text.reg_clear_register
                0x000063de        0x6 ../../../Iot driver Library\libIotLibrary.a(mega_register_access.o)
                0x000063de                reg_clear_register
 .text.reg_set_bit
                0x000063e4       0x18 ../../../Iot driver Library\libIotLibrary.a(mega_register_access.o)
                0x000063e4                reg_set_bit
 .text.reg_set_bits
                0x000063fc        0xa ../../../Iot driver Library\libIotLibrary.a(mega_register_access.o)
                0x000063fc                reg_set_bits
 .text.reg_toggle_bit
                0x00006406       0x18 ../../../Iot driver Library\libIotLibrary.a(mega_register_access.o)
                0x00006406                reg_toggle_bit
 .text.reg_toggle_bits
                0x0000641e        0xa ../../../Iot driver Library\libIotLibrary.a(mega_register_access.o)
                0x0000641e                reg_toggle_bits
 .text.reg_clear_bit
                0x00006428       0x1a ../../../Iot driver Library\libIotLibrary.a(mega_register_access.o)
                0x00006428                reg_clear_bit
 .text.reg_clear_bits
                0x00006442        0xc ../../../Iot driver Library\libIotLibrary.a(mega_register_access.o)
                0x00006442                reg_clear_bits
 .text._serial_call_back
                0x0000644e       0xb6 ../../../Iot driver Library\libIotLibrary.a(mh_z19.o)
 .text.mh_z19_create
                0x00006504       0x5e ../../../Iot driver Library\libIotLibrary.a(mh_z19.o)
                0x00006504                mh_z19_create
 .text.mh_z19_take_meassuring
                0x00006562       0x60 ../../../Iot driver Library\libIotLibrary.a(mh_z19.o)
                0x00006562                mh_z19_take_meassuring
 .text._initTwiInterface
                0x000065c2       0x22 ../../../Iot driver Library\libIotLibrary.a(twi.o)
 .text.twiCreate
                0x000065e4       0x9a ../../../Iot driver Library\libIotLibrary.a(twi.o)
                0x000065e4                twiCreate
 .text.twiIsBusy
                0x0000667e        0x8 ../../../Iot driver Library\libIotLibrary.a(twi.o)
                0x0000667e                twiIsBusy
 .text.twiTransmit
                0x00006686       0x98 ../../../Iot driver Library\libIotLibrary.a(twi.o)
                0x00006686                twiTransmit
 .text.twiReceive
                0x0000671e       0x66 ../../../Iot driver Library\libIotLibrary.a(twi.o)
                0x0000671e                twiReceive
 .text.__vector_39
                0x00006784      0x17a ../../../Iot driver Library\libIotLibrary.a(twi.o)
                0x00006784                __vector_39
 .text.libgcc.div
                0x000068fe       0x44 c:/program files (x86)/atmel/studio/7.0/toolchain/avr8/avr8-gnu-toolchain/bin/../lib/gcc/avr/5.4.0/avr6\libgcc.a(_udivmodsi4.o)
                0x000068fe                __udivmodsi4
 .text.libgcc   0x00006942       0x10 c:/program files (x86)/atmel/studio/7.0/toolchain/avr8/avr8-gnu-toolchain/bin/../lib/gcc/avr/5.4.0/avr6\libgcc.a(_tablejump2.o)
                0x00006942                __tablejump2__
 .text.avr-libc.fplib
                0x00006952        0xa c:/program files (x86)/atmel/studio/7.0/toolchain/avr8/avr8-gnu-toolchain/bin/../lib/gcc/avr/5.4.0/../../../../avr/lib/avr6\libm.a(addsf3.o)
                0x00006952                __subsf3
                0x00006954                __addsf3
 .text.avr-libc.fplib
                0x0000695c       0xc0 c:/program files (x86)/atmel/studio/7.0/toolchain/avr8/avr8-gnu-toolchain/bin/../lib/gcc/avr/5.4.0/../../../../avr/lib/avr6\libm.a(addsf3x.o)
                0x00006976                __addsf3x
 .text.avr-libc.fplib
                0x00006a1c        0x8 c:/program files (x86)/atmel/studio/7.0/toolchain/avr8/avr8-gnu-toolchain/bin/../lib/gcc/avr/5.4.0/../../../../avr/lib/avr6\libm.a(cmpsf2.o)
                0x00006a1c                __nesf2
                0x00006a1c                __eqsf2
                0x00006a1c                __cmpsf2
                0x00006a1c                __ltsf2
                0x00006a1c                __lesf2
 .text.avr-libc.fplib
                0x00006a24        0x4 c:/program files (x86)/atmel/studio/7.0/toolchain/avr8/avr8-gnu-toolchain/bin/../lib/gcc/avr/5.4.0/../../../../avr/lib/avr6\libm.a(divsf3.o)
                0x00006a24                __divsf3
 .text.avr-libc.fplib
                0x00006a28       0xcc c:/program files (x86)/atmel/studio/7.0/toolchain/avr8/avr8-gnu-toolchain/bin/../lib/gcc/avr/5.4.0/../../../../avr/lib/avr6\libm.a(divsf3x.o)
                0x00006a3e                __divsf3x
                0x00006a42                __divsf3_pse
 .text.avr-libc.fplib
                0x00006af4        0xa c:/program files (x86)/atmel/studio/7.0/toolchain/avr8/avr8-gnu-toolchain/bin/../lib/gcc/avr/5.4.0/../../../../avr/lib/avr6\libm.a(fixsfsi.o)
                0x00006af4                __fixsfsi
 .text.avr-libc.fplib
                0x00006afe       0x58 c:/program files (x86)/atmel/studio/7.0/toolchain/avr8/avr8-gnu-toolchain/bin/../lib/gcc/avr/5.4.0/../../../../avr/lib/avr6\libm.a(fixunssfsi.o)
                0x00006afe                __fixunssfsi
 .text.avr-libc.fplib
                0x00006b56       0x7a c:/program files (x86)/atmel/studio/7.0/toolchain/avr8/avr8-gnu-toolchain/bin/../lib/gcc/avr/5.4.0/../../../../avr/lib/avr6\libm.a(floatsisf.o)
                0x00006b56                __floatunsisf
                0x00006b5a                __floatsisf
 .text.avr-libc.fplib
                0x00006bd0       0x48 c:/program files (x86)/atmel/studio/7.0/toolchain/avr8/avr8-gnu-toolchain/bin/../lib/gcc/avr/5.4.0/../../../../avr/lib/avr6\libm.a(fp_cmp.o)
                0x00006bd0                __fp_cmp
 .text.avr-libc.fplib
                0x00006c18        0xc c:/program files (x86)/atmel/studio/7.0/toolchain/avr8/avr8-gnu-toolchain/bin/../lib/gcc/avr/5.4.0/../../../../avr/lib/avr6\libm.a(fp_inf.o)
                0x00006c18                __fp_inf
 .text.avr-libc.fplib
                0x00006c24        0x6 c:/program files (x86)/atmel/studio/7.0/toolchain/avr8/avr8-gnu-toolchain/bin/../lib/gcc/avr/5.4.0/../../../../avr/lib/avr6\libm.a(fp_nan.o)
                0x00006c24                __fp_nan
 .text.avr-libc.fplib
                0x00006c2a        0xe c:/program files (x86)/atmel/studio/7.0/toolchain/avr8/avr8-gnu-toolchain/bin/../lib/gcc/avr/5.4.0/../../../../avr/lib/avr6\libm.a(fp_pscA.o)
                0x00006c2a                __fp_pscA
 .text.avr-libc.fplib
                0x00006c38        0xe c:/program files (x86)/atmel/studio/7.0/toolchain/avr8/avr8-gnu-toolchain/bin/../lib/gcc/avr/5.4.0/../../../../avr/lib/avr6\libm.a(fp_pscB.o)
                0x00006c38                __fp_pscB
 .text.avr-libc.fplib
                0x00006c46       0x22 c:/program files (x86)/atmel/studio/7.0/toolchain/avr8/avr8-gnu-toolchain/bin/../lib/gcc/avr/5.4.0/../../../../avr/lib/avr6\libm.a(fp_round.o)
                0x00006c46                __fp_round
 .text.avr-libc.fplib
                0x00006c68       0x44 c:/program files (x86)/atmel/studio/7.0/toolchain/avr8/avr8-gnu-toolchain/bin/../lib/gcc/avr/5.4.0/../../../../avr/lib/avr6\libm.a(fp_split3.o)
                0x00006c68                __fp_split3
                0x00006c78                __fp_splitA
 .text.avr-libc.fplib
                0x00006cac        0xe c:/program files (x86)/atmel/studio/7.0/toolchain/avr8/avr8-gnu-toolchain/bin/../lib/gcc/avr/5.4.0/../../../../avr/lib/avr6\libm.a(fp_zero.o)
                0x00006cac                __fp_zero
                0x00006cae                __fp_szero
 .text.avr-libc.fplib
                0x00006cba        0x8 c:/program files (x86)/atmel/studio/7.0/toolchain/avr8/avr8-gnu-toolchain/bin/../lib/gcc/avr/5.4.0/../../../../avr/lib/avr6\libm.a(gesf2.o)
                0x00006cba                __gesf2
                0x00006cba                __gtsf2
 .text.avr-libc.fplib
                0x00006cc2        0x4 c:/program files (x86)/atmel/studio/7.0/toolchain/avr8/avr8-gnu-toolchain/bin/../lib/gcc/avr/5.4.0/../../../../avr/lib/avr6\libm.a(mulsf3.o)
                0x00006cc2                __mulsf3
 .text.avr-libc.fplib
                0x00006cc6       0xc2 c:/program files (x86)/atmel/studio/7.0/toolchain/avr8/avr8-gnu-toolchain/bin/../lib/gcc/avr/5.4.0/../../../../avr/lib/avr6\libm.a(mulsf3x.o)
                0x00006cda                __mulsf3x
                0x00006cde                __mulsf3_pse
 .text.avr-libc
                0x00006d88       0x34 c:/program files (x86)/atmel/studio/7.0/toolchain/avr8/avr8-gnu-toolchain/bin/../lib/gcc/avr/5.4.0/../../../../avr/lib/avr6\libc.a(calloc.o)
                0x00006d88                calloc
 .text.avr-libc
                0x00006dbc      0x242 c:/program files (x86)/atmel/studio/7.0/toolchain/avr8/avr8-gnu-toolchain/bin/../lib/gcc/avr/5.4.0/../../../../avr/lib/avr6\libc.a(malloc.o)
                0x00006dbc                malloc
                0x00006eec                free
 .text.avr-libc
                0x00006ffe        0x8 c:/program files (x86)/atmel/studio/7.0/toolchain/avr8/avr8-gnu-toolchain/bin/../lib/gcc/avr/5.4.0/../../../../avr/lib/avr6\libc.a(abort.o)
                0x00006ffe                abort
 .text.avr-libc
                0x00007006       0x12 c:/program files (x86)/atmel/studio/7.0/toolchain/avr8/avr8-gnu-toolchain/bin/../lib/gcc/avr/5.4.0/../../../../avr/lib/avr6\libc.a(memcpy.o)
                0x00007006                memcpy
 .text.avr-libc
                0x00007018        0xe c:/program files (x86)/atmel/studio/7.0/toolchain/avr8/avr8-gnu-toolchain/bin/../lib/gcc/avr/5.4.0/../../../../avr/lib/avr6\libc.a(memset.o)
                0x00007018                memset
 .text.avr-libc
                0x00007026       0x16 c:/program files (x86)/atmel/studio/7.0/toolchain/avr8/avr8-gnu-toolchain/bin/../lib/gcc/avr/5.4.0/../../../../avr/lib/avr6\libc.a(strcat.o)
                0x00007026                strcat
 .text.avr-libc
                0x0000703c        0xe c:/program files (x86)/atmel/studio/7.0/toolchain/avr8/avr8-gnu-toolchain/bin/../lib/gcc/avr/5.4.0/../../../../avr/lib/avr6\libc.a(strcpy.o)
                0x0000703c                strcpy
 .text.avr-libc
                0x0000704a       0x30 c:/program files (x86)/atmel/studio/7.0/toolchain/avr8/avr8-gnu-toolchain/bin/../lib/gcc/avr/5.4.0/../../../../avr/lib/avr6\libc.a(strncasecmp.o)
                0x0000704a                strncasecmp
 .text.avr-libc
                0x0000707a       0x26 c:/program files (x86)/atmel/studio/7.0/toolchain/avr8/avr8-gnu-toolchain/bin/../lib/gcc/avr/5.4.0/../../../../avr/lib/avr6\libc.a(printf.o)
                0x0000707a                printf
 .text.avr-libc
                0x000070a0       0x60 c:/program files (x86)/atmel/studio/7.0/toolchain/avr8/avr8-gnu-toolchain/bin/../lib/gcc/avr/5.4.0/../../../../avr/lib/avr6\libc.a(puts.o)
                0x000070a0                puts
 .text.avr-libc
                0x00007100       0x5c c:/program files (x86)/atmel/studio/7.0/toolchain/avr8/avr8-gnu-toolchain/bin/../lib/gcc/avr/5.4.0/../../../../avr/lib/avr6\libc.a(sprintf.o)
                0x00007100                sprintf
 .text.avr-libc
                0x0000715c      0x3fa c:/program files (x86)/atmel/studio/7.0/toolchain/avr8/avr8-gnu-toolchain/bin/../lib/gcc/avr/5.4.0/../../../../avr/lib/avr6\libc.a(vfprintf_std.o)
                0x0000715c                vfprintf
 .text.avr-libc
                0x00007556       0x16 c:/program files (x86)/atmel/studio/7.0/toolchain/avr8/avr8-gnu-toolchain/bin/../lib/gcc/avr/5.4.0/../../../../avr/lib/avr6\libc.a(strnlen_P.o)
                0x00007556                strnlen_P
 .text.avr-libc
                0x0000756c       0x16 c:/program files (x86)/atmel/studio/7.0/toolchain/avr8/avr8-gnu-toolchain/bin/../lib/gcc/avr/5.4.0/../../../../avr/lib/avr6\libc.a(strnlen.o)
                0x0000756c                strnlen
 .text.avr-libc
                0x00007582       0x78 c:/program files (x86)/atmel/studio/7.0/toolchain/avr8/avr8-gnu-toolchain/bin/../lib/gcc/avr/5.4.0/../../../../avr/lib/avr6\libc.a(fputc.o)
                0x00007582                fputc
 .text.avr-libc
                0x000075fa       0xbc c:/program files (x86)/atmel/studio/7.0/toolchain/avr8/avr8-gnu-toolchain/bin/../lib/gcc/avr/5.4.0/../../../../avr/lib/avr6\libc.a(ultoa_invert.o)
                0x000075fa                __ultoa_invert
                0x000076b6                . = ALIGN (0x2)
 *(.fini9)
 .fini9         0x000076b6        0x0 c:/program files (x86)/atmel/studio/7.0/toolchain/avr8/avr8-gnu-toolchain/bin/../lib/gcc/avr/5.4.0/avr6\libgcc.a(_exit.o)
                0x000076b6                _exit
                0x000076b6                exit
 *(.fini9)
 *(.fini8)
 *(.fini8)
 *(.fini7)
 *(.fini7)
 *(.fini6)
 *(.fini6)
 *(.fini5)
 *(.fini5)
 *(.fini4)
 *(.fini4)
 *(.fini3)
 *(.fini3)
 *(.fini2)
 *(.fini2)
 *(.fini1)
 *(.fini1)
 *(.fini0)
 .fini0         0x000076b6        0x4 c:/program files (x86)/atmel/studio/7.0/toolchain/avr8/avr8-gnu-toolchain/bin/../lib/gcc/avr/5.4.0/avr6\libgcc.a(_exit.o)
 *(.fini0)
                0x000076ba                _etext = .

.data           0x00800200      0x64e load address 0x000076ba
                0x00800200                PROVIDE (__data_start, .)
 *(.data)
 .data          0x00800200        0x6 c:/program files (x86)/atmel/studio/7.0/toolchain/avr8/avr8-gnu-toolchain/bin/../lib/gcc/avr/5.4.0/../../../../avr/lib/avr6\libc.a(malloc.o)
                0x00800200                __malloc_heap_end
                0x00800202                __malloc_heap_start
                0x00800204                __malloc_margin
 *(.data*)
 .data.mystdout.1881
                0x00800206        0xe ../../../stdio\libserialLib.a(stdio_driver.o)
 .data._com_port_2_udr
                0x00800214        0x8 ../../../stdio\libserialLib.a(serial.o)
                0x00800214                _com_port_2_udr
 .data._temp    0x0080021c        0x2 ../../../Iot driver Library\libIotLibrary.a(hih8120.o)
 .data._hum     0x0080021e        0x2 ../../../Iot driver Library\libIotLibrary.a(hih8120.o)
 .data._twiCurrentState
                0x00800220        0x1 ../../../Iot driver Library\libIotLibrary.a(twi.o)
 *(.gnu.linkonce.d*)
 *(.rodata)
 .rodata        0x00800221       0x1f Callbacks/measure_co2_callback.o
 .rodata        0x00800240        0x5 FreeRTOS/src/tasks.o
 .rodata        0x00800245        0x8 FreeRTOS/src/timers.o
 .rodata        0x0080024d       0x42 Setup/create_all_tasks.o
 .rodata        0x0080028f       0x57 Setup/create_all_timers.o
 .rodata        0x008002e6      0x10e Setup/lora_setup.o
 .rodata        0x008003f4       0x4a Setup/global_init.o
 .rodata        0x0080043e       0x15 Tasks/lora_handler_task.o
 .rodata        0x00800453       0x1c Tasks/measure_co2_task.o
 .rodata        0x0080046f       0x93 Tasks/measure_temp_task.o
 .rodata        0x00800502       0x2a Tasks/print_measurements_task.o
 .rodata        0x0080052c       0x20 ../../../Iot driver Library\libIotLibrary.a(lora_driver.o)
 .rodata        0x0080054c       0x2d ../../../Iot driver Library\libIotLibrary.a(mh_z19.o)
 *(.rodata*)
 .rodata.str1.1
                0x00800579       0x1f ../../../Iot driver Library\libIotLibrary.a(led.o)
 .rodata.str1.1
                0x00800598      0x27f ../../../Iot driver Library\libIotLibrary.a(lora_driver.o)
                                0x28f (size before relaxing)
 .rodata._join_mode
                0x00800817        0x4 ../../../Iot driver Library\libIotLibrary.a(lora_driver.o)
 .rodata._return_code
                0x0080081b       0x33 ../../../Iot driver Library\libIotLibrary.a(lora_driver.o)
                0x0080081b                _return_code
 *(.gnu.linkonce.r*)
                0x0080084e                . = ALIGN (0x2)
                0x0080084e                _edata = .
                0x0080084e                PROVIDE (__data_end, .)

.bss            0x0080084e      0x284
                0x0080084e                PROVIDE (__bss_start, .)
 *(.bss)
 *(.bss*)
 .bss.pxCurrentTCB
                0x0080084e        0x2 FreeRTOS/src/tasks.o
                0x0080084e                pxCurrentTCB
 .bss.pxReadyTasksLists
                0x00800850       0x24 FreeRTOS/src/tasks.o
 .bss.xDelayedTaskList1
                0x00800874        0x9 FreeRTOS/src/tasks.o
 .bss.xDelayedTaskList2
                0x0080087d        0x9 FreeRTOS/src/tasks.o
 .bss.pxDelayedTaskList
                0x00800886        0x2 FreeRTOS/src/tasks.o
 .bss.pxOverflowDelayedTaskList
                0x00800888        0x2 FreeRTOS/src/tasks.o
 .bss.xPendingReadyList
                0x0080088a        0x9 FreeRTOS/src/tasks.o
 .bss.xTasksWaitingTermination
                0x00800893        0x9 FreeRTOS/src/tasks.o
 .bss.uxDeletedTasksWaitingCleanUp
                0x0080089c        0x1 FreeRTOS/src/tasks.o
 .bss.xSuspendedTaskList
                0x0080089d        0x9 FreeRTOS/src/tasks.o
 .bss.uxCurrentNumberOfTasks
                0x008008a6        0x1 FreeRTOS/src/tasks.o
 .bss.xTickCount
                0x008008a7        0x2 FreeRTOS/src/tasks.o
 .bss.uxTopReadyPriority
                0x008008a9        0x1 FreeRTOS/src/tasks.o
 .bss.xSchedulerRunning
                0x008008aa        0x1 FreeRTOS/src/tasks.o
 .bss.uxPendedTicks
                0x008008ab        0x1 FreeRTOS/src/tasks.o
 .bss.xYieldPending
                0x008008ac        0x1 FreeRTOS/src/tasks.o
 .bss.xNumOfOverflows
                0x008008ad        0x1 FreeRTOS/src/tasks.o
 .bss.uxTaskNumber
                0x008008ae        0x1 FreeRTOS/src/tasks.o
 .bss.xNextTaskUnblockTime
                0x008008af        0x2 FreeRTOS/src/tasks.o
 .bss.xIdleTaskHandle
                0x008008b1        0x2 FreeRTOS/src/tasks.o
 .bss.uxSchedulerSuspended
                0x008008b3        0x1 FreeRTOS/src/tasks.o
 .bss.xActiveTimerList1
                0x008008b4        0x9 FreeRTOS/src/timers.o
 .bss.xActiveTimerList2
                0x008008bd        0x9 FreeRTOS/src/timers.o
 .bss.pxCurrentTimerList
                0x008008c6        0x2 FreeRTOS/src/timers.o
 .bss.pxOverflowTimerList
                0x008008c8        0x2 FreeRTOS/src/timers.o
 .bss.xTimerQueue
                0x008008ca        0x2 FreeRTOS/src/timers.o
 .bss.xTimerTaskHandle
                0x008008cc        0x2 FreeRTOS/src/timers.o
 .bss.xLastTime.2432
                0x008008ce        0x2 FreeRTOS/src/timers.o
 .bss._out_buf  0x008008d0       0x64 Setup/lora_setup.o
 .bss._uplink_payload
                0x00800934       0x16 Tasks/lora_handler_task.o
 .bss._com_serial_instance
                0x0080094a        0x2 ../../../stdio\libserialLib.a(stdio_driver.o)
 .bss._ser_handle
                0x0080094c        0x8 ../../../stdio\libserialLib.a(serial.o)
 .bss._measuringIsReady
                0x00800954        0x1 ../../../Iot driver Library\libIotLibrary.a(hih8120.o)
 .bss._hih8120Handler
                0x00800955        0x2 ../../../Iot driver Library\libIotLibrary.a(hih8120.o)
 .bss._led_status
                0x00800957       0x18 ../../../Iot driver Library\libIotLibrary.a(led.o)
 .bss._tmp_buf.2919
                0x0080096f       0x64 ../../../Iot driver Library\libIotLibrary.a(lora_driver.o)
 .bss.rec_buf_inp.2926
                0x008009d3        0x1 ../../../Iot driver Library\libIotLibrary.a(lora_driver.o)
 .bss._reply_buffer_handle
                0x008009d4        0x2 ../../../Iot driver Library\libIotLibrary.a(lora_driver.o)
 .bss._rn2483_serial
                0x008009d6        0x2 ../../../Iot driver Library\libIotLibrary.a(lora_driver.o)
 .bss._downlink_payload
                0x008009d8       0x16 ../../../Iot driver Library\libIotLibrary.a(lora_driver.o)
 .bss._pay_load_hex_bytes
                0x008009ee       0x15 ../../../Iot driver Library\libIotLibrary.a(lora_driver.o)
 .bss._rec_message_buf
                0x00800a03       0x2d ../../../Iot driver Library\libIotLibrary.a(lora_driver.o)
 .bss._send_message
                0x00800a30       0x2d ../../../Iot driver Library\libIotLibrary.a(lora_driver.o)
 .bss._reply_mess
                0x00800a5d       0x2d ../../../Iot driver Library\libIotLibrary.a(lora_driver.o)
 .bss.data.1940
                0x00800a8a        0x2 ../../../Iot driver Library\libIotLibrary.a(mh_z19.o)
 .bss.inDex.1939
                0x00800a8c        0x1 ../../../Iot driver Library\libIotLibrary.a(mh_z19.o)
 .bss.crc_sum.1941
                0x00800a8d        0x1 ../../../Iot driver Library\libIotLibrary.a(mh_z19.o)
 .bss._app_call_back
                0x00800a8e        0x2 ../../../Iot driver Library\libIotLibrary.a(mh_z19.o)
 .bss._mh_state
                0x00800a90        0x1 ../../../Iot driver Library\libIotLibrary.a(mh_z19.o)
                0x00800a90                _mh_state
 .bss._ppm      0x00800a91        0x2 ../../../Iot driver Library\libIotLibrary.a(mh_z19.o)
 .bss._serial   0x00800a93        0x2 ../../../Iot driver Library\libIotLibrary.a(mh_z19.o)
 .bss._index.1885
                0x00800a95        0x1 ../../../Iot driver Library\libIotLibrary.a(twi.o)
 .bss._twiCurrentHandler
                0x00800a96        0x2 ../../../Iot driver Library\libIotLibrary.a(twi.o)
 .bss._twiMessageLen
                0x00800a98        0x1 ../../../Iot driver Library\libIotLibrary.a(twi.o)
 .bss._twiMessageBuffer
                0x00800a99        0xa ../../../Iot driver Library\libIotLibrary.a(twi.o)
 .bss._twiIsInitiated
                0x00800aa3        0x1 ../../../Iot driver Library\libIotLibrary.a(twi.o)
 *(COMMON)
 COMMON         0x00800aa4        0x8 Setup/create_all_timers.o
                0x00800aa4                xTimer_send_data
                0x00800aa6                xTimer_measure_co2
                0x00800aa8                xTimer_read_measurements
                0x00800aaa                xTimer_measure_temp
 COMMON         0x00800aac        0x6 Setup/global_init.o
                0x00800aac                xSemaphore_print
                0x00800aae                xMessageBuffer
                0x00800ab0                xSemaphore
 COMMON         0x00800ab2       0x16 ../../../Iot driver Library\libIotLibrary.a(hal.o)
                0x00800ab2                register_access
 COMMON         0x00800ac8        0x4 c:/program files (x86)/atmel/studio/7.0/toolchain/avr8/avr8-gnu-toolchain/bin/../lib/gcc/avr/5.4.0/../../../../avr/lib/avr6\libc.a(malloc.o)
                0x00800ac8                __brkval
                0x00800aca                __flp
 COMMON         0x00800acc        0x6 c:/program files (x86)/atmel/studio/7.0/toolchain/avr8/avr8-gnu-toolchain/bin/../lib/gcc/avr/5.4.0/../../../../avr/lib/avr6\libc.a(iob.o)
                0x00800acc                __iob
                0x00800ad2                PROVIDE (__bss_end, .)
                0x000076ba                __data_load_start = LOADADDR (.data)
                0x00007d08                __data_load_end = (__data_load_start + SIZEOF (.data))

.noinit         0x00800ad2        0x0
                [!provide]                PROVIDE (__noinit_start, .)
 *(.noinit*)
                [!provide]                PROVIDE (__noinit_end, .)
                0x00800ad2                _end = .
                0x00800ad2                PROVIDE (__heap_start, .)

.eeprom         0x00810000        0x0
 *(.eeprom*)
                0x00810000                __eeprom_end = .

.fuse
 *(.fuse)
 *(.lfuse)
 *(.hfuse)
 *(.efuse)

.lock
 *(.lock*)

.signature
 *(.signature*)

.user_signatures
 *(.user_signatures*)

.stab
 *(.stab)

.stabstr
 *(.stabstr)

.stab.excl
 *(.stab.excl)

.stab.exclstr
 *(.stab.exclstr)

.stab.index
 *(.stab.index)

.stab.indexstr
 *(.stab.indexstr)

.comment        0x00000000       0x5c
 *(.comment)
 .comment       0x00000000       0x30 Callbacks/measure_co2_callback.o
                                 0x31 (size before relaxing)
 .comment       0x00000030       0x31 Callbacks/measure_co2_timer_callback.o
 .comment       0x00000030       0x31 Callbacks/print_measurements_timer_callback.o
 .comment       0x00000030       0x31 Callbacks/measure_temp_timer_callback.o
 .comment       0x00000030       0x31 Callbacks/send_data_timer_callback.o
 .comment       0x00000030       0x31 FreeRTOS/FreeRTOSTraceDriver/FreeRTOSTraceDriver.o
 .comment       0x00000030       0x31 FreeRTOS/src/heap_3.o
 .comment       0x00000030       0x31 FreeRTOS/src/list.o
 .comment       0x00000030       0x31 FreeRTOS/src/port.o
 .comment       0x00000030       0x31 FreeRTOS/src/queue.o
 .comment       0x00000030       0x31 FreeRTOS/src/stream_buffer.o
 .comment       0x00000030       0x31 FreeRTOS/src/tasks.o
 .comment       0x00000030       0x31 FreeRTOS/src/timers.o
 .comment       0x00000030       0x31 FreeRTOS/src/variantHooks.o
 .comment       0x00000030       0x31 m_print.o
 .comment       0x00000030       0x31 Setup/create_all_tasks.o
 .comment       0x00000030       0x31 Setup/create_all_timers.o
 .comment       0x00000030       0x31 Setup/lora_setup.o
 .comment       0x00000030       0x31 Setup/global_init.o
 .comment       0x00000030       0x31 Tasks/lora_handler_task.o
 .comment       0x00000030       0x31 Tasks/measure_co2_task.o
 .comment       0x00000030       0x31 Tasks/measure_temp_task.o
 .comment       0x00000030       0x31 Tasks/print_measurements_task.o
 .comment       0x00000030       0x31 main.o
 .comment       0x00000030       0x31 ../../../stdio\libserialLib.a(stdio_driver.o)
 .comment       0x00000030       0x31 ../../../stdio\libserialLib.a(serial.o)
 .comment       0x00000030       0x31 ../../../stdio\libserialLib.a(fifo.o)
 .comment       0x00000030       0x31 ../../../Iot driver Library\libIotLibrary.a(hal.o)
 .comment       0x00000030       0x31 ../../../Iot driver Library\libIotLibrary.a(hih8120.o)
 .comment       0x00000030       0x31 ../../../Iot driver Library\libIotLibrary.a(led.o)
 .comment       0x00000030       0x31 ../../../Iot driver Library\libIotLibrary.a(lora_driver.o)
 .comment       0x00000030       0x31 ../../../Iot driver Library\libIotLibrary.a(lora_driver_utils.o)
 .comment       0x00000030       0x31 ../../../Iot driver Library\libIotLibrary.a(mega_register_access.o)
 .comment       0x00000030       0x31 ../../../Iot driver Library\libIotLibrary.a(mh_z19.o)
 .comment       0x00000030       0x31 ../../../Iot driver Library\libIotLibrary.a(twi.o)
 .comment       0x00000030       0x31 c:/program files (x86)/atmel/studio/7.0/toolchain/avr8/avr8-gnu-toolchain/bin/../lib/gcc/avr/5.4.0/../../../../avr/lib/avr6\libc.a(calloc.o)
 .comment       0x00000030       0x31 c:/program files (x86)/atmel/studio/7.0/toolchain/avr8/avr8-gnu-toolchain/bin/../lib/gcc/avr/5.4.0/../../../../avr/lib/avr6\libc.a(malloc.o)
 .comment       0x00000030       0x31 c:/program files (x86)/atmel/studio/7.0/toolchain/avr8/avr8-gnu-toolchain/bin/../lib/gcc/avr/5.4.0/../../../../avr/lib/avr6\libc.a(iob.o)
 .comment       0x00000030       0x31 c:/program files (x86)/atmel/studio/7.0/toolchain/avr8/avr8-gnu-toolchain/bin/../lib/gcc/avr/5.4.0/../../../../avr/lib/avr6\libc.a(printf.o)
 .comment       0x00000030       0x31 c:/program files (x86)/atmel/studio/7.0/toolchain/avr8/avr8-gnu-toolchain/bin/../lib/gcc/avr/5.4.0/../../../../avr/lib/avr6\libc.a(puts.o)
 .comment       0x00000030       0x31 c:/program files (x86)/atmel/studio/7.0/toolchain/avr8/avr8-gnu-toolchain/bin/../lib/gcc/avr/5.4.0/../../../../avr/lib/avr6\libc.a(sprintf.o)
 .comment       0x00000030       0x2c c:/program files (x86)/atmel/studio/7.0/toolchain/avr8/avr8-gnu-toolchain/bin/../lib/gcc/avr/5.4.0/../../../../avr/lib/avr6\libc.a(vfprintf_std.o)
                                 0x2d (size before relaxing)
 .comment       0x0000005c       0x31 c:/program files (x86)/atmel/studio/7.0/toolchain/avr8/avr8-gnu-toolchain/bin/../lib/gcc/avr/5.4.0/../../../../avr/lib/avr6\libc.a(fputc.o)

.note.gnu.avr.deviceinfo
                0x00000000       0x40
 .note.gnu.avr.deviceinfo
                0x00000000       0x40 C:/Program Files (x86)/Atmel/Studio/7.0/Packs/atmel/ATmega_DFP/1.2.209/gcc/dev/atmega2560/avr6/crtatmega2560.o

.note.gnu.build-id
 *(.note.gnu.build-id)

.debug
 *(.debug)

.line
 *(.line)

.debug_srcinfo
 *(.debug_srcinfo)

.debug_sfnames
 *(.debug_sfnames)

.debug_aranges  0x00000000      0xc00
 *(.debug_aranges)
 .debug_aranges
                0x00000000       0x20 Callbacks/measure_co2_callback.o
 .debug_aranges
                0x00000020       0x20 Callbacks/measure_co2_timer_callback.o
 .debug_aranges
                0x00000040       0x20 Callbacks/print_measurements_timer_callback.o
 .debug_aranges
                0x00000060       0x20 Callbacks/measure_temp_timer_callback.o
 .debug_aranges
                0x00000080       0x20 Callbacks/send_data_timer_callback.o
 .debug_aranges
                0x000000a0       0x30 FreeRTOS/FreeRTOSTraceDriver/FreeRTOSTraceDriver.o
 .debug_aranges
                0x000000d0       0x28 FreeRTOS/src/heap_3.o
 .debug_aranges
                0x000000f8       0x40 FreeRTOS/src/list.o
 .debug_aranges
                0x00000138       0x50 FreeRTOS/src/port.o
 .debug_aranges
                0x00000188      0x118 FreeRTOS/src/queue.o
 .debug_aranges
                0x000002a0       0xd8 FreeRTOS/src/stream_buffer.o
 .debug_aranges
                0x00000378      0x210 FreeRTOS/src/tasks.o
 .debug_aranges
                0x00000588       0xd0 FreeRTOS/src/timers.o
 .debug_aranges
                0x00000658       0x30 FreeRTOS/src/variantHooks.o
 .debug_aranges
                0x00000688       0x20 m_print.o
 .debug_aranges
                0x000006a8       0x20 Setup/create_all_tasks.o
 .debug_aranges
                0x000006c8       0x20 Setup/create_all_timers.o
 .debug_aranges
                0x000006e8       0x20 Setup/lora_setup.o
 .debug_aranges
                0x00000708       0x20 Setup/global_init.o
 .debug_aranges
                0x00000728       0x20 Tasks/lora_handler_task.o
 .debug_aranges
                0x00000748       0x20 Tasks/measure_co2_task.o
 .debug_aranges
                0x00000768       0x20 Tasks/measure_temp_task.o
 .debug_aranges
                0x00000788       0x20 Tasks/print_measurements_task.o
 .debug_aranges
                0x000007a8       0x20 main.o
 .debug_aranges
                0x000007c8       0x38 ../../../stdio\libserialLib.a(stdio_driver.o)
 .debug_aranges
                0x00000800       0x90 ../../../stdio\libserialLib.a(serial.o)
 .debug_aranges
                0x00000890       0x20 ../../../stdio\libserialLib.a(fifo.o)
 .debug_aranges
                0x000008b0       0x20 ../../../Iot driver Library\libIotLibrary.a(hal.o)
 .debug_aranges
                0x000008d0       0x68 ../../../Iot driver Library\libIotLibrary.a(hih8120.o)
 .debug_aranges
                0x00000938       0x68 ../../../Iot driver Library\libIotLibrary.a(led.o)
 .debug_aranges
                0x000009a0      0x128 ../../../Iot driver Library\libIotLibrary.a(lora_driver.o)
 .debug_aranges
                0x00000ac8       0x28 ../../../Iot driver Library\libIotLibrary.a(lora_driver_utils.o)
 .debug_aranges
                0x00000af0       0x70 ../../../Iot driver Library\libIotLibrary.a(mega_register_access.o)
 .debug_aranges
                0x00000b60       0x50 ../../../Iot driver Library\libIotLibrary.a(mh_z19.o)
 .debug_aranges
                0x00000bb0       0x50 ../../../Iot driver Library\libIotLibrary.a(twi.o)

.debug_pubnames
 *(.debug_pubnames)

.debug_info     0x00000000     0xad37
 *(.debug_info .gnu.linkonce.wi.*)
 .debug_info    0x00000000      0xbbc C:/Program Files (x86)/Atmel/Studio/7.0/Packs/atmel/ATmega_DFP/1.2.209/gcc/dev/atmega2560/avr6/crtatmega2560.o
 .debug_info    0x00000bbc      0x15c Callbacks/measure_co2_callback.o
 .debug_info    0x00000d18      0x100 Callbacks/measure_co2_timer_callback.o
 .debug_info    0x00000e18      0x100 Callbacks/print_measurements_timer_callback.o
 .debug_info    0x00000f18      0x100 Callbacks/measure_temp_timer_callback.o
 .debug_info    0x00001018      0x100 Callbacks/send_data_timer_callback.o
 .debug_info    0x00001118       0xd1 FreeRTOS/FreeRTOSTraceDriver/FreeRTOSTraceDriver.o
 .debug_info    0x000011e9       0xf0 FreeRTOS/src/heap_3.o
 .debug_info    0x000012d9      0x2c2 FreeRTOS/src/list.o
 .debug_info    0x0000159b      0x237 FreeRTOS/src/port.o
 .debug_info    0x000017d2      0xf9f FreeRTOS/src/queue.o
 .debug_info    0x00002771      0xcb6 FreeRTOS/src/stream_buffer.o
 .debug_info    0x00003427     0x1a5d FreeRTOS/src/tasks.o
 .debug_info    0x00004e84      0xa94 FreeRTOS/src/timers.o
 .debug_info    0x00005918      0x226 FreeRTOS/src/variantHooks.o
 .debug_info    0x00005b3e       0xec m_print.o
 .debug_info    0x00005c2a       0xa0 Setup/create_all_tasks.o
 .debug_info    0x00005cca      0x105 Setup/create_all_timers.o
 .debug_info    0x00005dcf      0x1d4 Setup/lora_setup.o
 .debug_info    0x00005fa3      0x17a Setup/global_init.o
 .debug_info    0x0000611d      0x229 Tasks/lora_handler_task.o
 .debug_info    0x00006346      0x112 Tasks/measure_co2_task.o
 .debug_info    0x00006458      0x192 Tasks/measure_temp_task.o
 .debug_info    0x000065ea      0x198 Tasks/print_measurements_task.o
 .debug_info    0x00006782       0xde main.o
 .debug_info    0x00006860      0x39c ../../../stdio\libserialLib.a(stdio_driver.o)
 .debug_info    0x00006bfc      0xdb3 ../../../stdio\libserialLib.a(serial.o)
 .debug_info    0x000079af      0x1c3 ../../../stdio\libserialLib.a(fifo.o)
 .debug_info    0x00007b72      0x20d ../../../Iot driver Library\libIotLibrary.a(hal.o)
 .debug_info    0x00007d7f      0x3a9 ../../../Iot driver Library\libIotLibrary.a(hih8120.o)
 .debug_info    0x00008128      0x6f9 ../../../Iot driver Library\libIotLibrary.a(led.o)
 .debug_info    0x00008821     0x165d ../../../Iot driver Library\libIotLibrary.a(lora_driver.o)
 .debug_info    0x00009e7e      0x143 ../../../Iot driver Library\libIotLibrary.a(lora_driver_utils.o)
 .debug_info    0x00009fc1      0x2e1 ../../../Iot driver Library\libIotLibrary.a(mega_register_access.o)
 .debug_info    0x0000a2a2      0x538 ../../../Iot driver Library\libIotLibrary.a(mh_z19.o)
 .debug_info    0x0000a7da      0x55d ../../../Iot driver Library\libIotLibrary.a(twi.o)

.debug_abbrev   0x00000000     0x3485
 *(.debug_abbrev)
 .debug_abbrev  0x00000000      0xb1a C:/Program Files (x86)/Atmel/Studio/7.0/Packs/atmel/ATmega_DFP/1.2.209/gcc/dev/atmega2560/avr6/crtatmega2560.o
 .debug_abbrev  0x00000b1a       0xb9 Callbacks/measure_co2_callback.o
 .debug_abbrev  0x00000bd3       0x85 Callbacks/measure_co2_timer_callback.o
 .debug_abbrev  0x00000c58       0x85 Callbacks/print_measurements_timer_callback.o
 .debug_abbrev  0x00000cdd       0x85 Callbacks/measure_temp_timer_callback.o
 .debug_abbrev  0x00000d62       0x85 Callbacks/send_data_timer_callback.o
 .debug_abbrev  0x00000de7       0x92 FreeRTOS/FreeRTOSTraceDriver/FreeRTOSTraceDriver.o
 .debug_abbrev  0x00000e79       0xbb FreeRTOS/src/heap_3.o
 .debug_abbrev  0x00000f34       0xc7 FreeRTOS/src/list.o
 .debug_abbrev  0x00000ffb      0x16c FreeRTOS/src/port.o
 .debug_abbrev  0x00001167      0x1d9 FreeRTOS/src/queue.o
 .debug_abbrev  0x00001340      0x1e8 FreeRTOS/src/stream_buffer.o
 .debug_abbrev  0x00001528      0x253 FreeRTOS/src/tasks.o
 .debug_abbrev  0x0000177b      0x1ce FreeRTOS/src/timers.o
 .debug_abbrev  0x00001949       0xf2 FreeRTOS/src/variantHooks.o
 .debug_abbrev  0x00001a3b       0x72 m_print.o
 .debug_abbrev  0x00001aad       0x60 Setup/create_all_tasks.o
 .debug_abbrev  0x00001b0d       0x72 Setup/create_all_timers.o
 .debug_abbrev  0x00001b7f       0xac Setup/lora_setup.o
 .debug_abbrev  0x00001c2b       0xa2 Setup/global_init.o
 .debug_abbrev  0x00001ccd      0x10a Tasks/lora_handler_task.o
 .debug_abbrev  0x00001dd7       0xa4 Tasks/measure_co2_task.o
 .debug_abbrev  0x00001e7b       0xd3 Tasks/measure_temp_task.o
 .debug_abbrev  0x00001f4e       0xd1 Tasks/print_measurements_task.o
 .debug_abbrev  0x0000201f       0x76 main.o
 .debug_abbrev  0x00002095      0x1be ../../../stdio\libserialLib.a(stdio_driver.o)
 .debug_abbrev  0x00002253      0x364 ../../../stdio\libserialLib.a(serial.o)
 .debug_abbrev  0x000025b7       0xe8 ../../../stdio\libserialLib.a(fifo.o)
 .debug_abbrev  0x0000269f       0xff ../../../Iot driver Library\libIotLibrary.a(hal.o)
 .debug_abbrev  0x0000279e      0x184 ../../../Iot driver Library\libIotLibrary.a(hih8120.o)
 .debug_abbrev  0x00002922      0x228 ../../../Iot driver Library\libIotLibrary.a(led.o)
 .debug_abbrev  0x00002b4a      0x382 ../../../Iot driver Library\libIotLibrary.a(lora_driver.o)
 .debug_abbrev  0x00002ecc       0xc0 ../../../Iot driver Library\libIotLibrary.a(lora_driver_utils.o)
 .debug_abbrev  0x00002f8c       0xd3 ../../../Iot driver Library\libIotLibrary.a(mega_register_access.o)
 .debug_abbrev  0x0000305f      0x20f ../../../Iot driver Library\libIotLibrary.a(mh_z19.o)
 .debug_abbrev  0x0000326e      0x217 ../../../Iot driver Library\libIotLibrary.a(twi.o)

.debug_line     0x00000000     0x789e
 *(.debug_line .debug_line.* .debug_line_end)
 .debug_line    0x00000000      0x1f9 C:/Program Files (x86)/Atmel/Studio/7.0/Packs/atmel/ATmega_DFP/1.2.209/gcc/dev/atmega2560/avr6/crtatmega2560.o
 .debug_line    0x000001f9      0x161 Callbacks/measure_co2_callback.o
 .debug_line    0x0000035a      0x134 Callbacks/measure_co2_timer_callback.o
 .debug_line    0x0000048e      0x13b Callbacks/print_measurements_timer_callback.o
 .debug_line    0x000005c9      0x135 Callbacks/measure_temp_timer_callback.o
 .debug_line    0x000006fe      0x132 Callbacks/send_data_timer_callback.o
 .debug_line    0x00000830      0x10f FreeRTOS/FreeRTOSTraceDriver/FreeRTOSTraceDriver.o
 .debug_line    0x0000093f      0x10f FreeRTOS/src/heap_3.o
 .debug_line    0x00000a4e      0x1f0 FreeRTOS/src/list.o
 .debug_line    0x00000c3e      0x452 FreeRTOS/src/port.o
 .debug_line    0x00001090      0xd73 FreeRTOS/src/queue.o
 .debug_line    0x00001e03      0x89f FreeRTOS/src/stream_buffer.o
 .debug_line    0x000026a2     0x1a12 FreeRTOS/src/tasks.o
 .debug_line    0x000040b4      0x6c1 FreeRTOS/src/timers.o
 .debug_line    0x00004775      0x23a FreeRTOS/src/variantHooks.o
 .debug_line    0x000049af       0xec m_print.o
 .debug_line    0x00004a9b       0x86 Setup/create_all_tasks.o
 .debug_line    0x00004b21       0xf5 Setup/create_all_timers.o
 .debug_line    0x00004c16      0x199 Setup/lora_setup.o
 .debug_line    0x00004daf      0x1e9 Setup/global_init.o
 .debug_line    0x00004f98      0x279 Tasks/lora_handler_task.o
 .debug_line    0x00005211      0x14a Tasks/measure_co2_task.o
 .debug_line    0x0000535b      0x1b5 Tasks/measure_temp_task.o
 .debug_line    0x00005510      0x208 Tasks/print_measurements_task.o
 .debug_line    0x00005718       0xba main.o
 .debug_line    0x000057d2      0x12f ../../../stdio\libserialLib.a(stdio_driver.o)
 .debug_line    0x00005901      0x620 ../../../stdio\libserialLib.a(serial.o)
 .debug_line    0x00005f21      0x10e ../../../stdio\libserialLib.a(fifo.o)
 .debug_line    0x0000602f       0xff ../../../Iot driver Library\libIotLibrary.a(hal.o)
 .debug_line    0x0000612e      0x246 ../../../Iot driver Library\libIotLibrary.a(hih8120.o)
 .debug_line    0x00006374      0x32c ../../../Iot driver Library\libIotLibrary.a(led.o)
 .debug_line    0x000066a0      0x8df ../../../Iot driver Library\libIotLibrary.a(lora_driver.o)
 .debug_line    0x00006f7f      0x194 ../../../Iot driver Library\libIotLibrary.a(lora_driver_utils.o)
 .debug_line    0x00007113      0x1af ../../../Iot driver Library\libIotLibrary.a(mega_register_access.o)
 .debug_line    0x000072c2      0x2d6 ../../../Iot driver Library\libIotLibrary.a(mh_z19.o)
 .debug_line    0x00007598      0x306 ../../../Iot driver Library\libIotLibrary.a(twi.o)

.debug_frame    0x00000000     0x26f0
 *(.debug_frame)
 .debug_frame   0x00000000       0x34 Callbacks/measure_co2_callback.o
 .debug_frame   0x00000034       0x34 Callbacks/measure_co2_timer_callback.o
 .debug_frame   0x00000068       0x34 Callbacks/print_measurements_timer_callback.o
 .debug_frame   0x0000009c       0x34 Callbacks/measure_temp_timer_callback.o
 .debug_frame   0x000000d0       0x34 Callbacks/send_data_timer_callback.o
 .debug_frame   0x00000104       0x74 FreeRTOS/FreeRTOSTraceDriver/FreeRTOSTraceDriver.o
 .debug_frame   0x00000178       0x54 FreeRTOS/src/heap_3.o
 .debug_frame   0x000001cc       0xb4 FreeRTOS/src/list.o
 .debug_frame   0x00000280       0xc4 FreeRTOS/src/port.o
 .debug_frame   0x00000344      0x444 FreeRTOS/src/queue.o
 .debug_frame   0x00000788      0x3bc FreeRTOS/src/stream_buffer.o
 .debug_frame   0x00000b44      0x880 FreeRTOS/src/tasks.o
 .debug_frame   0x000013c4      0x35c FreeRTOS/src/timers.o
 .debug_frame   0x00001720       0x74 FreeRTOS/src/variantHooks.o
 .debug_frame   0x00001794       0x34 m_print.o
 .debug_frame   0x000017c8       0x44 Setup/create_all_tasks.o
 .debug_frame   0x0000180c       0x3c Setup/create_all_timers.o
 .debug_frame   0x00001848       0x34 Setup/lora_setup.o
 .debug_frame   0x0000187c       0x34 Setup/global_init.o
 .debug_frame   0x000018b0       0x34 Tasks/lora_handler_task.o
 .debug_frame   0x000018e4       0x34 Tasks/measure_co2_task.o
 .debug_frame   0x00001918       0x34 Tasks/measure_temp_task.o
 .debug_frame   0x0000194c       0x34 Tasks/print_measurements_task.o
 .debug_frame   0x00001980       0x3c main.o
 .debug_frame   0x000019bc       0x84 ../../../stdio\libserialLib.a(stdio_driver.o)
 .debug_frame   0x00001a40      0x384 ../../../stdio\libserialLib.a(serial.o)
 .debug_frame   0x00001dc4       0x24 ../../../stdio\libserialLib.a(fifo.o)
 .debug_frame   0x00001de8       0x24 ../../../Iot driver Library\libIotLibrary.a(hal.o)
 .debug_frame   0x00001e0c       0xc0 ../../../Iot driver Library\libIotLibrary.a(hih8120.o)
 .debug_frame   0x00001ecc      0x11c ../../../Iot driver Library\libIotLibrary.a(led.o)
 .debug_frame   0x00001fe8      0x3d8 ../../../Iot driver Library\libIotLibrary.a(lora_driver.o)
 .debug_frame   0x000023c0       0x48 ../../../Iot driver Library\libIotLibrary.a(lora_driver_utils.o)
 .debug_frame   0x00002408       0xc4 ../../../Iot driver Library\libIotLibrary.a(mega_register_access.o)
 .debug_frame   0x000024cc       0xf8 ../../../Iot driver Library\libIotLibrary.a(mh_z19.o)
 .debug_frame   0x000025c4      0x12c ../../../Iot driver Library\libIotLibrary.a(twi.o)

.debug_str      0x00000000     0x406b
 *(.debug_str)
 .debug_str     0x00000000      0x3e6 C:/Program Files (x86)/Atmel/Studio/7.0/Packs/atmel/ATmega_DFP/1.2.209/gcc/dev/atmega2560/avr6/crtatmega2560.o
 .debug_str     0x000003e6      0x208 Callbacks/measure_co2_callback.o
                                0x251 (size before relaxing)
 .debug_str     0x000005ee       0x66 Callbacks/measure_co2_timer_callback.o
                                0x20e (size before relaxing)
 .debug_str     0x00000654       0x53 Callbacks/print_measurements_timer_callback.o
                                0x21c (size before relaxing)
 .debug_str     0x000006a7       0x47 Callbacks/measure_temp_timer_callback.o
                                0x210 (size before relaxing)
 .debug_str     0x000006ee       0x41 Callbacks/send_data_timer_callback.o
                                0x20a (size before relaxing)
 .debug_str     0x0000072f       0x70 FreeRTOS/FreeRTOSTraceDriver/FreeRTOSTraceDriver.o
                                0x1b5 (size before relaxing)
 .debug_str     0x0000079f       0x69 FreeRTOS/src/heap_3.o
                                0x1bc (size before relaxing)
 .debug_str     0x00000808      0x140 FreeRTOS/src/list.o
                                0x2b2 (size before relaxing)
 .debug_str     0x00000948      0x104 FreeRTOS/src/port.o
                                0x279 (size before relaxing)
 .debug_str     0x00000a4c      0x59e FreeRTOS/src/queue.o
                                0x835 (size before relaxing)
 .debug_str     0x00000fea      0x4bb FreeRTOS/src/stream_buffer.o
                                0x743 (size before relaxing)
 .debug_str     0x000014a5      0xca9 FreeRTOS/src/tasks.o
                               0x104f (size before relaxing)
 .debug_str     0x0000214e      0x434 FreeRTOS/src/timers.o
                                0x721 (size before relaxing)
 .debug_str     0x00002582       0x77 FreeRTOS/src/variantHooks.o
                                0x23e (size before relaxing)
 .debug_str     0x000025f9       0x23 m_print.o
                                0x1c8 (size before relaxing)
 .debug_str     0x0000261c       0x48 Setup/create_all_tasks.o
                                0x1a7 (size before relaxing)
 .debug_str     0x00002664       0x80 Setup/create_all_timers.o
                                0x20b (size before relaxing)
 .debug_str     0x000026e4      0x1e9 Setup/lora_setup.o
                                0x361 (size before relaxing)
 .debug_str     0x000028cd       0xb3 Setup/global_init.o
                                0x2ac (size before relaxing)
 .debug_str     0x00002980       0x6a Tasks/lora_handler_task.o
                                0x2c0 (size before relaxing)
 .debug_str     0x000029ea       0x7d Tasks/measure_co2_task.o
                                0x238 (size before relaxing)
 .debug_str     0x00002a67       0x3b Tasks/measure_temp_task.o
                                0x2cf (size before relaxing)
 .debug_str     0x00002aa2       0x3c Tasks/print_measurements_task.o
                                0x287 (size before relaxing)
 .debug_str     0x00002ade       0x11 main.o
                                0x1d4 (size before relaxing)
 .debug_str     0x00002aef      0x2fd ../../../stdio\libserialLib.a(stdio_driver.o)
                                0x37b (size before relaxing)
 .debug_str     0x00002dec      0x2ef ../../../stdio\libserialLib.a(serial.o)
                                0x63c (size before relaxing)
 .debug_str     0x000030db       0x15 ../../../stdio\libserialLib.a(fifo.o)
                                0x23a (size before relaxing)
 .debug_str     0x000030f0       0xce ../../../Iot driver Library\libIotLibrary.a(hal.o)
                                0x278 (size before relaxing)
 .debug_str     0x000031be      0x249 ../../../Iot driver Library\libIotLibrary.a(hih8120.o)
                                0x44a (size before relaxing)
 .debug_str     0x00003407      0x122 ../../../Iot driver Library\libIotLibrary.a(led.o)
                                0x3d2 (size before relaxing)
 .debug_str     0x00003529      0x5f8 ../../../Iot driver Library\libIotLibrary.a(lora_driver.o)
                                0xc93 (size before relaxing)
 .debug_str     0x00003b21       0x46 ../../../Iot driver Library\libIotLibrary.a(lora_driver_utils.o)
                                0x205 (size before relaxing)
 .debug_str     0x00003b67       0xda ../../../Iot driver Library\libIotLibrary.a(mega_register_access.o)
                                0x252 (size before relaxing)
 .debug_str     0x00003c41      0x147 ../../../Iot driver Library\libIotLibrary.a(mh_z19.o)
                                0x47a (size before relaxing)
 .debug_str     0x00003d88      0x2e3 ../../../Iot driver Library\libIotLibrary.a(twi.o)
                                0x5a8 (size before relaxing)

.debug_loc      0x00000000     0x6791
 *(.debug_loc)
 .debug_loc     0x00000000       0x48 Callbacks/measure_co2_callback.o
 .debug_loc     0x00000048       0x48 Callbacks/measure_co2_timer_callback.o
 .debug_loc     0x00000090       0x48 Callbacks/print_measurements_timer_callback.o
 .debug_loc     0x000000d8       0x48 Callbacks/measure_temp_timer_callback.o
 .debug_loc     0x00000120       0x48 Callbacks/send_data_timer_callback.o
 .debug_loc     0x00000168       0xcb FreeRTOS/FreeRTOSTraceDriver/FreeRTOSTraceDriver.o
 .debug_loc     0x00000233       0x90 FreeRTOS/src/heap_3.o
 .debug_loc     0x000002c3      0x167 FreeRTOS/src/list.o
 .debug_loc     0x0000042a       0xf8 FreeRTOS/src/port.o
 .debug_loc     0x00000522      0x95b FreeRTOS/src/queue.o
 .debug_loc     0x00000e7d      0x843 FreeRTOS/src/stream_buffer.o
 .debug_loc     0x000016c0     0x12c2 FreeRTOS/src/tasks.o
 .debug_loc     0x00002982      0x74e FreeRTOS/src/timers.o
 .debug_loc     0x000030d0       0xc9 FreeRTOS/src/variantHooks.o
 .debug_loc     0x00003199       0x48 m_print.o
 .debug_loc     0x000031e1       0x6f Setup/create_all_tasks.o
 .debug_loc     0x00003250       0x55 Setup/create_all_timers.o
 .debug_loc     0x000032a5       0x48 Setup/lora_setup.o
 .debug_loc     0x000032ed       0x3b Setup/global_init.o
 .debug_loc     0x00003328       0x47 Tasks/lora_handler_task.o
 .debug_loc     0x0000336f       0x48 Tasks/measure_co2_task.o
 .debug_loc     0x000033b7       0x48 Tasks/measure_temp_task.o
 .debug_loc     0x000033ff       0x47 Tasks/print_measurements_task.o
 .debug_loc     0x00003446       0x55 main.o
 .debug_loc     0x0000349b      0x144 ../../../stdio\libserialLib.a(stdio_driver.o)
 .debug_loc     0x000035df     0x1080 ../../../stdio\libserialLib.a(serial.o)
 .debug_loc     0x0000465f      0x15e ../../../stdio\libserialLib.a(fifo.o)
 .debug_loc     0x000047bd       0x2c ../../../Iot driver Library\libIotLibrary.a(hal.o)
 .debug_loc     0x000047e9       0x9f ../../../Iot driver Library\libIotLibrary.a(hih8120.o)
 .debug_loc     0x00004888      0x390 ../../../Iot driver Library\libIotLibrary.a(led.o)
 .debug_loc     0x00004c18      0xf7c ../../../Iot driver Library\libIotLibrary.a(lora_driver.o)
 .debug_loc     0x00005b94      0x1d2 ../../../Iot driver Library\libIotLibrary.a(lora_driver_utils.o)
 .debug_loc     0x00005d66       0xe9 ../../../Iot driver Library\libIotLibrary.a(mega_register_access.o)
 .debug_loc     0x00005e4f      0x3cd ../../../Iot driver Library\libIotLibrary.a(mh_z19.o)
 .debug_loc     0x0000621c      0x575 ../../../Iot driver Library\libIotLibrary.a(twi.o)

.debug_macinfo
 *(.debug_macinfo)

.debug_weaknames
 *(.debug_weaknames)

.debug_funcnames
 *(.debug_funcnames)

.debug_typenames
 *(.debug_typenames)

.debug_varnames
 *(.debug_varnames)

.debug_pubtypes
 *(.debug_pubtypes)

.debug_ranges   0x00000000      0xa00
 *(.debug_ranges)
 .debug_ranges  0x00000000       0x10 Callbacks/measure_co2_callback.o
 .debug_ranges  0x00000010       0x10 Callbacks/measure_co2_timer_callback.o
 .debug_ranges  0x00000020       0x10 Callbacks/print_measurements_timer_callback.o
 .debug_ranges  0x00000030       0x10 Callbacks/measure_temp_timer_callback.o
 .debug_ranges  0x00000040       0x10 Callbacks/send_data_timer_callback.o
 .debug_ranges  0x00000050       0x20 FreeRTOS/FreeRTOSTraceDriver/FreeRTOSTraceDriver.o
 .debug_ranges  0x00000070       0x18 FreeRTOS/src/heap_3.o
 .debug_ranges  0x00000088       0x30 FreeRTOS/src/list.o
 .debug_ranges  0x000000b8       0x40 FreeRTOS/src/port.o
 .debug_ranges  0x000000f8      0x108 FreeRTOS/src/queue.o
 .debug_ranges  0x00000200       0xc8 FreeRTOS/src/stream_buffer.o
 .debug_ranges  0x000002c8      0x200 FreeRTOS/src/tasks.o
 .debug_ranges  0x000004c8       0xc0 FreeRTOS/src/timers.o
 .debug_ranges  0x00000588       0x20 FreeRTOS/src/variantHooks.o
 .debug_ranges  0x000005a8       0x10 m_print.o
 .debug_ranges  0x000005b8       0x10 Setup/create_all_tasks.o
 .debug_ranges  0x000005c8       0x10 Setup/create_all_timers.o
 .debug_ranges  0x000005d8       0x10 Setup/lora_setup.o
 .debug_ranges  0x000005e8       0x10 Setup/global_init.o
 .debug_ranges  0x000005f8       0x10 Tasks/lora_handler_task.o
 .debug_ranges  0x00000608       0x10 Tasks/measure_co2_task.o
 .debug_ranges  0x00000618       0x10 Tasks/measure_temp_task.o
 .debug_ranges  0x00000628       0x10 Tasks/print_measurements_task.o
 .debug_ranges  0x00000638       0x10 main.o
 .debug_ranges  0x00000648       0x28 ../../../stdio\libserialLib.a(stdio_driver.o)
 .debug_ranges  0x00000670       0x98 ../../../stdio\libserialLib.a(serial.o)
 .debug_ranges  0x00000708       0x10 ../../../stdio\libserialLib.a(fifo.o)
 .debug_ranges  0x00000718       0x10 ../../../Iot driver Library\libIotLibrary.a(hal.o)
 .debug_ranges  0x00000728       0x58 ../../../Iot driver Library\libIotLibrary.a(hih8120.o)
 .debug_ranges  0x00000780       0x58 ../../../Iot driver Library\libIotLibrary.a(led.o)
 .debug_ranges  0x000007d8      0x118 ../../../Iot driver Library\libIotLibrary.a(lora_driver.o)
 .debug_ranges  0x000008f0       0x30 ../../../Iot driver Library\libIotLibrary.a(lora_driver_utils.o)
 .debug_ranges  0x00000920       0x60 ../../../Iot driver Library\libIotLibrary.a(mega_register_access.o)
 .debug_ranges  0x00000980       0x40 ../../../Iot driver Library\libIotLibrary.a(mh_z19.o)
 .debug_ranges  0x000009c0       0x40 ../../../Iot driver Library\libIotLibrary.a(twi.o)

.debug_macro
 *(.debug_macro)
OUTPUT(Sensors.elf elf32-avr)
LOAD linker stubs
