Archive member included to satisfy reference by file (symbol)

../../../stdio\libserialLib.a(stdio_driver.o)
                              Setup/global_init.o (stdioCreate)
../../../stdio\libserialLib.a(serial.o)
                              ../../../stdio\libserialLib.a(stdio_driver.o) (serial_new_instance)
../../../stdio\libserialLib.a(fifo.o)
                              ../../../stdio\libserialLib.a(serial.o) (fifo_init)
../../../Iot driver Library\libIotLibrary.a(hal.o)
                              Setup/global_init.o (hal_create)
../../../Iot driver Library\libIotLibrary.a(hih8120.o)
                              Setup/global_init.o (hih8120Create)
../../../Iot driver Library\libIotLibrary.a(led.o)
                              ../../../Iot driver Library\libIotLibrary.a(hal.o) (led_create)
../../../Iot driver Library\libIotLibrary.a(lora_driver.o)
                              Setup/lora_reset.o (lora_driver_flush_buffers)
../../../Iot driver Library\libIotLibrary.a(lora_driver_utils.o)
                              ../../../Iot driver Library\libIotLibrary.a(lora_driver.o) (decode_port_no)
../../../Iot driver Library\libIotLibrary.a(mega_register_access.o)
                              ../../../Iot driver Library\libIotLibrary.a(hal.o) (reg_read_register)
../../../Iot driver Library\libIotLibrary.a(mh_z19.o)
                              Setup/global_init.o (mh_z19_create)
../../../Iot driver Library\libIotLibrary.a(twi.o)
                              ../../../Iot driver Library\libIotLibrary.a(hih8120.o) (twiCreate)
c:/program files (x86)/atmel/studio/7.0/toolchain/avr8/avr8-gnu-toolchain/bin/../lib/gcc/avr/5.4.0/avr6\libgcc.a(_udivmodsi4.o)
                              ../../../Iot driver Library\libIotLibrary.a(twi.o) (__udivmodsi4)
c:/program files (x86)/atmel/studio/7.0/toolchain/avr8/avr8-gnu-toolchain/bin/../lib/gcc/avr/5.4.0/avr6\libgcc.a(_exit.o)
                              C:/Program Files (x86)/Atmel/Studio/7.0/Packs/atmel/ATmega_DFP/1.2.209/gcc/dev/atmega2560/avr6/crtatmega2560.o (exit)
c:/program files (x86)/atmel/studio/7.0/toolchain/avr8/avr8-gnu-toolchain/bin/../lib/gcc/avr/5.4.0/avr6\libgcc.a(_tablejump2.o)
                              FreeRTOS/src/timers.o (__tablejump2__)
c:/program files (x86)/atmel/studio/7.0/toolchain/avr8/avr8-gnu-toolchain/bin/../lib/gcc/avr/5.4.0/avr6\libgcc.a(_copy_data.o)
                              FreeRTOS/src/tasks.o (__do_copy_data)
c:/program files (x86)/atmel/studio/7.0/toolchain/avr8/avr8-gnu-toolchain/bin/../lib/gcc/avr/5.4.0/avr6\libgcc.a(_clear_bss.o)
                              Callbacks/measure_co2_callback.o (__do_clear_bss)
c:/program files (x86)/atmel/studio/7.0/toolchain/avr8/avr8-gnu-toolchain/bin/../lib/gcc/avr/5.4.0/../../../../avr/lib/avr6\libm.a(addsf3.o)
                              ../../../stdio\libserialLib.a(serial.o) (__subsf3)
c:/program files (x86)/atmel/studio/7.0/toolchain/avr8/avr8-gnu-toolchain/bin/../lib/gcc/avr/5.4.0/../../../../avr/lib/avr6\libm.a(addsf3x.o)
                              c:/program files (x86)/atmel/studio/7.0/toolchain/avr8/avr8-gnu-toolchain/bin/../lib/gcc/avr/5.4.0/../../../../avr/lib/avr6\libm.a(addsf3.o) (__addsf3x)
c:/program files (x86)/atmel/studio/7.0/toolchain/avr8/avr8-gnu-toolchain/bin/../lib/gcc/avr/5.4.0/../../../../avr/lib/avr6\libm.a(cmpsf2.o)
                              FreeRTOS/src/variantHooks.o (__ltsf2)
c:/program files (x86)/atmel/studio/7.0/toolchain/avr8/avr8-gnu-toolchain/bin/../lib/gcc/avr/5.4.0/../../../../avr/lib/avr6\libm.a(divsf3.o)
                              ../../../stdio\libserialLib.a(serial.o) (__divsf3)
c:/program files (x86)/atmel/studio/7.0/toolchain/avr8/avr8-gnu-toolchain/bin/../lib/gcc/avr/5.4.0/../../../../avr/lib/avr6\libm.a(divsf3x.o)
                              c:/program files (x86)/atmel/studio/7.0/toolchain/avr8/avr8-gnu-toolchain/bin/../lib/gcc/avr/5.4.0/../../../../avr/lib/avr6\libm.a(divsf3.o) (__divsf3x)
c:/program files (x86)/atmel/studio/7.0/toolchain/avr8/avr8-gnu-toolchain/bin/../lib/gcc/avr/5.4.0/../../../../avr/lib/avr6\libm.a(fixsfsi.o)
                              ../../../Iot driver Library\libIotLibrary.a(hih8120.o) (__fixsfsi)
c:/program files (x86)/atmel/studio/7.0/toolchain/avr8/avr8-gnu-toolchain/bin/../lib/gcc/avr/5.4.0/../../../../avr/lib/avr6\libm.a(fixunssfsi.o)
                              FreeRTOS/src/variantHooks.o (__fixunssfsi)
c:/program files (x86)/atmel/studio/7.0/toolchain/avr8/avr8-gnu-toolchain/bin/../lib/gcc/avr/5.4.0/../../../../avr/lib/avr6\libm.a(floatsisf.o)
                              ../../../stdio\libserialLib.a(serial.o) (__floatunsisf)
c:/program files (x86)/atmel/studio/7.0/toolchain/avr8/avr8-gnu-toolchain/bin/../lib/gcc/avr/5.4.0/../../../../avr/lib/avr6\libm.a(fp_cmp.o)
                              c:/program files (x86)/atmel/studio/7.0/toolchain/avr8/avr8-gnu-toolchain/bin/../lib/gcc/avr/5.4.0/../../../../avr/lib/avr6\libm.a(cmpsf2.o) (__fp_cmp)
[...]
Memory Configuration

Name             Origin             Length             Attributes
text             0x00000000         0x00100000         xr
data             0x00800200         0x0000fe00         rw !x
eeprom           0x00810000         0x00010000         rw !x
fuse             0x00820000         0x00000003         rw !x
lock             0x00830000         0x00000400         rw !x
signature        0x00840000         0x00000400         rw !x
user_signatures  0x00850000         0x00000400         rw !x
*default*        0x00000000         0xffffffff

Linker script and memory map

Address of section .data set to 0x800200
LOAD C:/Program Files (x86)/Atmel/Studio/7.0/Packs/atmel/ATmega_DFP/1.2.209/gcc/dev/atmega2560/avr6/crtatmega2560.o
LOAD Callbacks/measure_co2_callback.o
LOAD write_to_buffer.o
LOAD Callbacks/timer_5_mins_callback.o
LOAD FreeRTOS/FreeRTOSTraceDriver/FreeRTOSTraceDriver.o
LOAD FreeRTOS/src/croutine.o
LOAD FreeRTOS/src/event_groups.o
LOAD FreeRTOS/src/heap_3.o
LOAD FreeRTOS/src/list.o
LOAD FreeRTOS/src/port.o
LOAD FreeRTOS/src/queue.o
LOAD FreeRTOS/src/stream_buffer.o
LOAD FreeRTOS/src/tasks.o
LOAD FreeRTOS/src/timers.o
LOAD FreeRTOS/src/variantHooks.o
LOAD m_print.o
LOAD Setup/create_all_tasks.o
LOAD Setup/create_all_timers.o
LOAD Setup/lora_reset.o
LOAD Setup/lora_setup.o
LOAD Setup/global_init.o
LOAD Tasks/lora_send_data_task.o
LOAD Tasks/measure_co2_task.o
LOAD Tasks/measure_temp_task.o
LOAD Tasks/print_measurements_task.o
LOAD main.o
START GROUP
LOAD ../../../stdio\libserialLib.a
LOAD ../../../Iot driver Library\libIotLibrary.a
END GROUP
START GROUP
LOAD c:/program files (x86)/atmel/studio/7.0/toolchain/avr8/avr8-gnu-toolchain/bin/../lib/gcc/avr/5.4.0/avr6\libgcc.a
LOAD c:/program files (x86)/atmel/studio/7.0/toolchain/avr8/avr8-gnu-toolchain/bin/../lib/gcc/avr/5.4.0/../../../../avr/lib/avr6\libm.a
LOAD c:/program files (x86)/atmel/studio/7.0/toolchain/avr8/avr8-gnu-toolchain/bin/../lib/gcc/avr/5.4.0/../../../../avr/lib/avr6\libc.a
LOAD C:/Program Files (x86)/Atmel/Studio/7.0/Packs/atmel/ATmega_DFP/1.2.209/gcc/dev/atmega2560/avr6\libatmega2560.a
END GROUP
                0x00100000                __TEXT_REGION_LENGTH__ = DEFINED (__TEXT_REGION_LENGTH__)?__TEXT_REGION_LENGTH__:0x100000
                0x0000fe00                __DATA_REGION_LENGTH__ = DEFINED (__DATA_REGION_LENGTH__)?__DATA_REGION_LENGTH__:0xfe00
                0x00010000                __EEPROM_REGION_LENGTH__ = DEFINED (__EEPROM_REGION_LENGTH__)?__EEPROM_REGION_LENGTH__:0x10000
                [0x00000003]                __FUSE_REGION_LENGTH__ = DEFINED (__FUSE_REGION_LENGTH__)?__FUSE_REGION_LENGTH__:0x400
                0x00000400                __LOCK_REGION_LENGTH__ = DEFINED (__LOCK_REGION_LENGTH__)?__LOCK_REGION_LENGTH__:0x400
                0x00000400                __SIGNATURE_REGION_LENGTH__ = DEFINED (__SIGNATURE_REGION_LENGTH__)?__SIGNATURE_REGION_LENGTH__:0x400
                0x00000400                __USER_SIGNATURE_REGION_LENGTH__ = DEFINED (__USER_SIGNATURE_REGION_LENGTH__)?__USER_SIGNATURE_REGION_LENGTH__:0x400

.hash
 *(.hash)

.dynsym
 *(.dynsym)

.dynstr
 *(.dynstr)

.gnu.version
 *(.gnu.version)

.gnu.version_d
 *(.gnu.version_d)

.gnu.version_r
 *(.gnu.version_r)

.rel.init
 *(.rel.init)

.rela.init
 *(.rela.init)

.rel.text
 *(.rel.text)
 *(.rel.text.*)
 *(.rel.gnu.linkonce.t*)

.rela.text
 *(.rela.text)
 *(.rela.text.*)
 *(.rela.gnu.linkonce.t*)

.rel.fini
 *(.rel.fini)

.rela.fini
 *(.rela.fini)

.rel.rodata
 *(.rel.rodata)
 *(.rel.rodata.*)
 *(.rel.gnu.linkonce.r*)

.rela.rodata
 *(.rela.rodata)
 *(.rela.rodata.*)
 *(.rela.gnu.linkonce.r*)

.rel.data
 *(.rel.data)
 *(.rel.data.*)
 *(.rel.gnu.linkonce.d*)

.rela.data
 *(.rela.data)
 *(.rela.data.*)
 *(.rela.gnu.linkonce.d*)

.rel.ctors
 *(.rel.ctors)

.rela.ctors
 *(.rela.ctors)

.rel.dtors
 *(.rel.dtors)

.rela.dtors
 *(.rela.dtors)

.rel.got
 *(.rel.got)

.rela.got
 *(.rela.got)

.rel.bss
 *(.rel.bss)

.rela.bss
 *(.rela.bss)

.rel.plt
 *(.rel.plt)

.rela.plt
 *(.rela.plt)

.text           0x00000000     0x770e
 *(.vectors)
 .vectors       0x00000000       0xe4 C:/Program Files (x86)/Atmel/Studio/7.0/Packs/atmel/ATmega_DFP/1.2.209/gcc/dev/atmega2560/avr6/crtatmega2560.o
                0x00000000                __vector_default
                0x00000000                __vectors
 *(.vectors)
 *(.progmem.gcc*)
 .progmem.gcc_sw_table.prvProcessReceivedCommands
                0x000000e4       0x14 FreeRTOS/src/timers.o
 .progmem.gcc_sw_table.__vector_39
                0x000000f8       0xa2 ../../../Iot driver Library\libIotLibrary.a(twi.o)
                0x0000019a                . = ALIGN (0x2)
                0x0000019a                __trampolines_start = .
 *(.trampolines)
 .trampolines   0x0000019a        0x0 linker stubs
 *(.trampolines*)
                0x0000019a                __trampolines_end = .
 *libprintf_flt.a:*(.progmem.data)
 *libc.a:*(.progmem.data)
 *(.progmem*)
                0x0000019a                . = ALIGN (0x2)
 *(.jumptables)
 *(.jumptables*)
 *(.lowtext)
 .lowtext       0x0000019a       0x24 FreeRTOS/src/tasks.o
 .lowtext       0x000001be       0x30 FreeRTOS/src/timers.o
 *(.lowtext*)
                0x000001ee                __ctors_start = .
 *(.ctors)
                0x000001ee                __ctors_end = .
                0x000001ee                __dtors_start = .
 *(.dtors)
                0x000001ee                __dtors_end = .
 SORT(*)(.ctors)
 SORT(*)(.dtors)
 *(.init0)
 .init0         0x000001ee        0x0 C:/Program Files (x86)/Atmel/Studio/7.0/Packs/atmel/ATmega_DFP/1.2.209/gcc/dev/atmega2560/avr6/crtatmega2560.o
                0x000001ee                __init
 *(.init0)
 *(.init1)
 *(.init1)
 *(.init2)
 .init2         0x000001ee       0x10 C:/Program Files (x86)/Atmel/Studio/7.0/Packs/atmel/ATmega_DFP/1.2.209/gcc/dev/atmega2560/avr6/crtatmega2560.o
 *(.init2)
 *(.init3)
 *(.init3)
 *(.init4)
 .init4         0x000001fe       0x1a c:/program files (x86)/atmel/studio/7.0/toolchain/avr8/avr8-gnu-toolchain/bin/../lib/gcc/avr/5.4.0/avr6\libgcc.a(_copy_data.o)
                0x000001fe                __do_copy_data
 .init4         0x00000218       0x10 c:/program files (x86)/atmel/studio/7.0/toolchain/avr8/avr8-gnu-toolchain/bin/../lib/gcc/avr/5.4.0/avr6\libgcc.a(_clear_bss.o)
                0x00000218                __do_clear_bss
 *(.init4)
 *(.init5)
 *(.init5)
 *(.init6)
 *(.init6)
 *(.init7)
 *(.init7)
 *(.init8)
 *(.init8)
 *(.init9)
 .init9         0x00000228        0x8 C:/Program Files (x86)/Atmel/Studio/7.0/Packs/atmel/ATmega_DFP/1.2.209/gcc/dev/atmega2560/avr6/crtatmega2560.o
 *(.init9)
 *(.text)
 .text          0x00000230        0x2 C:/Program Files (x86)/Atmel/Studio/7.0/Packs/atmel/ATmega_DFP/1.2.209/gcc/dev/atmega2560/avr6/crtatmega2560.o
                0x00000230                __vector_38
                0x00000230                __vector_22
                0x00000230                __vector_28
                0x00000230                __vector_1
                0x00000230                __vector_32
                0x00000230                __vector_34
                0x00000230                __vector_24
                0x00000230                __vector_46
                0x00000230                __bad_interrupt
                0x00000230                __vector_6
                0x00000230                __vector_31
                0x00000230                __vector_35
                0x00000230                __vector_3
                0x00000230                __vector_23
                0x00000230                __vector_30
                0x00000230                __vector_45
                0x00000230                __vector_11
                0x00000230                __vector_13
                0x00000230                __vector_17
                0x00000230                __vector_19
                0x00000230                __vector_56
                0x00000230                __vector_7
                0x00000230                __vector_49
                0x00000230                __vector_41
                0x00000230                __vector_43
                0x00000230                __vector_27
                0x00000230                __vector_5
                0x00000230                __vector_33
                0x00000230                __vector_47
                0x00000230                __vector_4
                0x00000230                __vector_44
                0x00000230                __vector_9
                0x00000230                __vector_2
                0x00000230                __vector_21
                0x00000230                __vector_15
                0x00000230                __vector_29
                0x00000230                __vector_40
                0x00000230                __vector_8
                0x00000230                __vector_48
                0x00000230                __vector_14
                0x00000230                __vector_53
                0x00000230                __vector_10
                0x00000230                __vector_50
                0x00000230                __vector_16
                0x00000230                __vector_18
                0x00000230                __vector_20
                0x00000230                __vector_42
                0x00000232                . = ALIGN (0x2)
 *(.text.*)
 .text.measure_co2_callback
                0x00000232       0x28 Callbacks/measure_co2_callback.o
                0x00000232                measure_co2_callback
 .text.write_to_buffer
                0x0000025a       0x7e write_to_buffer.o
                0x0000025a                write_to_buffer
 .text.timer_5_mins_callback
                0x000002d8       0x58 Callbacks/timer_5_mins_callback.o
                0x000002d8                timer_5_mins_callback
 .text.task_switch_in
                0x00000330       0x40 FreeRTOS/FreeRTOSTraceDriver/FreeRTOSTraceDriver.o
                0x00000330                task_switch_in
 .text.task_switch_out
                0x00000370       0x28 FreeRTOS/FreeRTOSTraceDriver/FreeRTOSTraceDriver.o
                0x00000370                task_switch_out
 .text.pvPortMalloc
                0x00000398       0x42 FreeRTOS/src/heap_3.o
                0x00000398                pvPortMalloc
 .text.vPortFree
                0x000003da       0x34 FreeRTOS/src/heap_3.o
                0x000003da                vPortFree
 .text.vListInitialise
                0x0000040e       0x6e FreeRTOS/src/list.o
                0x0000040e                vListInitialise
 .text.vListInitialiseItem
                0x0000047c       0x26 FreeRTOS/src/list.o
                0x0000047c                vListInitialiseItem
 .text.vListInsertEnd
                0x000004a2       0x9c FreeRTOS/src/list.o
                0x000004a2                vListInsertEnd
 .text.vListInsert
                0x0000053e       0xf0 FreeRTOS/src/list.o
                0x0000053e                vListInsert
 .text.uxListRemove
                0x0000062e       0xae FreeRTOS/src/list.o
                0x0000062e                uxListRemove
 .text.pxPortInitialiseStack
                0x000006dc      0x388 FreeRTOS/src/port.o
                0x000006dc                pxPortInitialiseStack
 .text.xPortStartScheduler
                0x00000a64       0x70 FreeRTOS/src/port.o
                0x00000a64                xPortStartScheduler
 .text.vPortYield
                0x00000ad4       0xc4 FreeRTOS/src/port.o
                0x00000ad4                vPortYield
 .text.vPortYieldFromTick
                0x00000b98       0xd4 FreeRTOS/src/port.o
                0x00000b98                vPortYieldFromTick
 .text.prvSetupTimerInterrupt
                0x00000c6c       0x3e FreeRTOS/src/port.o
 .text.__vector_12
                0x00000caa        0x6 FreeRTOS/src/port.o
                0x00000caa                __vector_12
 .text.xQueueGenericReset
                0x00000cb0      0x120 FreeRTOS/src/queue.o
                0x00000cb0                xQueueGenericReset
 .text.xQueueGenericCreate
                0x00000dd0       0x9c FreeRTOS/src/queue.o
                0x00000dd0                xQueueGenericCreate
 .text.prvInitialiseNewQueue
                0x00000e6c       0x88 FreeRTOS/src/queue.o
 .text.prvInitialiseMutex
                0x00000ef4       0x50 FreeRTOS/src/queue.o
 .text.xQueueCreateMutex
                0x00000f44       0x3c FreeRTOS/src/queue.o
                0x00000f44                xQueueCreateMutex
 .text.xQueueGenericSend
                0x00000f80      0x152 FreeRTOS/src/queue.o
                0x00000f80                xQueueGenericSend
 .text.xQueueGenericSendFromISR
                0x000010d2       0xbc FreeRTOS/src/queue.o
                0x000010d2                xQueueGenericSendFromISR
 .text.xQueueReceive
                0x0000118e      0x152 FreeRTOS/src/queue.o
                0x0000118e                xQueueReceive
 .text.xQueueSemaphoreTake
                0x000012e0      0x1b4 FreeRTOS/src/queue.o
                0x000012e0                xQueueSemaphoreTake
 .text.prvGetDisinheritPriorityAfterTimeout
                0x00001494       0x44 FreeRTOS/src/queue.o
 .text.prvCopyDataToQueue
                0x000014d8      0x1a0 FreeRTOS/src/queue.o
 .text.prvCopyDataFromQueue
                0x00001678       0xa2 FreeRTOS/src/queue.o
 .text.prvUnlockQueue
                0x0000171a       0xbc FreeRTOS/src/queue.o
 .text.prvIsQueueEmpty
                0x000017d6       0x3a FreeRTOS/src/queue.o
 .text.prvIsQueueFull
                0x00001810       0x42 FreeRTOS/src/queue.o
 .text.vQueueWaitForMessageRestricted
                0x00001852       0x90 FreeRTOS/src/queue.o
                0x00001852                vQueueWaitForMessageRestricted
 .text.xStreamBufferGenericCreate
                0x000018e2       0x90 FreeRTOS/src/stream_buffer.o
                0x000018e2                xStreamBufferGenericCreate
 .text.xStreamBufferReset
                0x00001972       0xb2 FreeRTOS/src/stream_buffer.o
                0x00001972                xStreamBufferReset
 .text.xStreamBufferSpacesAvailable
                0x00001a24       0x9c FreeRTOS/src/stream_buffer.o
                0x00001a24                xStreamBufferSpacesAvailable
 .text.xStreamBufferSend
                0x00001ac0      0x18e FreeRTOS/src/stream_buffer.o
                0x00001ac0                xStreamBufferSend
 .text.xStreamBufferSendFromISR
                0x00001c4e       0xf8 FreeRTOS/src/stream_buffer.o
                0x00001c4e                xStreamBufferSendFromISR
 .text.prvWriteMessageToBuffer
                0x00001d46       0xd8 FreeRTOS/src/stream_buffer.o
 .text.xStreamBufferReceive
                0x00001e1e      0x16c FreeRTOS/src/stream_buffer.o
                0x00001e1e                xStreamBufferReceive
 .text.prvReadMessageFromBuffer
                0x00001f8a       0xcc FreeRTOS/src/stream_buffer.o
 .text.prvWriteBytesToBuffer
                0x00002056      0x11e FreeRTOS/src/stream_buffer.o
 .text.prvReadBytesFromBuffer
                0x00002174      0x14e FreeRTOS/src/stream_buffer.o
 .text.prvBytesInBuffer
                0x000022c2       0x86 FreeRTOS/src/stream_buffer.o
 .text.prvInitialiseNewStreamBuffer
                0x00002348       0x82 FreeRTOS/src/stream_buffer.o
 .text.xTaskCreate
                0x000023ca       0xdc FreeRTOS/src/tasks.o
                0x000023ca                xTaskCreate
 .text.prvInitialiseNewTask
                0x000024a6      0x1be FreeRTOS/src/tasks.o
 .text.prvAddNewTaskToReadyList
                0x00002664      0x108 FreeRTOS/src/tasks.o
 .text.vTaskDelay
                0x0000276c       0x40 FreeRTOS/src/tasks.o
                0x0000276c                vTaskDelay
 .text.vTaskStartScheduler
                0x000027ac       0x86 FreeRTOS/src/tasks.o
                0x000027ac                vTaskStartScheduler
 .text.vTaskSuspendAll
                0x00002832       0x1a FreeRTOS/src/tasks.o
                0x00002832                vTaskSuspendAll
 .text.xTaskResumeAll
                0x0000284c      0x12a FreeRTOS/src/tasks.o
                0x0000284c                xTaskResumeAll
 .text.xTaskGetTickCount
                0x00002976       0x30 FreeRTOS/src/tasks.o
                0x00002976                xTaskGetTickCount
 .text.xTaskIncrementTick
                0x000029a6      0x1d8 FreeRTOS/src/tasks.o
                0x000029a6                xTaskIncrementTick
 .text.vTaskSwitchContext
                0x00002b7e      0x148 FreeRTOS/src/tasks.o
                0x00002b7e                vTaskSwitchContext
 .text.vTaskPlaceOnEventList
                0x00002cc6       0x44 FreeRTOS/src/tasks.o
                0x00002cc6                vTaskPlaceOnEventList
 .text.vTaskPlaceOnEventListRestricted
                0x00002d0a       0x58 FreeRTOS/src/tasks.o
                0x00002d0a                vTaskPlaceOnEventListRestricted
 .text.xTaskRemoveFromEventList
                0x00002d62       0xda FreeRTOS/src/tasks.o
                0x00002d62                xTaskRemoveFromEventList
 .text.vTaskSetTimeOutState
                0x00002e3c       0x44 FreeRTOS/src/tasks.o
                0x00002e3c                vTaskSetTimeOutState
 .text.vTaskInternalSetTimeOutState
                0x00002e80       0x3a FreeRTOS/src/tasks.o
                0x00002e80                vTaskInternalSetTimeOutState
 .text.xTaskCheckForTimeOut
                0x00002eba       0xe4 FreeRTOS/src/tasks.o
                0x00002eba                xTaskCheckForTimeOut
 .text.vTaskMissedYield
                0x00002f9e       0x16 FreeRTOS/src/tasks.o
                0x00002f9e                vTaskMissedYield
 .text.prvInitialiseTaskLists
                0x00002fb4       0x84 FreeRTOS/src/tasks.o
 .text.prvCheckTasksWaitingTermination
                0x00003038       0x62 FreeRTOS/src/tasks.o
 .text.prvDeleteTCB
                0x0000309a       0x32 FreeRTOS/src/tasks.o
 .text.prvResetNextTaskUnblockTime
                0x000030cc       0x60 FreeRTOS/src/tasks.o
 .text.xTaskGetCurrentTaskHandle
                0x0000312c       0x26 FreeRTOS/src/tasks.o
                0x0000312c                xTaskGetCurrentTaskHandle
 .text.xTaskGetSchedulerState
                0x00003152       0x32 FreeRTOS/src/tasks.o
                0x00003152                xTaskGetSchedulerState
 .text.xTaskPriorityInherit
                0x00003184      0x158 FreeRTOS/src/tasks.o
                0x00003184                xTaskPriorityInherit
 .text.xTaskPriorityDisinherit
                0x000032dc       0xfa FreeRTOS/src/tasks.o
                0x000032dc                xTaskPriorityDisinherit
 .text.vTaskPriorityDisinheritAfterTimeout
                0x000033d6      0x140 FreeRTOS/src/tasks.o
                0x000033d6                vTaskPriorityDisinheritAfterTimeout
 .text.pvTaskIncrementMutexHeldCount
                0x00003516       0x34 FreeRTOS/src/tasks.o
                0x00003516                pvTaskIncrementMutexHeldCount
 .text.xTaskNotifyWait
                0x0000354a      0x14a FreeRTOS/src/tasks.o
                0x0000354a                xTaskNotifyWait
 .text.xTaskGenericNotify
                0x00003694      0x1c2 FreeRTOS/src/tasks.o
                0x00003694                xTaskGenericNotify
 .text.xTaskGenericNotifyFromISR
                0x00003856      0x1f6 FreeRTOS/src/tasks.o
                0x00003856                xTaskGenericNotifyFromISR
 .text.xTaskNotifyStateClear
                0x00003a4c       0x64 FreeRTOS/src/tasks.o
                0x00003a4c                xTaskNotifyStateClear
 .text.prvAddCurrentTaskToDelayedList
                0x00003ab0       0xf4 FreeRTOS/src/tasks.o
 .text.xTimerCreateTimerTask
                0x00003ba4       0x54 FreeRTOS/src/timers.o
                0x00003ba4                xTimerCreateTimerTask
 .text.xTimerCreate
                0x00003bf8       0x84 FreeRTOS/src/timers.o
                0x00003bf8                xTimerCreate
 .text.prvInitialiseNewTimer
                0x00003c7c       0xb4 FreeRTOS/src/timers.o
 .text.xTimerGenericCommand
                0x00003d30       0xc2 FreeRTOS/src/timers.o
                0x00003d30                xTimerGenericCommand
 .text.prvProcessExpiredTimer
                0x00003df2       0xd2 FreeRTOS/src/timers.o
 .text.prvProcessTimerOrBlockTask
                0x00003ec4       0xaa FreeRTOS/src/timers.o
 .text.prvGetNextExpireTime
                0x00003f6e       0x6a FreeRTOS/src/timers.o
 .text.prvSampleTimeNow
                0x00003fd8       0x5e FreeRTOS/src/timers.o
 .text.prvInsertTimerInActiveList
                0x00004036       0xda FreeRTOS/src/timers.o
 .text.prvProcessReceivedCommands
                0x00004110      0x1ec FreeRTOS/src/timers.o
 .text.prvSwitchTimerLists
                0x000042fc      0x13c FreeRTOS/src/timers.o
 .text.prvCheckForValidListAndQueue
                0x00004438       0x60 FreeRTOS/src/timers.o
 .text.vApplicationIdleHook
                0x00004498       0x10 FreeRTOS/src/variantHooks.o
                0x00004498                vApplicationIdleHook
 .text.vApplicationMallocFailedHook
                0x000044a8      0x130 FreeRTOS/src/variantHooks.o
                0x000044a8                vApplicationMallocFailedHook
 .text.vApplicationStackOverflowHook
                0x000045d8      0x138 FreeRTOS/src/variantHooks.o
                0x000045d8                vApplicationStackOverflowHook
 .text.m_print  0x00004710       0x4a m_print.o
                0x00004710                m_print
 .text.create_all_tasks
                0x0000475a       0x70 Setup/create_all_tasks.o
                0x0000475a                create_all_tasks
 .text.create_all_timers
                0x000047ca       0x34 Setup/create_all_timers.o
                0x000047ca                create_all_timers
 .text.lora_reset
                0x000047fe       0x32 Setup/lora_reset.o
                0x000047fe                lora_reset
 .text.lora_setup
                0x00004830      0x33a Setup/lora_setup.o
                0x00004830                lora_setup
 .text.global_init
                0x00004b6a       0xd6 Setup/global_init.o
                0x00004b6a                global_init
 .text.lora_send_data_task
                0x00004c40      0x12a Tasks/lora_send_data_task.o
                0x00004c40                lora_send_data_task
 .text.measure_co2_task
                0x00004d6a       0xdc Tasks/measure_co2_task.o
                0x00004d6a                measure_co2_task
 .text.measure_temp_task
                0x00004e46      0x10c Tasks/measure_temp_task.o
                0x00004e46                measure_temp_task
 .text.main     0x00004f52       0x36 main.o
                0x00004f52                main
 .text.usart_getchar
                0x00004f88       0x2a ../../../stdio\libserialLib.a(stdio_driver.o)
 .text.usart_putchar
                0x00004fb2       0x12 ../../../stdio\libserialLib.a(stdio_driver.o)
 .text.stdioCreate
                0x00004fc4       0x52 ../../../stdio\libserialLib.a(stdio_driver.o)
                0x00004fc4                stdioCreate
 .text.serial_new_instance
                0x00005016      0x140 ../../../stdio\libserialLib.a(serial.o)
                0x00005016                serial_new_instance
 .text.serial_send_byte
                0x00005156       0x4a ../../../stdio\libserialLib.a(serial.o)
                0x00005156                serial_send_byte
 .text.serial_send_bytes
                0x000051a0       0xa0 ../../../stdio\libserialLib.a(serial.o)
                0x000051a0                serial_send_bytes
 .text.serial_get_byte
                0x00005240       0x38 ../../../stdio\libserialLib.a(serial.o)
                0x00005240                serial_get_byte
 .text.__vector_25
                0x00005278       0xa4 ../../../stdio\libserialLib.a(serial.o)
                0x00005278                __vector_25
 .text.__vector_26
                0x0000531c       0x88 ../../../stdio\libserialLib.a(serial.o)
                0x0000531c                __vector_26
 .text.__vector_36
                0x000053a4       0xa4 ../../../stdio\libserialLib.a(serial.o)
                0x000053a4                __vector_36
 .text.__vector_37
                0x00005448       0x88 ../../../stdio\libserialLib.a(serial.o)
                0x00005448                __vector_37
 .text.__vector_51
                0x000054d0       0xa4 ../../../stdio\libserialLib.a(serial.o)
                0x000054d0                __vector_51
 .text.__vector_52
                0x00005574       0x88 ../../../stdio\libserialLib.a(serial.o)
                0x00005574                __vector_52
 .text.__vector_54
                0x000055fc       0xa4 ../../../stdio\libserialLib.a(serial.o)
                0x000055fc                __vector_54
 .text.__vector_55
                0x000056a0       0x88 ../../../stdio\libserialLib.a(serial.o)
                0x000056a0                __vector_55
 .text.fifo_init
                0x00005728       0x3e ../../../stdio\libserialLib.a(fifo.o)
                0x00005728                fifo_init
 .text.hal_create
                0x00005766       0x64 ../../../Iot driver Library\libIotLibrary.a(hal.o)
                0x00005766                hal_create
 .text._hihTwiCallback
                0x000057ca       0x5a ../../../Iot driver Library\libIotLibrary.a(hih8120.o)
 .text.hih8120Create
                0x00005824       0x2e ../../../Iot driver Library\libIotLibrary.a(hih8120.o)
                0x00005824                hih8120Create
 .text.hih8120Wakeup
                0x00005852       0x28 ../../../Iot driver Library\libIotLibrary.a(hih8120.o)
                0x00005852                hih8120Wakeup
 .text.hih8120Meassure
                0x0000587a       0x20 ../../../Iot driver Library\libIotLibrary.a(hih8120.o)
                0x0000587a                hih8120Meassure
 .text.hih8120GetTemperature
                0x0000589a       0x36 ../../../Iot driver Library\libIotLibrary.a(hih8120.o)
                0x0000589a                hih8120GetTemperature
 .text.hih8120GetTemperature_x10
                0x000058d0       0x16 ../../../Iot driver Library\libIotLibrary.a(hih8120.o)
                0x000058d0                hih8120GetTemperature_x10
 .text._turn_off
                0x000058e6       0x5c ../../../Iot driver Library\libIotLibrary.a(led.o)
 .text._turn_on
                0x00005942       0x5c ../../../Iot driver Library\libIotLibrary.a(led.o)
 .text._hal_led_task
                0x0000599e       0x88 ../../../Iot driver Library\libIotLibrary.a(led.o)
 .text.led_create
                0x00005a26      0x10a ../../../Iot driver Library\libIotLibrary.a(led.o)
                0x00005a26                led_create
 .text.led_slow_blink
                0x00005b30       0x4e ../../../Iot driver Library\libIotLibrary.a(led.o)
                0x00005b30                led_slow_blink
 .text.led_fast_blink
                0x00005b7e       0x4e ../../../Iot driver Library\libIotLibrary.a(led.o)
                0x00005b7e                led_fast_blink
 .text.led_led_on
                0x00005bcc       0x1e ../../../Iot driver Library\libIotLibrary.a(led.o)
                0x00005bcc                led_led_on
 .text.led_led_off
                0x00005bea       0x1e ../../../Iot driver Library\libIotLibrary.a(led.o)
                0x00005bea                led_led_off
 .text.led_long_puls
                0x00005c08       0x24 ../../../Iot driver Library\libIotLibrary.a(led.o)
                0x00005c08                led_long_puls
 .text.led_short_puls
                0x00005c2c       0x24 ../../../Iot driver Library\libIotLibrary.a(led.o)
                0x00005c2c                led_short_puls
 .text._serial_call_back
                0x00005c50       0x8c ../../../Iot driver Library\libIotLibrary.a(lora_driver.o)
 .text._upload_message
                0x00005cdc       0xb0 ../../../Iot driver Library\libIotLibrary.a(lora_driver.o)
 .text._reply2return_code
                0x00005d8c       0x76 ../../../Iot driver Library\libIotLibrary.a(lora_driver.o)
 .text._upload_message_rc
                0x00005e02        0x6 ../../../Iot driver Library\libIotLibrary.a(lora_driver.o)
 .text.lora_driver_flush_buffers
                0x00005e08        0xe ../../../Iot driver Library\libIotLibrary.a(lora_driver.o)
                0x00005e08                lora_driver_flush_buffers
 .text.lora_driver_create
                0x00005e16       0x78 ../../../Iot driver Library\libIotLibrary.a(lora_driver.o)
                0x00005e16                lora_driver_create
 .text.lora_driver_reset_rn2483
                0x00005e8e       0x28 ../../../Iot driver Library\libIotLibrary.a(lora_driver.o)
                0x00005e8e                lora_driver_reset_rn2483
 .text.lora_driver_rn2483_factory_reset
                0x00005eb6       0x24 ../../../Iot driver Library\libIotLibrary.a(lora_driver.o)
                0x00005eb6                lora_driver_rn2483_factory_reset
 .text.lora_driver_get_rn2483_hweui
                0x00005eda       0x38 ../../../Iot driver Library\libIotLibrary.a(lora_driver.o)
                0x00005eda                lora_driver_get_rn2483_hweui
 .text.lora_driver_set_device_identifier
                0x00005f12       0x22 ../../../Iot driver Library\libIotLibrary.a(lora_driver.o)
                0x00005f12                lora_driver_set_device_identifier
 .text.lora_driver_set_application_identifier
                0x00005f34       0x22 ../../../Iot driver Library\libIotLibrary.a(lora_driver.o)
                0x00005f34                lora_driver_set_application_identifier
 .text.lora_driver_set_application_key
                0x00005f56       0x22 ../../../Iot driver Library\libIotLibrary.a(lora_driver.o)
                0x00005f56                lora_driver_set_application_key
 .text.lora_driver_save_mac
                0x00005f78        0xc ../../../Iot driver Library\libIotLibrary.a(lora_driver.o)
                0x00005f78                lora_driver_save_mac
 .text.lora_driver_join
                0x00005f84       0x46 ../../../Iot driver Library\libIotLibrary.a(lora_driver.o)
                0x00005f84                lora_driver_join
 .text.lora_driver_sent_upload_message
                0x00005fca      0x130 ../../../Iot driver Library\libIotLibrary.a(lora_driver.o)
                0x00005fca                lora_driver_sent_upload_message
 .text.lora_driver_set_adaptive_data_rate
                0x000060fa       0x16 ../../../Iot driver Library\libIotLibrary.a(lora_driver.o)
                0x000060fa                lora_driver_set_adaptive_data_rate
 .text.lora_driver_configure_to_eu868
                0x00006110      0x1b4 ../../../Iot driver Library\libIotLibrary.a(lora_driver.o)
                0x00006110                lora_driver_configure_to_eu868
 .text.lora_driver_set_otaa_identity
                0x000062c4       0x42 ../../../Iot driver Library\libIotLibrary.a(lora_driver.o)
                0x000062c4                lora_driver_set_otaa_identity
 .text.lora_driver_map_return_code_to_text
                0x00006306       0x18 ../../../Iot driver Library\libIotLibrary.a(lora_driver.o)
                0x00006306                lora_driver_map_return_code_to_text
 .text.decode_port_no
                0x0000631e       0x58 ../../../Iot driver Library\libIotLibrary.a(lora_driver_utils.o)
                0x0000631e                decode_port_no
 .text.decode_hexadecimal_string_bytes
                0x00006376       0x92 ../../../Iot driver Library\libIotLibrary.a(lora_driver_utils.o)
                0x00006376                decode_hexadecimal_string_bytes
 .text.reg_read_register
                0x00006408        0x6 ../../../Iot driver Library\libIotLibrary.a(mega_register_access.o)
                0x00006408                reg_read_register
 .text.reg_read_bit
                0x0000640e       0x16 ../../../Iot driver Library\libIotLibrary.a(mega_register_access.o)
                0x0000640e                reg_read_bit
 .text.reg_read_bits
                0x00006424        0x8 ../../../Iot driver Library\libIotLibrary.a(mega_register_access.o)
                0x00006424                reg_read_bits
 .text.reg_set_register
                0x0000642c        0x6 ../../../Iot driver Library\libIotLibrary.a(mega_register_access.o)
                0x0000642c                reg_set_register
 .text.reg_clear_register
                0x00006432        0x6 ../../../Iot driver Library\libIotLibrary.a(mega_register_access.o)
                0x00006432                reg_clear_register
 .text.reg_set_bit
                0x00006438       0x18 ../../../Iot driver Library\libIotLibrary.a(mega_register_access.o)
                0x00006438                reg_set_bit
 .text.reg_set_bits
                0x00006450        0xa ../../../Iot driver Library\libIotLibrary.a(mega_register_access.o)
                0x00006450                reg_set_bits
 .text.reg_toggle_bit
                0x0000645a       0x18 ../../../Iot driver Library\libIotLibrary.a(mega_register_access.o)
                0x0000645a                reg_toggle_bit
 .text.reg_toggle_bits
                0x00006472        0xa ../../../Iot driver Library\libIotLibrary.a(mega_register_access.o)
                0x00006472                reg_toggle_bits
 .text.reg_clear_bit
                0x0000647c       0x1a ../../../Iot driver Library\libIotLibrary.a(mega_register_access.o)
                0x0000647c                reg_clear_bit
 .text.reg_clear_bits
                0x00006496        0xc ../../../Iot driver Library\libIotLibrary.a(mega_register_access.o)
                0x00006496                reg_clear_bits
 .text._serial_call_back
                0x000064a2       0xb6 ../../../Iot driver Library\libIotLibrary.a(mh_z19.o)
 .text.mh_z19_create
                0x00006558       0x5e ../../../Iot driver Library\libIotLibrary.a(mh_z19.o)
                0x00006558                mh_z19_create
 .text.mh_z19_take_meassuring
                0x000065b6       0x60 ../../../Iot driver Library\libIotLibrary.a(mh_z19.o)
                0x000065b6                mh_z19_take_meassuring
 .text._initTwiInterface
                0x00006616       0x22 ../../../Iot driver Library\libIotLibrary.a(twi.o)
 .text.twiCreate
                0x00006638       0x9a ../../../Iot driver Library\libIotLibrary.a(twi.o)
                0x00006638                twiCreate
 .text.twiIsBusy
                0x000066d2        0x8 ../../../Iot driver Library\libIotLibrary.a(twi.o)
                0x000066d2                twiIsBusy
 .text.twiTransmit
                0x000066da       0x98 ../../../Iot driver Library\libIotLibrary.a(twi.o)
                0x000066da                twiTransmit
 .text.twiReceive
                0x00006772       0x66 ../../../Iot driver Library\libIotLibrary.a(twi.o)
                0x00006772                twiReceive
 .text.__vector_39
                0x000067d8      0x17a ../../../Iot driver Library\libIotLibrary.a(twi.o)
                0x000067d8                __vector_39
 .text.libgcc.div
                0x00006952       0x44 c:/program files (x86)/atmel/studio/7.0/toolchain/avr8/avr8-gnu-toolchain/bin/../lib/gcc/avr/5.4.0/avr6\libgcc.a(_udivmodsi4.o)
                0x00006952                __udivmodsi4
 .text.libgcc   0x00006996       0x10 c:/program files (x86)/atmel/studio/7.0/toolchain/avr8/avr8-gnu-toolchain/bin/../lib/gcc/avr/5.4.0/avr6\libgcc.a(_tablejump2.o)
                0x00006996                __tablejump2__
 .text.avr-libc.fplib
                0x000069a6        0xa c:/program files (x86)/atmel/studio/7.0/toolchain/avr8/avr8-gnu-toolchain/bin/../lib/gcc/avr/5.4.0/../../../../avr/lib/avr6\libm.a(addsf3.o)
                0x000069a6                __subsf3
                0x000069a8                __addsf3
 .text.avr-libc.fplib
                0x000069b0       0xc0 c:/program files (x86)/atmel/studio/7.0/toolchain/avr8/avr8-gnu-toolchain/bin/../lib/gcc/avr/5.4.0/../../../../avr/lib/avr6\libm.a(addsf3x.o)
                0x000069ca                __addsf3x
 .text.avr-libc.fplib
                0x00006a70        0x8 c:/program files (x86)/atmel/studio/7.0/toolchain/avr8/avr8-gnu-toolchain/bin/../lib/gcc/avr/5.4.0/../../../../avr/lib/avr6\libm.a(cmpsf2.o)
                0x00006a70                __nesf2
                0x00006a70                __eqsf2
                0x00006a70                __cmpsf2
                0x00006a70                __ltsf2
                0x00006a70                __lesf2
 .text.avr-libc.fplib
                0x00006a78        0x4 c:/program files (x86)/atmel/studio/7.0/toolchain/avr8/avr8-gnu-toolchain/bin/../lib/gcc/avr/5.4.0/../../../../avr/lib/avr6\libm.a(divsf3.o)
                0x00006a78                __divsf3
 .text.avr-libc.fplib
                0x00006a7c       0xcc c:/program files (x86)/atmel/studio/7.0/toolchain/avr8/avr8-gnu-toolchain/bin/../lib/gcc/avr/5.4.0/../../../../avr/lib/avr6\libm.a(divsf3x.o)
                0x00006a92                __divsf3x
                0x00006a96                __divsf3_pse
 .text.avr-libc.fplib
                0x00006b48        0xa c:/program files (x86)/atmel/studio/7.0/toolchain/avr8/avr8-gnu-toolchain/bin/../lib/gcc/avr/5.4.0/../../../../avr/lib/avr6\libm.a(fixsfsi.o)
                0x00006b48                __fixsfsi
 .text.avr-libc.fplib
                0x00006b52       0x58 c:/program files (x86)/atmel/studio/7.0/toolchain/avr8/avr8-gnu-toolchain/bin/../lib/gcc/avr/5.4.0/../../../../avr/lib/avr6\libm.a(fixunssfsi.o)
                0x00006b52                __fixunssfsi
 .text.avr-libc.fplib
                0x00006baa       0x7a c:/program files (x86)/atmel/studio/7.0/toolchain/avr8/avr8-gnu-toolchain/bin/../lib/gcc/avr/5.4.0/../../../../avr/lib/avr6\libm.a(floatsisf.o)
                0x00006baa                __floatunsisf
                0x00006bae                __floatsisf
 .text.avr-libc.fplib
                0x00006c24       0x48 c:/program files (x86)/atmel/studio/7.0/toolchain/avr8/avr8-gnu-toolchain/bin/../lib/gcc/avr/5.4.0/../../../../avr/lib/avr6\libm.a(fp_cmp.o)
                0x00006c24                __fp_cmp
 .text.avr-libc.fplib
                0x00006c6c        0xc c:/program files (x86)/atmel/studio/7.0/toolchain/avr8/avr8-gnu-toolchain/bin/../lib/gcc/avr/5.4.0/../../../../avr/lib/avr6\libm.a(fp_inf.o)
                0x00006c6c                __fp_inf
 .text.avr-libc.fplib
                0x00006c78        0x6 c:/program files (x86)/atmel/studio/7.0/toolchain/avr8/avr8-gnu-toolchain/bin/../lib/gcc/avr/5.4.0/../../../../avr/lib/avr6\libm.a(fp_nan.o)
                0x00006c78                __fp_nan
 .text.avr-libc.fplib
                0x00006c7e        0xe c:/program files (x86)/atmel/studio/7.0/toolchain/avr8/avr8-gnu-toolchain/bin/../lib/gcc/avr/5.4.0/../../../../avr/lib/avr6\libm.a(fp_pscA.o)
                0x00006c7e                __fp_pscA
 .text.avr-libc.fplib
                0x00006c8c        0xe c:/program files (x86)/atmel/studio/7.0/toolchain/avr8/avr8-gnu-toolchain/bin/../lib/gcc/avr/5.4.0/../../../../avr/lib/avr6\libm.a(fp_pscB.o)
                0x00006c8c                __fp_pscB
 .text.avr-libc.fplib
                0x00006c9a       0x22 c:/program files (x86)/atmel/studio/7.0/toolchain/avr8/avr8-gnu-toolchain/bin/../lib/gcc/avr/5.4.0/../../../../avr/lib/avr6\libm.a(fp_round.o)
                0x00006c9a                __fp_round
 .text.avr-libc.fplib
                0x00006cbc       0x44 c:/program files (x86)/atmel/studio/7.0/toolchain/avr8/avr8-gnu-toolchain/bin/../lib/gcc/avr/5.4.0/../../../../avr/lib/avr6\libm.a(fp_split3.o)
                0x00006cbc                __fp_split3
                0x00006ccc                __fp_splitA
 .text.avr-libc.fplib
                0x00006d00        0xe c:/program files (x86)/atmel/studio/7.0/toolchain/avr8/avr8-gnu-toolchain/bin/../lib/gcc/avr/5.4.0/../../../../avr/lib/avr6\libm.a(fp_zero.o)
                0x00006d00                __fp_zero
                0x00006d02                __fp_szero
 .text.avr-libc.fplib
                0x00006d0e        0x8 c:/program files (x86)/atmel/studio/7.0/toolchain/avr8/avr8-gnu-toolchain/bin/../lib/gcc/avr/5.4.0/../../../../avr/lib/avr6\libm.a(gesf2.o)
                0x00006d0e                __gesf2
                0x00006d0e                __gtsf2
 .text.avr-libc.fplib
                0x00006d16        0x4 c:/program files (x86)/atmel/studio/7.0/toolchain/avr8/avr8-gnu-toolchain/bin/../lib/gcc/avr/5.4.0/../../../../avr/lib/avr6\libm.a(mulsf3.o)
                0x00006d16                __mulsf3
 .text.avr-libc.fplib
                0x00006d1a       0xc2 c:/program files (x86)/atmel/studio/7.0/toolchain/avr8/avr8-gnu-toolchain/bin/../lib/gcc/avr/5.4.0/../../../../avr/lib/avr6\libm.a(mulsf3x.o)
                0x00006d2e                __mulsf3x
                0x00006d32                __mulsf3_pse
 .text.avr-libc
                0x00006ddc       0x34 c:/program files (x86)/atmel/studio/7.0/toolchain/avr8/avr8-gnu-toolchain/bin/../lib/gcc/avr/5.4.0/../../../../avr/lib/avr6\libc.a(calloc.o)
                0x00006ddc                calloc
 .text.avr-libc
                0x00006e10      0x242 c:/program files (x86)/atmel/studio/7.0/toolchain/avr8/avr8-gnu-toolchain/bin/../lib/gcc/avr/5.4.0/../../../../avr/lib/avr6\libc.a(malloc.o)
                0x00006e10                malloc
                0x00006f40                free
 .text.avr-libc
                0x00007052        0x8 c:/program files (x86)/atmel/studio/7.0/toolchain/avr8/avr8-gnu-toolchain/bin/../lib/gcc/avr/5.4.0/../../../../avr/lib/avr6\libc.a(abort.o)
                0x00007052                abort
 .text.avr-libc
                0x0000705a       0x12 c:/program files (x86)/atmel/studio/7.0/toolchain/avr8/avr8-gnu-toolchain/bin/../lib/gcc/avr/5.4.0/../../../../avr/lib/avr6\libc.a(memcpy.o)
                0x0000705a                memcpy
 .text.avr-libc
                0x0000706c        0xe c:/program files (x86)/atmel/studio/7.0/toolchain/avr8/avr8-gnu-toolchain/bin/../lib/gcc/avr/5.4.0/../../../../avr/lib/avr6\libc.a(memset.o)
                0x0000706c                memset
 .text.avr-libc
                0x0000707a       0x16 c:/program files (x86)/atmel/studio/7.0/toolchain/avr8/avr8-gnu-toolchain/bin/../lib/gcc/avr/5.4.0/../../../../avr/lib/avr6\libc.a(strcat.o)
                0x0000707a                strcat
 .text.avr-libc
                0x00007090        0xe c:/program files (x86)/atmel/studio/7.0/toolchain/avr8/avr8-gnu-toolchain/bin/../lib/gcc/avr/5.4.0/../../../../avr/lib/avr6\libc.a(strcpy.o)
                0x00007090                strcpy
 .text.avr-libc
                0x0000709e       0x30 c:/program files (x86)/atmel/studio/7.0/toolchain/avr8/avr8-gnu-toolchain/bin/../lib/gcc/avr/5.4.0/../../../../avr/lib/avr6\libc.a(strncasecmp.o)
                0x0000709e                strncasecmp
 .text.avr-libc
                0x000070ce       0x26 c:/program files (x86)/atmel/studio/7.0/toolchain/avr8/avr8-gnu-toolchain/bin/../lib/gcc/avr/5.4.0/../../../../avr/lib/avr6\libc.a(printf.o)
                0x000070ce                printf
 .text.avr-libc
                0x000070f4       0x60 c:/program files (x86)/atmel/studio/7.0/toolchain/avr8/avr8-gnu-toolchain/bin/../lib/gcc/avr/5.4.0/../../../../avr/lib/avr6\libc.a(puts.o)
                0x000070f4                puts
 .text.avr-libc
                0x00007154       0x5c c:/program files (x86)/atmel/studio/7.0/toolchain/avr8/avr8-gnu-toolchain/bin/../lib/gcc/avr/5.4.0/../../../../avr/lib/avr6\libc.a(sprintf.o)
                0x00007154                sprintf
 .text.avr-libc
                0x000071b0      0x3fa c:/program files (x86)/atmel/studio/7.0/toolchain/avr8/avr8-gnu-toolchain/bin/../lib/gcc/avr/5.4.0/../../../../avr/lib/avr6\libc.a(vfprintf_std.o)
                0x000071b0                vfprintf
 .text.avr-libc
                0x000075aa       0x16 c:/program files (x86)/atmel/studio/7.0/toolchain/avr8/avr8-gnu-toolchain/bin/../lib/gcc/avr/5.4.0/../../../../avr/lib/avr6\libc.a(strnlen_P.o)
                0x000075aa                strnlen_P
 .text.avr-libc
                0x000075c0       0x16 c:/program files (x86)/atmel/studio/7.0/toolchain/avr8/avr8-gnu-toolchain/bin/../lib/gcc/avr/5.4.0/../../../../avr/lib/avr6\libc.a(strnlen.o)
                0x000075c0                strnlen
 .text.avr-libc
                0x000075d6       0x78 c:/program files (x86)/atmel/studio/7.0/toolchain/avr8/avr8-gnu-toolchain/bin/../lib/gcc/avr/5.4.0/../../../../avr/lib/avr6\libc.a(fputc.o)
                0x000075d6                fputc
 .text.avr-libc
                0x0000764e       0xbc c:/program files (x86)/atmel/studio/7.0/toolchain/avr8/avr8-gnu-toolchain/bin/../lib/gcc/avr/5.4.0/../../../../avr/lib/avr6\libc.a(ultoa_invert.o)
                0x0000764e                __ultoa_invert
                0x0000770a                . = ALIGN (0x2)
 *(.fini9)
 .fini9         0x0000770a        0x0 c:/program files (x86)/atmel/studio/7.0/toolchain/avr8/avr8-gnu-toolchain/bin/../lib/gcc/avr/5.4.0/avr6\libgcc.a(_exit.o)
                0x0000770a                _exit
                0x0000770a                exit
 *(.fini9)
 *(.fini8)
 *(.fini8)
 *(.fini7)
 *(.fini7)
 *(.fini6)
 *(.fini6)
 *(.fini5)
 *(.fini5)
 *(.fini4)
 *(.fini4)
 *(.fini3)
 *(.fini3)
 *(.fini2)
 *(.fini2)
 *(.fini1)
 *(.fini1)
 *(.fini0)
 .fini0         0x0000770a        0x4 c:/program files (x86)/atmel/studio/7.0/toolchain/avr8/avr8-gnu-toolchain/bin/../lib/gcc/avr/5.4.0/avr6\libgcc.a(_exit.o)
 *(.fini0)
                0x0000770e                _etext = .

.data           0x00800200      0x65c load address 0x0000770e
                0x00800200                PROVIDE (__data_start, .)
 *(.data)
 .data          0x00800200        0x6 c:/program files (x86)/atmel/studio/7.0/toolchain/avr8/avr8-gnu-toolchain/bin/../lib/gcc/avr/5.4.0/../../../../avr/lib/avr6\libc.a(malloc.o)
                0x00800200                __malloc_heap_end
                0x00800202                __malloc_heap_start
                0x00800204                __malloc_margin
 *(.data*)
 .data.mystdout.1881
                0x00800206        0xe ../../../stdio\libserialLib.a(stdio_driver.o)
 .data._com_port_2_udr
                0x00800214        0x8 ../../../stdio\libserialLib.a(serial.o)
                0x00800214                _com_port_2_udr
 .data._temp    0x0080021c        0x2 ../../../Iot driver Library\libIotLibrary.a(hih8120.o)
 .data._hum     0x0080021e        0x2 ../../../Iot driver Library\libIotLibrary.a(hih8120.o)
 .data._twiCurrentState
                0x00800220        0x1 ../../../Iot driver Library\libIotLibrary.a(twi.o)
 *(.gnu.linkonce.d*)
 *(.rodata)
 .rodata        0x00800221        0x5 FreeRTOS/src/tasks.o
 .rodata        0x00800226        0x8 FreeRTOS/src/timers.o
 .rodata        0x0080022e       0x2a Setup/create_all_tasks.o
 .rodata        0x00800258       0x10 Setup/create_all_timers.o
 .rodata        0x00800268      0x10e Setup/lora_setup.o
 .rodata        0x00800376       0x4a Setup/global_init.o
 .rodata        0x008003c0       0x68 Tasks/lora_send_data_task.o
 .rodata        0x00800428       0x59 Tasks/measure_co2_task.o
 .rodata        0x00800481       0xb9 Tasks/measure_temp_task.o
 .rodata        0x0080053a       0x20 ../../../Iot driver Library\libIotLibrary.a(lora_driver.o)
 .rodata        0x0080055a       0x2d ../../../Iot driver Library\libIotLibrary.a(mh_z19.o)
 *(.rodata*)
 .rodata.str1.1
                0x00800587       0x1f ../../../Iot driver Library\libIotLibrary.a(led.o)
 .rodata.str1.1
                0x008005a6      0x27f ../../../Iot driver Library\libIotLibrary.a(lora_driver.o)
                                0x28f (size before relaxing)
 .rodata._join_mode
                0x00800825        0x4 ../../../Iot driver Library\libIotLibrary.a(lora_driver.o)
 .rodata._return_code
                0x00800829       0x33 ../../../Iot driver Library\libIotLibrary.a(lora_driver.o)
                0x00800829                _return_code
 *(.gnu.linkonce.r*)
                0x0080085c                . = ALIGN (0x2)
                0x0080085c                _edata = .
                0x0080085c                PROVIDE (__data_end, .)

.bss            0x0080085c      0x286
                0x0080085c                PROVIDE (__bss_start, .)
 *(.bss)
 *(.bss*)
 .bss.pxCurrentTCB
                0x0080085c        0x2 FreeRTOS/src/tasks.o
                0x0080085c                pxCurrentTCB
 .bss.pxReadyTasksLists
                0x0080085e       0x24 FreeRTOS/src/tasks.o
 .bss.xDelayedTaskList1
                0x00800882        0x9 FreeRTOS/src/tasks.o
 .bss.xDelayedTaskList2
                0x0080088b        0x9 FreeRTOS/src/tasks.o
 .bss.pxDelayedTaskList
                0x00800894        0x2 FreeRTOS/src/tasks.o
 .bss.pxOverflowDelayedTaskList
                0x00800896        0x2 FreeRTOS/src/tasks.o
 .bss.xPendingReadyList
                0x00800898        0x9 FreeRTOS/src/tasks.o
 .bss.xTasksWaitingTermination
                0x008008a1        0x9 FreeRTOS/src/tasks.o
 .bss.uxDeletedTasksWaitingCleanUp
                0x008008aa        0x1 FreeRTOS/src/tasks.o
 .bss.xSuspendedTaskList
                0x008008ab        0x9 FreeRTOS/src/tasks.o
 .bss.uxCurrentNumberOfTasks
                0x008008b4        0x1 FreeRTOS/src/tasks.o
 .bss.xTickCount
                0x008008b5        0x2 FreeRTOS/src/tasks.o
 .bss.uxTopReadyPriority
                0x008008b7        0x1 FreeRTOS/src/tasks.o
 .bss.xSchedulerRunning
                0x008008b8        0x1 FreeRTOS/src/tasks.o
 .bss.uxPendedTicks
                0x008008b9        0x1 FreeRTOS/src/tasks.o
 .bss.xYieldPending
                0x008008ba        0x1 FreeRTOS/src/tasks.o
 .bss.xNumOfOverflows
                0x008008bb        0x1 FreeRTOS/src/tasks.o
 .bss.uxTaskNumber
                0x008008bc        0x1 FreeRTOS/src/tasks.o
 .bss.xNextTaskUnblockTime
                0x008008bd        0x2 FreeRTOS/src/tasks.o
 .bss.xIdleTaskHandle
                0x008008bf        0x2 FreeRTOS/src/tasks.o
 .bss.uxSchedulerSuspended
                0x008008c1        0x1 FreeRTOS/src/tasks.o
 .bss.xActiveTimerList1
                0x008008c2        0x9 FreeRTOS/src/timers.o
 .bss.xActiveTimerList2
                0x008008cb        0x9 FreeRTOS/src/timers.o
 .bss.pxCurrentTimerList
                0x008008d4        0x2 FreeRTOS/src/timers.o
 .bss.pxOverflowTimerList
                0x008008d6        0x2 FreeRTOS/src/timers.o
 .bss.xTimerQueue
                0x008008d8        0x2 FreeRTOS/src/timers.o
 .bss.xTimerTaskHandle
                0x008008da        0x2 FreeRTOS/src/timers.o
 .bss.xLastTime.2432
                0x008008dc        0x2 FreeRTOS/src/timers.o
 .bss._out_buf  0x008008de       0x64 Setup/lora_setup.o
 .bss._uplink_payload
                0x00800942       0x16 Tasks/lora_send_data_task.o
 .bss._com_serial_instance
                0x00800958        0x2 ../../../stdio\libserialLib.a(stdio_driver.o)
 .bss._ser_handle
                0x0080095a        0x8 ../../../stdio\libserialLib.a(serial.o)
 .bss._measuringIsReady
                0x00800962        0x1 ../../../Iot driver Library\libIotLibrary.a(hih8120.o)
 .bss._hih8120Handler
                0x00800963        0x2 ../../../Iot driver Library\libIotLibrary.a(hih8120.o)
 .bss._led_status
                0x00800965       0x18 ../../../Iot driver Library\libIotLibrary.a(led.o)
 .bss._tmp_buf.2919
                0x0080097d       0x64 ../../../Iot driver Library\libIotLibrary.a(lora_driver.o)
 .bss.rec_buf_inp.2926
                0x008009e1        0x1 ../../../Iot driver Library\libIotLibrary.a(lora_driver.o)
 .bss._reply_buffer_handle
                0x008009e2        0x2 ../../../Iot driver Library\libIotLibrary.a(lora_driver.o)
 .bss._rn2483_serial
                0x008009e4        0x2 ../../../Iot driver Library\libIotLibrary.a(lora_driver.o)
 .bss._downlink_payload
                0x008009e6       0x16 ../../../Iot driver Library\libIotLibrary.a(lora_driver.o)
 .bss._pay_load_hex_bytes
                0x008009fc       0x15 ../../../Iot driver Library\libIotLibrary.a(lora_driver.o)
 .bss._rec_message_buf
                0x00800a11       0x2d ../../../Iot driver Library\libIotLibrary.a(lora_driver.o)
 .bss._send_message
                0x00800a3e       0x2d ../../../Iot driver Library\libIotLibrary.a(lora_driver.o)
 .bss._reply_mess
                0x00800a6b       0x2d ../../../Iot driver Library\libIotLibrary.a(lora_driver.o)
 .bss.data.1940
                0x00800a98        0x2 ../../../Iot driver Library\libIotLibrary.a(mh_z19.o)
 .bss.inDex.1939
                0x00800a9a        0x1 ../../../Iot driver Library\libIotLibrary.a(mh_z19.o)
 .bss.crc_sum.1941
                0x00800a9b        0x1 ../../../Iot driver Library\libIotLibrary.a(mh_z19.o)
 .bss._app_call_back
                0x00800a9c        0x2 ../../../Iot driver Library\libIotLibrary.a(mh_z19.o)
 .bss._mh_state
                0x00800a9e        0x1 ../../../Iot driver Library\libIotLibrary.a(mh_z19.o)
                0x00800a9e                _mh_state
 .bss._ppm      0x00800a9f        0x2 ../../../Iot driver Library\libIotLibrary.a(mh_z19.o)
 .bss._serial   0x00800aa1        0x2 ../../../Iot driver Library\libIotLibrary.a(mh_z19.o)
 .bss._index.1885
                0x00800aa3        0x1 ../../../Iot driver Library\libIotLibrary.a(twi.o)
 .bss._twiCurrentHandler
                0x00800aa4        0x2 ../../../Iot driver Library\libIotLibrary.a(twi.o)
 .bss._twiMessageLen
                0x00800aa6        0x1 ../../../Iot driver Library\libIotLibrary.a(twi.o)
 .bss._twiMessageBuffer
                0x00800aa7        0xa ../../../Iot driver Library\libIotLibrary.a(twi.o)
 .bss._twiIsInitiated
                0x00800ab1        0x1 ../../../Iot driver Library\libIotLibrary.a(twi.o)
 *(COMMON)
 COMMON         0x00800ab2        0x2 Callbacks/measure_co2_callback.o
                0x00800ab2                co2_value
 COMMON         0x00800ab4        0x2 Setup/create_all_timers.o
                0x00800ab4                xTimer_5_mins
 COMMON         0x00800ab6        0xc Setup/global_init.o
                0x00800ab6                xSemaphore_view_data
                0x00800ab8                xSemaphore_print
                0x00800aba                xSemaphore_buffer
                0x00800abc                xMessageBuffer
                0x00800abe                xSemaphore_temperature
                0x00800ac0                xSemaphore_co2
 COMMON         0x00800ac2       0x16 ../../../Iot driver Library\libIotLibrary.a(hal.o)
                0x00800ac2                register_access
 COMMON         0x00800ad8        0x4 c:/program files (x86)/atmel/studio/7.0/toolchain/avr8/avr8-gnu-toolchain/bin/../lib/gcc/avr/5.4.0/../../../../avr/lib/avr6\libc.a(malloc.o)
                0x00800ad8                __brkval
                0x00800ada                __flp
 COMMON         0x00800adc        0x6 c:/program files (x86)/atmel/studio/7.0/toolchain/avr8/avr8-gnu-toolchain/bin/../lib/gcc/avr/5.4.0/../../../../avr/lib/avr6\libc.a(iob.o)
                0x00800adc                __iob
                0x00800ae2                PROVIDE (__bss_end, .)
                0x0000770e                __data_load_start = LOADADDR (.data)
                0x00007d6a                __data_load_end = (__data_load_start + SIZEOF (.data))

.noinit         0x00800ae2        0x0
                [!provide]                PROVIDE (__noinit_start, .)
 *(.noinit*)
                [!provide]                PROVIDE (__noinit_end, .)
                0x00800ae2                _end = .
                0x00800ae2                PROVIDE (__heap_start, .)

.eeprom         0x00810000        0x0
 *(.eeprom*)
                0x00810000                __eeprom_end = .

.fuse
 *(.fuse)
 *(.lfuse)
 *(.hfuse)
 *(.efuse)

.lock
 *(.lock*)

.signature
 *(.signature*)

.user_signatures
 *(.user_signatures*)

.stab
 *(.stab)

.stabstr
 *(.stabstr)

.stab.excl
 *(.stab.excl)

.stab.exclstr
 *(.stab.exclstr)

.stab.index
 *(.stab.index)

.stab.indexstr
 *(.stab.indexstr)

.comment        0x00000000       0x5c
 *(.comment)
 .comment       0x00000000       0x30 Callbacks/measure_co2_callback.o
                                 0x31 (size before relaxing)
 .comment       0x00000030       0x31 write_to_buffer.o
 .comment       0x00000030       0x31 Callbacks/timer_5_mins_callback.o
 .comment       0x00000030       0x31 FreeRTOS/FreeRTOSTraceDriver/FreeRTOSTraceDriver.o
 .comment       0x00000030       0x31 FreeRTOS/src/heap_3.o
 .comment       0x00000030       0x31 FreeRTOS/src/list.o
 .comment       0x00000030       0x31 FreeRTOS/src/port.o
 .comment       0x00000030       0x31 FreeRTOS/src/queue.o
 .comment       0x00000030       0x31 FreeRTOS/src/stream_buffer.o
 .comment       0x00000030       0x31 FreeRTOS/src/tasks.o
 .comment       0x00000030       0x31 FreeRTOS/src/timers.o
 .comment       0x00000030       0x31 FreeRTOS/src/variantHooks.o
 .comment       0x00000030       0x31 m_print.o
 .comment       0x00000030       0x31 Setup/create_all_tasks.o
 .comment       0x00000030       0x31 Setup/create_all_timers.o
 .comment       0x00000030       0x31 Setup/lora_reset.o
 .comment       0x00000030       0x31 Setup/lora_setup.o
 .comment       0x00000030       0x31 Setup/global_init.o
 .comment       0x00000030       0x31 Tasks/lora_send_data_task.o
 .comment       0x00000030       0x31 Tasks/measure_co2_task.o
 .comment       0x00000030       0x31 Tasks/measure_temp_task.o
 .comment       0x00000030       0x31 main.o
 .comment       0x00000030       0x31 ../../../stdio\libserialLib.a(stdio_driver.o)
 .comment       0x00000030       0x31 ../../../stdio\libserialLib.a(serial.o)
 .comment       0x00000030       0x31 ../../../stdio\libserialLib.a(fifo.o)
 .comment       0x00000030       0x31 ../../../Iot driver Library\libIotLibrary.a(hal.o)
 .comment       0x00000030       0x31 ../../../Iot driver Library\libIotLibrary.a(hih8120.o)
 .comment       0x00000030       0x31 ../../../Iot driver Library\libIotLibrary.a(led.o)
 .comment       0x00000030       0x31 ../../../Iot driver Library\libIotLibrary.a(lora_driver.o)
 .comment       0x00000030       0x31 ../../../Iot driver Library\libIotLibrary.a(lora_driver_utils.o)
 .comment       0x00000030       0x31 ../../../Iot driver Library\libIotLibrary.a(mega_register_access.o)
 .comment       0x00000030       0x31 ../../../Iot driver Library\libIotLibrary.a(mh_z19.o)
 .comment       0x00000030       0x31 ../../../Iot driver Library\libIotLibrary.a(twi.o)
 .comment       0x00000030       0x31 c:/program files (x86)/atmel/studio/7.0/toolchain/avr8/avr8-gnu-toolchain/bin/../lib/gcc/avr/5.4.0/../../../../avr/lib/avr6\libc.a(calloc.o)
 .comment       0x00000030       0x31 c:/program files (x86)/atmel/studio/7.0/toolchain/avr8/avr8-gnu-toolchain/bin/../lib/gcc/avr/5.4.0/../../../../avr/lib/avr6\libc.a(malloc.o)
 .comment       0x00000030       0x31 c:/program files (x86)/atmel/studio/7.0/toolchain/avr8/avr8-gnu-toolchain/bin/../lib/gcc/avr/5.4.0/../../../../avr/lib/avr6\libc.a(iob.o)
 .comment       0x00000030       0x31 c:/program files (x86)/atmel/studio/7.0/toolchain/avr8/avr8-gnu-toolchain/bin/../lib/gcc/avr/5.4.0/../../../../avr/lib/avr6\libc.a(printf.o)
 .comment       0x00000030       0x31 c:/program files (x86)/atmel/studio/7.0/toolchain/avr8/avr8-gnu-toolchain/bin/../lib/gcc/avr/5.4.0/../../../../avr/lib/avr6\libc.a(puts.o)
 .comment       0x00000030       0x31 c:/program files (x86)/atmel/studio/7.0/toolchain/avr8/avr8-gnu-toolchain/bin/../lib/gcc/avr/5.4.0/../../../../avr/lib/avr6\libc.a(sprintf.o)
 .comment       0x00000030       0x2c c:/program files (x86)/atmel/studio/7.0/toolchain/avr8/avr8-gnu-toolchain/bin/../lib/gcc/avr/5.4.0/../../../../avr/lib/avr6\libc.a(vfprintf_std.o)
                                 0x2d (size before relaxing)
 .comment       0x0000005c       0x31 c:/program files (x86)/atmel/studio/7.0/toolchain/avr8/avr8-gnu-toolchain/bin/../lib/gcc/avr/5.4.0/../../../../avr/lib/avr6\libc.a(fputc.o)

.note.gnu.avr.deviceinfo
                0x00000000       0x40
 .note.gnu.avr.deviceinfo
                0x00000000       0x40 C:/Program Files (x86)/Atmel/Studio/7.0/Packs/atmel/ATmega_DFP/1.2.209/gcc/dev/atmega2560/avr6/crtatmega2560.o

.note.gnu.build-id
 *(.note.gnu.build-id)

.debug
 *(.debug)

.line
 *(.line)

.debug_srcinfo
 *(.debug_srcinfo)

.debug_sfnames
 *(.debug_sfnames)

.debug_aranges  0x00000000      0xbc0
 *(.debug_aranges)
 .debug_aranges
                0x00000000       0x20 Callbacks/measure_co2_callback.o
 .debug_aranges
                0x00000020       0x20 write_to_buffer.o
 .debug_aranges
                0x00000040       0x20 Callbacks/timer_5_mins_callback.o
 .debug_aranges
                0x00000060       0x30 FreeRTOS/FreeRTOSTraceDriver/FreeRTOSTraceDriver.o
 .debug_aranges
                0x00000090       0x28 FreeRTOS/src/heap_3.o
 .debug_aranges
                0x000000b8       0x40 FreeRTOS/src/list.o
 .debug_aranges
                0x000000f8       0x50 FreeRTOS/src/port.o
 .debug_aranges
                0x00000148      0x118 FreeRTOS/src/queue.o
 .debug_aranges
                0x00000260       0xd8 FreeRTOS/src/stream_buffer.o
 .debug_aranges
                0x00000338      0x210 FreeRTOS/src/tasks.o
 .debug_aranges
                0x00000548       0xd0 FreeRTOS/src/timers.o
 .debug_aranges
                0x00000618       0x30 FreeRTOS/src/variantHooks.o
 .debug_aranges
                0x00000648       0x20 m_print.o
 .debug_aranges
                0x00000668       0x20 Setup/create_all_tasks.o
 .debug_aranges
                0x00000688       0x20 Setup/create_all_timers.o
 .debug_aranges
                0x000006a8       0x20 Setup/lora_reset.o
 .debug_aranges
                0x000006c8       0x20 Setup/lora_setup.o
 .debug_aranges
                0x000006e8       0x20 Setup/global_init.o
 .debug_aranges
                0x00000708       0x20 Tasks/lora_send_data_task.o
 .debug_aranges
                0x00000728       0x20 Tasks/measure_co2_task.o
 .debug_aranges
                0x00000748       0x20 Tasks/measure_temp_task.o
 .debug_aranges
                0x00000768       0x20 main.o
 .debug_aranges
                0x00000788       0x38 ../../../stdio\libserialLib.a(stdio_driver.o)
 .debug_aranges
                0x000007c0       0x90 ../../../stdio\libserialLib.a(serial.o)
 .debug_aranges
                0x00000850       0x20 ../../../stdio\libserialLib.a(fifo.o)
 .debug_aranges
                0x00000870       0x20 ../../../Iot driver Library\libIotLibrary.a(hal.o)
 .debug_aranges
                0x00000890       0x68 ../../../Iot driver Library\libIotLibrary.a(hih8120.o)
 .debug_aranges
                0x000008f8       0x68 ../../../Iot driver Library\libIotLibrary.a(led.o)
 .debug_aranges
                0x00000960      0x128 ../../../Iot driver Library\libIotLibrary.a(lora_driver.o)
 .debug_aranges
                0x00000a88       0x28 ../../../Iot driver Library\libIotLibrary.a(lora_driver_utils.o)
 .debug_aranges
                0x00000ab0       0x70 ../../../Iot driver Library\libIotLibrary.a(mega_register_access.o)
 .debug_aranges
                0x00000b20       0x50 ../../../Iot driver Library\libIotLibrary.a(mh_z19.o)
 .debug_aranges
                0x00000b70       0x50 ../../../Iot driver Library\libIotLibrary.a(twi.o)

.debug_pubnames
 *(.debug_pubnames)

.debug_info     0x00000000     0xaa51
 *(.debug_info .gnu.linkonce.wi.*)
 .debug_info    0x00000000      0xbbc C:/Program Files (x86)/Atmel/Studio/7.0/Packs/atmel/ATmega_DFP/1.2.209/gcc/dev/atmega2560/avr6/crtatmega2560.o
 .debug_info    0x00000bbc       0xb6 Callbacks/measure_co2_callback.o
 .debug_info    0x00000c72      0x15d write_to_buffer.o
 .debug_info    0x00000dcf      0x11a Callbacks/timer_5_mins_callback.o
 .debug_info    0x00000ee9       0xd1 FreeRTOS/FreeRTOSTraceDriver/FreeRTOSTraceDriver.o
 .debug_info    0x00000fba       0xf0 FreeRTOS/src/heap_3.o
 .debug_info    0x000010aa      0x2c2 FreeRTOS/src/list.o
 .debug_info    0x0000136c      0x237 FreeRTOS/src/port.o
 .debug_info    0x000015a3      0xf9f FreeRTOS/src/queue.o
 .debug_info    0x00002542      0xcb6 FreeRTOS/src/stream_buffer.o
 .debug_info    0x000031f8     0x1a5d FreeRTOS/src/tasks.o
 .debug_info    0x00004c55      0xa94 FreeRTOS/src/timers.o
 .debug_info    0x000056e9      0x226 FreeRTOS/src/variantHooks.o
 .debug_info    0x0000590f       0xec m_print.o
 .debug_info    0x000059fb       0xa0 Setup/create_all_tasks.o
 .debug_info    0x00005a9b       0xcf Setup/create_all_timers.o
 .debug_info    0x00005b6a       0x85 Setup/lora_reset.o
 .debug_info    0x00005bef      0x203 Setup/lora_setup.o
 .debug_info    0x00005df2      0x1b0 Setup/global_init.o
 .debug_info    0x00005fa2      0x215 Tasks/lora_send_data_task.o
 .debug_info    0x000061b7      0x184 Tasks/measure_co2_task.o
 .debug_info    0x0000633b      0x17b Tasks/measure_temp_task.o
 .debug_info    0x000064b6       0xc4 main.o
 .debug_info    0x0000657a      0x39c ../../../stdio\libserialLib.a(stdio_driver.o)
 .debug_info    0x00006916      0xdb3 ../../../stdio\libserialLib.a(serial.o)
 .debug_info    0x000076c9      0x1c3 ../../../stdio\libserialLib.a(fifo.o)
 .debug_info    0x0000788c      0x20d ../../../Iot driver Library\libIotLibrary.a(hal.o)
 .debug_info    0x00007a99      0x3a9 ../../../Iot driver Library\libIotLibrary.a(hih8120.o)
 .debug_info    0x00007e42      0x6f9 ../../../Iot driver Library\libIotLibrary.a(led.o)
 .debug_info    0x0000853b     0x165d ../../../Iot driver Library\libIotLibrary.a(lora_driver.o)
 .debug_info    0x00009b98      0x143 ../../../Iot driver Library\libIotLibrary.a(lora_driver_utils.o)
 .debug_info    0x00009cdb      0x2e1 ../../../Iot driver Library\libIotLibrary.a(mega_register_access.o)
 .debug_info    0x00009fbc      0x538 ../../../Iot driver Library\libIotLibrary.a(mh_z19.o)
 .debug_info    0x0000a4f4      0x55d ../../../Iot driver Library\libIotLibrary.a(twi.o)

.debug_abbrev   0x00000000     0x3312
 *(.debug_abbrev)
 .debug_abbrev  0x00000000      0xb1a C:/Program Files (x86)/Atmel/Studio/7.0/Packs/atmel/ATmega_DFP/1.2.209/gcc/dev/atmega2560/avr6/crtatmega2560.o
 .debug_abbrev  0x00000b1a       0x73 Callbacks/measure_co2_callback.o
 .debug_abbrev  0x00000b8d       0xb9 write_to_buffer.o
 .debug_abbrev  0x00000c46       0x85 Callbacks/timer_5_mins_callback.o
 .debug_abbrev  0x00000ccb       0x92 FreeRTOS/FreeRTOSTraceDriver/FreeRTOSTraceDriver.o
 .debug_abbrev  0x00000d5d       0xbb FreeRTOS/src/heap_3.o
 .debug_abbrev  0x00000e18       0xc7 FreeRTOS/src/list.o
 .debug_abbrev  0x00000edf      0x16c FreeRTOS/src/port.o
 .debug_abbrev  0x0000104b      0x1d9 FreeRTOS/src/queue.o
 .debug_abbrev  0x00001224      0x1e8 FreeRTOS/src/stream_buffer.o
 .debug_abbrev  0x0000140c      0x253 FreeRTOS/src/tasks.o
 .debug_abbrev  0x0000165f      0x1ce FreeRTOS/src/timers.o
 .debug_abbrev  0x0000182d       0xf2 FreeRTOS/src/variantHooks.o
 .debug_abbrev  0x0000191f       0x72 m_print.o
 .debug_abbrev  0x00001991       0x60 Setup/create_all_tasks.o
 .debug_abbrev  0x000019f1       0x72 Setup/create_all_timers.o
 .debug_abbrev  0x00001a63       0x42 Setup/lora_reset.o
 .debug_abbrev  0x00001aa5       0xcf Setup/lora_setup.o
 .debug_abbrev  0x00001b74       0xa2 Setup/global_init.o
 .debug_abbrev  0x00001c16       0xf2 Tasks/lora_send_data_task.o
 .debug_abbrev  0x00001d08       0xd1 Tasks/measure_co2_task.o
 .debug_abbrev  0x00001dd9       0xd3 Tasks/measure_temp_task.o
 .debug_abbrev  0x00001eac       0x76 main.o
 .debug_abbrev  0x00001f22      0x1be ../../../stdio\libserialLib.a(stdio_driver.o)
 .debug_abbrev  0x000020e0      0x364 ../../../stdio\libserialLib.a(serial.o)
 .debug_abbrev  0x00002444       0xe8 ../../../stdio\libserialLib.a(fifo.o)
 .debug_abbrev  0x0000252c       0xff ../../../Iot driver Library\libIotLibrary.a(hal.o)
 .debug_abbrev  0x0000262b      0x184 ../../../Iot driver Library\libIotLibrary.a(hih8120.o)
 .debug_abbrev  0x000027af      0x228 ../../../Iot driver Library\libIotLibrary.a(led.o)
 .debug_abbrev  0x000029d7      0x382 ../../../Iot driver Library\libIotLibrary.a(lora_driver.o)
 .debug_abbrev  0x00002d59       0xc0 ../../../Iot driver Library\libIotLibrary.a(lora_driver_utils.o)
 .debug_abbrev  0x00002e19       0xd3 ../../../Iot driver Library\libIotLibrary.a(mega_register_access.o)
 .debug_abbrev  0x00002eec      0x20f ../../../Iot driver Library\libIotLibrary.a(mh_z19.o)
 .debug_abbrev  0x000030fb      0x217 ../../../Iot driver Library\libIotLibrary.a(twi.o)

.debug_line     0x00000000     0x74d2
 *(.debug_line .debug_line.* .debug_line_end)
 .debug_line    0x00000000      0x1f9 C:/Program Files (x86)/Atmel/Studio/7.0/Packs/atmel/ATmega_DFP/1.2.209/gcc/dev/atmega2560/avr6/crtatmega2560.o
 .debug_line    0x000001f9       0xbf Callbacks/measure_co2_callback.o
 .debug_line    0x000002b8      0x143 write_to_buffer.o
 .debug_line    0x000003fb      0x13b Callbacks/timer_5_mins_callback.o
 .debug_line    0x00000536      0x10f FreeRTOS/FreeRTOSTraceDriver/FreeRTOSTraceDriver.o
 .debug_line    0x00000645      0x10f FreeRTOS/src/heap_3.o
 .debug_line    0x00000754      0x1f0 FreeRTOS/src/list.o
 .debug_line    0x00000944      0x452 FreeRTOS/src/port.o
 .debug_line    0x00000d96      0xd73 FreeRTOS/src/queue.o
 .debug_line    0x00001b09      0x89f FreeRTOS/src/stream_buffer.o
 .debug_line    0x000023a8     0x1a12 FreeRTOS/src/tasks.o
 .debug_line    0x00003dba      0x6c1 FreeRTOS/src/timers.o
 .debug_line    0x0000447b      0x23a FreeRTOS/src/variantHooks.o
 .debug_line    0x000046b5       0xec m_print.o
 .debug_line    0x000047a1       0x80 Setup/create_all_tasks.o
 .debug_line    0x00004821       0xe3 Setup/create_all_timers.o
 .debug_line    0x00004904       0x6d Setup/lora_reset.o
 .debug_line    0x00004971      0x22d Setup/lora_setup.o
 .debug_line    0x00004b9e      0x1fb Setup/global_init.o
 .debug_line    0x00004d99      0x283 Tasks/lora_send_data_task.o
 .debug_line    0x0000501c      0x18e Tasks/measure_co2_task.o
 .debug_line    0x000051aa      0x1ae Tasks/measure_temp_task.o
 .debug_line    0x00005358       0xae main.o
 .debug_line    0x00005406      0x12f ../../../stdio\libserialLib.a(stdio_driver.o)
 .debug_line    0x00005535      0x620 ../../../stdio\libserialLib.a(serial.o)
 .debug_line    0x00005b55      0x10e ../../../stdio\libserialLib.a(fifo.o)
 .debug_line    0x00005c63       0xff ../../../Iot driver Library\libIotLibrary.a(hal.o)
 .debug_line    0x00005d62      0x246 ../../../Iot driver Library\libIotLibrary.a(hih8120.o)
 .debug_line    0x00005fa8      0x32c ../../../Iot driver Library\libIotLibrary.a(led.o)
 .debug_line    0x000062d4      0x8df ../../../Iot driver Library\libIotLibrary.a(lora_driver.o)
 .debug_line    0x00006bb3      0x194 ../../../Iot driver Library\libIotLibrary.a(lora_driver_utils.o)
 .debug_line    0x00006d47      0x1af ../../../Iot driver Library\libIotLibrary.a(mega_register_access.o)
 .debug_line    0x00006ef6      0x2d6 ../../../Iot driver Library\libIotLibrary.a(mh_z19.o)
 .debug_line    0x000071cc      0x306 ../../../Iot driver Library\libIotLibrary.a(twi.o)

.debug_frame    0x00000000     0x2688
 *(.debug_frame)
 .debug_frame   0x00000000       0x34 Callbacks/measure_co2_callback.o
 .debug_frame   0x00000034       0x34 write_to_buffer.o
 .debug_frame   0x00000068       0x34 Callbacks/timer_5_mins_callback.o
 .debug_frame   0x0000009c       0x74 FreeRTOS/FreeRTOSTraceDriver/FreeRTOSTraceDriver.o
 .debug_frame   0x00000110       0x54 FreeRTOS/src/heap_3.o
 .debug_frame   0x00000164       0xb4 FreeRTOS/src/list.o
 .debug_frame   0x00000218       0xc4 FreeRTOS/src/port.o
 .debug_frame   0x000002dc      0x444 FreeRTOS/src/queue.o
 .debug_frame   0x00000720      0x3bc FreeRTOS/src/stream_buffer.o
 .debug_frame   0x00000adc      0x880 FreeRTOS/src/tasks.o
 .debug_frame   0x0000135c      0x35c FreeRTOS/src/timers.o
 .debug_frame   0x000016b8       0x74 FreeRTOS/src/variantHooks.o
 .debug_frame   0x0000172c       0x34 m_print.o
 .debug_frame   0x00001760       0x44 Setup/create_all_tasks.o
 .debug_frame   0x000017a4       0x3c Setup/create_all_timers.o
 .debug_frame   0x000017e0       0x34 Setup/lora_reset.o
 .debug_frame   0x00001814       0x34 Setup/lora_setup.o
 .debug_frame   0x00001848       0x34 Setup/global_init.o
 .debug_frame   0x0000187c       0x34 Tasks/lora_send_data_task.o
 .debug_frame   0x000018b0       0x34 Tasks/measure_co2_task.o
 .debug_frame   0x000018e4       0x34 Tasks/measure_temp_task.o
 .debug_frame   0x00001918       0x3c main.o
 .debug_frame   0x00001954       0x84 ../../../stdio\libserialLib.a(stdio_driver.o)
 .debug_frame   0x000019d8      0x384 ../../../stdio\libserialLib.a(serial.o)
 .debug_frame   0x00001d5c       0x24 ../../../stdio\libserialLib.a(fifo.o)
 .debug_frame   0x00001d80       0x24 ../../../Iot driver Library\libIotLibrary.a(hal.o)
 .debug_frame   0x00001da4       0xc0 ../../../Iot driver Library\libIotLibrary.a(hih8120.o)
 .debug_frame   0x00001e64      0x11c ../../../Iot driver Library\libIotLibrary.a(led.o)
 .debug_frame   0x00001f80      0x3d8 ../../../Iot driver Library\libIotLibrary.a(lora_driver.o)
 .debug_frame   0x00002358       0x48 ../../../Iot driver Library\libIotLibrary.a(lora_driver_utils.o)
 .debug_frame   0x000023a0       0xc4 ../../../Iot driver Library\libIotLibrary.a(mega_register_access.o)
 .debug_frame   0x00002464       0xf8 ../../../Iot driver Library\libIotLibrary.a(mh_z19.o)
 .debug_frame   0x0000255c      0x12c ../../../Iot driver Library\libIotLibrary.a(twi.o)

.debug_str      0x00000000     0x3fa7
 *(.debug_str)
 .debug_str     0x00000000      0x3e6 C:/Program Files (x86)/Atmel/Studio/7.0/Packs/atmel/ATmega_DFP/1.2.209/gcc/dev/atmega2560/avr6/crtatmega2560.o
 .debug_str     0x000003e6      0x166 Callbacks/measure_co2_callback.o
                                0x19f (size before relaxing)
 .debug_str     0x0000054c       0xd9 write_to_buffer.o
                                0x250 (size before relaxing)
 .debug_str     0x00000625       0x97 Callbacks/timer_5_mins_callback.o
                                0x234 (size before relaxing)
 .debug_str     0x000006bc       0x70 FreeRTOS/FreeRTOSTraceDriver/FreeRTOSTraceDriver.o
                                0x1b5 (size before relaxing)
 .debug_str     0x0000072c       0x69 FreeRTOS/src/heap_3.o
                                0x1bc (size before relaxing)
 .debug_str     0x00000795      0x140 FreeRTOS/src/list.o
                                0x2b2 (size before relaxing)
 .debug_str     0x000008d5      0x104 FreeRTOS/src/port.o
                                0x279 (size before relaxing)
 .debug_str     0x000009d9      0x59e FreeRTOS/src/queue.o
                                0x835 (size before relaxing)
 .debug_str     0x00000f77      0x4bb FreeRTOS/src/stream_buffer.o
                                0x743 (size before relaxing)
 .debug_str     0x00001432      0xca9 FreeRTOS/src/tasks.o
                               0x104f (size before relaxing)
 .debug_str     0x000020db      0x434 FreeRTOS/src/timers.o
                                0x721 (size before relaxing)
 .debug_str     0x0000250f       0x77 FreeRTOS/src/variantHooks.o
                                0x23e (size before relaxing)
 .debug_str     0x00002586       0x23 m_print.o
                                0x1c8 (size before relaxing)
 .debug_str     0x000025a9       0x46 Setup/create_all_tasks.o
                                0x1a5 (size before relaxing)
 .debug_str     0x000025ef       0x3d Setup/create_all_timers.o
                                0x1c8 (size before relaxing)
 .debug_str     0x0000262c       0x21 Setup/lora_reset.o
                                0x174 (size before relaxing)
 .debug_str     0x0000264d      0x1fa Setup/lora_setup.o
                                0x39f (size before relaxing)
 .debug_str     0x00002847       0xb3 Setup/global_init.o
                                0x2ee (size before relaxing)
 .debug_str     0x000028fa       0x6e Tasks/lora_send_data_task.o
                                0x2ea (size before relaxing)
 .debug_str     0x00002968       0x7d Tasks/measure_co2_task.o
                                0x294 (size before relaxing)
 .debug_str     0x000029e5       0x2f Tasks/measure_temp_task.o
                                0x2b4 (size before relaxing)
 .debug_str     0x00002a14       0x11 main.o
                                0x1a2 (size before relaxing)
 .debug_str     0x00002a25      0x2fd ../../../stdio\libserialLib.a(stdio_driver.o)
                                0x37b (size before relaxing)
 .debug_str     0x00002d22      0x2ef ../../../stdio\libserialLib.a(serial.o)
                                0x63c (size before relaxing)
 .debug_str     0x00003011       0x15 ../../../stdio\libserialLib.a(fifo.o)
                                0x23a (size before relaxing)
 .debug_str     0x00003026       0xce ../../../Iot driver Library\libIotLibrary.a(hal.o)
                                0x278 (size before relaxing)
 .debug_str     0x000030f4      0x24f ../../../Iot driver Library\libIotLibrary.a(hih8120.o)
                                0x44a (size before relaxing)
 .debug_str     0x00003343      0x122 ../../../Iot driver Library\libIotLibrary.a(led.o)
                                0x3d2 (size before relaxing)
 .debug_str     0x00003465      0x5f8 ../../../Iot driver Library\libIotLibrary.a(lora_driver.o)
                                0xc93 (size before relaxing)
 .debug_str     0x00003a5d       0x46 ../../../Iot driver Library\libIotLibrary.a(lora_driver_utils.o)
                                0x205 (size before relaxing)
 .debug_str     0x00003aa3       0xda ../../../Iot driver Library\libIotLibrary.a(mega_register_access.o)
                                0x252 (size before relaxing)
 .debug_str     0x00003b7d      0x147 ../../../Iot driver Library\libIotLibrary.a(mh_z19.o)
                                0x47a (size before relaxing)
 .debug_str     0x00003cc4      0x2e3 ../../../Iot driver Library\libIotLibrary.a(twi.o)
                                0x5a8 (size before relaxing)

.debug_loc      0x00000000     0x66f4
 *(.debug_loc)
 .debug_loc     0x00000000       0x48 Callbacks/measure_co2_callback.o
 .debug_loc     0x00000048       0x47 write_to_buffer.o
 .debug_loc     0x0000008f       0x48 Callbacks/timer_5_mins_callback.o
 .debug_loc     0x000000d7       0xcb FreeRTOS/FreeRTOSTraceDriver/FreeRTOSTraceDriver.o
 .debug_loc     0x000001a2       0x90 FreeRTOS/src/heap_3.o
 .debug_loc     0x00000232      0x167 FreeRTOS/src/list.o
 .debug_loc     0x00000399       0xf8 FreeRTOS/src/port.o
 .debug_loc     0x00000491      0x95b FreeRTOS/src/queue.o
 .debug_loc     0x00000dec      0x843 FreeRTOS/src/stream_buffer.o
 .debug_loc     0x0000162f     0x12c2 FreeRTOS/src/tasks.o
 .debug_loc     0x000028f1      0x74e FreeRTOS/src/timers.o
 .debug_loc     0x0000303f       0xc9 FreeRTOS/src/variantHooks.o
 .debug_loc     0x00003108       0x48 m_print.o
 .debug_loc     0x00003150       0x6f Setup/create_all_tasks.o
 .debug_loc     0x000031bf       0x55 Setup/create_all_timers.o
 .debug_loc     0x00003214       0x3b Setup/lora_reset.o
 .debug_loc     0x0000324f       0x48 Setup/lora_setup.o
 .debug_loc     0x00003297       0x3b Setup/global_init.o
 .debug_loc     0x000032d2       0x47 Tasks/lora_send_data_task.o
 .debug_loc     0x00003319       0x48 Tasks/measure_co2_task.o
 .debug_loc     0x00003361       0x48 Tasks/measure_temp_task.o
 .debug_loc     0x000033a9       0x55 main.o
 .debug_loc     0x000033fe      0x144 ../../../stdio\libserialLib.a(stdio_driver.o)
 .debug_loc     0x00003542     0x1080 ../../../stdio\libserialLib.a(serial.o)
 .debug_loc     0x000045c2      0x15e ../../../stdio\libserialLib.a(fifo.o)
 .debug_loc     0x00004720       0x2c ../../../Iot driver Library\libIotLibrary.a(hal.o)
 .debug_loc     0x0000474c       0x9f ../../../Iot driver Library\libIotLibrary.a(hih8120.o)
 .debug_loc     0x000047eb      0x390 ../../../Iot driver Library\libIotLibrary.a(led.o)
 .debug_loc     0x00004b7b      0xf7c ../../../Iot driver Library\libIotLibrary.a(lora_driver.o)
 .debug_loc     0x00005af7      0x1d2 ../../../Iot driver Library\libIotLibrary.a(lora_driver_utils.o)
 .debug_loc     0x00005cc9       0xe9 ../../../Iot driver Library\libIotLibrary.a(mega_register_access.o)
 .debug_loc     0x00005db2      0x3cd ../../../Iot driver Library\libIotLibrary.a(mh_z19.o)
 .debug_loc     0x0000617f      0x575 ../../../Iot driver Library\libIotLibrary.a(twi.o)

.debug_macinfo
 *(.debug_macinfo)

.debug_weaknames
 *(.debug_weaknames)

.debug_funcnames
 *(.debug_funcnames)

.debug_typenames
 *(.debug_typenames)

.debug_varnames
 *(.debug_varnames)

.debug_pubtypes
 *(.debug_pubtypes)

.debug_ranges   0x00000000      0x9e0
 *(.debug_ranges)
 .debug_ranges  0x00000000       0x10 Callbacks/measure_co2_callback.o
 .debug_ranges  0x00000010       0x10 write_to_buffer.o
 .debug_ranges  0x00000020       0x10 Callbacks/timer_5_mins_callback.o
 .debug_ranges  0x00000030       0x20 FreeRTOS/FreeRTOSTraceDriver/FreeRTOSTraceDriver.o
 .debug_ranges  0x00000050       0x18 FreeRTOS/src/heap_3.o
 .debug_ranges  0x00000068       0x30 FreeRTOS/src/list.o
 .debug_ranges  0x00000098       0x40 FreeRTOS/src/port.o
 .debug_ranges  0x000000d8      0x108 FreeRTOS/src/queue.o
 .debug_ranges  0x000001e0       0xc8 FreeRTOS/src/stream_buffer.o
 .debug_ranges  0x000002a8      0x200 FreeRTOS/src/tasks.o
 .debug_ranges  0x000004a8       0xc0 FreeRTOS/src/timers.o
 .debug_ranges  0x00000568       0x20 FreeRTOS/src/variantHooks.o
 .debug_ranges  0x00000588       0x10 m_print.o
 .debug_ranges  0x00000598       0x10 Setup/create_all_tasks.o
 .debug_ranges  0x000005a8       0x10 Setup/create_all_timers.o
 .debug_ranges  0x000005b8       0x10 Setup/lora_reset.o
 .debug_ranges  0x000005c8       0x10 Setup/lora_setup.o
 .debug_ranges  0x000005d8       0x10 Setup/global_init.o
 .debug_ranges  0x000005e8       0x10 Tasks/lora_send_data_task.o
 .debug_ranges  0x000005f8       0x10 Tasks/measure_co2_task.o
 .debug_ranges  0x00000608       0x10 Tasks/measure_temp_task.o
 .debug_ranges  0x00000618       0x10 main.o
 .debug_ranges  0x00000628       0x28 ../../../stdio\libserialLib.a(stdio_driver.o)
 .debug_ranges  0x00000650       0x98 ../../../stdio\libserialLib.a(serial.o)
 .debug_ranges  0x000006e8       0x10 ../../../stdio\libserialLib.a(fifo.o)
 .debug_ranges  0x000006f8       0x10 ../../../Iot driver Library\libIotLibrary.a(hal.o)
 .debug_ranges  0x00000708       0x58 ../../../Iot driver Library\libIotLibrary.a(hih8120.o)
 .debug_ranges  0x00000760       0x58 ../../../Iot driver Library\libIotLibrary.a(led.o)
 .debug_ranges  0x000007b8      0x118 ../../../Iot driver Library\libIotLibrary.a(lora_driver.o)
 .debug_ranges  0x000008d0       0x30 ../../../Iot driver Library\libIotLibrary.a(lora_driver_utils.o)
 .debug_ranges  0x00000900       0x60 ../../../Iot driver Library\libIotLibrary.a(mega_register_access.o)
 .debug_ranges  0x00000960       0x40 ../../../Iot driver Library\libIotLibrary.a(mh_z19.o)
 .debug_ranges  0x000009a0       0x40 ../../../Iot driver Library\libIotLibrary.a(twi.o)

.debug_macro
 *(.debug_macro)
OUTPUT(Sensors.elf elf32-avr)
LOAD linker stubs
