Archive member included to satisfy reference by file (symbol)

../../../stdio\libserialLib.a(stdio_driver.o)
                              Setup/driver_init.o (stdioCreate)
../../../stdio\libserialLib.a(serial.o)
                              ../../../stdio\libserialLib.a(stdio_driver.o) (serial_new_instance)
../../../stdio\libserialLib.a(fifo.o)
                              ../../../stdio\libserialLib.a(serial.o) (fifo_init)
../../../Iot driver Library\libIotLibrary.a(hal.o)
                              Setup/driver_init.o (hal_create)
../../../Iot driver Library\libIotLibrary.a(hih8120.o)
                              Setup/driver_init.o (hih8120Create)
../../../Iot driver Library\libIotLibrary.a(led.o)
                              ../../../Iot driver Library\libIotLibrary.a(hal.o) (led_create)
../../../Iot driver Library\libIotLibrary.a(lora_driver.o)
                              Tasks/lora_handler_task.o (lora_driver_flush_buffers)
../../../Iot driver Library\libIotLibrary.a(lora_driver_utils.o)
                              ../../../Iot driver Library\libIotLibrary.a(lora_driver.o) (decode_port_no)
../../../Iot driver Library\libIotLibrary.a(mega_register_access.o)
                              ../../../Iot driver Library\libIotLibrary.a(hal.o) (reg_read_register)
../../../Iot driver Library\libIotLibrary.a(mh_z19.o)
                              Setup/driver_init.o (mh_z19_create)
../../../Iot driver Library\libIotLibrary.a(twi.o)
                              ../../../Iot driver Library\libIotLibrary.a(hih8120.o) (twiCreate)
c:/program files (x86)/atmel/studio/7.0/toolchain/avr8/avr8-gnu-toolchain/bin/../lib/gcc/avr/5.4.0/avr6\libgcc.a(_udivmodsi4.o)
                              ../../../Iot driver Library\libIotLibrary.a(twi.o) (__udivmodsi4)
c:/program files (x86)/atmel/studio/7.0/toolchain/avr8/avr8-gnu-toolchain/bin/../lib/gcc/avr/5.4.0/avr6\libgcc.a(_exit.o)
                              C:/Program Files (x86)/Atmel/Studio/7.0/Packs/atmel/ATmega_DFP/1.2.209/gcc/dev/atmega2560/avr6/crtatmega2560.o (exit)
c:/program files (x86)/atmel/studio/7.0/toolchain/avr8/avr8-gnu-toolchain/bin/../lib/gcc/avr/5.4.0/avr6\libgcc.a(_tablejump2.o)
                              FreeRTOS/src/timers.o (__tablejump2__)
c:/program files (x86)/atmel/studio/7.0/toolchain/avr8/avr8-gnu-toolchain/bin/../lib/gcc/avr/5.4.0/avr6\libgcc.a(_copy_data.o)
                              Callbacks/measure_co2_callback.o (__do_copy_data)
c:/program files (x86)/atmel/studio/7.0/toolchain/avr8/avr8-gnu-toolchain/bin/../lib/gcc/avr/5.4.0/avr6\libgcc.a(_clear_bss.o)
                              Callbacks/measure_co2_callback.o (__do_clear_bss)
c:/program files (x86)/atmel/studio/7.0/toolchain/avr8/avr8-gnu-toolchain/bin/../lib/gcc/avr/5.4.0/../../../../avr/lib/avr6\libm.a(addsf3.o)
                              ../../../stdio\libserialLib.a(serial.o) (__subsf3)
c:/program files (x86)/atmel/studio/7.0/toolchain/avr8/avr8-gnu-toolchain/bin/../lib/gcc/avr/5.4.0/../../../../avr/lib/avr6\libm.a(addsf3x.o)
                              c:/program files (x86)/atmel/studio/7.0/toolchain/avr8/avr8-gnu-toolchain/bin/../lib/gcc/avr/5.4.0/../../../../avr/lib/avr6\libm.a(addsf3.o) (__addsf3x)
c:/program files (x86)/atmel/studio/7.0/toolchain/avr8/avr8-gnu-toolchain/bin/../lib/gcc/avr/5.4.0/../../../../avr/lib/avr6\libm.a(divsf3.o)
                              ../../../stdio\libserialLib.a(serial.o) (__divsf3)
c:/program files (x86)/atmel/studio/7.0/toolchain/avr8/avr8-gnu-toolchain/bin/../lib/gcc/avr/5.4.0/../../../../avr/lib/avr6\libm.a(divsf3x.o)
                              c:/program files (x86)/atmel/studio/7.0/toolchain/avr8/avr8-gnu-toolchain/bin/../lib/gcc/avr/5.4.0/../../../../avr/lib/avr6\libm.a(divsf3.o) (__divsf3x)
c:/program files (x86)/atmel/studio/7.0/toolchain/avr8/avr8-gnu-toolchain/bin/../lib/gcc/avr/5.4.0/../../../../avr/lib/avr6\libm.a(fixsfsi.o)
                              ../../../Iot driver Library\libIotLibrary.a(hih8120.o) (__fixsfsi)
c:/program files (x86)/atmel/studio/7.0/toolchain/avr8/avr8-gnu-toolchain/bin/../lib/gcc/avr/5.4.0/../../../../avr/lib/avr6\libm.a(fixunssfsi.o)
                              ../../../stdio\libserialLib.a(serial.o) (__fixunssfsi)
c:/program files (x86)/atmel/studio/7.0/toolchain/avr8/avr8-gnu-toolchain/bin/../lib/gcc/avr/5.4.0/../../../../avr/lib/avr6\libm.a(floatsisf.o)
                              ../../../stdio\libserialLib.a(serial.o) (__floatunsisf)
c:/program files (x86)/atmel/studio/7.0/toolchain/avr8/avr8-gnu-toolchain/bin/../lib/gcc/avr/5.4.0/../../../../avr/lib/avr6\libm.a(fp_inf.o)
                              c:/program files (x86)/atmel/studio/7.0/toolchain/avr8/avr8-gnu-toolchain/bin/../lib/gcc/avr/5.4.0/../../../../avr/lib/avr6\libm.a(addsf3x.o) (__fp_inf)
c:/program files (x86)/atmel/studio/7.0/toolchain/avr8/avr8-gnu-toolchain/bin/../lib/gcc/avr/5.4.0/../../../../avr/lib/avr6\libm.a(fp_nan.o)
[...]
Memory Configuration

Name             Origin             Length             Attributes
text             0x00000000         0x00100000         xr
data             0x00800200         0x0000fe00         rw !x
eeprom           0x00810000         0x00010000         rw !x
fuse             0x00820000         0x00000003         rw !x
lock             0x00830000         0x00000400         rw !x
signature        0x00840000         0x00000400         rw !x
user_signatures  0x00850000         0x00000400         rw !x
*default*        0x00000000         0xffffffff

Linker script and memory map

Address of section .data set to 0x800200
LOAD C:/Program Files (x86)/Atmel/Studio/7.0/Packs/atmel/ATmega_DFP/1.2.209/gcc/dev/atmega2560/avr6/crtatmega2560.o
LOAD Callbacks/measure_co2_callback.o
LOAD Callbacks/measure_co2_timer_callback.o
LOAD Callbacks/print_co2_timer_callback.o
LOAD Callbacks/print_temp_timer_callback.o
LOAD Callbacks/measure_temp_timer_callback.o
LOAD Setup/create_all_tasks.o
LOAD Setup/create_all_timers.o
LOAD Setup/lora_setup.o
LOAD Setup/driver_init.o
LOAD Tasks/lora_handler_task.o
LOAD Tasks/measure_co2_task.o
LOAD Tasks/measure_temp_task.o
LOAD Tasks/print_co2_task.o
LOAD Tasks/print_temp_task.o
LOAD FreeRTOS/FreeRTOSTraceDriver/FreeRTOSTraceDriver.o
LOAD FreeRTOS/src/croutine.o
LOAD FreeRTOS/src/event_groups.o
LOAD FreeRTOS/src/heap_3.o
LOAD FreeRTOS/src/list.o
LOAD FreeRTOS/src/port.o
LOAD FreeRTOS/src/queue.o
LOAD FreeRTOS/src/stream_buffer.o
LOAD FreeRTOS/src/tasks.o
LOAD FreeRTOS/src/timers.o
LOAD FreeRTOS/src/variantHooks.o
LOAD main.o
START GROUP
LOAD ../../../stdio\libserialLib.a
LOAD ../../../Iot driver Library\libIotLibrary.a
END GROUP
START GROUP
LOAD c:/program files (x86)/atmel/studio/7.0/toolchain/avr8/avr8-gnu-toolchain/bin/../lib/gcc/avr/5.4.0/avr6\libgcc.a
LOAD c:/program files (x86)/atmel/studio/7.0/toolchain/avr8/avr8-gnu-toolchain/bin/../lib/gcc/avr/5.4.0/../../../../avr/lib/avr6\libm.a
LOAD c:/program files (x86)/atmel/studio/7.0/toolchain/avr8/avr8-gnu-toolchain/bin/../lib/gcc/avr/5.4.0/../../../../avr/lib/avr6\libc.a
LOAD C:/Program Files (x86)/Atmel/Studio/7.0/Packs/atmel/ATmega_DFP/1.2.209/gcc/dev/atmega2560/avr6\libatmega2560.a
END GROUP
                0x00100000                __TEXT_REGION_LENGTH__ = DEFINED (__TEXT_REGION_LENGTH__)?__TEXT_REGION_LENGTH__:0x100000
                0x0000fe00                __DATA_REGION_LENGTH__ = DEFINED (__DATA_REGION_LENGTH__)?__DATA_REGION_LENGTH__:0xfe00
                0x00010000                __EEPROM_REGION_LENGTH__ = DEFINED (__EEPROM_REGION_LENGTH__)?__EEPROM_REGION_LENGTH__:0x10000
                [0x00000003]                __FUSE_REGION_LENGTH__ = DEFINED (__FUSE_REGION_LENGTH__)?__FUSE_REGION_LENGTH__:0x400
                0x00000400                __LOCK_REGION_LENGTH__ = DEFINED (__LOCK_REGION_LENGTH__)?__LOCK_REGION_LENGTH__:0x400
                0x00000400                __SIGNATURE_REGION_LENGTH__ = DEFINED (__SIGNATURE_REGION_LENGTH__)?__SIGNATURE_REGION_LENGTH__:0x400
                0x00000400                __USER_SIGNATURE_REGION_LENGTH__ = DEFINED (__USER_SIGNATURE_REGION_LENGTH__)?__USER_SIGNATURE_REGION_LENGTH__:0x400

.hash
 *(.hash)

.dynsym
 *(.dynsym)

.dynstr
 *(.dynstr)

.gnu.version
 *(.gnu.version)

.gnu.version_d
 *(.gnu.version_d)

.gnu.version_r
 *(.gnu.version_r)

.rel.init
 *(.rel.init)

.rela.init
 *(.rela.init)

.rel.text
 *(.rel.text)
 *(.rel.text.*)
 *(.rel.gnu.linkonce.t*)

.rela.text
 *(.rela.text)
 *(.rela.text.*)
 *(.rela.gnu.linkonce.t*)

.rel.fini
 *(.rel.fini)

.rela.fini
 *(.rela.fini)

.rel.rodata
 *(.rel.rodata)
 *(.rel.rodata.*)
 *(.rel.gnu.linkonce.r*)

.rela.rodata
 *(.rela.rodata)
 *(.rela.rodata.*)
 *(.rela.gnu.linkonce.r*)

.rel.data
 *(.rel.data)
 *(.rel.data.*)
 *(.rel.gnu.linkonce.d*)

.rela.data
 *(.rela.data)
 *(.rela.data.*)
 *(.rela.gnu.linkonce.d*)

.rel.ctors
 *(.rel.ctors)

.rela.ctors
 *(.rela.ctors)

.rel.dtors
 *(.rel.dtors)

.rela.dtors
 *(.rela.dtors)

.rel.got
 *(.rel.got)

.rela.got
 *(.rela.got)

.rel.bss
 *(.rel.bss)

.rela.bss
 *(.rela.bss)

.rel.plt
 *(.rel.plt)

.rela.plt
 *(.rela.plt)

.text           0x00000000     0x45f4
 *(.vectors)
 .vectors       0x00000000       0xe4 C:/Program Files (x86)/Atmel/Studio/7.0/Packs/atmel/ATmega_DFP/1.2.209/gcc/dev/atmega2560/avr6/crtatmega2560.o
                0x00000000                __vector_default
                0x00000000                __vectors
 *(.vectors)
 *(.progmem.gcc*)
 .progmem.gcc_sw_table
                0x000000e4       0x14 FreeRTOS/src/timers.o
 .progmem.gcc_sw_table.__vector_39
                0x000000f8       0xa2 ../../../Iot driver Library\libIotLibrary.a(twi.o)
                0x0000019a                . = ALIGN (0x2)
                0x0000019a                __trampolines_start = .
 *(.trampolines)
 .trampolines   0x0000019a        0x0 linker stubs
 *(.trampolines*)
                0x0000019a                __trampolines_end = .
 *libprintf_flt.a:*(.progmem.data)
 *libc.a:*(.progmem.data)
 *(.progmem*)
                0x0000019a                . = ALIGN (0x2)
 *(.jumptables)
 *(.jumptables*)
 *(.lowtext)
 .lowtext       0x0000019a       0x6c FreeRTOS/src/tasks.o
 .lowtext       0x00000206      0x206 FreeRTOS/src/timers.o
 *(.lowtext*)
                0x0000040c                __ctors_start = .
 *(.ctors)
                0x0000040c                __ctors_end = .
                0x0000040c                __dtors_start = .
 *(.dtors)
                0x0000040c                __dtors_end = .
 SORT(*)(.ctors)
 SORT(*)(.dtors)
 *(.init0)
 .init0         0x0000040c        0x0 C:/Program Files (x86)/Atmel/Studio/7.0/Packs/atmel/ATmega_DFP/1.2.209/gcc/dev/atmega2560/avr6/crtatmega2560.o
                0x0000040c                __init
 *(.init0)
 *(.init1)
 *(.init1)
 *(.init2)
 .init2         0x0000040c       0x10 C:/Program Files (x86)/Atmel/Studio/7.0/Packs/atmel/ATmega_DFP/1.2.209/gcc/dev/atmega2560/avr6/crtatmega2560.o
 *(.init2)
 *(.init3)
 *(.init3)
 *(.init4)
 .init4         0x0000041c       0x1a c:/program files (x86)/atmel/studio/7.0/toolchain/avr8/avr8-gnu-toolchain/bin/../lib/gcc/avr/5.4.0/avr6\libgcc.a(_copy_data.o)
                0x0000041c                __do_copy_data
 .init4         0x00000436       0x10 c:/program files (x86)/atmel/studio/7.0/toolchain/avr8/avr8-gnu-toolchain/bin/../lib/gcc/avr/5.4.0/avr6\libgcc.a(_clear_bss.o)
                0x00000436                __do_clear_bss
 *(.init4)
 *(.init5)
 *(.init5)
 *(.init6)
 *(.init6)
 *(.init7)
 *(.init7)
 *(.init8)
 *(.init8)
 *(.init9)
 .init9         0x00000446        0x8 C:/Program Files (x86)/Atmel/Studio/7.0/Packs/atmel/ATmega_DFP/1.2.209/gcc/dev/atmega2560/avr6/crtatmega2560.o
 *(.init9)
 *(.text)
 .text          0x0000044e        0x2 C:/Program Files (x86)/Atmel/Studio/7.0/Packs/atmel/ATmega_DFP/1.2.209/gcc/dev/atmega2560/avr6/crtatmega2560.o
                0x0000044e                __vector_38
                0x0000044e                __vector_22
                0x0000044e                __vector_28
                0x0000044e                __vector_1
                0x0000044e                __vector_32
                0x0000044e                __vector_34
                0x0000044e                __vector_24
                0x0000044e                __vector_46
                0x0000044e                __bad_interrupt
                0x0000044e                __vector_6
                0x0000044e                __vector_31
                0x0000044e                __vector_35
                0x0000044e                __vector_3
                0x0000044e                __vector_23
                0x0000044e                __vector_30
                0x0000044e                __vector_45
                0x0000044e                __vector_11
                0x0000044e                __vector_13
                0x0000044e                __vector_17
                0x0000044e                __vector_19
                0x0000044e                __vector_56
                0x0000044e                __vector_7
                0x0000044e                __vector_49
                0x0000044e                __vector_41
                0x0000044e                __vector_43
                0x0000044e                __vector_27
                0x0000044e                __vector_5
                0x0000044e                __vector_33
                0x0000044e                __vector_47
                0x0000044e                __vector_4
                0x0000044e                __vector_44
                0x0000044e                __vector_9
                0x0000044e                __vector_2
                0x0000044e                __vector_21
                0x0000044e                __vector_15
                0x0000044e                __vector_29
                0x0000044e                __vector_40
                0x0000044e                __vector_8
                0x0000044e                __vector_48
                0x0000044e                __vector_14
                0x0000044e                __vector_53
                0x0000044e                __vector_10
                0x0000044e                __vector_50
                0x0000044e                __vector_16
                0x0000044e                __vector_18
                0x0000044e                __vector_20
                0x0000044e                __vector_42
                0x00000450                . = ALIGN (0x2)
 *(.text.*)
 .text.measure_co2_callback
                0x00000450       0x60 Callbacks/measure_co2_callback.o
                0x00000450                measure_co2_callback
 .text.measure_co2_timer_callback
                0x000004b0       0x16 Callbacks/measure_co2_timer_callback.o
                0x000004b0                measure_co2_timer_callback
 .text.create_all_tasks
                0x000004c6       0x3c Setup/create_all_tasks.o
                0x000004c6                create_all_tasks
 .text.create_all_timers
                0x00000502       0x42 Setup/create_all_timers.o
                0x00000502                create_all_timers
 .text.driver_init
                0x00000544       0xe6 Setup/driver_init.o
                0x00000544                driver_init
 .text.measure_co2_task
                0x0000062a       0x20 Tasks/measure_co2_task.o
                0x0000062a                measure_co2_task
 .text.print_co2_task
                0x0000064a       0x6c Tasks/print_co2_task.o
                0x0000064a                print_co2_task
 .text.task_switch_in
                0x000006b6       0x14 FreeRTOS/FreeRTOSTraceDriver/FreeRTOSTraceDriver.o
                0x000006b6                task_switch_in
 .text.task_switch_out
                0x000006ca        0xc FreeRTOS/FreeRTOSTraceDriver/FreeRTOSTraceDriver.o
                0x000006ca                task_switch_out
 .text.pvPortMalloc
                0x000006d6       0x26 FreeRTOS/src/heap_3.o
                0x000006d6                pvPortMalloc
 .text.vPortFree
                0x000006fc       0x1e FreeRTOS/src/heap_3.o
                0x000006fc                vPortFree
 .text.vListInitialise
                0x0000071a       0x1c FreeRTOS/src/list.o
                0x0000071a                vListInitialise
 .text.vListInitialiseItem
                0x00000736        0x8 FreeRTOS/src/list.o
                0x00000736                vListInitialiseItem
 .text.vListInsertEnd
                0x0000073e       0x42 FreeRTOS/src/list.o
                0x0000073e                vListInsertEnd
 .text.vListInsert
                0x00000780       0x62 FreeRTOS/src/list.o
                0x00000780                vListInsert
 .text.uxListRemove
                0x000007e2       0x4e FreeRTOS/src/list.o
                0x000007e2                uxListRemove
 .text.pxPortInitialiseStack
                0x00000830       0xe4 FreeRTOS/src/port.o
                0x00000830                pxPortInitialiseStack
 .text.xPortStartScheduler
                0x00000914       0x78 FreeRTOS/src/port.o
                0x00000914                xPortStartScheduler
 .text.vPortYield
                0x0000098c       0xc2 FreeRTOS/src/port.o
                0x0000098c                vPortYield
 .text.vPortYieldFromTick
                0x00000a4e       0xca FreeRTOS/src/port.o
                0x00000a4e                vPortYieldFromTick
 .text.__vector_12
                0x00000b18        0x4 FreeRTOS/src/port.o
                0x00000b18                __vector_12
 .text.prvIsQueueEmpty
                0x00000b1c       0x16 FreeRTOS/src/queue.o
 .text.prvCopyDataToQueue
                0x00000b32       0xbe FreeRTOS/src/queue.o
 .text.prvCopyDataFromQueue
                0x00000bf0       0x34 FreeRTOS/src/queue.o
 .text.prvUnlockQueue
                0x00000c24       0x9a FreeRTOS/src/queue.o
 .text.xQueueGenericReset
                0x00000cbe       0x86 FreeRTOS/src/queue.o
                0x00000cbe                xQueueGenericReset
 .text.xQueueGenericCreate
                0x00000d44       0x5c FreeRTOS/src/queue.o
                0x00000d44                xQueueGenericCreate
 .text.xQueueGenericSend
                0x00000da0      0x12c FreeRTOS/src/queue.o
                0x00000da0                xQueueGenericSend
 .text.xQueueCreateMutex
                0x00000ecc       0x30 FreeRTOS/src/queue.o
                0x00000ecc                xQueueCreateMutex
 .text.xQueueGenericSendFromISR
                0x00000efc       0x70 FreeRTOS/src/queue.o
                0x00000efc                xQueueGenericSendFromISR
 .text.xQueueReceive
                0x00000f6c      0x112 FreeRTOS/src/queue.o
                0x00000f6c                xQueueReceive
 .text.xQueueSemaphoreTake
                0x0000107e      0x17a FreeRTOS/src/queue.o
                0x0000107e                xQueueSemaphoreTake
 .text.vQueueWaitForMessageRestricted
                0x000011f8       0x36 FreeRTOS/src/queue.o
                0x000011f8                vQueueWaitForMessageRestricted
 .text.prvBytesInBuffer
                0x0000122e       0x26 FreeRTOS/src/stream_buffer.o
 .text.prvWriteBytesToBuffer
                0x00001254       0x92 FreeRTOS/src/stream_buffer.o
 .text.prvWriteMessageToBuffer
                0x000012e6       0x80 FreeRTOS/src/stream_buffer.o
 .text.prvReadBytesFromBuffer
                0x00001366       0x9c FreeRTOS/src/stream_buffer.o
 .text.xStreamBufferGenericCreate
                0x00001402       0x58 FreeRTOS/src/stream_buffer.o
                0x00001402                xStreamBufferGenericCreate
 .text.xStreamBufferSpacesAvailable
                0x0000145a       0x24 FreeRTOS/src/stream_buffer.o
                0x0000145a                xStreamBufferSpacesAvailable
 .text.xStreamBufferSend
                0x0000147e      0x132 FreeRTOS/src/stream_buffer.o
                0x0000147e                xStreamBufferSend
 .text.xStreamBufferSendFromISR
                0x000015b0       0x84 FreeRTOS/src/stream_buffer.o
                0x000015b0                xStreamBufferSendFromISR
 .text.xStreamBufferReceive
                0x00001634      0x134 FreeRTOS/src/stream_buffer.o
                0x00001634                xStreamBufferReceive
 .text.prvResetNextTaskUnblockTime
                0x00001768       0x3e FreeRTOS/src/tasks.o
 .text.prvAddCurrentTaskToDelayedList
                0x000017a6       0xae FreeRTOS/src/tasks.o
 .text.xTaskCreate
                0x00001854      0x23e FreeRTOS/src/tasks.o
                0x00001854                xTaskCreate
 .text.vTaskStartScheduler
                0x00001a92       0x66 FreeRTOS/src/tasks.o
                0x00001a92                vTaskStartScheduler
 .text.vTaskSuspendAll
                0x00001af8        0xc FreeRTOS/src/tasks.o
                0x00001af8                vTaskSuspendAll
 .text.xTaskGetTickCount
                0x00001b04       0x14 FreeRTOS/src/tasks.o
                0x00001b04                xTaskGetTickCount
 .text.xTaskIncrementTick
                0x00001b18      0x174 FreeRTOS/src/tasks.o
                0x00001b18                xTaskIncrementTick
 .text.xTaskResumeAll
                0x00001c8c       0xfa FreeRTOS/src/tasks.o
                0x00001c8c                xTaskResumeAll
 .text.vTaskDelay
                0x00001d86       0x22 FreeRTOS/src/tasks.o
                0x00001d86                vTaskDelay
 .text.vTaskSwitchContext
                0x00001da8      0x11c FreeRTOS/src/tasks.o
                0x00001da8                vTaskSwitchContext
 .text.vTaskPlaceOnEventList
                0x00001ec4       0x22 FreeRTOS/src/tasks.o
                0x00001ec4                vTaskPlaceOnEventList
 .text.vTaskPlaceOnEventListRestricted
                0x00001ee6       0x30 FreeRTOS/src/tasks.o
                0x00001ee6                vTaskPlaceOnEventListRestricted
 .text.xTaskRemoveFromEventList
                0x00001f16       0x90 FreeRTOS/src/tasks.o
                0x00001f16                xTaskRemoveFromEventList
 .text.vTaskSetTimeOutState
                0x00001fa6       0x20 FreeRTOS/src/tasks.o
                0x00001fa6                vTaskSetTimeOutState
 .text.vTaskInternalSetTimeOutState
                0x00001fc6       0x16 FreeRTOS/src/tasks.o
                0x00001fc6                vTaskInternalSetTimeOutState
 .text.xTaskCheckForTimeOut
                0x00001fdc       0x6a FreeRTOS/src/tasks.o
                0x00001fdc                xTaskCheckForTimeOut
 .text.vTaskMissedYield
                0x00002046        0x8 FreeRTOS/src/tasks.o
                0x00002046                vTaskMissedYield
 .text.xTaskGetCurrentTaskHandle
                0x0000204e        0xa FreeRTOS/src/tasks.o
                0x0000204e                xTaskGetCurrentTaskHandle
 .text.xTaskGetSchedulerState
                0x00002058       0x1c FreeRTOS/src/tasks.o
                0x00002058                xTaskGetSchedulerState
 .text.xTaskPriorityInherit
                0x00002074       0xe4 FreeRTOS/src/tasks.o
                0x00002074                xTaskPriorityInherit
 .text.xTaskPriorityDisinherit
                0x00002158       0x80 FreeRTOS/src/tasks.o
                0x00002158                xTaskPriorityDisinherit
 .text.vTaskPriorityDisinheritAfterTimeout
                0x000021d8       0xa0 FreeRTOS/src/tasks.o
                0x000021d8                vTaskPriorityDisinheritAfterTimeout
 .text.pvTaskIncrementMutexHeldCount
                0x00002278       0x24 FreeRTOS/src/tasks.o
                0x00002278                pvTaskIncrementMutexHeldCount
 .text.xTaskNotifyWait
                0x0000229c      0x106 FreeRTOS/src/tasks.o
                0x0000229c                xTaskNotifyWait
 .text.xTaskGenericNotify
                0x000023a2       0xfc FreeRTOS/src/tasks.o
                0x000023a2                xTaskGenericNotify
 .text.xTaskGenericNotifyFromISR
                0x0000249e      0x120 FreeRTOS/src/tasks.o
                0x0000249e                xTaskGenericNotifyFromISR
 .text.xTaskNotifyStateClear
                0x000025be       0x28 FreeRTOS/src/tasks.o
                0x000025be                xTaskNotifyStateClear
 .text.prvInsertTimerInActiveList
                0x000025e6       0x5e FreeRTOS/src/timers.o
 .text.prvCheckForValidListAndQueue
                0x00002644       0x52 FreeRTOS/src/timers.o
 .text.xTimerCreateTimerTask
                0x00002696       0x40 FreeRTOS/src/timers.o
                0x00002696                xTimerCreateTimerTask
 .text.xTimerCreate
                0x000026d6       0x6c FreeRTOS/src/timers.o
                0x000026d6                xTimerCreate
 .text.xTimerGenericCommand
                0x00002742       0x8e FreeRTOS/src/timers.o
                0x00002742                xTimerGenericCommand
 .text.prvSampleTimeNow
                0x000027d0       0xdc FreeRTOS/src/timers.o
 .text.vApplicationIdleHook
                0x000028ac        0x2 FreeRTOS/src/variantHooks.o
                0x000028ac                vApplicationIdleHook
 .text.vApplicationMallocFailedHook
                0x000028ae       0x1a FreeRTOS/src/variantHooks.o
                0x000028ae                vApplicationMallocFailedHook
 .text.vApplicationStackOverflowHook
                0x000028c8       0x1a FreeRTOS/src/variantHooks.o
                0x000028c8                vApplicationStackOverflowHook
 .text.main     0x000028e2       0x3e main.o
                0x000028e2                main
 .text.usart_getchar
                0x00002920       0x2a ../../../stdio\libserialLib.a(stdio_driver.o)
 .text.usart_putchar
                0x0000294a       0x12 ../../../stdio\libserialLib.a(stdio_driver.o)
 .text.stdioCreate
                0x0000295c       0x52 ../../../stdio\libserialLib.a(stdio_driver.o)
                0x0000295c                stdioCreate
 .text.serial_new_instance
                0x000029ae      0x13c ../../../stdio\libserialLib.a(serial.o)
                0x000029ae                serial_new_instance
 .text.serial_send_byte
                0x00002aea       0x4a ../../../stdio\libserialLib.a(serial.o)
                0x00002aea                serial_send_byte
 .text.serial_send_bytes
                0x00002b34       0xa0 ../../../stdio\libserialLib.a(serial.o)
                0x00002b34                serial_send_bytes
 .text.serial_get_byte
                0x00002bd4       0x38 ../../../stdio\libserialLib.a(serial.o)
                0x00002bd4                serial_get_byte
 .text.__vector_25
                0x00002c0c       0xa4 ../../../stdio\libserialLib.a(serial.o)
                0x00002c0c                __vector_25
 .text.__vector_26
                0x00002cb0       0x88 ../../../stdio\libserialLib.a(serial.o)
                0x00002cb0                __vector_26
 .text.__vector_36
                0x00002d38       0xa4 ../../../stdio\libserialLib.a(serial.o)
                0x00002d38                __vector_36
 .text.__vector_37
                0x00002ddc       0x88 ../../../stdio\libserialLib.a(serial.o)
                0x00002ddc                __vector_37
 .text.__vector_51
                0x00002e64       0xa4 ../../../stdio\libserialLib.a(serial.o)
                0x00002e64                __vector_51
 .text.__vector_52
                0x00002f08       0x88 ../../../stdio\libserialLib.a(serial.o)
                0x00002f08                __vector_52
 .text.__vector_54
                0x00002f90       0xa4 ../../../stdio\libserialLib.a(serial.o)
                0x00002f90                __vector_54
 .text.__vector_55
                0x00003034       0x88 ../../../stdio\libserialLib.a(serial.o)
                0x00003034                __vector_55
 .text.fifo_init
                0x000030bc       0x38 ../../../stdio\libserialLib.a(fifo.o)
                0x000030bc                fifo_init
 .text.hal_create
                0x000030f4       0x64 ../../../Iot driver Library\libIotLibrary.a(hal.o)
                0x000030f4                hal_create
 .text._hihTwiCallback
                0x00003158       0x5a ../../../Iot driver Library\libIotLibrary.a(hih8120.o)
 .text.hih8120Create
                0x000031b2       0x2e ../../../Iot driver Library\libIotLibrary.a(hih8120.o)
                0x000031b2                hih8120Create
 .text._turn_off
                0x000031e0       0x5c ../../../Iot driver Library\libIotLibrary.a(led.o)
 .text._turn_on
                0x0000323c       0x5c ../../../Iot driver Library\libIotLibrary.a(led.o)
 .text._hal_led_task
                0x00003298       0x86 ../../../Iot driver Library\libIotLibrary.a(led.o)
 .text.led_create
                0x0000331e      0x10a ../../../Iot driver Library\libIotLibrary.a(led.o)
                0x0000331e                led_create
 .text._serial_call_back
                0x00003428       0x8c ../../../Iot driver Library\libIotLibrary.a(lora_driver.o)
 .text.lora_driver_create
                0x000034b4       0x78 ../../../Iot driver Library\libIotLibrary.a(lora_driver.o)
                0x000034b4                lora_driver_create
 .text.reg_read_register
                0x0000352c        0x6 ../../../Iot driver Library\libIotLibrary.a(mega_register_access.o)
                0x0000352c                reg_read_register
 .text.reg_read_bit
                0x00003532       0x16 ../../../Iot driver Library\libIotLibrary.a(mega_register_access.o)
                0x00003532                reg_read_bit
 .text.reg_read_bits
                0x00003548        0x8 ../../../Iot driver Library\libIotLibrary.a(mega_register_access.o)
                0x00003548                reg_read_bits
 .text.reg_set_register
                0x00003550        0x6 ../../../Iot driver Library\libIotLibrary.a(mega_register_access.o)
                0x00003550                reg_set_register
 .text.reg_clear_register
                0x00003556        0x6 ../../../Iot driver Library\libIotLibrary.a(mega_register_access.o)
                0x00003556                reg_clear_register
 .text.reg_set_bit
                0x0000355c       0x18 ../../../Iot driver Library\libIotLibrary.a(mega_register_access.o)
                0x0000355c                reg_set_bit
 .text.reg_set_bits
                0x00003574        0xa ../../../Iot driver Library\libIotLibrary.a(mega_register_access.o)
                0x00003574                reg_set_bits
 .text.reg_toggle_bit
                0x0000357e       0x18 ../../../Iot driver Library\libIotLibrary.a(mega_register_access.o)
                0x0000357e                reg_toggle_bit
 .text.reg_toggle_bits
                0x00003596        0xa ../../../Iot driver Library\libIotLibrary.a(mega_register_access.o)
                0x00003596                reg_toggle_bits
 .text.reg_clear_bit
                0x000035a0       0x1a ../../../Iot driver Library\libIotLibrary.a(mega_register_access.o)
                0x000035a0                reg_clear_bit
 .text.reg_clear_bits
                0x000035ba        0xc ../../../Iot driver Library\libIotLibrary.a(mega_register_access.o)
                0x000035ba                reg_clear_bits
 .text._serial_call_back
                0x000035c6       0xb6 ../../../Iot driver Library\libIotLibrary.a(mh_z19.o)
 .text.mh_z19_create
                0x0000367c       0x5c ../../../Iot driver Library\libIotLibrary.a(mh_z19.o)
                0x0000367c                mh_z19_create
 .text.mh_z19_take_meassuring
                0x000036d8       0x5e ../../../Iot driver Library\libIotLibrary.a(mh_z19.o)
                0x000036d8                mh_z19_take_meassuring
 .text.twiCreate
                0x00003736       0x9a ../../../Iot driver Library\libIotLibrary.a(twi.o)
                0x00003736                twiCreate
 .text.__vector_39
                0x000037d0      0x17a ../../../Iot driver Library\libIotLibrary.a(twi.o)
                0x000037d0                __vector_39
 .text.libgcc.div
                0x0000394a       0x44 c:/program files (x86)/atmel/studio/7.0/toolchain/avr8/avr8-gnu-toolchain/bin/../lib/gcc/avr/5.4.0/avr6\libgcc.a(_udivmodsi4.o)
                0x0000394a                __udivmodsi4
 .text.libgcc   0x0000398e       0x10 c:/program files (x86)/atmel/studio/7.0/toolchain/avr8/avr8-gnu-toolchain/bin/../lib/gcc/avr/5.4.0/avr6\libgcc.a(_tablejump2.o)
                0x0000398e                __tablejump2__
 .text.avr-libc.fplib
                0x0000399e        0xa c:/program files (x86)/atmel/studio/7.0/toolchain/avr8/avr8-gnu-toolchain/bin/../lib/gcc/avr/5.4.0/../../../../avr/lib/avr6\libm.a(addsf3.o)
                0x0000399e                __subsf3
                0x000039a0                __addsf3
 .text.avr-libc.fplib
                0x000039a8       0xc0 c:/program files (x86)/atmel/studio/7.0/toolchain/avr8/avr8-gnu-toolchain/bin/../lib/gcc/avr/5.4.0/../../../../avr/lib/avr6\libm.a(addsf3x.o)
                0x000039c2                __addsf3x
 .text.avr-libc.fplib
                0x00003a68        0x4 c:/program files (x86)/atmel/studio/7.0/toolchain/avr8/avr8-gnu-toolchain/bin/../lib/gcc/avr/5.4.0/../../../../avr/lib/avr6\libm.a(divsf3.o)
                0x00003a68                __divsf3
 .text.avr-libc.fplib
                0x00003a6c       0xcc c:/program files (x86)/atmel/studio/7.0/toolchain/avr8/avr8-gnu-toolchain/bin/../lib/gcc/avr/5.4.0/../../../../avr/lib/avr6\libm.a(divsf3x.o)
                0x00003a82                __divsf3x
                0x00003a86                __divsf3_pse
 .text.avr-libc.fplib
                0x00003b38       0x58 c:/program files (x86)/atmel/studio/7.0/toolchain/avr8/avr8-gnu-toolchain/bin/../lib/gcc/avr/5.4.0/../../../../avr/lib/avr6\libm.a(fixunssfsi.o)
                0x00003b38                __fixunssfsi
 .text.avr-libc.fplib
                0x00003b90       0x7a c:/program files (x86)/atmel/studio/7.0/toolchain/avr8/avr8-gnu-toolchain/bin/../lib/gcc/avr/5.4.0/../../../../avr/lib/avr6\libm.a(floatsisf.o)
                0x00003b90                __floatunsisf
                0x00003b94                __floatsisf
 .text.avr-libc.fplib
                0x00003c0a        0xc c:/program files (x86)/atmel/studio/7.0/toolchain/avr8/avr8-gnu-toolchain/bin/../lib/gcc/avr/5.4.0/../../../../avr/lib/avr6\libm.a(fp_inf.o)
                0x00003c0a                __fp_inf
 .text.avr-libc.fplib
                0x00003c16        0x6 c:/program files (x86)/atmel/studio/7.0/toolchain/avr8/avr8-gnu-toolchain/bin/../lib/gcc/avr/5.4.0/../../../../avr/lib/avr6\libm.a(fp_nan.o)
                0x00003c16                __fp_nan
 .text.avr-libc.fplib
                0x00003c1c        0xe c:/program files (x86)/atmel/studio/7.0/toolchain/avr8/avr8-gnu-toolchain/bin/../lib/gcc/avr/5.4.0/../../../../avr/lib/avr6\libm.a(fp_pscA.o)
                0x00003c1c                __fp_pscA
 .text.avr-libc.fplib
                0x00003c2a        0xe c:/program files (x86)/atmel/studio/7.0/toolchain/avr8/avr8-gnu-toolchain/bin/../lib/gcc/avr/5.4.0/../../../../avr/lib/avr6\libm.a(fp_pscB.o)
                0x00003c2a                __fp_pscB
 .text.avr-libc.fplib
                0x00003c38       0x22 c:/program files (x86)/atmel/studio/7.0/toolchain/avr8/avr8-gnu-toolchain/bin/../lib/gcc/avr/5.4.0/../../../../avr/lib/avr6\libm.a(fp_round.o)
                0x00003c38                __fp_round
 .text.avr-libc.fplib
                0x00003c5a       0x44 c:/program files (x86)/atmel/studio/7.0/toolchain/avr8/avr8-gnu-toolchain/bin/../lib/gcc/avr/5.4.0/../../../../avr/lib/avr6\libm.a(fp_split3.o)
                0x00003c5a                __fp_split3
                0x00003c6a                __fp_splitA
 .text.avr-libc.fplib
                0x00003c9e        0xe c:/program files (x86)/atmel/studio/7.0/toolchain/avr8/avr8-gnu-toolchain/bin/../lib/gcc/avr/5.4.0/../../../../avr/lib/avr6\libm.a(fp_zero.o)
                0x00003c9e                __fp_zero
                0x00003ca0                __fp_szero
 .text.avr-libc.fplib
                0x00003cac        0x4 c:/program files (x86)/atmel/studio/7.0/toolchain/avr8/avr8-gnu-toolchain/bin/../lib/gcc/avr/5.4.0/../../../../avr/lib/avr6\libm.a(mulsf3.o)
                0x00003cac                __mulsf3
 .text.avr-libc.fplib
                0x00003cb0       0xc2 c:/program files (x86)/atmel/studio/7.0/toolchain/avr8/avr8-gnu-toolchain/bin/../lib/gcc/avr/5.4.0/../../../../avr/lib/avr6\libm.a(mulsf3x.o)
                0x00003cc4                __mulsf3x
                0x00003cc8                __mulsf3_pse
 .text.avr-libc
                0x00003d72       0x34 c:/program files (x86)/atmel/studio/7.0/toolchain/avr8/avr8-gnu-toolchain/bin/../lib/gcc/avr/5.4.0/../../../../avr/lib/avr6\libc.a(calloc.o)
                0x00003d72                calloc
 .text.avr-libc
                0x00003da6      0x242 c:/program files (x86)/atmel/studio/7.0/toolchain/avr8/avr8-gnu-toolchain/bin/../lib/gcc/avr/5.4.0/../../../../avr/lib/avr6\libc.a(malloc.o)
                0x00003da6                malloc
                0x00003ed6                free
 .text.avr-libc
                0x00003fe8        0x8 c:/program files (x86)/atmel/studio/7.0/toolchain/avr8/avr8-gnu-toolchain/bin/../lib/gcc/avr/5.4.0/../../../../avr/lib/avr6\libc.a(abort.o)
                0x00003fe8                abort
 .text.avr-libc
                0x00003ff0       0x12 c:/program files (x86)/atmel/studio/7.0/toolchain/avr8/avr8-gnu-toolchain/bin/../lib/gcc/avr/5.4.0/../../../../avr/lib/avr6\libc.a(memcpy.o)
                0x00003ff0                memcpy
 .text.avr-libc
                0x00004002        0xe c:/program files (x86)/atmel/studio/7.0/toolchain/avr8/avr8-gnu-toolchain/bin/../lib/gcc/avr/5.4.0/../../../../avr/lib/avr6\libc.a(memset.o)
                0x00004002                memset
 .text.avr-libc
                0x00004010       0x26 c:/program files (x86)/atmel/studio/7.0/toolchain/avr8/avr8-gnu-toolchain/bin/../lib/gcc/avr/5.4.0/../../../../avr/lib/avr6\libc.a(printf.o)
                0x00004010                printf
 .text.avr-libc
                0x00004036       0x60 c:/program files (x86)/atmel/studio/7.0/toolchain/avr8/avr8-gnu-toolchain/bin/../lib/gcc/avr/5.4.0/../../../../avr/lib/avr6\libc.a(puts.o)
                0x00004036                puts
 .text.avr-libc
                0x00004096      0x3fa c:/program files (x86)/atmel/studio/7.0/toolchain/avr8/avr8-gnu-toolchain/bin/../lib/gcc/avr/5.4.0/../../../../avr/lib/avr6\libc.a(vfprintf_std.o)
                0x00004096                vfprintf
 .text.avr-libc
                0x00004490       0x16 c:/program files (x86)/atmel/studio/7.0/toolchain/avr8/avr8-gnu-toolchain/bin/../lib/gcc/avr/5.4.0/../../../../avr/lib/avr6\libc.a(strnlen_P.o)
                0x00004490                strnlen_P
 .text.avr-libc
                0x000044a6       0x16 c:/program files (x86)/atmel/studio/7.0/toolchain/avr8/avr8-gnu-toolchain/bin/../lib/gcc/avr/5.4.0/../../../../avr/lib/avr6\libc.a(strnlen.o)
                0x000044a6                strnlen
 .text.avr-libc
                0x000044bc       0x78 c:/program files (x86)/atmel/studio/7.0/toolchain/avr8/avr8-gnu-toolchain/bin/../lib/gcc/avr/5.4.0/../../../../avr/lib/avr6\libc.a(fputc.o)
                0x000044bc                fputc
 .text.avr-libc
                0x00004534       0xbc c:/program files (x86)/atmel/studio/7.0/toolchain/avr8/avr8-gnu-toolchain/bin/../lib/gcc/avr/5.4.0/../../../../avr/lib/avr6\libc.a(ultoa_invert.o)
                0x00004534                __ultoa_invert
                0x000045f0                . = ALIGN (0x2)
 *(.fini9)
 .fini9         0x000045f0        0x0 c:/program files (x86)/atmel/studio/7.0/toolchain/avr8/avr8-gnu-toolchain/bin/../lib/gcc/avr/5.4.0/avr6\libgcc.a(_exit.o)
                0x000045f0                _exit
                0x000045f0                exit
 *(.fini9)
 *(.fini8)
 *(.fini8)
 *(.fini7)
 *(.fini7)
 *(.fini6)
 *(.fini6)
 *(.fini5)
 *(.fini5)
 *(.fini4)
 *(.fini4)
 *(.fini3)
 *(.fini3)
 *(.fini2)
 *(.fini2)
 *(.fini1)
 *(.fini1)
 *(.fini0)
 .fini0         0x000045f0        0x4 c:/program files (x86)/atmel/studio/7.0/toolchain/avr8/avr8-gnu-toolchain/bin/../lib/gcc/avr/5.4.0/avr6\libgcc.a(_exit.o)
 *(.fini0)
                0x000045f4                _etext = .

.data           0x00800200      0x142 load address 0x000045f4
                0x00800200                PROVIDE (__data_start, .)
 *(.data)
 .data          0x00800200        0x6 c:/program files (x86)/atmel/studio/7.0/toolchain/avr8/avr8-gnu-toolchain/bin/../lib/gcc/avr/5.4.0/../../../../avr/lib/avr6\libc.a(malloc.o)
                0x00800200                __malloc_heap_end
                0x00800202                __malloc_heap_start
                0x00800204                __malloc_margin
 *(.data*)
 .data.mystdout.1881
                0x00800206        0xe ../../../stdio\libserialLib.a(stdio_driver.o)
 .data._com_port_2_udr
                0x00800214        0x8 ../../../stdio\libserialLib.a(serial.o)
                0x00800214                _com_port_2_udr
 .data._temp    0x0080021c        0x2 ../../../Iot driver Library\libIotLibrary.a(hih8120.o)
 .data._hum     0x0080021e        0x2 ../../../Iot driver Library\libIotLibrary.a(hih8120.o)
 .data._twiCurrentState
                0x00800220        0x1 ../../../Iot driver Library\libIotLibrary.a(twi.o)
 *(.gnu.linkonce.d*)
 *(.rodata)
 .rodata        0x00800221       0x2d ../../../Iot driver Library\libIotLibrary.a(mh_z19.o)
 *(.rodata*)
 .rodata.str1.1
                0x0080024e       0x1d Callbacks/measure_co2_callback.o
 .rodata.str1.1
                0x0080026b       0x20 Setup/create_all_tasks.o
 .rodata.str1.1
                0x0080028b       0x21 Setup/create_all_timers.o
 .rodata.str1.1
                0x008002ac       0x33 Setup/driver_init.o
 .rodata.str1.1
                0x008002df       0x19 Tasks/measure_co2_task.o
 .rodata.str1.1
                0x008002f8       0x1d Tasks/print_co2_task.o
 .rodata.str1.1
                0x00800315        0x5 FreeRTOS/src/tasks.o
 .rodata.str1.1
                0x0080031a        0x8 FreeRTOS/src/timers.o
 .rodata.str1.1
                0x00800322       0x1f ../../../Iot driver Library\libIotLibrary.a(led.o)
 *(.gnu.linkonce.r*)
                0x00800342                . = ALIGN (0x2)
 *fill*         0x00800341        0x1 
                0x00800342                _edata = .
                0x00800342                PROVIDE (__data_end, .)

.bss            0x00800342      0x120
                0x00800342                PROVIDE (__bss_start, .)
 *(.bss)
 *(.bss*)
 .bss.uxSchedulerSuspended
                0x00800342        0x1 FreeRTOS/src/tasks.o
 .bss.xIdleTaskHandle
                0x00800343        0x2 FreeRTOS/src/tasks.o
 .bss.xNextTaskUnblockTime
                0x00800345        0x2 FreeRTOS/src/tasks.o
 .bss.uxTaskNumber
                0x00800347        0x1 FreeRTOS/src/tasks.o
 .bss.xNumOfOverflows
                0x00800348        0x1 FreeRTOS/src/tasks.o
 .bss.xYieldPending
                0x00800349        0x1 FreeRTOS/src/tasks.o
 .bss.uxPendedTicks
                0x0080034a        0x1 FreeRTOS/src/tasks.o
 .bss.xSchedulerRunning
                0x0080034b        0x1 FreeRTOS/src/tasks.o
 .bss.uxTopReadyPriority
                0x0080034c        0x1 FreeRTOS/src/tasks.o
 .bss.xTickCount
                0x0080034d        0x2 FreeRTOS/src/tasks.o
 .bss.uxCurrentNumberOfTasks
                0x0080034f        0x1 FreeRTOS/src/tasks.o
 .bss.xSuspendedTaskList
                0x00800350        0x9 FreeRTOS/src/tasks.o
 .bss.uxDeletedTasksWaitingCleanUp
                0x00800359        0x1 FreeRTOS/src/tasks.o
 .bss.xTasksWaitingTermination
                0x0080035a        0x9 FreeRTOS/src/tasks.o
 .bss.xPendingReadyList
                0x00800363        0x9 FreeRTOS/src/tasks.o
 .bss.pxOverflowDelayedTaskList
                0x0080036c        0x2 FreeRTOS/src/tasks.o
 .bss.pxDelayedTaskList
                0x0080036e        0x2 FreeRTOS/src/tasks.o
 .bss.xDelayedTaskList2
                0x00800370        0x9 FreeRTOS/src/tasks.o
 .bss.xDelayedTaskList1
                0x00800379        0x9 FreeRTOS/src/tasks.o
 .bss.pxReadyTasksLists
                0x00800382       0x24 FreeRTOS/src/tasks.o
 .bss.pxCurrentTCB
                0x008003a6        0x2 FreeRTOS/src/tasks.o
                0x008003a6                pxCurrentTCB
 .bss.xLastTime.2432
                0x008003a8        0x2 FreeRTOS/src/timers.o
 .bss.xTimerTaskHandle
                0x008003aa        0x2 FreeRTOS/src/timers.o
 .bss.xTimerQueue
                0x008003ac        0x2 FreeRTOS/src/timers.o
 .bss.pxOverflowTimerList
                0x008003ae        0x2 FreeRTOS/src/timers.o
 .bss.pxCurrentTimerList
                0x008003b0        0x2 FreeRTOS/src/timers.o
 .bss.xActiveTimerList2
                0x008003b2        0x9 FreeRTOS/src/timers.o
 .bss.xActiveTimerList1
                0x008003bb        0x9 FreeRTOS/src/timers.o
 .bss._com_serial_instance
                0x008003c4        0x2 ../../../stdio\libserialLib.a(stdio_driver.o)
 .bss._ser_handle
                0x008003c6        0x8 ../../../stdio\libserialLib.a(serial.o)
 .bss._measuringIsReady
                0x008003ce        0x1 ../../../Iot driver Library\libIotLibrary.a(hih8120.o)
 .bss._hih8120Handler
                0x008003cf        0x2 ../../../Iot driver Library\libIotLibrary.a(hih8120.o)
 .bss._led_status
                0x008003d1       0x18 ../../../Iot driver Library\libIotLibrary.a(led.o)
 .bss.rec_buf_inp.2926
                0x008003e9        0x1 ../../../Iot driver Library\libIotLibrary.a(lora_driver.o)
 .bss._reply_buffer_handle
                0x008003ea        0x2 ../../../Iot driver Library\libIotLibrary.a(lora_driver.o)
 .bss._rn2483_serial
                0x008003ec        0x2 ../../../Iot driver Library\libIotLibrary.a(lora_driver.o)
 .bss._rec_message_buf
                0x008003ee       0x2d ../../../Iot driver Library\libIotLibrary.a(lora_driver.o)
 .bss.data.1940
                0x0080041b        0x2 ../../../Iot driver Library\libIotLibrary.a(mh_z19.o)
 .bss.inDex.1939
                0x0080041d        0x1 ../../../Iot driver Library\libIotLibrary.a(mh_z19.o)
 .bss.crc_sum.1941
                0x0080041e        0x1 ../../../Iot driver Library\libIotLibrary.a(mh_z19.o)
 .bss._app_call_back
                0x0080041f        0x2 ../../../Iot driver Library\libIotLibrary.a(mh_z19.o)
 .bss._mh_state
                0x00800421        0x1 ../../../Iot driver Library\libIotLibrary.a(mh_z19.o)
                0x00800421                _mh_state
 .bss._ppm      0x00800422        0x2 ../../../Iot driver Library\libIotLibrary.a(mh_z19.o)
 .bss._serial   0x00800424        0x2 ../../../Iot driver Library\libIotLibrary.a(mh_z19.o)
 .bss._index.1885
                0x00800426        0x1 ../../../Iot driver Library\libIotLibrary.a(twi.o)
 .bss._twiCurrentHandler
                0x00800427        0x2 ../../../Iot driver Library\libIotLibrary.a(twi.o)
 .bss._twiMessageLen
                0x00800429        0x1 ../../../Iot driver Library\libIotLibrary.a(twi.o)
 .bss._twiMessageBuffer
                0x0080042a        0xa ../../../Iot driver Library\libIotLibrary.a(twi.o)
 *(COMMON)
 COMMON         0x00800434        0x4 Callbacks/measure_co2_callback.o
                0x00800434                xSemaphore_co2
                0x00800436                xMessageBuffer_co2
 COMMON         0x00800438        0x2 Callbacks/measure_co2_timer_callback.o
                0x00800438                xTimer_measure_co2
 COMMON         0x0080043a        0x2 Callbacks/print_co2_timer_callback.o
                0x0080043a                xTimer_read_co2
 COMMON         0x0080043c        0x4 Callbacks/print_temp_timer_callback.o
                0x0080043c                xSemaphore_temp
                0x0080043e                xTimer_measure_temp
 COMMON         0x00800440        0x2 Setup/driver_init.o
                0x00800440                xMessageBuffer_temp
 COMMON         0x00800442       0x16 ../../../Iot driver Library\libIotLibrary.a(hal.o)
                0x00800442                register_access
 COMMON         0x00800458        0x4 c:/program files (x86)/atmel/studio/7.0/toolchain/avr8/avr8-gnu-toolchain/bin/../lib/gcc/avr/5.4.0/../../../../avr/lib/avr6\libc.a(malloc.o)
                0x00800458                __brkval
                0x0080045a                __flp
 COMMON         0x0080045c        0x6 c:/program files (x86)/atmel/studio/7.0/toolchain/avr8/avr8-gnu-toolchain/bin/../lib/gcc/avr/5.4.0/../../../../avr/lib/avr6\libc.a(iob.o)
                0x0080045c                __iob
                0x00800462                PROVIDE (__bss_end, .)
                0x000045f4                __data_load_start = LOADADDR (.data)
                0x00004736                __data_load_end = (__data_load_start + SIZEOF (.data))

.noinit         0x00800462        0x0
                [!provide]                PROVIDE (__noinit_start, .)
 *(.noinit*)
                [!provide]                PROVIDE (__noinit_end, .)
                0x00800462                _end = .
                0x00800462                PROVIDE (__heap_start, .)

.eeprom         0x00810000        0x0
 *(.eeprom*)
                0x00810000                __eeprom_end = .

.fuse
 *(.fuse)
 *(.lfuse)
 *(.hfuse)
 *(.efuse)

.lock
 *(.lock*)

.signature
 *(.signature*)

.user_signatures
 *(.user_signatures*)

.stab
 *(.stab)

.stabstr
 *(.stabstr)

.stab.excl
 *(.stab.excl)

.stab.exclstr
 *(.stab.exclstr)

.stab.index
 *(.stab.index)

.stab.indexstr
 *(.stab.indexstr)

.comment        0x00000000       0x5c
 *(.comment)
 .comment       0x00000000       0x30 Callbacks/measure_co2_callback.o
                                 0x31 (size before relaxing)
 .comment       0x00000030       0x31 Callbacks/measure_co2_timer_callback.o
 .comment       0x00000030       0x31 Callbacks/print_co2_timer_callback.o
 .comment       0x00000030       0x31 Callbacks/print_temp_timer_callback.o
 .comment       0x00000030       0x31 Setup/create_all_tasks.o
 .comment       0x00000030       0x31 Setup/create_all_timers.o
 .comment       0x00000030       0x31 Setup/driver_init.o
 .comment       0x00000030       0x31 Tasks/measure_co2_task.o
 .comment       0x00000030       0x31 Tasks/print_co2_task.o
 .comment       0x00000030       0x31 FreeRTOS/FreeRTOSTraceDriver/FreeRTOSTraceDriver.o
 .comment       0x00000030       0x31 FreeRTOS/src/heap_3.o
 .comment       0x00000030       0x31 FreeRTOS/src/list.o
 .comment       0x00000030       0x31 FreeRTOS/src/port.o
 .comment       0x00000030       0x31 FreeRTOS/src/queue.o
 .comment       0x00000030       0x31 FreeRTOS/src/stream_buffer.o
 .comment       0x00000030       0x31 FreeRTOS/src/tasks.o
 .comment       0x00000030       0x31 FreeRTOS/src/timers.o
 .comment       0x00000030       0x31 FreeRTOS/src/variantHooks.o
 .comment       0x00000030       0x31 main.o
 .comment       0x00000030       0x31 ../../../stdio\libserialLib.a(stdio_driver.o)
 .comment       0x00000030       0x31 ../../../stdio\libserialLib.a(serial.o)
 .comment       0x00000030       0x31 ../../../stdio\libserialLib.a(fifo.o)
 .comment       0x00000030       0x31 ../../../Iot driver Library\libIotLibrary.a(hal.o)
 .comment       0x00000030       0x31 ../../../Iot driver Library\libIotLibrary.a(hih8120.o)
 .comment       0x00000030       0x31 ../../../Iot driver Library\libIotLibrary.a(led.o)
 .comment       0x00000030       0x31 ../../../Iot driver Library\libIotLibrary.a(lora_driver.o)
 .comment       0x00000030       0x31 ../../../Iot driver Library\libIotLibrary.a(mega_register_access.o)
 .comment       0x00000030       0x31 ../../../Iot driver Library\libIotLibrary.a(mh_z19.o)
 .comment       0x00000030       0x31 ../../../Iot driver Library\libIotLibrary.a(twi.o)
 .comment       0x00000030       0x31 c:/program files (x86)/atmel/studio/7.0/toolchain/avr8/avr8-gnu-toolchain/bin/../lib/gcc/avr/5.4.0/../../../../avr/lib/avr6\libc.a(calloc.o)
 .comment       0x00000030       0x31 c:/program files (x86)/atmel/studio/7.0/toolchain/avr8/avr8-gnu-toolchain/bin/../lib/gcc/avr/5.4.0/../../../../avr/lib/avr6\libc.a(malloc.o)
 .comment       0x00000030       0x31 c:/program files (x86)/atmel/studio/7.0/toolchain/avr8/avr8-gnu-toolchain/bin/../lib/gcc/avr/5.4.0/../../../../avr/lib/avr6\libc.a(iob.o)
 .comment       0x00000030       0x31 c:/program files (x86)/atmel/studio/7.0/toolchain/avr8/avr8-gnu-toolchain/bin/../lib/gcc/avr/5.4.0/../../../../avr/lib/avr6\libc.a(printf.o)
 .comment       0x00000030       0x31 c:/program files (x86)/atmel/studio/7.0/toolchain/avr8/avr8-gnu-toolchain/bin/../lib/gcc/avr/5.4.0/../../../../avr/lib/avr6\libc.a(puts.o)
 .comment       0x00000030       0x2c c:/program files (x86)/atmel/studio/7.0/toolchain/avr8/avr8-gnu-toolchain/bin/../lib/gcc/avr/5.4.0/../../../../avr/lib/avr6\libc.a(vfprintf_std.o)
                                 0x2d (size before relaxing)
 .comment       0x0000005c       0x31 c:/program files (x86)/atmel/studio/7.0/toolchain/avr8/avr8-gnu-toolchain/bin/../lib/gcc/avr/5.4.0/../../../../avr/lib/avr6\libc.a(fputc.o)

.note.gnu.avr.deviceinfo
                0x00000000       0x40
 .note.gnu.avr.deviceinfo
                0x00000000       0x40 C:/Program Files (x86)/Atmel/Studio/7.0/Packs/atmel/ATmega_DFP/1.2.209/gcc/dev/atmega2560/avr6/crtatmega2560.o

.note.gnu.build-id
 *(.note.gnu.build-id)

.debug
 *(.debug)

.line
 *(.line)

.debug_srcinfo
 *(.debug_srcinfo)

.debug_sfnames
 *(.debug_sfnames)

.debug_aranges  0x00000000      0xa98
 *(.debug_aranges)
 .debug_aranges
                0x00000000       0x20 Callbacks/measure_co2_callback.o
 .debug_aranges
                0x00000020       0x20 Callbacks/measure_co2_timer_callback.o
 .debug_aranges
                0x00000040       0x20 Callbacks/print_co2_timer_callback.o
 .debug_aranges
                0x00000060       0x20 Callbacks/print_temp_timer_callback.o
 .debug_aranges
                0x00000080       0x20 Setup/create_all_tasks.o
 .debug_aranges
                0x000000a0       0x20 Setup/create_all_timers.o
 .debug_aranges
                0x000000c0       0x20 Setup/driver_init.o
 .debug_aranges
                0x000000e0       0x20 Tasks/measure_co2_task.o
 .debug_aranges
                0x00000100       0x20 Tasks/print_co2_task.o
 .debug_aranges
                0x00000120       0x30 FreeRTOS/FreeRTOSTraceDriver/FreeRTOSTraceDriver.o
 .debug_aranges
                0x00000150       0x28 FreeRTOS/src/heap_3.o
 .debug_aranges
                0x00000178       0x40 FreeRTOS/src/list.o
 .debug_aranges
                0x000001b8       0x48 FreeRTOS/src/port.o
 .debug_aranges
                0x00000200       0xf8 FreeRTOS/src/queue.o
 .debug_aranges
                0x000002f8       0xc8 FreeRTOS/src/stream_buffer.o
 .debug_aranges
                0x000003c0      0x1d8 FreeRTOS/src/tasks.o
 .debug_aranges
                0x00000598       0xa0 FreeRTOS/src/timers.o
 .debug_aranges
                0x00000638       0x30 FreeRTOS/src/variantHooks.o
 .debug_aranges
                0x00000668       0x20 main.o
 .debug_aranges
                0x00000688       0x38 ../../../stdio\libserialLib.a(stdio_driver.o)
 .debug_aranges
                0x000006c0       0x90 ../../../stdio\libserialLib.a(serial.o)
 .debug_aranges
                0x00000750       0x20 ../../../stdio\libserialLib.a(fifo.o)
 .debug_aranges
                0x00000770       0x20 ../../../Iot driver Library\libIotLibrary.a(hal.o)
 .debug_aranges
                0x00000790       0x68 ../../../Iot driver Library\libIotLibrary.a(hih8120.o)
 .debug_aranges
                0x000007f8       0x68 ../../../Iot driver Library\libIotLibrary.a(led.o)
 .debug_aranges
                0x00000860      0x128 ../../../Iot driver Library\libIotLibrary.a(lora_driver.o)
 .debug_aranges
                0x00000988       0x70 ../../../Iot driver Library\libIotLibrary.a(mega_register_access.o)
 .debug_aranges
                0x000009f8       0x50 ../../../Iot driver Library\libIotLibrary.a(mh_z19.o)
 .debug_aranges
                0x00000a48       0x50 ../../../Iot driver Library\libIotLibrary.a(twi.o)

.debug_pubnames
 *(.debug_pubnames)

.debug_info     0x00000000     0xd11b
 *(.debug_info .gnu.linkonce.wi.*)
 .debug_info    0x00000000      0xbbc C:/Program Files (x86)/Atmel/Studio/7.0/Packs/atmel/ATmega_DFP/1.2.209/gcc/dev/atmega2560/avr6/crtatmega2560.o
 .debug_info    0x00000bbc      0x1d4 Callbacks/measure_co2_callback.o
 .debug_info    0x00000d90      0x149 Callbacks/measure_co2_timer_callback.o
 .debug_info    0x00000ed9      0x149 Callbacks/print_co2_timer_callback.o
 .debug_info    0x00001022      0x149 Callbacks/print_temp_timer_callback.o
 .debug_info    0x0000116b      0x135 Setup/create_all_tasks.o
 .debug_info    0x000012a0      0x195 Setup/create_all_timers.o
 .debug_info    0x00001435      0x3f4 Setup/driver_init.o
 .debug_info    0x00001829      0x173 Tasks/measure_co2_task.o
 .debug_info    0x0000199c      0x235 Tasks/print_co2_task.o
 .debug_info    0x00001bd1       0xd3 FreeRTOS/FreeRTOSTraceDriver/FreeRTOSTraceDriver.o
 .debug_info    0x00001ca4      0x19f FreeRTOS/src/heap_3.o
 .debug_info    0x00001e43      0x2df FreeRTOS/src/list.o
 .debug_info    0x00002122      0x284 FreeRTOS/src/port.o
 .debug_info    0x000023a6     0x18fc FreeRTOS/src/queue.o
 .debug_info    0x00003ca2     0x14b9 FreeRTOS/src/stream_buffer.o
 .debug_info    0x0000515b     0x27ae FreeRTOS/src/tasks.o
 .debug_info    0x00007909     0x1077 FreeRTOS/src/timers.o
 .debug_info    0x00008980      0x1ba FreeRTOS/src/variantHooks.o
 .debug_info    0x00008b3a      0x24d main.o
 .debug_info    0x00008d87      0x39c ../../../stdio\libserialLib.a(stdio_driver.o)
 .debug_info    0x00009123      0xdb3 ../../../stdio\libserialLib.a(serial.o)
 .debug_info    0x00009ed6      0x1c3 ../../../stdio\libserialLib.a(fifo.o)
 .debug_info    0x0000a099      0x20d ../../../Iot driver Library\libIotLibrary.a(hal.o)
 .debug_info    0x0000a2a6      0x3a9 ../../../Iot driver Library\libIotLibrary.a(hih8120.o)
 .debug_info    0x0000a64f      0x6f9 ../../../Iot driver Library\libIotLibrary.a(led.o)
 .debug_info    0x0000ad48     0x165d ../../../Iot driver Library\libIotLibrary.a(lora_driver.o)
 .debug_info    0x0000c3a5      0x2e1 ../../../Iot driver Library\libIotLibrary.a(mega_register_access.o)
 .debug_info    0x0000c686      0x538 ../../../Iot driver Library\libIotLibrary.a(mh_z19.o)
 .debug_info    0x0000cbbe      0x55d ../../../Iot driver Library\libIotLibrary.a(twi.o)

.debug_abbrev   0x00000000     0x371b
 *(.debug_abbrev)
 .debug_abbrev  0x00000000      0xb1a C:/Program Files (x86)/Atmel/Studio/7.0/Packs/atmel/ATmega_DFP/1.2.209/gcc/dev/atmega2560/avr6/crtatmega2560.o
 .debug_abbrev  0x00000b1a       0xdc Callbacks/measure_co2_callback.o
 .debug_abbrev  0x00000bf6       0xae Callbacks/measure_co2_timer_callback.o
 .debug_abbrev  0x00000ca4       0xae Callbacks/print_co2_timer_callback.o
 .debug_abbrev  0x00000d52       0xae Callbacks/print_temp_timer_callback.o
 .debug_abbrev  0x00000e00       0x98 Setup/create_all_tasks.o
 .debug_abbrev  0x00000e98       0xaa Setup/create_all_timers.o
 .debug_abbrev  0x00000f42      0x10c Setup/driver_init.o
 .debug_abbrev  0x0000104e      0x10f Tasks/measure_co2_task.o
 .debug_abbrev  0x0000115d       0xdf Tasks/print_co2_task.o
 .debug_abbrev  0x0000123c       0x92 FreeRTOS/FreeRTOSTraceDriver/FreeRTOSTraceDriver.o
 .debug_abbrev  0x000012ce      0x107 FreeRTOS/src/heap_3.o
 .debug_abbrev  0x000013d5       0xff FreeRTOS/src/list.o
 .debug_abbrev  0x000014d4      0x158 FreeRTOS/src/port.o
 .debug_abbrev  0x0000162c      0x2d8 FreeRTOS/src/queue.o
 .debug_abbrev  0x00001904      0x2b4 FreeRTOS/src/stream_buffer.o
 .debug_abbrev  0x00001bb8      0x359 FreeRTOS/src/tasks.o
 .debug_abbrev  0x00001f11      0x30f FreeRTOS/src/timers.o
 .debug_abbrev  0x00002220      0x101 FreeRTOS/src/variantHooks.o
 .debug_abbrev  0x00002321       0xca main.o
 .debug_abbrev  0x000023eb      0x1be ../../../stdio\libserialLib.a(stdio_driver.o)
 .debug_abbrev  0x000025a9      0x364 ../../../stdio\libserialLib.a(serial.o)
 .debug_abbrev  0x0000290d       0xe8 ../../../stdio\libserialLib.a(fifo.o)
 .debug_abbrev  0x000029f5       0xff ../../../Iot driver Library\libIotLibrary.a(hal.o)
 .debug_abbrev  0x00002af4      0x184 ../../../Iot driver Library\libIotLibrary.a(hih8120.o)
 .debug_abbrev  0x00002c78      0x228 ../../../Iot driver Library\libIotLibrary.a(led.o)
 .debug_abbrev  0x00002ea0      0x382 ../../../Iot driver Library\libIotLibrary.a(lora_driver.o)
 .debug_abbrev  0x00003222       0xd3 ../../../Iot driver Library\libIotLibrary.a(mega_register_access.o)
 .debug_abbrev  0x000032f5      0x20f ../../../Iot driver Library\libIotLibrary.a(mh_z19.o)
 .debug_abbrev  0x00003504      0x217 ../../../Iot driver Library\libIotLibrary.a(twi.o)

.debug_line     0x00000000     0x6538
 *(.debug_line .debug_line.* .debug_line_end)
 .debug_line    0x00000000      0x1f9 C:/Program Files (x86)/Atmel/Studio/7.0/Packs/atmel/ATmega_DFP/1.2.209/gcc/dev/atmega2560/avr6/crtatmega2560.o
 .debug_line    0x000001f9      0x139 Callbacks/measure_co2_callback.o
 .debug_line    0x00000332      0x101 Callbacks/measure_co2_timer_callback.o
 .debug_line    0x00000433       0xff Callbacks/print_co2_timer_callback.o
 .debug_line    0x00000532      0x100 Callbacks/print_temp_timer_callback.o
 .debug_line    0x00000632       0x84 Setup/create_all_tasks.o
 .debug_line    0x000006b6       0xe9 Setup/create_all_timers.o
 .debug_line    0x0000079f      0x270 Setup/driver_init.o
 .debug_line    0x00000a0f      0x129 Tasks/measure_co2_task.o
 .debug_line    0x00000b38      0x1cd Tasks/print_co2_task.o
 .debug_line    0x00000d05       0xfd FreeRTOS/FreeRTOSTraceDriver/FreeRTOSTraceDriver.o
 .debug_line    0x00000e02      0x175 FreeRTOS/src/heap_3.o
 .debug_line    0x00000f77      0x1da FreeRTOS/src/list.o
 .debug_line    0x00001151      0x312 FreeRTOS/src/port.o
 .debug_line    0x00001463      0xbfa FreeRTOS/src/queue.o
 .debug_line    0x0000205d      0x7a4 FreeRTOS/src/stream_buffer.o
 .debug_line    0x00002801     0x1656 FreeRTOS/src/tasks.o
 .debug_line    0x00003e57      0x562 FreeRTOS/src/timers.o
 .debug_line    0x000043b9      0x18a FreeRTOS/src/variantHooks.o
 .debug_line    0x00004543       0xbd main.o
 .debug_line    0x00004600      0x12f ../../../stdio\libserialLib.a(stdio_driver.o)
 .debug_line    0x0000472f      0x620 ../../../stdio\libserialLib.a(serial.o)
 .debug_line    0x00004d4f      0x10e ../../../stdio\libserialLib.a(fifo.o)
 .debug_line    0x00004e5d       0xff ../../../Iot driver Library\libIotLibrary.a(hal.o)
 .debug_line    0x00004f5c      0x246 ../../../Iot driver Library\libIotLibrary.a(hih8120.o)
 .debug_line    0x000051a2      0x32c ../../../Iot driver Library\libIotLibrary.a(led.o)
 .debug_line    0x000054ce      0x8df ../../../Iot driver Library\libIotLibrary.a(lora_driver.o)
 .debug_line    0x00005dad      0x1af ../../../Iot driver Library\libIotLibrary.a(mega_register_access.o)
 .debug_line    0x00005f5c      0x2d6 ../../../Iot driver Library\libIotLibrary.a(mh_z19.o)
 .debug_line    0x00006232      0x306 ../../../Iot driver Library\libIotLibrary.a(twi.o)

.debug_frame    0x00000000     0x2068
 *(.debug_frame)
 .debug_frame   0x00000000       0x40 Callbacks/measure_co2_callback.o
 .debug_frame   0x00000040       0x24 Callbacks/measure_co2_timer_callback.o
 .debug_frame   0x00000064       0x24 Callbacks/print_co2_timer_callback.o
 .debug_frame   0x00000088       0x24 Callbacks/print_temp_timer_callback.o
 .debug_frame   0x000000ac       0x34 Setup/create_all_tasks.o
 .debug_frame   0x000000e0       0x30 Setup/create_all_timers.o
 .debug_frame   0x00000110       0x24 Setup/driver_init.o
 .debug_frame   0x00000134       0x24 Tasks/measure_co2_task.o
 .debug_frame   0x00000158       0x34 Tasks/print_co2_task.o
 .debug_frame   0x0000018c       0x44 FreeRTOS/FreeRTOSTraceDriver/FreeRTOSTraceDriver.o
 .debug_frame   0x000001d0       0x4c FreeRTOS/src/heap_3.o
 .debug_frame   0x0000021c       0x88 FreeRTOS/src/list.o
 .debug_frame   0x000002a4       0x74 FreeRTOS/src/port.o
 .debug_frame   0x00000318      0x3cc FreeRTOS/src/queue.o
 .debug_frame   0x000006e4      0x3c8 FreeRTOS/src/stream_buffer.o
 .debug_frame   0x00000aac      0x69c FreeRTOS/src/tasks.o
 .debug_frame   0x00001148      0x1cc FreeRTOS/src/timers.o
 .debug_frame   0x00001314       0x44 FreeRTOS/src/variantHooks.o
 .debug_frame   0x00001358       0x24 main.o
 .debug_frame   0x0000137c       0x84 ../../../stdio\libserialLib.a(stdio_driver.o)
 .debug_frame   0x00001400      0x384 ../../../stdio\libserialLib.a(serial.o)
 .debug_frame   0x00001784       0x24 ../../../stdio\libserialLib.a(fifo.o)
 .debug_frame   0x000017a8       0x24 ../../../Iot driver Library\libIotLibrary.a(hal.o)
 .debug_frame   0x000017cc       0xc0 ../../../Iot driver Library\libIotLibrary.a(hih8120.o)
 .debug_frame   0x0000188c      0x11c ../../../Iot driver Library\libIotLibrary.a(led.o)
 .debug_frame   0x000019a8      0x3d8 ../../../Iot driver Library\libIotLibrary.a(lora_driver.o)
 .debug_frame   0x00001d80       0xc4 ../../../Iot driver Library\libIotLibrary.a(mega_register_access.o)
 .debug_frame   0x00001e44       0xf8 ../../../Iot driver Library\libIotLibrary.a(mh_z19.o)
 .debug_frame   0x00001f3c      0x12c ../../../Iot driver Library\libIotLibrary.a(twi.o)

.debug_str      0x00000000     0x3e79
 *(.debug_str)
 .debug_str     0x00000000      0x3e6 C:/Program Files (x86)/Atmel/Studio/7.0/Packs/atmel/ATmega_DFP/1.2.209/gcc/dev/atmega2560/avr6/crtatmega2560.o
 .debug_str     0x000003e6      0x22f Callbacks/measure_co2_callback.o
                                0x27a (size before relaxing)
 .debug_str     0x00000615       0x79 Callbacks/measure_co2_timer_callback.o
                                0x237 (size before relaxing)
 .debug_str     0x0000068e       0x51 Callbacks/print_co2_timer_callback.o
                                0x230 (size before relaxing)
 .debug_str     0x000006df       0x67 Callbacks/print_temp_timer_callback.o
                                0x237 (size before relaxing)
 .debug_str     0x00000746       0x60 Setup/create_all_tasks.o
                                0x1b3 (size before relaxing)
 .debug_str     0x000007a6       0x4d Setup/create_all_timers.o
                                0x20f (size before relaxing)
 .debug_str     0x000007f3      0x158 Setup/driver_init.o
                                0x374 (size before relaxing)
 .debug_str     0x0000094b       0xa1 Tasks/measure_co2_task.o
                                0x26a (size before relaxing)
 .debug_str     0x000009ec       0x66 Tasks/print_co2_task.o
                                0x2a3 (size before relaxing)
 .debug_str     0x00000a52       0x68 FreeRTOS/FreeRTOSTraceDriver/FreeRTOSTraceDriver.o
                                0x1b5 (size before relaxing)
 .debug_str     0x00000aba       0x8d FreeRTOS/src/heap_3.o
                                0x1e7 (size before relaxing)
 .debug_str     0x00000b47      0x134 FreeRTOS/src/list.o
                                0x2b2 (size before relaxing)
 .debug_str     0x00000c7b      0x11d FreeRTOS/src/port.o
                                0x29f (size before relaxing)
 .debug_str     0x00000d98      0x693 FreeRTOS/src/queue.o
                                0x9a8 (size before relaxing)
 .debug_str     0x0000142b      0x4e1 FreeRTOS/src/stream_buffer.o
                                0x817 (size before relaxing)
 .debug_str     0x0000190c      0xb05 FreeRTOS/src/tasks.o
                               0x1153 (size before relaxing)
 .debug_str     0x00002411      0x411 FreeRTOS/src/timers.o
                                0x840 (size before relaxing)
 .debug_str     0x00002822       0x61 FreeRTOS/src/variantHooks.o
                                0x246 (size before relaxing)
 .debug_str     0x00002883       0x11 main.o
                                0x2be (size before relaxing)
 .debug_str     0x00002894      0x23e ../../../stdio\libserialLib.a(stdio_driver.o)
                                0x37b (size before relaxing)
 .debug_str     0x00002ad2      0x2e8 ../../../stdio\libserialLib.a(serial.o)
                                0x63c (size before relaxing)
 .debug_str     0x00002dba       0x15 ../../../stdio\libserialLib.a(fifo.o)
                                0x23a (size before relaxing)
 .debug_str     0x00002dcf       0xc3 ../../../Iot driver Library\libIotLibrary.a(hal.o)
                                0x278 (size before relaxing)
 .debug_str     0x00002e92      0x23b ../../../Iot driver Library\libIotLibrary.a(hih8120.o)
                                0x44a (size before relaxing)
 .debug_str     0x000030cd      0x143 ../../../Iot driver Library\libIotLibrary.a(led.o)
                                0x3d2 (size before relaxing)
 .debug_str     0x00003210      0x78f ../../../Iot driver Library\libIotLibrary.a(lora_driver.o)
                                0xc93 (size before relaxing)
 .debug_str     0x0000399f       0xda ../../../Iot driver Library\libIotLibrary.a(mega_register_access.o)
                                0x252 (size before relaxing)
 .debug_str     0x00003a79      0x122 ../../../Iot driver Library\libIotLibrary.a(mh_z19.o)
                                0x47a (size before relaxing)
 .debug_str     0x00003b9b      0x2de ../../../Iot driver Library\libIotLibrary.a(twi.o)
                                0x5a8 (size before relaxing)

.debug_loc      0x00000000     0xafcc
 *(.debug_loc)
 .debug_loc     0x00000000       0xce Callbacks/measure_co2_callback.o
 .debug_loc     0x000000ce       0x26 Callbacks/measure_co2_timer_callback.o
 .debug_loc     0x000000f4       0x26 Callbacks/print_co2_timer_callback.o
 .debug_loc     0x0000011a       0x26 Callbacks/print_temp_timer_callback.o
 .debug_loc     0x00000140       0x5d Setup/create_all_tasks.o
 .debug_loc     0x0000019d       0x2f Setup/create_all_timers.o
 .debug_loc     0x000001cc       0x7c Tasks/print_co2_task.o
 .debug_loc     0x00000248       0x42 FreeRTOS/FreeRTOSTraceDriver/FreeRTOSTraceDriver.o
 .debug_loc     0x0000028a      0x102 FreeRTOS/src/heap_3.o
 .debug_loc     0x0000038c      0x145 FreeRTOS/src/list.o
 .debug_loc     0x000004d1      0x2af FreeRTOS/src/port.o
 .debug_loc     0x00000780     0x1dc0 FreeRTOS/src/queue.o
 .debug_loc     0x00002540     0x1e4d FreeRTOS/src/stream_buffer.o
 .debug_loc     0x0000438d     0x2e78 FreeRTOS/src/tasks.o
 .debug_loc     0x00007205      0xbed FreeRTOS/src/timers.o
 .debug_loc     0x00007df2       0xb6 FreeRTOS/src/variantHooks.o
 .debug_loc     0x00007ea8      0x144 ../../../stdio\libserialLib.a(stdio_driver.o)
 .debug_loc     0x00007fec     0x1080 ../../../stdio\libserialLib.a(serial.o)
 .debug_loc     0x0000906c      0x15e ../../../stdio\libserialLib.a(fifo.o)
 .debug_loc     0x000091ca       0x2c ../../../Iot driver Library\libIotLibrary.a(hal.o)
 .debug_loc     0x000091f6       0x9f ../../../Iot driver Library\libIotLibrary.a(hih8120.o)
 .debug_loc     0x00009295      0x390 ../../../Iot driver Library\libIotLibrary.a(led.o)
 .debug_loc     0x00009625      0xf7c ../../../Iot driver Library\libIotLibrary.a(lora_driver.o)
 .debug_loc     0x0000a5a1       0xe9 ../../../Iot driver Library\libIotLibrary.a(mega_register_access.o)
 .debug_loc     0x0000a68a      0x3cd ../../../Iot driver Library\libIotLibrary.a(mh_z19.o)
 .debug_loc     0x0000aa57      0x575 ../../../Iot driver Library\libIotLibrary.a(twi.o)

.debug_macinfo
 *(.debug_macinfo)

.debug_weaknames
 *(.debug_weaknames)

.debug_funcnames
 *(.debug_funcnames)

.debug_typenames
 *(.debug_typenames)

.debug_varnames
 *(.debug_varnames)

.debug_pubtypes
 *(.debug_pubtypes)

.debug_ranges   0x00000000      0xa48
 *(.debug_ranges)
 .debug_ranges  0x00000000       0x10 Callbacks/measure_co2_callback.o
 .debug_ranges  0x00000010       0x10 Callbacks/measure_co2_timer_callback.o
 .debug_ranges  0x00000020       0x10 Callbacks/print_co2_timer_callback.o
 .debug_ranges  0x00000030       0x10 Callbacks/print_temp_timer_callback.o
 .debug_ranges  0x00000040       0x10 Setup/create_all_tasks.o
 .debug_ranges  0x00000050       0x10 Setup/create_all_timers.o
 .debug_ranges  0x00000060       0x10 Setup/driver_init.o
 .debug_ranges  0x00000070       0x10 Tasks/measure_co2_task.o
 .debug_ranges  0x00000080       0x10 Tasks/print_co2_task.o
 .debug_ranges  0x00000090       0x20 FreeRTOS/FreeRTOSTraceDriver/FreeRTOSTraceDriver.o
 .debug_ranges  0x000000b0       0x18 FreeRTOS/src/heap_3.o
 .debug_ranges  0x000000c8       0x30 FreeRTOS/src/list.o
 .debug_ranges  0x000000f8       0x38 FreeRTOS/src/port.o
 .debug_ranges  0x00000130      0x178 FreeRTOS/src/queue.o
 .debug_ranges  0x000002a8       0xb8 FreeRTOS/src/stream_buffer.o
 .debug_ranges  0x00000360      0x240 FreeRTOS/src/tasks.o
 .debug_ranges  0x000005a0       0xf0 FreeRTOS/src/timers.o
 .debug_ranges  0x00000690       0x20 FreeRTOS/src/variantHooks.o
 .debug_ranges  0x000006b0       0x10 main.o
 .debug_ranges  0x000006c0       0x28 ../../../stdio\libserialLib.a(stdio_driver.o)
 .debug_ranges  0x000006e8       0x98 ../../../stdio\libserialLib.a(serial.o)
 .debug_ranges  0x00000780       0x10 ../../../stdio\libserialLib.a(fifo.o)
 .debug_ranges  0x00000790       0x10 ../../../Iot driver Library\libIotLibrary.a(hal.o)
 .debug_ranges  0x000007a0       0x58 ../../../Iot driver Library\libIotLibrary.a(hih8120.o)
 .debug_ranges  0x000007f8       0x58 ../../../Iot driver Library\libIotLibrary.a(led.o)
 .debug_ranges  0x00000850      0x118 ../../../Iot driver Library\libIotLibrary.a(lora_driver.o)
 .debug_ranges  0x00000968       0x60 ../../../Iot driver Library\libIotLibrary.a(mega_register_access.o)
 .debug_ranges  0x000009c8       0x40 ../../../Iot driver Library\libIotLibrary.a(mh_z19.o)
 .debug_ranges  0x00000a08       0x40 ../../../Iot driver Library\libIotLibrary.a(twi.o)

.debug_macro
 *(.debug_macro)
OUTPUT(Sensors.elf elf32-avr)
LOAD linker stubs
